+ SRC=/n/holylabs/gershman_lab/Users/rtruong/dreamerv3-official-run
+ TREE=/n/holylabs/gershman_lab/Users/rtruong/dreamerv3-official-ale012
+ export PATH=/n/home06/truong/.local/bin:/n/home06/truong/.cargo/bin:/n/home06/truong/.local/bin:/n/home06/truong/.local-node/bin:/n/home06/truong/.local/bin:/n/home06/truong/julia-1.11.5/bin:/usr/local/bin:/usr/bin:/usr/local/sbin:/usr/sbin:/opt/puppetlabs/bin:/usr/local/bin
+ PATH=/n/home06/truong/.local/bin:/n/home06/truong/.cargo/bin:/n/home06/truong/.local/bin:/n/home06/truong/.local-node/bin:/n/home06/truong/.local/bin:/n/home06/truong/julia-1.11.5/bin:/usr/local/bin:/usr/bin:/usr/local/sbin:/usr/sbin:/opt/puppetlabs/bin:/usr/local/bin
+ cd /n/holylabs/gershman_lab/Users/rtruong/dreamerv3-official-ale012
+ rsync -a --exclude .venv --exclude logdir --exclude logs --exclude 'venv_*' --exclude '*.sbatch' /n/holylabs/gershman_lab/Users/rtruong/dreamerv3-official-run/ /n/holylabs/gershman_lab/Users/rtruong/dreamerv3-official-ale012/
+ sed -i 's/self.ale.setInt(b'\''random_seed'\'', /self.ale.setInt('\''random_seed'\'', /' embodied/envs/atari.py
+ diff /n/holylabs/gershman_lab/Users/rtruong/dreamerv3-official-run/embodied/envs/atari.py embodied/envs/atari.py
54c54
<       self.ale.setInt(b'random_seed', self.rng.integers(0, 2 ** 31))
---
>       self.ale.setInt('random_seed', self.rng.integers(0, 2 ** 31))
+ '[' -x /n/holylabs/gershman_lab/Users/rtruong/dreamerv3-official-ale012/.venv/bin/python ']'
+ uv venv --python 3.11 /n/holylabs/gershman_lab/Users/rtruong/dreamerv3-official-ale012/.venv
Using CPython 3.11.14
Creating virtual environment at: .venv
Activate with: source .venv/bin/activate
+ uv pip install --python /n/holylabs/gershman_lab/Users/rtruong/dreamerv3-official-ale012/.venv/bin/python --index-strategy unsafe-best-match 'jax[cuda12]==0.4.33' ale_py==0.12.1 'elements>=3.19.1' 'ninjax>=3.5.1' 'portal>=3.5.0' 'scope>=0.4.4' 'granular>=0.20.3' optax einops chex jaxtyping colored_traceback 'numpy<2' ruamel.yaml opencv-python-headless tqdm av cloudpickle psutil rich
Resolved 109 packages in 1.44s
Downloading ale-py (3.0MiB)
 Downloaded ale-py
Prepared 2 packages in 997ms
warning: Failed to hardlink files; falling back to full copy. This may lead to degraded performance.
         If the cache and target directories are on different filesystems, hardlinking may not be supported.
         If this is intentional, set `export UV_LINK_MODE=copy` or use `--link-mode=copy` to suppress this warning.
Installed 109 packages in 1m 18s
 + absl-py==2.5.0
 + ale-py==0.12.1
 + annotated-doc==0.0.5
 + annotated-types==0.8.0
 + anyio==4.15.1
 + asttokens==3.0.2
 + av==18.1.0
 + certifi==2026.7.22
 + cffi==2.1.1
 + charset-normalizer==3.5.1
 + chex==0.1.90
 + click==8.5.0
 + cloudpickle==3.1.2
 + colored-traceback==0.4.2
 + contourpy==1.3.3
 + cryptography==50.0.1
 + cycler==0.12.1
 + einops==0.8.2
 + elements==3.22.1
 + executing==2.2.1
 + fastapi==0.141.1
 + filelock==4.0.3
 + fonttools==4.66.0
 + google-api-core==2.38.0
 + google-auth==2.58.0
 + google-cloud-core==2.7.0
 + google-cloud-storage==3.14.1
 + google-crc32c==1.8.0
 + google-resumable-media==2.10.2
 + googleapis-common-protos==1.75.3
 + granular==0.23.3
 + h11==0.16.0
 + httptools==0.8.0
 + idna==3.20
 + ipython==9.17.1
 + ipython-pygments-lexers==1.1.1
 + jax==0.4.33
 + jax-cuda12-pjrt==0.4.33
 + jax-cuda12-plugin==0.4.33
 + jaxlib==0.4.33
 + jaxtyping==0.3.11
 + jedi==0.20.0
 + kiwisolver==1.5.1
 + markdown-it-py==4.2.0
 + matplotlib==3.11.2
 + matplotlib-inline==0.2.2
 + mdurl==0.1.2
 + mediapy==1.2.7
 + ml-dtypes==0.5.4
 + msgpack==1.2.2
 + ninjax==3.6.3
 + numpy==1.26.4
 + nvidia-cublas-cu12==12.9.2.10
 + nvidia-cuda-cupti-cu12==12.9.79
 + nvidia-cuda-nvcc-cu12==12.9.86
 + nvidia-cuda-nvrtc-cu12==12.9.86
 + nvidia-cuda-runtime-cu12==12.9.79
 + nvidia-cudnn-cu12==9.26.0.51
 + nvidia-cufft-cu12==11.4.1.4
 + nvidia-cusolver-cu12==11.7.5.82
 + nvidia-cusparse-cu12==12.5.10.65
 + nvidia-nccl-cu12==2.32.3
 + nvidia-nvjitlink-cu12==12.9.86
 + opencv-python-headless==4.11.0.86
 + opentelemetry-api==1.44.0
 + opt-einsum==3.4.0
 + optax==0.2.5
 + orjson==3.12.0
 + packaging==26.3
 + parso==0.8.7
 + pexpect==4.9.0
 + pillow==12.3.0
 + portal==3.8.1
 + prompt-toolkit==3.0.53
 + proto-plus==1.28.4
 + protobuf==7.36.2
 + psutil==7.2.2
 + ptyprocess==0.7.0
 + pure-eval==0.2.4
 + pyasn1==0.6.4
 + pyasn1-modules==0.4.2
 + pycparser==3.0
 + pydantic==2.13.5
 + pydantic-core==2.46.5
 + pygments==2.21.0
 + pyparsing==3.3.3
 + python-dateutil==2.9.0.post0
 + python-dotenv==1.2.3
 + pyyaml==6.0.3
 + requests==2.34.2
 + rich==15.0.0
 + ruamel-yaml==0.19.1
 + scipy==1.17.1
 + scope==0.7.1
 + six==1.17.0
 + stack-data==0.6.3
 + starlette==1.7.0
 + toolz==1.1.0
 + tqdm==4.70.1
 + traitlets==5.16.1
 + typing-extensions==4.16.0
 + typing-inspection==0.4.4
 + urllib3==2.8.0
 + uvicorn==0.53.0
 + uvloop==0.22.1
 + wadler-lindig==0.1.7
 + watchfiles==1.3.0
 + wcwidth==0.9.1
 + websockets==17.1
+ /n/holylabs/gershman_lab/Users/rtruong/dreamerv3-official-ale012/.venv/bin/python -
A.L.E: Arcade Learning Environment (version 0.12.1+8a8fafb)
[Powered by Stella]
ale_py 0.12.1 4ca73eb959299471788f0b685c3ba0b5
image (64, 64, 3) random episodes [0.0, 110.0, 100.0, 50.0, 40.0, 90.0, 70.0, 90.0, 140.0, 110.0, 90.0, 30.0, 50.0, 60.0, 80.0, 20.0]
+ rc=0
+ echo EXIT=0
EXIT=0
+ exit 0
