+ TREE=/n/holylabs/gershman_lab/Users/rtruong/dreamerv3-official-run
+ OUT=/n/netscratch/gershman_lab/Everyone/truong/dv3-equiv/official
+ cd /n/netscratch/gershman_lab/Everyone/truong/dv3-equiv
+ /n/holylabs/gershman_lab/Users/rtruong/dreamerv3-official-run/.venv/bin/python -u equiv_official.py /n/holylabs/gershman_lab/Users/rtruong/dreamerv3-official-run /n/netscratch/gershman_lab/Everyone/truong/dv3-equiv/official_w0
warmup 0
A.L.E: Arcade Learning Environment (version 0.9.0+750d7f9)
[Powered by Stella]
Observations
  image            Space(uint8, shape=(64, 64, 3), low=0, high=255)
  reward           Space(float32, shape=(), low=-inf, high=inf)
  is_first         Space(bool, shape=(), low=False, high=True)
  is_last          Space(bool, shape=(), low=False, high=True)
  is_terminal      Space(bool, shape=(), low=False, high=True)
Actions
  action           Space(int32, shape=(), low=0, high=18)
Extras
  consec           Space(int32, shape=(), low=-2147483648, high=2147483647)
  stepid           Space(uint8, shape=(20,), low=0, high=255)
  dyn/deter        Space(float32, shape=(8192,), low=-inf, high=inf)
  dyn/stoch        Space(float32, shape=(32, 64), low=-inf, high=inf)
JAX devices (1): [TFRT_CPU_0]
Policy devices: TFRT_CPU_0
Train devices:  TFRT_CPU_0
Initializing parameters...
Optimizer opt has 165,967,124 params:
    95,496,192 dyn
    20,282,115 dec
    12,850,431 val
    12,607,506 pol
    10,749,183 rew
    10,488,833 con
     3,492,864 enc
Done initializing!
Compiling 1 checkpoint groups...
Largest checkpoint group: 2 GB
Compiling train and report...
Train cost analysis:
  FLOPS:            2.5e+11
  Memory (temp):    1.3e+09
  Memory (inputs):  2.0e+09
  Memory (outputs): 2.0e+09
  Memory (code):    1.4e+06

Report cost analysis:
  FLOPS:            6.3e+10
  Memory (temp):    6.7e+07
  Memory (inputs):  4.8e+08
  Memory (outputs): 1.4e+06
  Memory (code):    7.9e+05

Done compiling!
spaces {'image': ['uint8', [64, 64, 3]], 'reward': ['float32', []], 'is_first': ['bool', []], 'is_last': ['bool', []], 'is_terminal': ['bool', []], 'action': ['int32', []], 'consec': ['int32', []], 'stepid': ['uint8', [20]], 'dyn/deter': ['float32', [8192]], 'dyn/stoch': ['float32', [32, 64]]}
params 288 510751810
batch {'image': (dtype('uint8'), (2, 9, 64, 64, 3)), 'reward': (dtype('float32'), (2, 9)), 'is_first': (dtype('bool'), (2, 9)), 'is_last': (dtype('bool'), (2, 9)), 'is_terminal': (dtype('bool'), (2, 9)), 'action': (dtype('int32'), (2, 9)), 'consec': (dtype('int32'), (2, 9)), 'stepid': (dtype('uint8'), (2, 9, 20)), 'dyn/deter': (dtype('float32'), (2, 9, 8192)), 'dyn/stoch': (dtype('float32'), (2, 9, 32, 64))}
step 1 {'loss/con': 0.6844254732131958, 'loss/dyn': 11.263933181762695, 'loss/image': 1516.6075439453125, 'loss/policy': -0.030737178400158882, 'loss/rep': 11.263933181762695, 'loss/repval': 11.082526206970215, 'loss/rew': 5.541262626647949, 'loss/value': 0.7464458346366882, 'opt/grad_norm': 21208.802734375, 'opt/grad_rms': 1.6462854146957397, 'opt/loss': 1539.263916015625, 'opt/param_count': 165967120.0, 'opt/param_rms': 0.01850341632962227, 'opt/update_rms': 3.5812896385323256e-05, 'opt/updates': 1.0}
step 2 {'loss/con': 0.20534083247184753, 'loss/dyn': 10.320816040039062, 'loss/image': 910.5958251953125, 'loss/policy': 0.02112746424973011, 'loss/rep': 10.320816040039062, 'loss/repval': 11.056341171264648, 'loss/rew': 5.525219917297363, 'loss/value': 4.101702690124512, 'opt/grad_norm': 8458.7568359375, 'opt/grad_rms': 0.6565918922424316, 'opt/loss': 935.1189575195312, 'opt/param_count': 165967120.0, 'opt/param_rms': 0.01850343868136406, 'opt/update_rms': 2.850739110726863e-05, 'opt/updates': 2.0}
step 3 {'loss/con': 0.05417589843273163, 'loss/dyn': 9.909608840942383, 'loss/image': 720.728759765625, 'loss/policy': 0.0018967794021591544, 'loss/rep': 9.909608840942383, 'loss/repval': 11.01421070098877, 'loss/rew': 5.493288516998291, 'loss/value': 8.536462783813477, 'opt/grad_norm': 7622.27197265625, 'opt/grad_rms': 0.5916616320610046, 'opt/loss': 749.0194091796875, 'opt/param_count': 165967120.0, 'opt/param_rms': 0.018503475934267044, 'opt/update_rms': 2.556487379479222e-05, 'opt/updates': 3.0}
DONE
+ rc=0
+ echo EXIT=0
EXIT=0
+ exit 0
