+ TREE=/n/holylabs/gershman_lab/Users/rtruong/playtrain-trainers-dreamerv3
+ export PYTHONPATH=/n/netscratch/gershman_lab/Everyone/truong/dv3-equiv/port_src_8be1a32
+ PYTHONPATH=/n/netscratch/gershman_lab/Everyone/truong/dv3-equiv/port_src_8be1a32
+ /n/holylabs/gershman_lab/Users/rtruong/playtrain-trainers-dreamerv3/.venv/bin/python -c 'import playtrain_trainers.dreamerv3.world_model as w; print(w.__file__)'
/n/netscratch/gershman_lab/Everyone/truong/dv3-equiv/port_src_8be1a32/playtrain_trainers/dreamerv3/world_model.py
+ /n/holylabs/gershman_lab/Users/rtruong/playtrain-trainers-dreamerv3/.venv/bin/python -u /n/netscratch/gershman_lab/Everyone/truong/dv3-equiv/equiv_port.py /n/netscratch/gershman_lab/Everyone/truong/dv3-equiv/official_w0
warmup 0
loaded 104 tensors, 178817558 numbers; unmapped official: ['opt']
step 1 PARAM UPDATES: 85 tensors changed; median rel diff 6.64e-06, max 1.09e+00; min sign agreement 0.0000
    pol/head/action/logits/kernel        |d_off| 5.4305e-03 |d_port| 5.4306e-03 rel 1.09e+00 sign-agree 0.7024
    pol/mlp/norm0/scale                  |d_off| 1.2808e-03 |d_port| 1.2807e-03 rel 1.08e+00 sign-agree 0.7070
    pol/mlp/norm1/scale                  |d_off| 1.2807e-03 |d_port| 1.2807e-03 rel 1.05e+00 sign-agree 0.7266
    pol/mlp/linear1/kernel               |d_off| 4.0960e-02 |d_port| 4.0960e-02 rel 1.04e+00 sign-agree 0.7297
    pol/mlp/linear0/kernel               |d_off| 1.1906e-01 |d_port| 1.1906e-01 rel 1.03e+00 sign-agree 0.7753
    pol/mlp/norm2/scale                  |d_off| 1.2807e-03 |d_port| 1.2806e-03 rel 1.02e+00 sign-agree 0.7393
    pol/mlp/linear2/kernel               |d_off| 4.0960e-02 |d_port| 4.0960e-02 rel 1.02e+00 sign-agree 0.7397
    retnorm/lo/value                     |d_off| 4.1538e-03 |d_port| 0.0000e+00 rel 1.00e+00 sign-agree 0.0000
ALL COMMON METRICS, step 1 (official | port | rel):
  adv                                -0.16239              0  1.00e+00
  adv_mag                             0.16239              0  1.00e+00
  adv_std                           0.0527495              0  1.00e+00
  con                                0.516688       0.516688  0.00e+00
  dyn_ent                             127.585        127.585  3.59e-07
  loss/con                           0.684425       0.684426  8.71e-08
  loss/dyn                            11.2639        11.2639  8.47e-08
  loss/image                          1516.61        1516.61  4.67e-06
  loss/policy                      -0.0307372   -5.84027e-05  9.98e-01
  loss/rep                            11.2639        11.2639  8.47e-08
  loss/repval                         11.0825        11.0825  0.00e+00
  loss/rew                            5.54126        5.54126  1.72e-07
  loss/value                         0.746446       0.746446  2.40e-07
  rep_ent                             127.061        127.061  2.40e-07
  ret                               -0.322712              0  1.00e+00
  ret_max                           -0.215298              0  1.00e+00
  ret_min                           -0.458872              0  1.00e+00
  ret_rate                                  0              0  0.00e+00
  rew                               -0.164475              0  1.00e+00
  slowval                           -0.164475              0  1.00e+00
  tar                               -0.326866              0  1.00e+00
  val                               -0.164475              0  1.00e+00
  weight                            0.0631474      0.0631474  0.00e+00
official-only: ['ent/action', 'opt/grad_norm', 'opt/grad_rms', 'opt/loss', 'opt/param_count', 'opt/param_rms', 'opt/update_rms', 'opt/updates', 'rand/action']
port-only: ['ent', 'grad_norm', 'logpi', 'loss', 'lr', 'roffset', 'rscale']
step 3 PARAM UPDATES: 103 tensors changed; median rel diff 4.53e-04, max 1.17e+00; min sign agreement 0.0000
    pol/mlp/linear1/kernel               |d_off| 8.5666e-02 |d_port| 8.1655e-02 rel 1.17e+00 sign-agree 0.7058
    pol/mlp/linear2/kernel               |d_off| 8.5194e-02 |d_port| 8.2429e-02 rel 1.17e+00 sign-agree 0.7173
    pol/head/action/logits/kernel        |d_off| 1.0931e-02 |d_port| 9.3615e-03 rel 1.16e+00 sign-agree 0.6942
    pol/mlp/linear0/kernel               |d_off| 2.4940e-01 |d_port| 2.3713e-01 rel 1.16e+00 sign-agree 0.7344
    pol/mlp/norm2/scale                  |d_off| 2.6070e-03 |d_port| 2.4790e-03 rel 1.15e+00 sign-agree 0.7139
    pol/mlp/norm0/scale                  |d_off| 2.6545e-03 |d_port| 2.4184e-03 rel 1.14e+00 sign-agree 0.7021
    pol/mlp/norm1/scale                  |d_off| 2.7041e-03 |d_port| 2.3290e-03 rel 1.12e+00 sign-agree 0.7109
    pol/mlp/linear0/bias                 |d_off| 2.6559e-03 |d_port| 2.2351e-03 rel 1.09e+00 sign-agree 0.7451
step 1 loss/con         official       0.684425  port       0.684426  rel 8.71e-08
step 1 loss/dyn         official      11.263933  port      11.263934  rel 8.47e-08
step 1 loss/image       official    1516.607544  port    1516.614624  rel 4.67e-06
step 1 loss/policy      official      -0.030737  port      -0.000058  rel 9.98e-01   <-- DIFFERS
step 1 loss/rep         official      11.263933  port      11.263934  rel 8.47e-08
step 1 loss/repval      official      11.082526  port      11.082526  rel 0.00e+00
step 1 loss/rew         official       5.541263  port       5.541264  rel 1.72e-07
step 1 loss/value       official       0.746446  port       0.746446  rel 2.40e-07
step 1 opt/grad_norm    official   21208.802734  port   21208.809469  rel 3.18e-07
step 2 loss/con         official       0.205341  port       0.205338  rel 1.26e-05
step 2 loss/dyn         official      10.320816  port      10.320820  rel 3.70e-07
step 2 loss/image       official     910.595825  port     910.597290  rel 1.61e-06
step 2 loss/policy      official       0.021127  port      -0.000302  rel 1.01e+00   <-- DIFFERS
step 2 loss/rep         official      10.320816  port      10.320820  rel 3.70e-07
step 2 loss/repval      official      11.056341  port      11.041076  rel 1.38e-03   <-- DIFFERS
step 2 loss/rew         official       5.525220  port       5.525219  rel 1.73e-07
step 2 loss/value       official       4.101703  port       3.849597  rel 6.15e-02   <-- DIFFERS
step 2 opt/grad_norm    official    8458.756836  port    8458.746604  rel 1.21e-06
step 3 loss/con         official       0.054176  port       0.054175  rel 2.55e-05
step 3 loss/dyn         official       9.909609  port       9.909589  rel 2.02e-06
step 3 loss/image       official     720.728760  port     720.730652  rel 2.63e-06
step 3 loss/policy      official       0.001897  port      -0.000676  rel 1.36e+00   <-- DIFFERS
step 3 loss/rep         official       9.909609  port       9.909589  rel 2.02e-06
step 3 loss/repval      official      11.014211  port      10.980212  rel 3.09e-03   <-- DIFFERS
step 3 loss/rew         official       5.493289  port       5.493288  rel 8.68e-08
step 3 loss/value       official       8.536463  port       8.564891  rel 3.33e-03   <-- DIFFERS
step 3 opt/grad_norm    official    7622.271973  port    7622.338609  rel 8.74e-06
DONE
+ rc=0
+ echo EXIT=0
EXIT=0
+ exit 0
