NVIDIA H100 80GB HBM3, 81559 MiB
jax 0.4.33 ale_py 0.12.1 [CudaDevice(id=0)]
---  ___                           __   ______ ---
--- |   \ _ _ ___ __ _ _ __  ___ _ \ \ / /__ / ---
--- | |) | '_/ -_) _` | '  \/ -_) '/\ V / |_ \ ---
--- |___/|_| \___\__,_|_|_|_\___|_|  \_/ |___/ ---
Replica: 0 / 1
Logdir: /n/holylabs/gershman_lab/Users/rtruong/dreamerv3-official-ale012/logdir/u15_ale012/frostbite_seed0
Run script: train
Observations
  image            Space(uint8, shape=(64, 64, 3), low=0, high=255)
  reward           Space(float32, shape=(), low=-inf, high=inf)
  is_first         Space(bool, shape=(), low=False, high=True)
  is_last          Space(bool, shape=(), low=False, high=True)
  is_terminal      Space(bool, shape=(), low=False, high=True)
Actions
  action           Space(int32, shape=(), low=0, high=18)
Extras
  consec           Space(int32, shape=(), low=-2147483648, high=2147483647)
  stepid           Space(uint8, shape=(20,), low=0, high=255)
  dyn/deter        Space(float32, shape=(8192,), low=-inf, high=inf)
  dyn/stoch        Space(float32, shape=(32, 64), low=-inf, high=inf)
JAX devices (1): [cuda:0]
Policy devices: cuda:0
Train devices:  cuda:0
Initializing parameters...
Optimizer opt has 165,967,124 params:
    95,496,192 dyn
    20,282,115 dec
    12,850,431 val
    12,607,506 pol
    10,749,183 rew
    10,488,833 con
     3,492,864 enc
Done initializing!
Compiling 1 checkpoint groups...
Largest checkpoint group: 2 GB
Compiling train and report...
Train cost analysis:
  FLOPS:            4.4e+11
  Memory (temp):    5.3e+09
  Memory (inputs):  2.1e+09
  Memory (outputs): 2.1e+09
  Memory (code):    3.9e+06

Report cost analysis:
  FLOPS:            1.0e+10
  Memory (temp):    6.7e+08
  Memory (inputs):  5.1e+08
  Memory (outputs): 1.0e+07
  Memory (code):    8.2e+06

Done compiling!
Did not find any checkpoint.
Saving checkpoint: /n/holylabs/gershman_lab/Users/rtruong/dreamerv3-official-ale012/logdir/u15_ale012/frostbite_seed0/ckpt/20260924T012439F563223
Saved checkpoint.
Start training loop
Start JAX profiler: /n/holylabs/gershman_lab/Users/rtruong/dreamerv3-official-ale012/logdir/u15_ale012/frostbite_seed0
Stop JAX profiler

--------------------[Agent Step 17_520]--------------------
Metrics filtered by: 'score|length|fps|ratio|train/loss/|train/rand/'
episode/score 0 / episode/length 245 / train/loss/con 0.05 / train/loss/dyn 5.14 / train/loss/image 134.32 / train/loss/policy 1.39 / train/loss/rep 5.14 / train/loss/repval 6.26 / train/loss/rew 1.49 / train/loss/value 4.67 / train/rand/action 0.91 / replay/replay_ratio 198.8 / fps/policy 35 / fps/train 6741.83

Writing metrics: /n/holylabs/gershman_lab/Users/rtruong/dreamerv3-official-ale012/logdir/u15_ale012/frostbite_seed0/metrics.jsonl
Writing metrics: /n/holylabs/gershman_lab/Users/rtruong/dreamerv3-official-ale012/logdir/u15_ale012/frostbite_seed0/scores.jsonl

--------------------[Agent Step 31_440]--------------------
Metrics filtered by: 'score|length|fps|ratio|train/loss/|train/rand/'
episode/score 120 / episode/length 607 / train/loss/con 0.03 / train/loss/dyn 2.59 / train/loss/image 6.39 / train/loss/policy 0.04 / train/loss/rep 2.59 / train/loss/repval 3.09 / train/loss/rew 0.04 / train/loss/value 2 / train/rand/action 0.23 / replay/replay_ratio 260 / fps/policy 28.94 / fps/train 7407.48

Writing metrics: /n/holylabs/gershman_lab/Users/rtruong/dreamerv3-official-ale012/logdir/u15_ale012/frostbite_seed0/metrics.jsonlWriting metrics: /n/holylabs/gershman_lab/Users/rtruong/dreamerv3-official-ale012/logdir/u15_ale012/frostbite_seed0/scores.jsonl


--------------------[Agent Step 45_400]--------------------
Metrics filtered by: 'score|length|fps|ratio|train/loss/|train/rand/'
episode/score 160 / episode/length 370 / train/loss/con 0.03 / train/loss/dyn 2.87 / train/loss/image 4.91 / train/loss/policy 9.1e-3 / train/loss/rep 2.87 / train/loss/repval 2.68 / train/loss/rew 0.04 / train/loss/value 1.85 / train/rand/action 0.13 / replay/replay_ratio 259.85 / fps/policy 29.07 / fps/train 7438.53

Writing metrics: /n/holylabs/gershman_lab/Users/rtruong/dreamerv3-official-ale012/logdir/u15_ale012/frostbite_seed0/metrics.jsonlWriting metrics: /n/holylabs/gershman_lab/Users/rtruong/dreamerv3-official-ale012/logdir/u15_ale012/frostbite_seed0/scores.jsonl


--------------------[Agent Step 59_360]--------------------
Metrics filtered by: 'score|length|fps|ratio|train/loss/|train/rand/'
episode/score 230 / episode/length 492 / train/loss/con 0.02 / train/loss/dyn 2.5 / train/loss/image 3.53 / train/loss/policy 7.6e-3 / train/loss/rep 2.5 / train/loss/repval 2.17 / train/loss/rew 0.03 / train/loss/value 1.56 / train/rand/action 0.19 / replay/replay_ratio 260.15 / fps/policy 29.05 / fps/train 7440.61

Writing metrics: /n/holylabs/gershman_lab/Users/rtruong/dreamerv3-official-ale012/logdir/u15_ale012/frostbite_seed0/scores.jsonlWriting metrics: /n/holylabs/gershman_lab/Users/rtruong/dreamerv3-official-ale012/logdir/u15_ale012/frostbite_seed0/metrics.jsonl


--------------------[Agent Step 73_360]--------------------
Metrics filtered by: 'score|length|fps|ratio|train/loss/|train/rand/'
episode/score 200 / episode/length 507 / train/loss/con 0.02 / train/loss/dyn 2.34 / train/loss/image 3.03 / train/loss/policy 4.7e-3 / train/loss/rep 2.34 / train/loss/repval 1.94 / train/loss/rew 0.03 / train/loss/value 1.46 / train/rand/action 0.16 / replay/replay_ratio 260 / fps/policy 29.13 / fps/train 7456.66

Writing metrics: /n/holylabs/gershman_lab/Users/rtruong/dreamerv3-official-ale012/logdir/u15_ale012/frostbite_seed0/scores.jsonlWriting metrics: /n/holylabs/gershman_lab/Users/rtruong/dreamerv3-official-ale012/logdir/u15_ale012/frostbite_seed0/metrics.jsonl


--------------------[Agent Step 87_320]--------------------
Metrics filtered by: 'score|length|fps|ratio|train/loss/|train/rand/'
episode/score 250 / episode/length 584 / train/loss/con 0.02 / train/loss/dyn 1.96 / train/loss/image 2.46 / train/loss/policy 5e-3 / train/loss/rep 1.96 / train/loss/repval 1.92 / train/loss/rew 0.03 / train/loss/value 1.47 / train/rand/action 0.14 / replay/replay_ratio 259.85 / fps/policy 29.06 / fps/train 7435.11

Writing metrics: /n/holylabs/gershman_lab/Users/rtruong/dreamerv3-official-ale012/logdir/u15_ale012/frostbite_seed0/metrics.jsonlWriting metrics: /n/holylabs/gershman_lab/Users/rtruong/dreamerv3-official-ale012/logdir/u15_ale012/frostbite_seed0/scores.jsonl


--------------------[Agent Step 101_280]--------------------
Metrics filtered by: 'score|length|fps|ratio|train/loss/|train/rand/'
episode/score 1550 / episode/length 1048 / train/loss/con 0.02 / train/loss/dyn 1.99 / train/loss/image 2.3 / train/loss/policy 4.3e-3 / train/loss/rep 1.99 / train/loss/repval 1.9 / train/loss/rew 0.03 / train/loss/value 1.45 / train/rand/action 0.14 / replay/replay_ratio 260.15 / fps/policy 29.02 / fps/train 7433.5

Writing metrics: /n/holylabs/gershman_lab/Users/rtruong/dreamerv3-official-ale012/logdir/u15_ale012/frostbite_seed0/metrics.jsonlWriting metrics: /n/holylabs/gershman_lab/Users/rtruong/dreamerv3-official-ale012/logdir/u15_ale012/frostbite_seed0/scores.jsonl

Saving checkpoint: /n/holylabs/gershman_lab/Users/rtruong/dreamerv3-official-ale012/logdir/u15_ale012/frostbite_seed0/ckpt/20260924T013944F257992
Saved checkpoint.

--------------------[Agent Step 114_920]--------------------
Metrics filtered by: 'score|length|fps|ratio|train/loss/|train/rand/'
episode/score 1930 / episode/length 1174 / train/loss/con 0.02 / train/loss/dyn 1.92 / train/loss/image 2.56 / train/loss/policy 4.4e-3 / train/loss/rep 1.92 / train/loss/repval 2.23 / train/loss/rew 0.05 / train/loss/value 1.66 / train/rand/action 0.08 / replay/replay_ratio 259.85 / fps/policy 28.33 / fps/train 7249.35

Writing metrics: /n/holylabs/gershman_lab/Users/rtruong/dreamerv3-official-ale012/logdir/u15_ale012/frostbite_seed0/metrics.jsonlWriting metrics: /n/holylabs/gershman_lab/Users/rtruong/dreamerv3-official-ale012/logdir/u15_ale012/frostbite_seed0/scores.jsonl


--------------------[Agent Step 128_880]--------------------
Metrics filtered by: 'score|length|fps|ratio|train/loss/|train/rand/'
episode/score 200 / episode/length 569 / train/loss/con 0.02 / train/loss/dyn 1.87 / train/loss/image 2.29 / train/loss/policy 3.5e-3 / train/loss/rep 1.87 / train/loss/repval 2.15 / train/loss/rew 0.06 / train/loss/value 1.59 / train/rand/action 0.07 / replay/replay_ratio 260.15 / fps/policy 29.04 / fps/train 7439.43

Writing metrics: /n/holylabs/gershman_lab/Users/rtruong/dreamerv3-official-ale012/logdir/u15_ale012/frostbite_seed0/metrics.jsonlWriting metrics: /n/holylabs/gershman_lab/Users/rtruong/dreamerv3-official-ale012/logdir/u15_ale012/frostbite_seed0/scores.jsonl


--------------------[Agent Step 142_840]--------------------
Metrics filtered by: 'score|length|fps|ratio|train/loss/|train/rand/'
episode/score 220 / episode/length 456 / train/loss/con 0.02 / train/loss/dyn 1.82 / train/loss/image 2.02 / train/loss/policy 2.5e-3 / train/loss/rep 1.82 / train/loss/repval 1.92 / train/loss/rew 0.06 / train/loss/value 1.44 / train/rand/action 0.08 / replay/replay_ratio 259.85 / fps/policy 29.03 / fps/train 7426.37

Writing metrics: /n/holylabs/gershman_lab/Users/rtruong/dreamerv3-official-ale012/logdir/u15_ale012/frostbite_seed0/scores.jsonlWriting metrics: /n/holylabs/gershman_lab/Users/rtruong/dreamerv3-official-ale012/logdir/u15_ale012/frostbite_seed0/metrics.jsonl


--------------------[Agent Step 156_760]--------------------
Metrics filtered by: 'score|length|fps|ratio|train/loss/|train/rand/'
episode/score 1040 / episode/length 752 / train/loss/con 0.02 / train/loss/dyn 1.84 / train/loss/image 1.81 / train/loss/policy 2.1e-3 / train/loss/rep 1.84 / train/loss/repval 1.92 / train/loss/rew 0.06 / train/loss/value 1.45 / train/rand/action 0.09 / replay/replay_ratio 260 / fps/policy 28.97 / fps/train 7415.4

Writing metrics: /n/holylabs/gershman_lab/Users/rtruong/dreamerv3-official-ale012/logdir/u15_ale012/frostbite_seed0/metrics.jsonlWriting metrics: /n/holylabs/gershman_lab/Users/rtruong/dreamerv3-official-ale012/logdir/u15_ale012/frostbite_seed0/scores.jsonl


--------------------[Agent Step 170_760]--------------------
Metrics filtered by: 'score|length|fps|ratio|train/loss/|train/rand/'
episode/score 1800 / episode/length 857 / train/loss/con 0.02 / train/loss/dyn 1.79 / train/loss/image 1.6 / train/loss/policy 2.1e-3 / train/loss/rep 1.79 / train/loss/repval 1.85 / train/loss/rew 0.06 / train/loss/value 1.4 / train/rand/action 0.12 / replay/replay_ratio 260 / fps/policy 29.12 / fps/train 7454.8

Writing metrics: /n/holylabs/gershman_lab/Users/rtruong/dreamerv3-official-ale012/logdir/u15_ale012/frostbite_seed0/metrics.jsonlWriting metrics: /n/holylabs/gershman_lab/Users/rtruong/dreamerv3-official-ale012/logdir/u15_ale012/frostbite_seed0/scores.jsonl


--------------------[Agent Step 184_680]--------------------
Metrics filtered by: 'score|length|fps|ratio|train/loss/|train/rand/'
episode/score 2200 / episode/length 990 / train/loss/con 0.02 / train/loss/dyn 1.7 / train/loss/image 1.42 / train/loss/policy 2.6e-3 / train/loss/rep 1.7 / train/loss/repval 1.75 / train/loss/rew 0.07 / train/loss/value 1.35 / train/rand/action 0.14 / replay/replay_ratio 260 / fps/policy 28.99 / fps/train 7421.32

Writing metrics: /n/holylabs/gershman_lab/Users/rtruong/dreamerv3-official-ale012/logdir/u15_ale012/frostbite_seed0/metrics.jsonlWriting metrics: /n/holylabs/gershman_lab/Users/rtruong/dreamerv3-official-ale012/logdir/u15_ale012/frostbite_seed0/scores.jsonl


--------------------[Agent Step 198_640]--------------------
Metrics filtered by: 'score|length|fps|ratio|train/loss/|train/rand/'
episode/score 2210 / episode/length 1135 / train/loss/con 0.02 / train/loss/dyn 1.71 / train/loss/image 1.4 / train/loss/policy 2.9e-3 / train/loss/rep 1.71 / train/loss/repval 1.62 / train/loss/rew 0.07 / train/loss/value 1.27 / train/rand/action 0.14 / replay/replay_ratio 260.15 / fps/policy 29.04 / fps/train 7438.5

Writing metrics: /n/holylabs/gershman_lab/Users/rtruong/dreamerv3-official-ale012/logdir/u15_ale012/frostbite_seed0/scores.jsonl
Writing metrics: /n/holylabs/gershman_lab/Users/rtruong/dreamerv3-official-ale012/logdir/u15_ale012/frostbite_seed0/metrics.jsonl
Saving checkpoint: /n/holylabs/gershman_lab/Users/rtruong/dreamerv3-official-ale012/logdir/u15_ale012/frostbite_seed0/ckpt/20260924T015444F393544
Saved checkpoint.

--------------------[Agent Step 212_360]--------------------
Metrics filtered by: 'score|length|fps|ratio|train/loss/|train/rand/'
episode/score 160 / episode/length 385 / train/loss/con 0.02 / train/loss/dyn 1.64 / train/loss/image 1.3 / train/loss/policy 2.5e-3 / train/loss/rep 1.64 / train/loss/repval 1.56 / train/loss/rew 0.07 / train/loss/value 1.22 / train/rand/action 0.14 / replay/replay_ratio 259.85 / fps/policy 28.28 / fps/train 7235.62

Writing metrics: /n/holylabs/gershman_lab/Users/rtruong/dreamerv3-official-ale012/logdir/u15_ale012/frostbite_seed0/scores.jsonlWriting metrics: /n/holylabs/gershman_lab/Users/rtruong/dreamerv3-official-ale012/logdir/u15_ale012/frostbite_seed0/metrics.jsonl


--------------------[Agent Step 226_320]--------------------
Metrics filtered by: 'score|length|fps|ratio|train/loss/|train/rand/'
episode/score 2000 / episode/length 875 / train/loss/con 0.02 / train/loss/dyn 1.6 / train/loss/image 1.17 / train/loss/policy 2.2e-3 / train/loss/rep 1.6 / train/loss/repval 1.51 / train/loss/rew 0.07 / train/loss/value 1.17 / train/rand/action 0.14 / replay/replay_ratio 260.15 / fps/policy 29.02 / fps/train 7433.94

Writing metrics: /n/holylabs/gershman_lab/Users/rtruong/dreamerv3-official-ale012/logdir/u15_ale012/frostbite_seed0/scores.jsonlWriting metrics: /n/holylabs/gershman_lab/Users/rtruong/dreamerv3-official-ale012/logdir/u15_ale012/frostbite_seed0/metrics.jsonl


--------------------[Agent Step 240_280]--------------------
Metrics filtered by: 'score|length|fps|ratio|train/loss/|train/rand/'
episode/score 2170 / episode/length 1101 / train/loss/con 0.02 / train/loss/dyn 1.53 / train/loss/image 1.1 / train/loss/policy 2e-3 / train/loss/rep 1.53 / train/loss/repval 1.47 / train/loss/rew 0.06 / train/loss/value 1.14 / train/rand/action 0.15 / replay/replay_ratio 259.85 / fps/policy 29.08 / fps/train 7441.22

Writing metrics: /n/holylabs/gershman_lab/Users/rtruong/dreamerv3-official-ale012/logdir/u15_ale012/frostbite_seed0/scores.jsonlWriting metrics: /n/holylabs/gershman_lab/Users/rtruong/dreamerv3-official-ale012/logdir/u15_ale012/frostbite_seed0/metrics.jsonl


--------------------[Agent Step 254_240]--------------------
Metrics filtered by: 'score|length|fps|ratio|train/loss/|train/rand/'
episode/score 2430 / episode/length 927 / train/loss/con 0.02 / train/loss/dyn 1.52 / train/loss/image 1.13 / train/loss/policy 1.9e-3 / train/loss/rep 1.52 / train/loss/repval 1.46 / train/loss/rew 0.06 / train/loss/value 1.12 / train/rand/action 0.15 / replay/replay_ratio 260.15 / fps/policy 29.07 / fps/train 7446.22

Writing metrics: /n/holylabs/gershman_lab/Users/rtruong/dreamerv3-official-ale012/logdir/u15_ale012/frostbite_seed0/scores.jsonl
Writing metrics: /n/holylabs/gershman_lab/Users/rtruong/dreamerv3-official-ale012/logdir/u15_ale012/frostbite_seed0/metrics.jsonl

--------------------[Agent Step 268_240]--------------------
Metrics filtered by: 'score|length|fps|ratio|train/loss/|train/rand/'
episode/score 3510 / episode/length 1732 / train/loss/con 0.02 / train/loss/dyn 1.47 / train/loss/image 1.04 / train/loss/policy 2e-3 / train/loss/rep 1.47 / train/loss/repval 1.47 / train/loss/rew 0.06 / train/loss/value 1.13 / train/rand/action 0.16 / replay/replay_ratio 260 / fps/policy 29.12 / fps/train 7453.56

Writing metrics: /n/holylabs/gershman_lab/Users/rtruong/dreamerv3-official-ale012/logdir/u15_ale012/frostbite_seed0/scores.jsonlWriting metrics: /n/holylabs/gershman_lab/Users/rtruong/dreamerv3-official-ale012/logdir/u15_ale012/frostbite_seed0/metrics.jsonl


--------------------[Agent Step 282_200]--------------------
Metrics filtered by: 'score|length|fps|ratio|train/loss/|train/rand/'
episode/score 1570 / episode/length 827 / train/loss/con 0.02 / train/loss/dyn 1.52 / train/loss/image 1.05 / train/loss/policy 2.3e-3 / train/loss/rep 1.52 / train/loss/repval 1.46 / train/loss/rew 0.05 / train/loss/value 1.13 / train/rand/action 0.16 / replay/replay_ratio 259.85 / fps/policy 29.07 / fps/train 7438.09

Writing metrics: /n/holylabs/gershman_lab/Users/rtruong/dreamerv3-official-ale012/logdir/u15_ale012/frostbite_seed0/metrics.jsonlWriting metrics: /n/holylabs/gershman_lab/Users/rtruong/dreamerv3-official-ale012/logdir/u15_ale012/frostbite_seed0/scores.jsonl


--------------------[Agent Step 296_160]--------------------
Metrics filtered by: 'score|length|fps|ratio|train/loss/|train/rand/'
episode/score 2010 / episode/length 944 / train/loss/con 0.02 / train/loss/dyn 1.49 / train/loss/image 1.01 / train/loss/policy 2.1e-3 / train/loss/rep 1.49 / train/loss/repval 1.42 / train/loss/rew 0.05 / train/loss/value 1.1 / train/rand/action 0.15 / replay/replay_ratio 260.15 / fps/policy 29.06 / fps/train 7443.79

Writing metrics: /n/holylabs/gershman_lab/Users/rtruong/dreamerv3-official-ale012/logdir/u15_ale012/frostbite_seed0/scores.jsonlWriting metrics: /n/holylabs/gershman_lab/Users/rtruong/dreamerv3-official-ale012/logdir/u15_ale012/frostbite_seed0/metrics.jsonl


--------------------[Agent Step 310_120]--------------------
Metrics filtered by: 'score|length|fps|ratio|train/loss/|train/rand/'
episode/score 1610 / episode/length 836 / train/loss/con 0.02 / train/loss/dyn 1.42 / train/loss/image 0.91 / train/loss/policy 2.2e-3 / train/loss/rep 1.42 / train/loss/repval 1.38 / train/loss/rew 0.05 / train/loss/value 1.07 / train/rand/action 0.16 / replay/replay_ratio 259.85 / fps/policy 29.04 / fps/train 7430.18

Writing metrics: /n/holylabs/gershman_lab/Users/rtruong/dreamerv3-official-ale012/logdir/u15_ale012/frostbite_seed0/metrics.jsonlWriting metrics: /n/holylabs/gershman_lab/Users/rtruong/dreamerv3-official-ale012/logdir/u15_ale012/frostbite_seed0/scores.jsonl

Saving checkpoint: /n/holylabs/gershman_lab/Users/rtruong/dreamerv3-official-ale012/logdir/u15_ale012/frostbite_seed0/ckpt/20260924T020944F672355
Saved checkpoint.

--------------------[Agent Step 323_680]--------------------
Metrics filtered by: 'score|length|fps|ratio|train/loss/|train/rand/'
episode/score 2100 / episode/length 996 / train/loss/con 0.02 / train/loss/dyn 1.41 / train/loss/image 0.9 / train/loss/policy 1.8e-3 / train/loss/rep 1.41 / train/loss/repval 1.4 / train/loss/rew 0.05 / train/loss/value 1.07 / train/rand/action 0.17 / replay/replay_ratio 260.15 / fps/policy 28.22 / fps/train 7229.04

Writing metrics: /n/holylabs/gershman_lab/Users/rtruong/dreamerv3-official-ale012/logdir/u15_ale012/frostbite_seed0/metrics.jsonlWriting metrics: /n/holylabs/gershman_lab/Users/rtruong/dreamerv3-official-ale012/logdir/u15_ale012/frostbite_seed0/scores.jsonl


--------------------[Agent Step 337_680]--------------------
Metrics filtered by: 'score|length|fps|ratio|train/loss/|train/rand/'
episode/score 2760 / episode/length 1293 / train/loss/con 0.02 / train/loss/dyn 1.42 / train/loss/image 0.87 / train/loss/policy 1.9e-3 / train/loss/rep 1.42 / train/loss/repval 1.42 / train/loss/rew 0.05 / train/loss/value 1.09 / train/rand/action 0.17 / replay/replay_ratio 260 / fps/policy 29.16 / fps/train 7465.34

Writing metrics: /n/holylabs/gershman_lab/Users/rtruong/dreamerv3-official-ale012/logdir/u15_ale012/frostbite_seed0/scores.jsonl
Writing metrics: /n/holylabs/gershman_lab/Users/rtruong/dreamerv3-official-ale012/logdir/u15_ale012/frostbite_seed0/metrics.jsonl

--------------------[Agent Step 351_640]--------------------
Metrics filtered by: 'score|length|fps|ratio|train/loss/|train/rand/'
episode/score 3420 / episode/length 1143 / train/loss/con 0.02 / train/loss/dyn 1.43 / train/loss/image 0.89 / train/loss/policy 1.9e-3 / train/loss/rep 1.43 / train/loss/repval 1.42 / train/loss/rew 0.05 / train/loss/value 1.1 / train/rand/action 0.18 / replay/replay_ratio 259.85 / fps/policy 29.09 / fps/train 7441.98

Writing metrics: /n/holylabs/gershman_lab/Users/rtruong/dreamerv3-official-ale012/logdir/u15_ale012/frostbite_seed0/metrics.jsonlWriting metrics: /n/holylabs/gershman_lab/Users/rtruong/dreamerv3-official-ale012/logdir/u15_ale012/frostbite_seed0/scores.jsonl


--------------------[Agent Step 365_600]--------------------
Metrics filtered by: 'score|length|fps|ratio|train/loss/|train/rand/'
episode/score 2020 / episode/length 880 / train/loss/con 0.02 / train/loss/dyn 1.41 / train/loss/image 0.85 / train/loss/policy 1.9e-3 / train/loss/rep 1.41 / train/loss/repval 1.42 / train/loss/rew 0.05 / train/loss/value 1.1 / train/rand/action 0.18 / replay/replay_ratio 260.15 / fps/policy 29.02 / fps/train 7434.07

Writing metrics: /n/holylabs/gershman_lab/Users/rtruong/dreamerv3-official-ale012/logdir/u15_ale012/frostbite_seed0/scores.jsonlWriting metrics: /n/holylabs/gershman_lab/Users/rtruong/dreamerv3-official-ale012/logdir/u15_ale012/frostbite_seed0/metrics.jsonl


--------------------[Agent Step 379_600]--------------------
Metrics filtered by: 'score|length|fps|ratio|train/loss/|train/rand/'
episode/score 3410 / episode/length 1083 / train/loss/con 0.02 / train/loss/dyn 1.37 / train/loss/image 0.84 / train/loss/policy 2.1e-3 / train/loss/rep 1.37 / train/loss/repval 1.38 / train/loss/rew 0.06 / train/loss/value 1.07 / train/rand/action 0.18 / replay/replay_ratio 260 / fps/policy 29.13 / fps/train 7457.27

Writing metrics: /n/holylabs/gershman_lab/Users/rtruong/dreamerv3-official-ale012/logdir/u15_ale012/frostbite_seed0/metrics.jsonlWriting metrics: /n/holylabs/gershman_lab/Users/rtruong/dreamerv3-official-ale012/logdir/u15_ale012/frostbite_seed0/scores.jsonl


--------------------[Agent Step 393_560]--------------------
Metrics filtered by: 'score|length|fps|ratio|train/loss/|train/rand/'
episode/score 1600 / episode/length 824 / train/loss/con 0.02 / train/loss/dyn 1.41 / train/loss/image 0.82 / train/loss/policy 1.8e-3 / train/loss/rep 1.41 / train/loss/repval 1.41 / train/loss/rew 0.06 / train/loss/value 1.1 / train/rand/action 0.19 / replay/replay_ratio 259.85 / fps/policy 28.99 / fps/train 7417.92

Writing metrics: /n/holylabs/gershman_lab/Users/rtruong/dreamerv3-official-ale012/logdir/u15_ale012/frostbite_seed0/scores.jsonl
Writing metrics: /n/holylabs/gershman_lab/Users/rtruong/dreamerv3-official-ale012/logdir/u15_ale012/frostbite_seed0/metrics.jsonl

--------------------[Agent Step 407_520]--------------------
Metrics filtered by: 'score|length|fps|ratio|train/loss/|train/rand/'
episode/score 3820 / episode/length 1154 / train/loss/con 0.02 / train/loss/dyn 1.35 / train/loss/image 0.79 / train/loss/policy 2.2e-3 / train/loss/rep 1.35 / train/loss/repval 1.46 / train/loss/rew 0.06 / train/loss/value 1.16 / train/rand/action 0.19 / replay/replay_ratio 260.15 / fps/policy 29.02 / fps/train 7432.99

Writing metrics: /n/holylabs/gershman_lab/Users/rtruong/dreamerv3-official-ale012/logdir/u15_ale012/frostbite_seed0/metrics.jsonl
Writing metrics: /n/holylabs/gershman_lab/Users/rtruong/dreamerv3-official-ale012/logdir/u15_ale012/frostbite_seed0/scores.jsonl
Saving checkpoint: /n/holylabs/gershman_lab/Users/rtruong/dreamerv3-official-ale012/logdir/u15_ale012/frostbite_seed0/ckpt/20260924T022444F769322
Saved checkpoint.

--------------------[Agent Step 421_080]--------------------
Metrics filtered by: 'score|length|fps|ratio|train/loss/|train/rand/'
episode/score 3220 / episode/length 1034 / train/loss/con 0.02 / train/loss/dyn 1.34 / train/loss/image 0.8 / train/loss/policy 2.1e-3 / train/loss/rep 1.34 / train/loss/repval 1.44 / train/loss/rew 0.06 / train/loss/value 1.15 / train/rand/action 0.17 / replay/replay_ratio 259.85 / fps/policy 28.2 / fps/train 7214.46

Writing metrics: /n/holylabs/gershman_lab/Users/rtruong/dreamerv3-official-ale012/logdir/u15_ale012/frostbite_seed0/scores.jsonlWriting metrics: /n/holylabs/gershman_lab/Users/rtruong/dreamerv3-official-ale012/logdir/u15_ale012/frostbite_seed0/metrics.jsonl


--------------------[Agent Step 435_040]--------------------
Metrics filtered by: 'score|length|fps|ratio|train/loss/|train/rand/'
episode/score 3880 / episode/length 1150 / train/loss/con 0.02 / train/loss/dyn 1.3 / train/loss/image 0.77 / train/loss/policy 1.6e-3 / train/loss/rep 1.3 / train/loss/repval 1.47 / train/loss/rew 0.06 / train/loss/value 1.16 / train/rand/action 0.17 / replay/replay_ratio 260.15 / fps/policy 29.06 / fps/train 7443.96

Writing metrics: /n/holylabs/gershman_lab/Users/rtruong/dreamerv3-official-ale012/logdir/u15_ale012/frostbite_seed0/scores.jsonlWriting metrics: /n/holylabs/gershman_lab/Users/rtruong/dreamerv3-official-ale012/logdir/u15_ale012/frostbite_seed0/metrics.jsonl


--------------------[Agent Step 435_480]--------------------
Metrics filtered by: 'score|length|fps|ratio|train/loss/|train/rand/'
episode/score 3140 / episode/length 1084

Writing metrics: /n/holylabs/gershman_lab/Users/rtruong/dreamerv3-official-ale012/logdir/u15_ale012/frostbite_seed0/metrics.jsonlWriting metrics: /n/holylabs/gershman_lab/Users/rtruong/dreamerv3-official-ale012/logdir/u15_ale012/frostbite_seed0/scores.jsonl

EXIT=0
