NVIDIA H100 80GB HBM3, 81559 MiB
jax 0.4.33 ale_py 0.12.1 [CudaDevice(id=0)]
---  ___                           __   ______ ---
--- |   \ _ _ ___ __ _ _ __  ___ _ \ \ / /__ / ---
--- | |) | '_/ -_) _` | '  \/ -_) '/\ V / |_ \ ---
--- |___/|_| \___\__,_|_|_|_\___|_|  \_/ |___/ ---
Replica: 0 / 1
Logdir: /n/holylabs/gershman_lab/Users/rtruong/dreamerv3-official-ale012/logdir/u15_ale012/frostbite_seed5
Run script: train
Observations
  image            Space(uint8, shape=(64, 64, 3), low=0, high=255)
  reward           Space(float32, shape=(), low=-inf, high=inf)
  is_first         Space(bool, shape=(), low=False, high=True)
  is_last          Space(bool, shape=(), low=False, high=True)
  is_terminal      Space(bool, shape=(), low=False, high=True)
Actions
  action           Space(int32, shape=(), low=0, high=18)
Extras
  consec           Space(int32, shape=(), low=-2147483648, high=2147483647)
  stepid           Space(uint8, shape=(20,), low=0, high=255)
  dyn/deter        Space(float32, shape=(8192,), low=-inf, high=inf)
  dyn/stoch        Space(float32, shape=(32, 64), low=-inf, high=inf)
JAX devices (1): [cuda:0]
Policy devices: cuda:0
Train devices:  cuda:0
Initializing parameters...
Optimizer opt has 165,967,124 params:
    95,496,192 dyn
    20,282,115 dec
    12,850,431 val
    12,607,506 pol
    10,749,183 rew
    10,488,833 con
     3,492,864 enc
Done initializing!
Compiling 1 checkpoint groups...
Largest checkpoint group: 2 GB
Compiling train and report...
Train cost analysis:
  FLOPS:            4.4e+11
  Memory (temp):    5.3e+09
  Memory (inputs):  2.1e+09
  Memory (outputs): 2.1e+09
  Memory (code):    3.9e+06

Report cost analysis:
  FLOPS:            1.0e+10
  Memory (temp):    6.7e+08
  Memory (inputs):  5.1e+08
  Memory (outputs): 1.0e+07
  Memory (code):    8.2e+06

Done compiling!
Did not find any checkpoint.
Saving checkpoint: /n/holylabs/gershman_lab/Users/rtruong/dreamerv3-official-ale012/logdir/u15_ale012/frostbite_seed5/ckpt/20260924T054247F875407
Saved checkpoint.
Start training loop
Start JAX profiler: /n/holylabs/gershman_lab/Users/rtruong/dreamerv3-official-ale012/logdir/u15_ale012/frostbite_seed5
Stop JAX profiler

--------------------[Agent Step 17_480]--------------------
Metrics filtered by: 'score|length|fps|ratio|train/loss/|train/rand/'
episode/score 60 / episode/length 287 / train/loss/con 0.04 / train/loss/dyn 5.19 / train/loss/image 158.54 / train/loss/policy 1.57 / train/loss/rep 5.19 / train/loss/repval 6.52 / train/loss/rew 1.51 / train/loss/value 4.94 / train/rand/action 0.89 / replay/replay_ratio 198.53 / fps/policy 34.92 / fps/train 6718.74

Writing metrics: /n/holylabs/gershman_lab/Users/rtruong/dreamerv3-official-ale012/logdir/u15_ale012/frostbite_seed5/metrics.jsonl
Writing metrics: /n/holylabs/gershman_lab/Users/rtruong/dreamerv3-official-ale012/logdir/u15_ale012/frostbite_seed5/scores.jsonl

--------------------[Agent Step 31_320]--------------------
Metrics filtered by: 'score|length|fps|ratio|train/loss/|train/rand/'
episode/score 110 / episode/length 340 / train/loss/con 0.03 / train/loss/dyn 2.72 / train/loss/image 5.75 / train/loss/policy 0.03 / train/loss/rep 2.72 / train/loss/repval 2.93 / train/loss/rew 0.07 / train/loss/value 1.88 / train/rand/action 0.13 / replay/replay_ratio 260 / fps/policy 28.82 / fps/train 7379.16

Writing metrics: /n/holylabs/gershman_lab/Users/rtruong/dreamerv3-official-ale012/logdir/u15_ale012/frostbite_seed5/metrics.jsonl
Writing metrics: /n/holylabs/gershman_lab/Users/rtruong/dreamerv3-official-ale012/logdir/u15_ale012/frostbite_seed5/scores.jsonl

--------------------[Agent Step 45_200]--------------------
Metrics filtered by: 'score|length|fps|ratio|train/loss/|train/rand/'
episode/score 80 / episode/length 331 / train/loss/con 0.03 / train/loss/dyn 2.31 / train/loss/image 3.63 / train/loss/policy 0.02 / train/loss/rep 2.31 / train/loss/repval 2.29 / train/loss/rew 0.04 / train/loss/value 1.61 / train/rand/action 0.25 / replay/replay_ratio 260.15 / fps/policy 28.92 / fps/train 7407.4

Writing metrics: /n/holylabs/gershman_lab/Users/rtruong/dreamerv3-official-ale012/logdir/u15_ale012/frostbite_seed5/scores.jsonlWriting metrics: /n/holylabs/gershman_lab/Users/rtruong/dreamerv3-official-ale012/logdir/u15_ale012/frostbite_seed5/metrics.jsonl


--------------------[Agent Step 59_080]--------------------
Metrics filtered by: 'score|length|fps|ratio|train/loss/|train/rand/'
episode/score 200 / episode/length 495 / train/loss/con 0.02 / train/loss/dyn 2.26 / train/loss/image 2.98 / train/loss/policy 5.4e-3 / train/loss/rep 2.26 / train/loss/repval 2.19 / train/loss/rew 0.03 / train/loss/value 1.56 / train/rand/action 0.2 / replay/replay_ratio 259.85 / fps/policy 28.87 / fps/train 7386.95

Writing metrics: /n/holylabs/gershman_lab/Users/rtruong/dreamerv3-official-ale012/logdir/u15_ale012/frostbite_seed5/metrics.jsonlWriting metrics: /n/holylabs/gershman_lab/Users/rtruong/dreamerv3-official-ale012/logdir/u15_ale012/frostbite_seed5/scores.jsonl


--------------------[Agent Step 72_960]--------------------
Metrics filtered by: 'score|length|fps|ratio|train/loss/|train/rand/'
episode/score 230 / episode/length 508 / train/loss/con 0.02 / train/loss/dyn 2.05 / train/loss/image 2.61 / train/loss/policy 6.4e-3 / train/loss/rep 2.05 / train/loss/repval 1.99 / train/loss/rew 0.03 / train/loss/value 1.49 / train/rand/action 0.17 / replay/replay_ratio 260.15 / fps/policy 28.87 / fps/train 7393.99

Writing metrics: /n/holylabs/gershman_lab/Users/rtruong/dreamerv3-official-ale012/logdir/u15_ale012/frostbite_seed5/scores.jsonlWriting metrics: /n/holylabs/gershman_lab/Users/rtruong/dreamerv3-official-ale012/logdir/u15_ale012/frostbite_seed5/metrics.jsonl


--------------------[Agent Step 86_880]--------------------
Metrics filtered by: 'score|length|fps|ratio|train/loss/|train/rand/'
episode/score 240 / episode/length 563 / train/loss/con 0.02 / train/loss/dyn 1.96 / train/loss/image 2.15 / train/loss/policy 5.6e-3 / train/loss/rep 1.96 / train/loss/repval 1.94 / train/loss/rew 0.02 / train/loss/value 1.47 / train/rand/action 0.19 / replay/replay_ratio 260 / fps/policy 28.94 / fps/train 7409.83

Writing metrics: /n/holylabs/gershman_lab/Users/rtruong/dreamerv3-official-ale012/logdir/u15_ale012/frostbite_seed5/metrics.jsonl
Writing metrics: /n/holylabs/gershman_lab/Users/rtruong/dreamerv3-official-ale012/logdir/u15_ale012/frostbite_seed5/scores.jsonl

--------------------[Agent Step 100_760]--------------------
Metrics filtered by: 'score|length|fps|ratio|train/loss/|train/rand/'
episode/score 240 / episode/length 551 / train/loss/con 0.02 / train/loss/dyn 1.98 / train/loss/image 1.81 / train/loss/policy 4.6e-3 / train/loss/rep 1.98 / train/loss/repval 1.93 / train/loss/rew 0.02 / train/loss/value 1.48 / train/rand/action 0.16 / replay/replay_ratio 259.85 / fps/policy 28.9 / fps/train 7395.01

Writing metrics: /n/holylabs/gershman_lab/Users/rtruong/dreamerv3-official-ale012/logdir/u15_ale012/frostbite_seed5/metrics.jsonl
Writing metrics: /n/holylabs/gershman_lab/Users/rtruong/dreamerv3-official-ale012/logdir/u15_ale012/frostbite_seed5/scores.jsonl
Saving checkpoint: /n/holylabs/gershman_lab/Users/rtruong/dreamerv3-official-ale012/logdir/u15_ale012/frostbite_seed5/ckpt/20260924T055752F686869
Saved checkpoint.

--------------------[Agent Step 114_280]--------------------
Metrics filtered by: 'score|length|fps|ratio|train/loss/|train/rand/'
episode/score 240 / episode/length 507 / train/loss/con 0.02 / train/loss/dyn 1.85 / train/loss/image 1.57 / train/loss/policy 4.2e-3 / train/loss/rep 1.85 / train/loss/repval 1.89 / train/loss/rew 0.02 / train/loss/value 1.47 / train/rand/action 0.16 / replay/replay_ratio 260 / fps/policy 28.09 / fps/train 7191.12

Writing metrics: /n/holylabs/gershman_lab/Users/rtruong/dreamerv3-official-ale012/logdir/u15_ale012/frostbite_seed5/scores.jsonl
Writing metrics: /n/holylabs/gershman_lab/Users/rtruong/dreamerv3-official-ale012/logdir/u15_ale012/frostbite_seed5/metrics.jsonl

--------------------[Agent Step 128_160]--------------------
Metrics filtered by: 'score|length|fps|ratio|train/loss/|train/rand/'
episode/score 240 / episode/length 591 / train/loss/con 0.02 / train/loss/dyn 1.89 / train/loss/image 1.44 / train/loss/policy 4.7e-3 / train/loss/rep 1.89 / train/loss/repval 1.94 / train/loss/rew 0.02 / train/loss/value 1.51 / train/rand/action 0.18 / replay/replay_ratio 260.15 / fps/policy 28.89 / fps/train 7399.77

Writing metrics: /n/holylabs/gershman_lab/Users/rtruong/dreamerv3-official-ale012/logdir/u15_ale012/frostbite_seed5/scores.jsonlWriting metrics: /n/holylabs/gershman_lab/Users/rtruong/dreamerv3-official-ale012/logdir/u15_ale012/frostbite_seed5/metrics.jsonl


--------------------[Agent Step 142_080]--------------------
Metrics filtered by: 'score|length|fps|ratio|train/loss/|train/rand/'
episode/score 240 / episode/length 446 / train/loss/con 0.02 / train/loss/dyn 1.84 / train/loss/image 1.34 / train/loss/policy 5e-3 / train/loss/rep 1.84 / train/loss/repval 1.84 / train/loss/rew 0.02 / train/loss/value 1.48 / train/rand/action 0.2 / replay/replay_ratio 260 / fps/policy 28.94 / fps/train 7407.56

Writing metrics: /n/holylabs/gershman_lab/Users/rtruong/dreamerv3-official-ale012/logdir/u15_ale012/frostbite_seed5/metrics.jsonlWriting metrics: /n/holylabs/gershman_lab/Users/rtruong/dreamerv3-official-ale012/logdir/u15_ale012/frostbite_seed5/scores.jsonl


--------------------[Agent Step 155_960]--------------------
Metrics filtered by: 'score|length|fps|ratio|train/loss/|train/rand/'
episode/score 240 / episode/length 462 / train/loss/con 0.02 / train/loss/dyn 1.76 / train/loss/image 1.14 / train/loss/policy 3.6e-3 / train/loss/rep 1.76 / train/loss/repval 1.78 / train/loss/rew 0.02 / train/loss/value 1.43 / train/rand/action 0.2 / replay/replay_ratio 259.85 / fps/policy 28.87 / fps/train 7385.66

Writing metrics: /n/holylabs/gershman_lab/Users/rtruong/dreamerv3-official-ale012/logdir/u15_ale012/frostbite_seed5/scores.jsonlWriting metrics: /n/holylabs/gershman_lab/Users/rtruong/dreamerv3-official-ale012/logdir/u15_ale012/frostbite_seed5/metrics.jsonl


--------------------[Agent Step 169_800]--------------------
Metrics filtered by: 'score|length|fps|ratio|train/loss/|train/rand/'
episode/score 180 / episode/length 398 / train/loss/con 0.02 / train/loss/dyn 1.66 / train/loss/image 1.02 / train/loss/policy 3.9e-3 / train/loss/rep 1.66 / train/loss/repval 1.64 / train/loss/rew 0.02 / train/loss/value 1.35 / train/rand/action 0.22 / replay/replay_ratio 260 / fps/policy 28.83 / fps/train 7380.2

Writing metrics: /n/holylabs/gershman_lab/Users/rtruong/dreamerv3-official-ale012/logdir/u15_ale012/frostbite_seed5/metrics.jsonl
Writing metrics: /n/holylabs/gershman_lab/Users/rtruong/dreamerv3-official-ale012/logdir/u15_ale012/frostbite_seed5/scores.jsonl

--------------------[Agent Step 183_680]--------------------
Metrics filtered by: 'score|length|fps|ratio|train/loss/|train/rand/'
episode/score 240 / episode/length 474 / train/loss/con 0.02 / train/loss/dyn 1.59 / train/loss/image 0.93 / train/loss/policy 3e-3 / train/loss/rep 1.59 / train/loss/repval 1.61 / train/loss/rew 0.02 / train/loss/value 1.3 / train/rand/action 0.24 / replay/replay_ratio 260.15 / fps/policy 28.89 / fps/train 7399.85

Writing metrics: /n/holylabs/gershman_lab/Users/rtruong/dreamerv3-official-ale012/logdir/u15_ale012/frostbite_seed5/metrics.jsonl
Writing metrics: /n/holylabs/gershman_lab/Users/rtruong/dreamerv3-official-ale012/logdir/u15_ale012/frostbite_seed5/scores.jsonl

--------------------[Agent Step 197_560]--------------------
Metrics filtered by: 'score|length|fps|ratio|train/loss/|train/rand/'
episode/score 240 / episode/length 438 / train/loss/con 0.02 / train/loss/dyn 1.55 / train/loss/image 0.88 / train/loss/policy 3.1e-3 / train/loss/rep 1.55 / train/loss/repval 1.62 / train/loss/rew 0.02 / train/loss/value 1.31 / train/rand/action 0.23 / replay/replay_ratio 259.85 / fps/policy 28.87 / fps/train 7386.1

Writing metrics: /n/holylabs/gershman_lab/Users/rtruong/dreamerv3-official-ale012/logdir/u15_ale012/frostbite_seed5/scores.jsonl
Writing metrics: /n/holylabs/gershman_lab/Users/rtruong/dreamerv3-official-ale012/logdir/u15_ale012/frostbite_seed5/metrics.jsonl
Saving checkpoint: /n/holylabs/gershman_lab/Users/rtruong/dreamerv3-official-ale012/logdir/u15_ale012/frostbite_seed5/ckpt/20260924T061252F784192
Saved checkpoint.

--------------------[Agent Step 211_240]--------------------
Metrics filtered by: 'score|length|fps|ratio|train/loss/|train/rand/'
episode/score 240 / episode/length 441 / train/loss/con 0.02 / train/loss/dyn 1.49 / train/loss/image 0.81 / train/loss/policy 2.9e-3 / train/loss/rep 1.49 / train/loss/repval 1.55 / train/loss/rew 0.02 / train/loss/value 1.28 / train/rand/action 0.25 / replay/replay_ratio 260 / fps/policy 28.13 / fps/train 7200.52

Writing metrics: /n/holylabs/gershman_lab/Users/rtruong/dreamerv3-official-ale012/logdir/u15_ale012/frostbite_seed5/scores.jsonl
Writing metrics: /n/holylabs/gershman_lab/Users/rtruong/dreamerv3-official-ale012/logdir/u15_ale012/frostbite_seed5/metrics.jsonl

--------------------[Agent Step 225_120]--------------------
Metrics filtered by: 'score|length|fps|ratio|train/loss/|train/rand/'
episode/score 240 / episode/length 451 / train/loss/con 0.02 / train/loss/dyn 1.44 / train/loss/image 0.75 / train/loss/policy 2.1e-3 / train/loss/rep 1.44 / train/loss/repval 1.56 / train/loss/rew 0.02 / train/loss/value 1.28 / train/rand/action 0.22 / replay/replay_ratio 260.15 / fps/policy 28.9 / fps/train 7402.89

Writing metrics: /n/holylabs/gershman_lab/Users/rtruong/dreamerv3-official-ale012/logdir/u15_ale012/frostbite_seed5/scores.jsonlWriting metrics: /n/holylabs/gershman_lab/Users/rtruong/dreamerv3-official-ale012/logdir/u15_ale012/frostbite_seed5/metrics.jsonl


--------------------[Agent Step 239_000]--------------------
Metrics filtered by: 'score|length|fps|ratio|train/loss/|train/rand/'
episode/score 220 / episode/length 433 / train/loss/con 0.02 / train/loss/dyn 1.41 / train/loss/image 0.69 / train/loss/policy 1.9e-3 / train/loss/rep 1.41 / train/loss/repval 1.48 / train/loss/rew 0.02 / train/loss/value 1.23 / train/rand/action 0.24 / replay/replay_ratio 259.85 / fps/policy 28.88 / fps/train 7389.59

Writing metrics: /n/holylabs/gershman_lab/Users/rtruong/dreamerv3-official-ale012/logdir/u15_ale012/frostbite_seed5/metrics.jsonlWriting metrics: /n/holylabs/gershman_lab/Users/rtruong/dreamerv3-official-ale012/logdir/u15_ale012/frostbite_seed5/scores.jsonl


--------------------[Agent Step 252_840]--------------------
Metrics filtered by: 'score|length|fps|ratio|train/loss/|train/rand/'
episode/score 240 / episode/length 445 / train/loss/con 0.02 / train/loss/dyn 1.42 / train/loss/image 0.67 / train/loss/policy 2.3e-3 / train/loss/rep 1.42 / train/loss/repval 1.46 / train/loss/rew 0.02 / train/loss/value 1.22 / train/rand/action 0.24 / replay/replay_ratio 260 / fps/policy 28.8 / fps/train 7373.63

Writing metrics: /n/holylabs/gershman_lab/Users/rtruong/dreamerv3-official-ale012/logdir/u15_ale012/frostbite_seed5/metrics.jsonlWriting metrics: /n/holylabs/gershman_lab/Users/rtruong/dreamerv3-official-ale012/logdir/u15_ale012/frostbite_seed5/scores.jsonl


--------------------[Agent Step 266_760]--------------------
Metrics filtered by: 'score|length|fps|ratio|train/loss/|train/rand/'
episode/score 220 / episode/length 485 / train/loss/con 0.02 / train/loss/dyn 1.41 / train/loss/image 0.66 / train/loss/policy 2.2e-3 / train/loss/rep 1.41 / train/loss/repval 1.48 / train/loss/rew 0.02 / train/loss/value 1.23 / train/rand/action 0.23 / replay/replay_ratio 260 / fps/policy 28.91 / fps/train 7400.09

Writing metrics: /n/holylabs/gershman_lab/Users/rtruong/dreamerv3-official-ale012/logdir/u15_ale012/frostbite_seed5/metrics.jsonlWriting metrics: /n/holylabs/gershman_lab/Users/rtruong/dreamerv3-official-ale012/logdir/u15_ale012/frostbite_seed5/scores.jsonl


--------------------[Agent Step 280_640]--------------------
Metrics filtered by: 'score|length|fps|ratio|train/loss/|train/rand/'
episode/score 250 / episode/length 519 / train/loss/con 0.02 / train/loss/dyn 1.31 / train/loss/image 0.58 / train/loss/policy 1.4e-3 / train/loss/rep 1.31 / train/loss/repval 1.38 / train/loss/rew 0.02 / train/loss/value 1.19 / train/rand/action 0.25 / replay/replay_ratio 260.15 / fps/policy 28.88 / fps/train 7396.84

Writing metrics: /n/holylabs/gershman_lab/Users/rtruong/dreamerv3-official-ale012/logdir/u15_ale012/frostbite_seed5/scores.jsonlWriting metrics: /n/holylabs/gershman_lab/Users/rtruong/dreamerv3-official-ale012/logdir/u15_ale012/frostbite_seed5/metrics.jsonl


--------------------[Agent Step 294_520]--------------------
Metrics filtered by: 'score|length|fps|ratio|train/loss/|train/rand/'
episode/score 260 / episode/length 496 / train/loss/con 0.02 / train/loss/dyn 1.32 / train/loss/image 0.58 / train/loss/policy 1.7e-3 / train/loss/rep 1.32 / train/loss/repval 1.44 / train/loss/rew 0.02 / train/loss/value 1.21 / train/rand/action 0.26 / replay/replay_ratio 259.85 / fps/policy 28.88 / fps/train 7389.81

Writing metrics: /n/holylabs/gershman_lab/Users/rtruong/dreamerv3-official-ale012/logdir/u15_ale012/frostbite_seed5/metrics.jsonlWriting metrics: /n/holylabs/gershman_lab/Users/rtruong/dreamerv3-official-ale012/logdir/u15_ale012/frostbite_seed5/scores.jsonl


--------------------[Agent Step 308_400]--------------------
Metrics filtered by: 'score|length|fps|ratio|train/loss/|train/rand/'
episode/score 280 / episode/length 689 / train/loss/con 0.02 / train/loss/dyn 1.34 / train/loss/image 0.59 / train/loss/policy 1.7e-3 / train/loss/rep 1.34 / train/loss/repval 1.43 / train/loss/rew 0.02 / train/loss/value 1.21 / train/rand/action 0.27 / replay/replay_ratio 260.15 / fps/policy 28.87 / fps/train 7395.75

Writing metrics: /n/holylabs/gershman_lab/Users/rtruong/dreamerv3-official-ale012/logdir/u15_ale012/frostbite_seed5/scores.jsonlWriting metrics: /n/holylabs/gershman_lab/Users/rtruong/dreamerv3-official-ale012/logdir/u15_ale012/frostbite_seed5/metrics.jsonl

Saving checkpoint: /n/holylabs/gershman_lab/Users/rtruong/dreamerv3-official-ale012/logdir/u15_ale012/frostbite_seed5/ckpt/20260924T062752F970104
Saved checkpoint.

--------------------[Agent Step 321_920]--------------------
Metrics filtered by: 'score|length|fps|ratio|train/loss/|train/rand/'
episode/score 250 / episode/length 465 / train/loss/con 0.02 / train/loss/dyn 1.31 / train/loss/image 0.55 / train/loss/policy 1.8e-3 / train/loss/rep 1.31 / train/loss/repval 1.44 / train/loss/rew 0.02 / train/loss/value 1.22 / train/rand/action 0.27 / replay/replay_ratio 260 / fps/policy 28.12 / fps/train 7198.94

Writing metrics: /n/holylabs/gershman_lab/Users/rtruong/dreamerv3-official-ale012/logdir/u15_ale012/frostbite_seed5/scores.jsonlWriting metrics: /n/holylabs/gershman_lab/Users/rtruong/dreamerv3-official-ale012/logdir/u15_ale012/frostbite_seed5/metrics.jsonl


--------------------[Agent Step 335_800]--------------------
Metrics filtered by: 'score|length|fps|ratio|train/loss/|train/rand/'
episode/score 220 / episode/length 443 / train/loss/con 0.02 / train/loss/dyn 1.34 / train/loss/image 0.55 / train/loss/policy 1.5e-3 / train/loss/rep 1.34 / train/loss/repval 1.43 / train/loss/rew 0.02 / train/loss/value 1.2 / train/rand/action 0.27 / replay/replay_ratio 259.85 / fps/policy 28.89 / fps/train 7391.98

Writing metrics: /n/holylabs/gershman_lab/Users/rtruong/dreamerv3-official-ale012/logdir/u15_ale012/frostbite_seed5/scores.jsonlWriting metrics: /n/holylabs/gershman_lab/Users/rtruong/dreamerv3-official-ale012/logdir/u15_ale012/frostbite_seed5/metrics.jsonl


--------------------[Agent Step 349_680]--------------------
Metrics filtered by: 'score|length|fps|ratio|train/loss/|train/rand/'
episode/score 260 / episode/length 478 / train/loss/con 0.02 / train/loss/dyn 1.28 / train/loss/image 0.51 / train/loss/policy 1e-3 / train/loss/rep 1.28 / train/loss/repval 1.36 / train/loss/rew 0.02 / train/loss/value 1.16 / train/rand/action 0.28 / replay/replay_ratio 260.15 / fps/policy 28.84 / fps/train 7386.6

Writing metrics: /n/holylabs/gershman_lab/Users/rtruong/dreamerv3-official-ale012/logdir/u15_ale012/frostbite_seed5/metrics.jsonl
Writing metrics: /n/holylabs/gershman_lab/Users/rtruong/dreamerv3-official-ale012/logdir/u15_ale012/frostbite_seed5/scores.jsonl

--------------------[Agent Step 363_560]--------------------
Metrics filtered by: 'score|length|fps|ratio|train/loss/|train/rand/'
episode/score 270 / episode/length 513 / train/loss/con 0.02 / train/loss/dyn 1.23 / train/loss/image 0.47 / train/loss/policy 1.4e-3 / train/loss/rep 1.23 / train/loss/repval 1.36 / train/loss/rew 0.02 / train/loss/value 1.17 / train/rand/action 0.3 / replay/replay_ratio 259.85 / fps/policy 28.89 / fps/train 7391.48

Writing metrics: /n/holylabs/gershman_lab/Users/rtruong/dreamerv3-official-ale012/logdir/u15_ale012/frostbite_seed5/metrics.jsonlWriting metrics: /n/holylabs/gershman_lab/Users/rtruong/dreamerv3-official-ale012/logdir/u15_ale012/frostbite_seed5/scores.jsonl


--------------------[Agent Step 377_480]--------------------
Metrics filtered by: 'score|length|fps|ratio|train/loss/|train/rand/'
episode/score 280 / episode/length 530 / train/loss/con 0.02 / train/loss/dyn 1.24 / train/loss/image 0.47 / train/loss/policy 1.2e-3 / train/loss/rep 1.24 / train/loss/repval 1.42 / train/loss/rew 0.02 / train/loss/value 1.18 / train/rand/action 0.28 / replay/replay_ratio 260 / fps/policy 28.91 / fps/train 7399.84

Writing metrics: /n/holylabs/gershman_lab/Users/rtruong/dreamerv3-official-ale012/logdir/u15_ale012/frostbite_seed5/scores.jsonlWriting metrics: /n/holylabs/gershman_lab/Users/rtruong/dreamerv3-official-ale012/logdir/u15_ale012/frostbite_seed5/metrics.jsonl


--------------------[Agent Step 391_400]--------------------
Metrics filtered by: 'score|length|fps|ratio|train/loss/|train/rand/'
episode/score 280 / episode/length 520 / train/loss/con 0.02 / train/loss/dyn 1.28 / train/loss/image 0.5 / train/loss/policy 1.8e-3 / train/loss/rep 1.28 / train/loss/repval 1.45 / train/loss/rew 0.03 / train/loss/value 1.23 / train/rand/action 0.28 / replay/replay_ratio 260 / fps/policy 28.93 / fps/train 7406.71

Writing metrics: /n/holylabs/gershman_lab/Users/rtruong/dreamerv3-official-ale012/logdir/u15_ale012/frostbite_seed5/metrics.jsonl
Writing metrics: /n/holylabs/gershman_lab/Users/rtruong/dreamerv3-official-ale012/logdir/u15_ale012/frostbite_seed5/scores.jsonl

--------------------[Agent Step 405_280]--------------------
Metrics filtered by: 'score|length|fps|ratio|train/loss/|train/rand/'
episode/score 250 / episode/length 505 / train/loss/con 0.02 / train/loss/dyn 1.23 / train/loss/image 0.48 / train/loss/policy 1.4e-3 / train/loss/rep 1.23 / train/loss/repval 1.39 / train/loss/rew 0.02 / train/loss/value 1.17 / train/rand/action 0.28 / replay/replay_ratio 260.15 / fps/policy 28.91 / fps/train 7405.3

Writing metrics: /n/holylabs/gershman_lab/Users/rtruong/dreamerv3-official-ale012/logdir/u15_ale012/frostbite_seed5/metrics.jsonl
Writing metrics: /n/holylabs/gershman_lab/Users/rtruong/dreamerv3-official-ale012/logdir/u15_ale012/frostbite_seed5/scores.jsonl
Saving checkpoint: /n/holylabs/gershman_lab/Users/rtruong/dreamerv3-official-ale012/logdir/u15_ale012/frostbite_seed5/ckpt/20260924T064253F018782
Saved checkpoint.

--------------------[Agent Step 418_800]--------------------
Metrics filtered by: 'score|length|fps|ratio|train/loss/|train/rand/'
episode/score 270 / episode/length 514 / train/loss/con 0.02 / train/loss/dyn 1.2 / train/loss/image 0.45 / train/loss/policy 2e-3 / train/loss/rep 1.2 / train/loss/repval 1.36 / train/loss/rew 0.03 / train/loss/value 1.17 / train/rand/action 0.29 / replay/replay_ratio 260 / fps/policy 28.13 / fps/train 7200.3

Writing metrics: /n/holylabs/gershman_lab/Users/rtruong/dreamerv3-official-ale012/logdir/u15_ale012/frostbite_seed5/scores.jsonlWriting metrics: /n/holylabs/gershman_lab/Users/rtruong/dreamerv3-official-ale012/logdir/u15_ale012/frostbite_seed5/metrics.jsonl


--------------------[Agent Step 432_680]--------------------
Metrics filtered by: 'score|length|fps|ratio|train/loss/|train/rand/'
episode/score 320 / episode/length 552 / train/loss/con 0.02 / train/loss/dyn 1.17 / train/loss/image 0.42 / train/loss/policy 2.5e-3 / train/loss/rep 1.17 / train/loss/repval 1.35 / train/loss/rew 0.02 / train/loss/value 1.17 / train/rand/action 0.27 / replay/replay_ratio 259.85 / fps/policy 28.93 / fps/train 7400.87

Writing metrics: /n/holylabs/gershman_lab/Users/rtruong/dreamerv3-official-ale012/logdir/u15_ale012/frostbite_seed5/scores.jsonlWriting metrics: /n/holylabs/gershman_lab/Users/rtruong/dreamerv3-official-ale012/logdir/u15_ale012/frostbite_seed5/metrics.jsonl


--------------------[Agent Step 439_388]--------------------
Metrics filtered by: 'score|length|fps|ratio|train/loss/|train/rand/'
episode/score 330 / episode/length 632

Writing metrics: /n/holylabs/gershman_lab/Users/rtruong/dreamerv3-official-ale012/logdir/u15_ale012/frostbite_seed5/scores.jsonlWriting metrics: /n/holylabs/gershman_lab/Users/rtruong/dreamerv3-official-ale012/logdir/u15_ale012/frostbite_seed5/metrics.jsonl

EXIT=0
