NVIDIA H100 80GB HBM3, 81559 MiB
jax 0.4.33 ale_py 0.12.1 [CudaDevice(id=0)]
---  ___                           __   ______ ---
--- |   \ _ _ ___ __ _ _ __  ___ _ \ \ / /__ / ---
--- | |) | '_/ -_) _` | '  \/ -_) '/\ V / |_ \ ---
--- |___/|_| \___\__,_|_|_|_\___|_|  \_/ |___/ ---
Replica: 0 / 1
Logdir: /n/holylabs/gershman_lab/Users/rtruong/dreamerv3-official-ale012/logdir/u15_ale012/frostbite_seed1
Run script: train
Observations
  image            Space(uint8, shape=(64, 64, 3), low=0, high=255)
  reward           Space(float32, shape=(), low=-inf, high=inf)
  is_first         Space(bool, shape=(), low=False, high=True)
  is_last          Space(bool, shape=(), low=False, high=True)
  is_terminal      Space(bool, shape=(), low=False, high=True)
Actions
  action           Space(int32, shape=(), low=0, high=18)
Extras
  consec           Space(int32, shape=(), low=-2147483648, high=2147483647)
  stepid           Space(uint8, shape=(20,), low=0, high=255)
  dyn/deter        Space(float32, shape=(8192,), low=-inf, high=inf)
  dyn/stoch        Space(float32, shape=(32, 64), low=-inf, high=inf)
JAX devices (1): [cuda:0]
Policy devices: cuda:0
Train devices:  cuda:0
Initializing parameters...
Optimizer opt has 165,967,124 params:
    95,496,192 dyn
    20,282,115 dec
    12,850,431 val
    12,607,506 pol
    10,749,183 rew
    10,488,833 con
     3,492,864 enc
Done initializing!
Compiling 1 checkpoint groups...
Largest checkpoint group: 2 GB
Compiling train and report...
Train cost analysis:
  FLOPS:            4.4e+11
  Memory (temp):    5.3e+09
  Memory (inputs):  2.1e+09
  Memory (outputs): 2.1e+09
  Memory (code):    3.9e+06

Report cost analysis:
  FLOPS:            1.0e+10
  Memory (temp):    6.7e+08
  Memory (inputs):  5.1e+08
  Memory (outputs): 1.0e+07
  Memory (code):    8.2e+06

Done compiling!
Did not find any checkpoint.
Saving checkpoint: /n/holylabs/gershman_lab/Users/rtruong/dreamerv3-official-ale012/logdir/u15_ale012/frostbite_seed1/ckpt/20260924T023017F458874
Saved checkpoint.
Start training loop
Start JAX profiler: /n/holylabs/gershman_lab/Users/rtruong/dreamerv3-official-ale012/logdir/u15_ale012/frostbite_seed1
Stop JAX profiler

--------------------[Agent Step 17_400]--------------------
Metrics filtered by: 'score|length|fps|ratio|train/loss/|train/rand/'
episode/score 10 / episode/length 269 / train/loss/con 0.06 / train/loss/dyn 5.27 / train/loss/image 132.69 / train/loss/policy 1.51 / train/loss/rep 5.27 / train/loss/repval 6.41 / train/loss/rew 1.52 / train/loss/value 4.85 / train/rand/action 0.92 / replay/replay_ratio 198.25 / fps/policy 34.7 / fps/train 6664.52

Writing metrics: /n/holylabs/gershman_lab/Users/rtruong/dreamerv3-official-ale012/logdir/u15_ale012/frostbite_seed1/metrics.jsonl
Writing metrics: /n/holylabs/gershman_lab/Users/rtruong/dreamerv3-official-ale012/logdir/u15_ale012/frostbite_seed1/scores.jsonl

--------------------[Agent Step 31_200]--------------------
Metrics filtered by: 'score|length|fps|ratio|train/loss/|train/rand/'
episode/score 160 / episode/length 369 / train/loss/con 0.03 / train/loss/dyn 2.62 / train/loss/image 6.43 / train/loss/policy 0.04 / train/loss/rep 2.62 / train/loss/repval 3.19 / train/loss/rew 0.06 / train/loss/value 2.14 / train/rand/action 0.21 / replay/replay_ratio 260.15 / fps/policy 28.71 / fps/train 7352.88

Writing metrics: /n/holylabs/gershman_lab/Users/rtruong/dreamerv3-official-ale012/logdir/u15_ale012/frostbite_seed1/scores.jsonlWriting metrics: /n/holylabs/gershman_lab/Users/rtruong/dreamerv3-official-ale012/logdir/u15_ale012/frostbite_seed1/metrics.jsonl


--------------------[Agent Step 45_040]--------------------
Metrics filtered by: 'score|length|fps|ratio|train/loss/|train/rand/'
episode/score 170 / episode/length 378 / train/loss/con 0.03 / train/loss/dyn 2.49 / train/loss/image 4.12 / train/loss/policy 0.02 / train/loss/rep 2.49 / train/loss/repval 2.41 / train/loss/rew 0.04 / train/loss/value 1.58 / train/rand/action 0.15 / replay/replay_ratio 260 / fps/policy 28.82 / fps/train 7378.69

Writing metrics: /n/holylabs/gershman_lab/Users/rtruong/dreamerv3-official-ale012/logdir/u15_ale012/frostbite_seed1/metrics.jsonl
Writing metrics: /n/holylabs/gershman_lab/Users/rtruong/dreamerv3-official-ale012/logdir/u15_ale012/frostbite_seed1/scores.jsonl

--------------------[Agent Step 58_920]--------------------
Metrics filtered by: 'score|length|fps|ratio|train/loss/|train/rand/'
episode/score 250 / episode/length 523 / train/loss/con 0.02 / train/loss/dyn 2.31 / train/loss/image 3.33 / train/loss/policy 7.2e-3 / train/loss/rep 2.31 / train/loss/repval 2.03 / train/loss/rew 0.03 / train/loss/value 1.41 / train/rand/action 0.17 / replay/replay_ratio 259.85 / fps/policy 28.84 / fps/train 7378.53

Writing metrics: /n/holylabs/gershman_lab/Users/rtruong/dreamerv3-official-ale012/logdir/u15_ale012/frostbite_seed1/metrics.jsonl
Writing metrics: /n/holylabs/gershman_lab/Users/rtruong/dreamerv3-official-ale012/logdir/u15_ale012/frostbite_seed1/scores.jsonl

--------------------[Agent Step 72_840]--------------------
Metrics filtered by: 'score|length|fps|ratio|train/loss/|train/rand/'
episode/score 230 / episode/length 511 / train/loss/con 0.02 / train/loss/dyn 2.18 / train/loss/image 2.67 / train/loss/policy 5.4e-3 / train/loss/rep 2.18 / train/loss/repval 1.85 / train/loss/rew 0.03 / train/loss/value 1.33 / train/rand/action 0.2 / replay/replay_ratio 260 / fps/policy 28.91 / fps/train 7400.69

Writing metrics: /n/holylabs/gershman_lab/Users/rtruong/dreamerv3-official-ale012/logdir/u15_ale012/frostbite_seed1/scores.jsonlWriting metrics: /n/holylabs/gershman_lab/Users/rtruong/dreamerv3-official-ale012/logdir/u15_ale012/frostbite_seed1/metrics.jsonl


--------------------[Agent Step 86_640]--------------------
Metrics filtered by: 'score|length|fps|ratio|train/loss/|train/rand/'
episode/score 200 / episode/length 575 / train/loss/con 0.02 / train/loss/dyn 2.01 / train/loss/image 2.07 / train/loss/policy 2.8e-3 / train/loss/rep 2.01 / train/loss/repval 1.82 / train/loss/rew 0.02 / train/loss/value 1.36 / train/rand/action 0.21 / replay/replay_ratio 260.15 / fps/policy 28.73 / fps/train 7358.51

Writing metrics: /n/holylabs/gershman_lab/Users/rtruong/dreamerv3-official-ale012/logdir/u15_ale012/frostbite_seed1/metrics.jsonlWriting metrics: /n/holylabs/gershman_lab/Users/rtruong/dreamerv3-official-ale012/logdir/u15_ale012/frostbite_seed1/scores.jsonl


--------------------[Agent Step 100_480]--------------------
Metrics filtered by: 'score|length|fps|ratio|train/loss/|train/rand/'
episode/score 210 / episode/length 516 / train/loss/con 0.02 / train/loss/dyn 1.96 / train/loss/image 1.93 / train/loss/policy 3.8e-3 / train/loss/rep 1.96 / train/loss/repval 1.87 / train/loss/rew 0.02 / train/loss/value 1.43 / train/rand/action 0.22 / replay/replay_ratio 260 / fps/policy 28.77 / fps/train 7366

Writing metrics: /n/holylabs/gershman_lab/Users/rtruong/dreamerv3-official-ale012/logdir/u15_ale012/frostbite_seed1/scores.jsonlWriting metrics: /n/holylabs/gershman_lab/Users/rtruong/dreamerv3-official-ale012/logdir/u15_ale012/frostbite_seed1/metrics.jsonl

Saving checkpoint: /n/holylabs/gershman_lab/Users/rtruong/dreamerv3-official-ale012/logdir/u15_ale012/frostbite_seed1/ckpt/20260924T024522F595703
Saved checkpoint.

--------------------[Agent Step 113_920]--------------------
Metrics filtered by: 'score|length|fps|ratio|train/loss/|train/rand/'
episode/score 260 / episode/length 675 / train/loss/con 0.02 / train/loss/dyn 1.89 / train/loss/image 1.76 / train/loss/policy 3.7e-3 / train/loss/rep 1.89 / train/loss/repval 1.9 / train/loss/rew 0.02 / train/loss/value 1.46 / train/rand/action 0.23 / replay/replay_ratio 260 / fps/policy 27.97 / fps/train 7160.51

Writing metrics: /n/holylabs/gershman_lab/Users/rtruong/dreamerv3-official-ale012/logdir/u15_ale012/frostbite_seed1/scores.jsonlWriting metrics: /n/holylabs/gershman_lab/Users/rtruong/dreamerv3-official-ale012/logdir/u15_ale012/frostbite_seed1/metrics.jsonl


--------------------[Agent Step 127_800]--------------------
Metrics filtered by: 'score|length|fps|ratio|train/loss/|train/rand/'
episode/score 370 / episode/length 654 / train/loss/con 0.02 / train/loss/dyn 1.77 / train/loss/image 1.51 / train/loss/policy 3.7e-3 / train/loss/rep 1.77 / train/loss/repval 1.87 / train/loss/rew 0.02 / train/loss/value 1.46 / train/rand/action 0.22 / replay/replay_ratio 259.85 / fps/policy 28.89 / fps/train 7392

Writing metrics: /n/holylabs/gershman_lab/Users/rtruong/dreamerv3-official-ale012/logdir/u15_ale012/frostbite_seed1/metrics.jsonlWriting metrics: /n/holylabs/gershman_lab/Users/rtruong/dreamerv3-official-ale012/logdir/u15_ale012/frostbite_seed1/scores.jsonl


--------------------[Agent Step 141_680]--------------------
Metrics filtered by: 'score|length|fps|ratio|train/loss/|train/rand/'
episode/score 360 / episode/length 650 / train/loss/con 0.02 / train/loss/dyn 1.74 / train/loss/image 1.38 / train/loss/policy 3.5e-3 / train/loss/rep 1.74 / train/loss/repval 1.77 / train/loss/rew 0.02 / train/loss/value 1.42 / train/rand/action 0.25 / replay/replay_ratio 260.15 / fps/policy 28.9 / fps/train 7402.56

Writing metrics: /n/holylabs/gershman_lab/Users/rtruong/dreamerv3-official-ale012/logdir/u15_ale012/frostbite_seed1/scores.jsonl
Writing metrics: /n/holylabs/gershman_lab/Users/rtruong/dreamerv3-official-ale012/logdir/u15_ale012/frostbite_seed1/metrics.jsonl

--------------------[Agent Step 155_560]--------------------
Metrics filtered by: 'score|length|fps|ratio|train/loss/|train/rand/'
episode/score 370 / episode/length 642 / train/loss/con 0.02 / train/loss/dyn 1.75 / train/loss/image 1.4 / train/loss/policy 3e-3 / train/loss/rep 1.75 / train/loss/repval 1.72 / train/loss/rew 0.02 / train/loss/value 1.4 / train/rand/action 0.25 / replay/replay_ratio 259.85 / fps/policy 28.92 / fps/train 7398.29

Writing metrics: /n/holylabs/gershman_lab/Users/rtruong/dreamerv3-official-ale012/logdir/u15_ale012/frostbite_seed1/metrics.jsonlWriting metrics: /n/holylabs/gershman_lab/Users/rtruong/dreamerv3-official-ale012/logdir/u15_ale012/frostbite_seed1/scores.jsonl


--------------------[Agent Step 169_400]--------------------
Metrics filtered by: 'score|length|fps|ratio|train/loss/|train/rand/'
episode/score 260 / episode/length 556 / train/loss/con 0.02 / train/loss/dyn 1.78 / train/loss/image 1.31 / train/loss/policy 4e-3 / train/loss/rep 1.78 / train/loss/repval 1.78 / train/loss/rew 0.02 / train/loss/value 1.43 / train/rand/action 0.27 / replay/replay_ratio 260 / fps/policy 28.8 / fps/train 7372.91

Writing metrics: /n/holylabs/gershman_lab/Users/rtruong/dreamerv3-official-ale012/logdir/u15_ale012/frostbite_seed1/metrics.jsonlWriting metrics: /n/holylabs/gershman_lab/Users/rtruong/dreamerv3-official-ale012/logdir/u15_ale012/frostbite_seed1/scores.jsonl


--------------------[Agent Step 183_320]--------------------
Metrics filtered by: 'score|length|fps|ratio|train/loss/|train/rand/'
episode/score 300 / episode/length 558 / train/loss/con 0.02 / train/loss/dyn 1.63 / train/loss/image 1.15 / train/loss/policy 3.1e-3 / train/loss/rep 1.63 / train/loss/repval 1.68 / train/loss/rew 0.02 / train/loss/value 1.38 / train/rand/action 0.26 / replay/replay_ratio 260 / fps/policy 28.94 / fps/train 7408.14

Writing metrics: /n/holylabs/gershman_lab/Users/rtruong/dreamerv3-official-ale012/logdir/u15_ale012/frostbite_seed1/scores.jsonlWriting metrics: /n/holylabs/gershman_lab/Users/rtruong/dreamerv3-official-ale012/logdir/u15_ale012/frostbite_seed1/metrics.jsonl


--------------------[Agent Step 197_200]--------------------
Metrics filtered by: 'score|length|fps|ratio|train/loss/|train/rand/'
episode/score 450 / episode/length 717 / train/loss/con 0.02 / train/loss/dyn 1.61 / train/loss/image 1.06 / train/loss/policy 2.9e-3 / train/loss/rep 1.61 / train/loss/repval 1.69 / train/loss/rew 0.02 / train/loss/value 1.39 / train/rand/action 0.23 / replay/replay_ratio 260.15 / fps/policy 28.88 / fps/train 7396.32

Writing metrics: /n/holylabs/gershman_lab/Users/rtruong/dreamerv3-official-ale012/logdir/u15_ale012/frostbite_seed1/scores.jsonlWriting metrics: /n/holylabs/gershman_lab/Users/rtruong/dreamerv3-official-ale012/logdir/u15_ale012/frostbite_seed1/metrics.jsonl

Saving checkpoint: /n/holylabs/gershman_lab/Users/rtruong/dreamerv3-official-ale012/logdir/u15_ale012/frostbite_seed1/ckpt/20260924T030022F602463
Saved checkpoint.

--------------------[Agent Step 210_880]--------------------
Metrics filtered by: 'score|length|fps|ratio|train/loss/|train/rand/'
episode/score 430 / episode/length 687 / train/loss/con 0.02 / train/loss/dyn 1.51 / train/loss/image 0.95 / train/loss/policy 2.2e-3 / train/loss/rep 1.51 / train/loss/repval 1.63 / train/loss/rew 0.02 / train/loss/value 1.34 / train/rand/action 0.23 / replay/replay_ratio 260 / fps/policy 27.96 / fps/train 7157.03

Writing metrics: /n/holylabs/gershman_lab/Users/rtruong/dreamerv3-official-ale012/logdir/u15_ale012/frostbite_seed1/scores.jsonlWriting metrics: /n/holylabs/gershman_lab/Users/rtruong/dreamerv3-official-ale012/logdir/u15_ale012/frostbite_seed1/metrics.jsonl


--------------------[Agent Step 224_760]--------------------
Metrics filtered by: 'score|length|fps|ratio|train/loss/|train/rand/'
episode/score 390 / episode/length 622 / train/loss/con 0.02 / train/loss/dyn 1.56 / train/loss/image 0.93 / train/loss/policy 2.6e-3 / train/loss/rep 1.56 / train/loss/repval 1.73 / train/loss/rew 0.02 / train/loss/value 1.4 / train/rand/action 0.25 / replay/replay_ratio 259.85 / fps/policy 28.85 / fps/train 7380.82

Writing metrics: /n/holylabs/gershman_lab/Users/rtruong/dreamerv3-official-ale012/logdir/u15_ale012/frostbite_seed1/metrics.jsonlWriting metrics: /n/holylabs/gershman_lab/Users/rtruong/dreamerv3-official-ale012/logdir/u15_ale012/frostbite_seed1/scores.jsonl


--------------------[Agent Step 238_600]--------------------
Metrics filtered by: 'score|length|fps|ratio|train/loss/|train/rand/'
episode/score 340 / episode/length 615 / train/loss/con 0.02 / train/loss/dyn 1.58 / train/loss/image 0.89 / train/loss/policy 2.4e-3 / train/loss/rep 1.58 / train/loss/repval 1.64 / train/loss/rew 0.02 / train/loss/value 1.34 / train/rand/action 0.21 / replay/replay_ratio 260 / fps/policy 28.83 / fps/train 7380.41

Writing metrics: /n/holylabs/gershman_lab/Users/rtruong/dreamerv3-official-ale012/logdir/u15_ale012/frostbite_seed1/scores.jsonlWriting metrics: /n/holylabs/gershman_lab/Users/rtruong/dreamerv3-official-ale012/logdir/u15_ale012/frostbite_seed1/metrics.jsonl


--------------------[Agent Step 252_520]--------------------
Metrics filtered by: 'score|length|fps|ratio|train/loss/|train/rand/'
episode/score 450 / episode/length 748 / train/loss/con 0.02 / train/loss/dyn 1.49 / train/loss/image 0.81 / train/loss/policy 1.9e-3 / train/loss/rep 1.49 / train/loss/repval 1.56 / train/loss/rew 0.02 / train/loss/value 1.3 / train/rand/action 0.21 / replay/replay_ratio 260 / fps/policy 28.96 / fps/train 7413.15

Writing metrics: /n/holylabs/gershman_lab/Users/rtruong/dreamerv3-official-ale012/logdir/u15_ale012/frostbite_seed1/scores.jsonlWriting metrics: /n/holylabs/gershman_lab/Users/rtruong/dreamerv3-official-ale012/logdir/u15_ale012/frostbite_seed1/metrics.jsonl


--------------------[Agent Step 266_400]--------------------
Metrics filtered by: 'score|length|fps|ratio|train/loss/|train/rand/'
episode/score 460 / episode/length 748 / train/loss/con 0.02 / train/loss/dyn 1.38 / train/loss/image 0.75 / train/loss/policy 1.4e-3 / train/loss/rep 1.38 / train/loss/repval 1.53 / train/loss/rew 0.02 / train/loss/value 1.27 / train/rand/action 0.22 / replay/replay_ratio 260.15 / fps/policy 28.87 / fps/train 7395.1

Writing metrics: /n/holylabs/gershman_lab/Users/rtruong/dreamerv3-official-ale012/logdir/u15_ale012/frostbite_seed1/scores.jsonlWriting metrics: /n/holylabs/gershman_lab/Users/rtruong/dreamerv3-official-ale012/logdir/u15_ale012/frostbite_seed1/metrics.jsonl


--------------------[Agent Step 280_320]--------------------
Metrics filtered by: 'score|length|fps|ratio|train/loss/|train/rand/'
episode/score 440 / episode/length 752 / train/loss/con 0.02 / train/loss/dyn 1.43 / train/loss/image 0.76 / train/loss/policy 1.7e-3 / train/loss/rep 1.43 / train/loss/repval 1.58 / train/loss/rew 0.03 / train/loss/value 1.3 / train/rand/action 0.22 / replay/replay_ratio 260 / fps/policy 28.95 / fps/train 7409.94

Writing metrics: /n/holylabs/gershman_lab/Users/rtruong/dreamerv3-official-ale012/logdir/u15_ale012/frostbite_seed1/metrics.jsonlWriting metrics: /n/holylabs/gershman_lab/Users/rtruong/dreamerv3-official-ale012/logdir/u15_ale012/frostbite_seed1/scores.jsonl


--------------------[Agent Step 294_240]--------------------
Metrics filtered by: 'score|length|fps|ratio|train/loss/|train/rand/'
episode/score 440 / episode/length 726 / train/loss/con 0.02 / train/loss/dyn 1.38 / train/loss/image 0.72 / train/loss/policy 1.7e-3 / train/loss/rep 1.38 / train/loss/repval 1.54 / train/loss/rew 0.03 / train/loss/value 1.27 / train/rand/action 0.25 / replay/replay_ratio 260 / fps/policy 28.93 / fps/train 7406.49

Writing metrics: /n/holylabs/gershman_lab/Users/rtruong/dreamerv3-official-ale012/logdir/u15_ale012/frostbite_seed1/metrics.jsonlWriting metrics: /n/holylabs/gershman_lab/Users/rtruong/dreamerv3-official-ale012/logdir/u15_ale012/frostbite_seed1/scores.jsonl


--------------------[Agent Step 308_120]--------------------
Metrics filtered by: 'score|length|fps|ratio|train/loss/|train/rand/'
episode/score 400 / episode/length 690 / train/loss/con 0.02 / train/loss/dyn 1.35 / train/loss/image 0.7 / train/loss/policy 1.7e-3 / train/loss/rep 1.35 / train/loss/repval 1.56 / train/loss/rew 0.03 / train/loss/value 1.28 / train/rand/action 0.25 / replay/replay_ratio 259.85 / fps/policy 28.9 / fps/train 7393.03

Writing metrics: /n/holylabs/gershman_lab/Users/rtruong/dreamerv3-official-ale012/logdir/u15_ale012/frostbite_seed1/scores.jsonlWriting metrics: /n/holylabs/gershman_lab/Users/rtruong/dreamerv3-official-ale012/logdir/u15_ale012/frostbite_seed1/metrics.jsonl

Saving checkpoint: /n/holylabs/gershman_lab/Users/rtruong/dreamerv3-official-ale012/logdir/u15_ale012/frostbite_seed1/ckpt/20260924T031522F622787
Saved checkpoint.

--------------------[Agent Step 321_640]--------------------
Metrics filtered by: 'score|length|fps|ratio|train/loss/|train/rand/'
episode/score 340 / episode/length 602 / train/loss/con 0.02 / train/loss/dyn 1.31 / train/loss/image 0.65 / train/loss/policy 2.9e-3 / train/loss/rep 1.31 / train/loss/repval 1.57 / train/loss/rew 0.03 / train/loss/value 1.29 / train/rand/action 0.24 / replay/replay_ratio 260 / fps/policy 28.08 / fps/train 7189.61

Writing metrics: /n/holylabs/gershman_lab/Users/rtruong/dreamerv3-official-ale012/logdir/u15_ale012/frostbite_seed1/metrics.jsonlWriting metrics: /n/holylabs/gershman_lab/Users/rtruong/dreamerv3-official-ale012/logdir/u15_ale012/frostbite_seed1/scores.jsonl


--------------------[Agent Step 335_560]--------------------
Metrics filtered by: 'score|length|fps|ratio|train/loss/|train/rand/'
episode/score 400 / episode/length 677 / train/loss/con 0.02 / train/loss/dyn 1.34 / train/loss/image 0.66 / train/loss/policy 2.3e-3 / train/loss/rep 1.34 / train/loss/repval 1.5 / train/loss/rew 0.03 / train/loss/value 1.23 / train/rand/action 0.24 / replay/replay_ratio 260 / fps/policy 28.91 / fps/train 7401.29

Writing metrics: /n/holylabs/gershman_lab/Users/rtruong/dreamerv3-official-ale012/logdir/u15_ale012/frostbite_seed1/scores.jsonlWriting metrics: /n/holylabs/gershman_lab/Users/rtruong/dreamerv3-official-ale012/logdir/u15_ale012/frostbite_seed1/metrics.jsonl


--------------------[Agent Step 349_480]--------------------
Metrics filtered by: 'score|length|fps|ratio|train/loss/|train/rand/'
episode/score 410 / episode/length 655 / train/loss/con 0.02 / train/loss/dyn 1.33 / train/loss/image 0.64 / train/loss/policy 1.7e-3 / train/loss/rep 1.33 / train/loss/repval 1.49 / train/loss/rew 0.03 / train/loss/value 1.22 / train/rand/action 0.23 / replay/replay_ratio 260 / fps/policy 28.91 / fps/train 7400.37

Writing metrics: /n/holylabs/gershman_lab/Users/rtruong/dreamerv3-official-ale012/logdir/u15_ale012/frostbite_seed1/metrics.jsonlWriting metrics: /n/holylabs/gershman_lab/Users/rtruong/dreamerv3-official-ale012/logdir/u15_ale012/frostbite_seed1/scores.jsonl


--------------------[Agent Step 363_320]--------------------
Metrics filtered by: 'score|length|fps|ratio|train/loss/|train/rand/'
episode/score 430 / episode/length 700 / train/loss/con 0.02 / train/loss/dyn 1.38 / train/loss/image 0.68 / train/loss/policy 2e-3 / train/loss/rep 1.38 / train/loss/repval 1.58 / train/loss/rew 0.03 / train/loss/value 1.25 / train/rand/action 0.2 / replay/replay_ratio 260 / fps/policy 28.83 / fps/train 7380.2

Writing metrics: /n/holylabs/gershman_lab/Users/rtruong/dreamerv3-official-ale012/logdir/u15_ale012/frostbite_seed1/metrics.jsonlWriting metrics: /n/holylabs/gershman_lab/Users/rtruong/dreamerv3-official-ale012/logdir/u15_ale012/frostbite_seed1/scores.jsonl


--------------------[Agent Step 377_160]--------------------
Metrics filtered by: 'score|length|fps|ratio|train/loss/|train/rand/'
episode/score 270 / episode/length 531 / train/loss/con 0.02 / train/loss/dyn 1.31 / train/loss/image 0.61 / train/loss/policy 9e-4 / train/loss/rep 1.31 / train/loss/repval 1.44 / train/loss/rew 0.03 / train/loss/value 1.19 / train/rand/action 0.22 / replay/replay_ratio 260 / fps/policy 28.8 / fps/train 7373.95

Writing metrics: /n/holylabs/gershman_lab/Users/rtruong/dreamerv3-official-ale012/logdir/u15_ale012/frostbite_seed1/metrics.jsonlWriting metrics: /n/holylabs/gershman_lab/Users/rtruong/dreamerv3-official-ale012/logdir/u15_ale012/frostbite_seed1/scores.jsonl


--------------------[Agent Step 391_080]--------------------
Metrics filtered by: 'score|length|fps|ratio|train/loss/|train/rand/'
episode/score 350 / episode/length 587 / train/loss/con 0.02 / train/loss/dyn 1.26 / train/loss/image 0.57 / train/loss/policy 1.4e-3 / train/loss/rep 1.26 / train/loss/repval 1.45 / train/loss/rew 0.03 / train/loss/value 1.2 / train/rand/action 0.22 / replay/replay_ratio 260 / fps/policy 28.93 / fps/train 7406.36

Writing metrics: /n/holylabs/gershman_lab/Users/rtruong/dreamerv3-official-ale012/logdir/u15_ale012/frostbite_seed1/scores.jsonlWriting metrics: /n/holylabs/gershman_lab/Users/rtruong/dreamerv3-official-ale012/logdir/u15_ale012/frostbite_seed1/metrics.jsonl


--------------------[Agent Step 404_960]--------------------
Metrics filtered by: 'score|length|fps|ratio|train/loss/|train/rand/'
episode/score 450 / episode/length 766 / train/loss/con 0.02 / train/loss/dyn 1.27 / train/loss/image 0.56 / train/loss/policy 1.9e-3 / train/loss/rep 1.27 / train/loss/repval 1.44 / train/loss/rew 0.03 / train/loss/value 1.19 / train/rand/action 0.22 / replay/replay_ratio 260.15 / fps/policy 28.91 / fps/train 7405.82

Writing metrics: /n/holylabs/gershman_lab/Users/rtruong/dreamerv3-official-ale012/logdir/u15_ale012/frostbite_seed1/scores.jsonlWriting metrics: /n/holylabs/gershman_lab/Users/rtruong/dreamerv3-official-ale012/logdir/u15_ale012/frostbite_seed1/metrics.jsonl

Saving checkpoint: /n/holylabs/gershman_lab/Users/rtruong/dreamerv3-official-ale012/logdir/u15_ale012/frostbite_seed1/ckpt/20260924T033022F644683
Saved checkpoint.

--------------------[Agent Step 418_440]--------------------
Metrics filtered by: 'score|length|fps|ratio|train/loss/|train/rand/'
episode/score 300 / episode/length 533 / train/loss/con 0.02 / train/loss/dyn 1.37 / train/loss/image 0.59 / train/loss/policy 1.5e-3 / train/loss/rep 1.37 / train/loss/repval 1.44 / train/loss/rew 0.03 / train/loss/value 1.19 / train/rand/action 0.2 / replay/replay_ratio 259.85 / fps/policy 28.06 / fps/train 7179.92

Writing metrics: /n/holylabs/gershman_lab/Users/rtruong/dreamerv3-official-ale012/logdir/u15_ale012/frostbite_seed1/scores.jsonlWriting metrics: /n/holylabs/gershman_lab/Users/rtruong/dreamerv3-official-ale012/logdir/u15_ale012/frostbite_seed1/metrics.jsonl


--------------------[Agent Step 432_280]--------------------
Metrics filtered by: 'score|length|fps|ratio|train/loss/|train/rand/'
episode/score 430 / episode/length 685 / train/loss/con 0.02 / train/loss/dyn 1.25 / train/loss/image 0.53 / train/loss/policy 1.4e-3 / train/loss/rep 1.25 / train/loss/repval 1.44 / train/loss/rew 0.03 / train/loss/value 1.19 / train/rand/action 0.2 / replay/replay_ratio 260 / fps/policy 28.83 / fps/train 7379.32

Writing metrics: /n/holylabs/gershman_lab/Users/rtruong/dreamerv3-official-ale012/logdir/u15_ale012/frostbite_seed1/metrics.jsonlWriting metrics: /n/holylabs/gershman_lab/Users/rtruong/dreamerv3-official-ale012/logdir/u15_ale012/frostbite_seed1/scores.jsonl


--------------------[Agent Step 439_132]--------------------
Metrics filtered by: 'score|length|fps|ratio|train/loss/|train/rand/'
episode/score 450 / episode/length 690

Writing metrics: /n/holylabs/gershman_lab/Users/rtruong/dreamerv3-official-ale012/logdir/u15_ale012/frostbite_seed1/metrics.jsonl
Writing metrics: /n/holylabs/gershman_lab/Users/rtruong/dreamerv3-official-ale012/logdir/u15_ale012/frostbite_seed1/scores.jsonl
EXIT=0
