NVIDIA H100 80GB HBM3, 81559 MiB
jax 0.4.33 ale_py 0.12.1 [CudaDevice(id=0)]
---  ___                           __   ______ ---
--- |   \ _ _ ___ __ _ _ __  ___ _ \ \ / /__ / ---
--- | |) | '_/ -_) _` | '  \/ -_) '/\ V / |_ \ ---
--- |___/|_| \___\__,_|_|_|_\___|_|  \_/ |___/ ---
Replica: 0 / 1
Logdir: /n/holylabs/gershman_lab/Users/rtruong/dreamerv3-official-ale012/logdir/u15_ale012/frostbite_seed6
Run script: train
Observations
  image            Space(uint8, shape=(64, 64, 3), low=0, high=255)
  reward           Space(float32, shape=(), low=-inf, high=inf)
  is_first         Space(bool, shape=(), low=False, high=True)
  is_last          Space(bool, shape=(), low=False, high=True)
  is_terminal      Space(bool, shape=(), low=False, high=True)
Actions
  action           Space(int32, shape=(), low=0, high=18)
Extras
  consec           Space(int32, shape=(), low=-2147483648, high=2147483647)
  stepid           Space(uint8, shape=(20,), low=0, high=255)
  dyn/deter        Space(float32, shape=(8192,), low=-inf, high=inf)
  dyn/stoch        Space(float32, shape=(32, 64), low=-inf, high=inf)
JAX devices (1): [cuda:0]
Policy devices: cuda:0
Train devices:  cuda:0
Initializing parameters...
Optimizer opt has 165,967,124 params:
    95,496,192 dyn
    20,282,115 dec
    12,850,431 val
    12,607,506 pol
    10,749,183 rew
    10,488,833 con
     3,492,864 enc
Done initializing!
Compiling 1 checkpoint groups...
Largest checkpoint group: 2 GB
Compiling train and report...
Train cost analysis:
  FLOPS:            4.4e+11
  Memory (temp):    5.3e+09
  Memory (inputs):  2.1e+09
  Memory (outputs): 2.1e+09
  Memory (code):    3.9e+06

Report cost analysis:
  FLOPS:            1.0e+10
  Memory (temp):    6.7e+08
  Memory (inputs):  5.1e+08
  Memory (outputs): 1.0e+07
  Memory (code):    8.2e+06

Done compiling!
Did not find any checkpoint.
Saving checkpoint: /n/holylabs/gershman_lab/Users/rtruong/dreamerv3-official-ale012/logdir/u15_ale012/frostbite_seed6/ckpt/20260924T062737F079542
Saved checkpoint.
Start training loop
Start JAX profiler: /n/holylabs/gershman_lab/Users/rtruong/dreamerv3-official-ale012/logdir/u15_ale012/frostbite_seed6
Stop JAX profiler

--------------------[Agent Step 17_480]--------------------
Metrics filtered by: 'score|length|fps|ratio|train/loss/|train/rand/'
episode/score 50 / episode/length 311 / train/loss/con 0.05 / train/loss/dyn 5.54 / train/loss/image 154.41 / train/loss/policy 1.45 / train/loss/rep 5.54 / train/loss/repval 6.34 / train/loss/rew 1.5 / train/loss/value 4.76 / train/rand/action 0.88 / replay/replay_ratio 198.53 / fps/policy 34.95 / fps/train 6722.81

Writing metrics: /n/holylabs/gershman_lab/Users/rtruong/dreamerv3-official-ale012/logdir/u15_ale012/frostbite_seed6/metrics.jsonl
Writing metrics: /n/holylabs/gershman_lab/Users/rtruong/dreamerv3-official-ale012/logdir/u15_ale012/frostbite_seed6/scores.jsonl

--------------------[Agent Step 31_400]--------------------
Metrics filtered by: 'score|length|fps|ratio|train/loss/|train/rand/'
episode/score 80 / episode/length 305 / train/loss/con 0.03 / train/loss/dyn 2.82 / train/loss/image 6.43 / train/loss/policy 0.02 / train/loss/rep 2.82 / train/loss/repval 2.97 / train/loss/rew 0.04 / train/loss/value 1.85 / train/rand/action 0.14 / replay/replay_ratio 260 / fps/policy 28.96 / fps/train 7412.74

Writing metrics: /n/holylabs/gershman_lab/Users/rtruong/dreamerv3-official-ale012/logdir/u15_ale012/frostbite_seed6/scores.jsonlWriting metrics: /n/holylabs/gershman_lab/Users/rtruong/dreamerv3-official-ale012/logdir/u15_ale012/frostbite_seed6/metrics.jsonl


--------------------[Agent Step 45_360]--------------------
Metrics filtered by: 'score|length|fps|ratio|train/loss/|train/rand/'
episode/score 120 / episode/length 340 / train/loss/con 0.03 / train/loss/dyn 2.56 / train/loss/image 3.86 / train/loss/policy 9.8e-3 / train/loss/rep 2.56 / train/loss/repval 2.42 / train/loss/rew 0.03 / train/loss/value 1.65 / train/rand/action 0.06 / replay/replay_ratio 260.15 / fps/policy 29.05 / fps/train 7440.91

Writing metrics: /n/holylabs/gershman_lab/Users/rtruong/dreamerv3-official-ale012/logdir/u15_ale012/frostbite_seed6/scores.jsonlWriting metrics: /n/holylabs/gershman_lab/Users/rtruong/dreamerv3-official-ale012/logdir/u15_ale012/frostbite_seed6/metrics.jsonl


--------------------[Agent Step 59_320]--------------------
Metrics filtered by: 'score|length|fps|ratio|train/loss/|train/rand/'
episode/score 110 / episode/length 367 / train/loss/con 0.03 / train/loss/dyn 2.36 / train/loss/image 3.05 / train/loss/policy 9.7e-3 / train/loss/rep 2.36 / train/loss/repval 2.07 / train/loss/rew 0.03 / train/loss/value 1.46 / train/rand/action 0.19 / replay/replay_ratio 259.85 / fps/policy 29.06 / fps/train 7435.29

Writing metrics: /n/holylabs/gershman_lab/Users/rtruong/dreamerv3-official-ale012/logdir/u15_ale012/frostbite_seed6/scores.jsonlWriting metrics: /n/holylabs/gershman_lab/Users/rtruong/dreamerv3-official-ale012/logdir/u15_ale012/frostbite_seed6/metrics.jsonl


--------------------[Agent Step 73_280]--------------------
Metrics filtered by: 'score|length|fps|ratio|train/loss/|train/rand/'
episode/score 210 / episode/length 517 / train/loss/con 0.02 / train/loss/dyn 2.1 / train/loss/image 2.55 / train/loss/policy 0.01 / train/loss/rep 2.1 / train/loss/repval 2.01 / train/loss/rew 0.02 / train/loss/value 1.48 / train/rand/action 0.23 / replay/replay_ratio 260.15 / fps/policy 29.06 / fps/train 7443.81

Writing metrics: /n/holylabs/gershman_lab/Users/rtruong/dreamerv3-official-ale012/logdir/u15_ale012/frostbite_seed6/metrics.jsonl
Writing metrics: /n/holylabs/gershman_lab/Users/rtruong/dreamerv3-official-ale012/logdir/u15_ale012/frostbite_seed6/scores.jsonl

--------------------[Agent Step 87_240]--------------------
Metrics filtered by: 'score|length|fps|ratio|train/loss/|train/rand/'
episode/score 200 / episode/length 459 / train/loss/con 0.02 / train/loss/dyn 2 / train/loss/image 2.11 / train/loss/policy 7.3e-3 / train/loss/rep 2 / train/loss/repval 1.95 / train/loss/rew 0.02 / train/loss/value 1.5 / train/rand/action 0.21 / replay/replay_ratio 259.85 / fps/policy 29.08 / fps/train 7440.16

Writing metrics: /n/holylabs/gershman_lab/Users/rtruong/dreamerv3-official-ale012/logdir/u15_ale012/frostbite_seed6/metrics.jsonlWriting metrics: /n/holylabs/gershman_lab/Users/rtruong/dreamerv3-official-ale012/logdir/u15_ale012/frostbite_seed6/scores.jsonl


--------------------[Agent Step 101_200]--------------------
Metrics filtered by: 'score|length|fps|ratio|train/loss/|train/rand/'
episode/score 200 / episode/length 456 / train/loss/con 0.02 / train/loss/dyn 1.96 / train/loss/image 1.7 / train/loss/policy 5.6e-3 / train/loss/rep 1.96 / train/loss/repval 1.99 / train/loss/rew 0.02 / train/loss/value 1.53 / train/rand/action 0.23 / replay/replay_ratio 260.15 / fps/policy 29.07 / fps/train 7447.01

Writing metrics: /n/holylabs/gershman_lab/Users/rtruong/dreamerv3-official-ale012/logdir/u15_ale012/frostbite_seed6/metrics.jsonlWriting metrics: /n/holylabs/gershman_lab/Users/rtruong/dreamerv3-official-ale012/logdir/u15_ale012/frostbite_seed6/scores.jsonl

Saving checkpoint: /n/holylabs/gershman_lab/Users/rtruong/dreamerv3-official-ale012/logdir/u15_ale012/frostbite_seed6/ckpt/20260924T064241F978203
Saved checkpoint.

--------------------[Agent Step 114_800]--------------------
Metrics filtered by: 'score|length|fps|ratio|train/loss/|train/rand/'
episode/score 200 / episode/length 467 / train/loss/con 0.02 / train/loss/dyn 1.9 / train/loss/image 1.4 / train/loss/policy 5.6e-3 / train/loss/rep 1.9 / train/loss/repval 1.88 / train/loss/rew 0.02 / train/loss/value 1.49 / train/rand/action 0.25 / replay/replay_ratio 260 / fps/policy 28.27 / fps/train 7238.13

Writing metrics: /n/holylabs/gershman_lab/Users/rtruong/dreamerv3-official-ale012/logdir/u15_ale012/frostbite_seed6/metrics.jsonlWriting metrics: /n/holylabs/gershman_lab/Users/rtruong/dreamerv3-official-ale012/logdir/u15_ale012/frostbite_seed6/scores.jsonl


--------------------[Agent Step 128_760]--------------------
Metrics filtered by: 'score|length|fps|ratio|train/loss/|train/rand/'
episode/score 200 / episode/length 551 / train/loss/con 0.02 / train/loss/dyn 1.78 / train/loss/image 1.25 / train/loss/policy 3.9e-3 / train/loss/rep 1.78 / train/loss/repval 1.71 / train/loss/rew 0.02 / train/loss/value 1.39 / train/rand/action 0.26 / replay/replay_ratio 259.85 / fps/policy 29.06 / fps/train 7436.26

Writing metrics: /n/holylabs/gershman_lab/Users/rtruong/dreamerv3-official-ale012/logdir/u15_ale012/frostbite_seed6/metrics.jsonl
Writing metrics: /n/holylabs/gershman_lab/Users/rtruong/dreamerv3-official-ale012/logdir/u15_ale012/frostbite_seed6/scores.jsonl

--------------------[Agent Step 142_720]--------------------
Metrics filtered by: 'score|length|fps|ratio|train/loss/|train/rand/'
episode/score 200 / episode/length 413 / train/loss/con 0.02 / train/loss/dyn 1.69 / train/loss/image 1.13 / train/loss/policy 4.7e-3 / train/loss/rep 1.69 / train/loss/repval 1.73 / train/loss/rew 0.02 / train/loss/value 1.41 / train/rand/action 0.32 / replay/replay_ratio 260.15 / fps/policy 29.03 / fps/train 7435.78

Writing metrics: /n/holylabs/gershman_lab/Users/rtruong/dreamerv3-official-ale012/logdir/u15_ale012/frostbite_seed6/scores.jsonl
Writing metrics: /n/holylabs/gershman_lab/Users/rtruong/dreamerv3-official-ale012/logdir/u15_ale012/frostbite_seed6/metrics.jsonl

--------------------[Agent Step 156_680]--------------------
Metrics filtered by: 'score|length|fps|ratio|train/loss/|train/rand/'
episode/score 260 / episode/length 519 / train/loss/con 0.02 / train/loss/dyn 1.64 / train/loss/image 1.08 / train/loss/policy 4.5e-3 / train/loss/rep 1.64 / train/loss/repval 1.63 / train/loss/rew 0.02 / train/loss/value 1.35 / train/rand/action 0.32 / replay/replay_ratio 259.85 / fps/policy 29.06 / fps/train 7435.67

Writing metrics: /n/holylabs/gershman_lab/Users/rtruong/dreamerv3-official-ale012/logdir/u15_ale012/frostbite_seed6/metrics.jsonlWriting metrics: /n/holylabs/gershman_lab/Users/rtruong/dreamerv3-official-ale012/logdir/u15_ale012/frostbite_seed6/scores.jsonl


--------------------[Agent Step 170_640]--------------------
Metrics filtered by: 'score|length|fps|ratio|train/loss/|train/rand/'
episode/score 230 / episode/length 557 / train/loss/con 0.02 / train/loss/dyn 1.58 / train/loss/image 0.96 / train/loss/policy 4.2e-3 / train/loss/rep 1.58 / train/loss/repval 1.64 / train/loss/rew 0.02 / train/loss/value 1.36 / train/rand/action 0.32 / replay/replay_ratio 260.15 / fps/policy 29.06 / fps/train 7442.81

Writing metrics: /n/holylabs/gershman_lab/Users/rtruong/dreamerv3-official-ale012/logdir/u15_ale012/frostbite_seed6/scores.jsonlWriting metrics: /n/holylabs/gershman_lab/Users/rtruong/dreamerv3-official-ale012/logdir/u15_ale012/frostbite_seed6/metrics.jsonl


--------------------[Agent Step 184_600]--------------------
Metrics filtered by: 'score|length|fps|ratio|train/loss/|train/rand/'
episode/score 230 / episode/length 516 / train/loss/con 0.02 / train/loss/dyn 1.52 / train/loss/image 0.93 / train/loss/policy 3.7e-3 / train/loss/rep 1.52 / train/loss/repval 1.53 / train/loss/rew 0.02 / train/loss/value 1.29 / train/rand/action 0.33 / replay/replay_ratio 259.85 / fps/policy 29.03 / fps/train 7427.79

Writing metrics: /n/holylabs/gershman_lab/Users/rtruong/dreamerv3-official-ale012/logdir/u15_ale012/frostbite_seed6/metrics.jsonlWriting metrics: /n/holylabs/gershman_lab/Users/rtruong/dreamerv3-official-ale012/logdir/u15_ale012/frostbite_seed6/scores.jsonl


--------------------[Agent Step 198_560]--------------------
Metrics filtered by: 'score|length|fps|ratio|train/loss/|train/rand/'
episode/score 270 / episode/length 601 / train/loss/con 0.02 / train/loss/dyn 1.48 / train/loss/image 0.91 / train/loss/policy 3.5e-3 / train/loss/rep 1.48 / train/loss/repval 1.59 / train/loss/rew 0.02 / train/loss/value 1.31 / train/rand/action 0.35 / replay/replay_ratio 260.15 / fps/policy 29.03 / fps/train 7435.66

Writing metrics: /n/holylabs/gershman_lab/Users/rtruong/dreamerv3-official-ale012/logdir/u15_ale012/frostbite_seed6/scores.jsonlWriting metrics: /n/holylabs/gershman_lab/Users/rtruong/dreamerv3-official-ale012/logdir/u15_ale012/frostbite_seed6/metrics.jsonl

Saving checkpoint: /n/holylabs/gershman_lab/Users/rtruong/dreamerv3-official-ale012/logdir/u15_ale012/frostbite_seed6/ckpt/20260924T065742F311792
Saved checkpoint.

--------------------[Agent Step 212_400]--------------------
Metrics filtered by: 'score|length|fps|ratio|train/loss/|train/rand/'
episode/score 270 / episode/length 568 / train/loss/con 0.02 / train/loss/dyn 1.57 / train/loss/image 0.9 / train/loss/policy 3.3e-3 / train/loss/rep 1.57 / train/loss/repval 1.62 / train/loss/rew 0.02 / train/loss/value 1.33 / train/rand/action 0.32 / replay/replay_ratio 260 / fps/policy 28.31 / fps/train 7246.42

Writing metrics: /n/holylabs/gershman_lab/Users/rtruong/dreamerv3-official-ale012/logdir/u15_ale012/frostbite_seed6/metrics.jsonlWriting metrics: /n/holylabs/gershman_lab/Users/rtruong/dreamerv3-official-ale012/logdir/u15_ale012/frostbite_seed6/scores.jsonl


--------------------[Agent Step 226_400]--------------------
Metrics filtered by: 'score|length|fps|ratio|train/loss/|train/rand/'
episode/score 310 / episode/length 571 / train/loss/con 0.02 / train/loss/dyn 1.4 / train/loss/image 0.79 / train/loss/policy 3.4e-3 / train/loss/rep 1.4 / train/loss/repval 1.55 / train/loss/rew 0.02 / train/loss/value 1.28 / train/rand/action 0.34 / replay/replay_ratio 260 / fps/policy 29.14 / fps/train 7458.86

Writing metrics: /n/holylabs/gershman_lab/Users/rtruong/dreamerv3-official-ale012/logdir/u15_ale012/frostbite_seed6/scores.jsonlWriting metrics: /n/holylabs/gershman_lab/Users/rtruong/dreamerv3-official-ale012/logdir/u15_ale012/frostbite_seed6/metrics.jsonl


--------------------[Agent Step 240_360]--------------------
Metrics filtered by: 'score|length|fps|ratio|train/loss/|train/rand/'
episode/score 270 / episode/length 488 / train/loss/con 0.02 / train/loss/dyn 1.38 / train/loss/image 0.76 / train/loss/policy 3.1e-3 / train/loss/rep 1.38 / train/loss/repval 1.49 / train/loss/rew 0.02 / train/loss/value 1.25 / train/rand/action 0.36 / replay/replay_ratio 259.85 / fps/policy 29.07 / fps/train 7438.41

Writing metrics: /n/holylabs/gershman_lab/Users/rtruong/dreamerv3-official-ale012/logdir/u15_ale012/frostbite_seed6/metrics.jsonlWriting metrics: /n/holylabs/gershman_lab/Users/rtruong/dreamerv3-official-ale012/logdir/u15_ale012/frostbite_seed6/scores.jsonl


--------------------[Agent Step 254_360]--------------------
Metrics filtered by: 'score|length|fps|ratio|train/loss/|train/rand/'
episode/score 440 / episode/length 693 / train/loss/con 0.02 / train/loss/dyn 1.37 / train/loss/image 0.73 / train/loss/policy 3.5e-3 / train/loss/rep 1.37 / train/loss/repval 1.5 / train/loss/rew 0.02 / train/loss/value 1.25 / train/rand/action 0.36 / replay/replay_ratio 260 / fps/policy 29.07 / fps/train 7442.76

Writing metrics: /n/holylabs/gershman_lab/Users/rtruong/dreamerv3-official-ale012/logdir/u15_ale012/frostbite_seed6/scores.jsonlWriting metrics: /n/holylabs/gershman_lab/Users/rtruong/dreamerv3-official-ale012/logdir/u15_ale012/frostbite_seed6/metrics.jsonl


--------------------[Agent Step 268_360]--------------------
Metrics filtered by: 'score|length|fps|ratio|train/loss/|train/rand/'
episode/score 380 / episode/length 658 / train/loss/con 0.02 / train/loss/dyn 1.4 / train/loss/image 0.71 / train/loss/policy 2.9e-3 / train/loss/rep 1.4 / train/loss/repval 1.64 / train/loss/rew 0.02 / train/loss/value 1.33 / train/rand/action 0.33 / replay/replay_ratio 260 / fps/policy 29.11 / fps/train 7450.94

Writing metrics: /n/holylabs/gershman_lab/Users/rtruong/dreamerv3-official-ale012/logdir/u15_ale012/frostbite_seed6/scores.jsonlWriting metrics: /n/holylabs/gershman_lab/Users/rtruong/dreamerv3-official-ale012/logdir/u15_ale012/frostbite_seed6/metrics.jsonl


--------------------[Agent Step 282_320]--------------------
Metrics filtered by: 'score|length|fps|ratio|train/loss/|train/rand/'
episode/score 280 / episode/length 504 / train/loss/con 0.02 / train/loss/dyn 1.45 / train/loss/image 0.79 / train/loss/policy 2.6e-3 / train/loss/rep 1.45 / train/loss/repval 1.56 / train/loss/rew 0.02 / train/loss/value 1.29 / train/rand/action 0.34 / replay/replay_ratio 260.15 / fps/policy 29.08 / fps/train 7447.65

Writing metrics: /n/holylabs/gershman_lab/Users/rtruong/dreamerv3-official-ale012/logdir/u15_ale012/frostbite_seed6/metrics.jsonl
Writing metrics: /n/holylabs/gershman_lab/Users/rtruong/dreamerv3-official-ale012/logdir/u15_ale012/frostbite_seed6/scores.jsonl

--------------------[Agent Step 296_320]--------------------
Metrics filtered by: 'score|length|fps|ratio|train/loss/|train/rand/'
episode/score 370 / episode/length 642 / train/loss/con 0.02 / train/loss/dyn 1.31 / train/loss/image 0.64 / train/loss/policy 2.6e-3 / train/loss/rep 1.31 / train/loss/repval 1.51 / train/loss/rew 0.02 / train/loss/value 1.26 / train/rand/action 0.35 / replay/replay_ratio 260 / fps/policy 29.1 / fps/train 7449.55

Writing metrics: /n/holylabs/gershman_lab/Users/rtruong/dreamerv3-official-ale012/logdir/u15_ale012/frostbite_seed6/metrics.jsonlWriting metrics: /n/holylabs/gershman_lab/Users/rtruong/dreamerv3-official-ale012/logdir/u15_ale012/frostbite_seed6/scores.jsonl


--------------------[Agent Step 310_280]--------------------
Metrics filtered by: 'score|length|fps|ratio|train/loss/|train/rand/'
episode/score 390 / episode/length 644 / train/loss/con 0.02 / train/loss/dyn 1.28 / train/loss/image 0.62 / train/loss/policy 3e-3 / train/loss/rep 1.28 / train/loss/repval 1.52 / train/loss/rew 0.02 / train/loss/value 1.27 / train/rand/action 0.35 / replay/replay_ratio 259.85 / fps/policy 29.03 / fps/train 7428.23

Writing metrics: /n/holylabs/gershman_lab/Users/rtruong/dreamerv3-official-ale012/logdir/u15_ale012/frostbite_seed6/scores.jsonl
Writing metrics: /n/holylabs/gershman_lab/Users/rtruong/dreamerv3-official-ale012/logdir/u15_ale012/frostbite_seed6/metrics.jsonl
Saving checkpoint: /n/holylabs/gershman_lab/Users/rtruong/dreamerv3-official-ale012/logdir/u15_ale012/frostbite_seed6/ckpt/20260924T071242F713571
Saved checkpoint.

--------------------[Agent Step 323_880]--------------------
Metrics filtered by: 'score|length|fps|ratio|train/loss/|train/rand/'
episode/score 440 / episode/length 741 / train/loss/con 0.02 / train/loss/dyn 1.32 / train/loss/image 0.62 / train/loss/policy 2.6e-3 / train/loss/rep 1.32 / train/loss/repval 1.57 / train/loss/rew 0.02 / train/loss/value 1.28 / train/rand/action 0.34 / replay/replay_ratio 260 / fps/policy 28.3 / fps/train 7244.23

Writing metrics: /n/holylabs/gershman_lab/Users/rtruong/dreamerv3-official-ale012/logdir/u15_ale012/frostbite_seed6/scores.jsonlWriting metrics: /n/holylabs/gershman_lab/Users/rtruong/dreamerv3-official-ale012/logdir/u15_ale012/frostbite_seed6/metrics.jsonl


--------------------[Agent Step 337_840]--------------------
Metrics filtered by: 'score|length|fps|ratio|train/loss/|train/rand/'
episode/score 440 / episode/length 714 / train/loss/con 0.02 / train/loss/dyn 1.3 / train/loss/image 0.61 / train/loss/policy 2.6e-3 / train/loss/rep 1.3 / train/loss/repval 1.51 / train/loss/rew 0.02 / train/loss/value 1.26 / train/rand/action 0.34 / replay/replay_ratio 260.15 / fps/policy 29.03 / fps/train 7436.53

Writing metrics: /n/holylabs/gershman_lab/Users/rtruong/dreamerv3-official-ale012/logdir/u15_ale012/frostbite_seed6/scores.jsonlWriting metrics: /n/holylabs/gershman_lab/Users/rtruong/dreamerv3-official-ale012/logdir/u15_ale012/frostbite_seed6/metrics.jsonl


--------------------[Agent Step 351_800]--------------------
Metrics filtered by: 'score|length|fps|ratio|train/loss/|train/rand/'
episode/score 440 / episode/length 717 / train/loss/con 0.02 / train/loss/dyn 1.39 / train/loss/image 0.63 / train/loss/policy 2.7e-3 / train/loss/rep 1.39 / train/loss/repval 1.51 / train/loss/rew 0.02 / train/loss/value 1.25 / train/rand/action 0.35 / replay/replay_ratio 259.85 / fps/policy 29.05 / fps/train 7433.39

Writing metrics: /n/holylabs/gershman_lab/Users/rtruong/dreamerv3-official-ale012/logdir/u15_ale012/frostbite_seed6/scores.jsonlWriting metrics: /n/holylabs/gershman_lab/Users/rtruong/dreamerv3-official-ale012/logdir/u15_ale012/frostbite_seed6/metrics.jsonl


--------------------[Agent Step 365_800]--------------------
Metrics filtered by: 'score|length|fps|ratio|train/loss/|train/rand/'
episode/score 440 / episode/length 721 / train/loss/con 0.02 / train/loss/dyn 1.26 / train/loss/image 0.55 / train/loss/policy 2.5e-3 / train/loss/rep 1.26 / train/loss/repval 1.47 / train/loss/rew 0.02 / train/loss/value 1.24 / train/rand/action 0.33 / replay/replay_ratio 260 / fps/policy 29.08 / fps/train 7443.66

Writing metrics: /n/holylabs/gershman_lab/Users/rtruong/dreamerv3-official-ale012/logdir/u15_ale012/frostbite_seed6/metrics.jsonlWriting metrics: /n/holylabs/gershman_lab/Users/rtruong/dreamerv3-official-ale012/logdir/u15_ale012/frostbite_seed6/scores.jsonl


--------------------[Agent Step 379_760]--------------------
Metrics filtered by: 'score|length|fps|ratio|train/loss/|train/rand/'
episode/score 250 / episode/length 484 / train/loss/con 0.02 / train/loss/dyn 1.27 / train/loss/image 0.54 / train/loss/policy 2.4e-3 / train/loss/rep 1.27 / train/loss/repval 1.48 / train/loss/rew 0.02 / train/loss/value 1.25 / train/rand/action 0.32 / replay/replay_ratio 260.15 / fps/policy 29.06 / fps/train 7443.97

Writing metrics: /n/holylabs/gershman_lab/Users/rtruong/dreamerv3-official-ale012/logdir/u15_ale012/frostbite_seed6/scores.jsonlWriting metrics: /n/holylabs/gershman_lab/Users/rtruong/dreamerv3-official-ale012/logdir/u15_ale012/frostbite_seed6/metrics.jsonl


--------------------[Agent Step 393_720]--------------------
Metrics filtered by: 'score|length|fps|ratio|train/loss/|train/rand/'
episode/score 440 / episode/length 741 / train/loss/con 0.02 / train/loss/dyn 1.25 / train/loss/image 0.52 / train/loss/policy 2.2e-3 / train/loss/rep 1.25 / train/loss/repval 1.43 / train/loss/rew 0.02 / train/loss/value 1.21 / train/rand/action 0.31 / replay/replay_ratio 259.85 / fps/policy 29.04 / fps/train 7430.77

Writing metrics: /n/holylabs/gershman_lab/Users/rtruong/dreamerv3-official-ale012/logdir/u15_ale012/frostbite_seed6/metrics.jsonlWriting metrics: /n/holylabs/gershman_lab/Users/rtruong/dreamerv3-official-ale012/logdir/u15_ale012/frostbite_seed6/scores.jsonl


--------------------[Agent Step 407_680]--------------------
Metrics filtered by: 'score|length|fps|ratio|train/loss/|train/rand/'
episode/score 300 / episode/length 537 / train/loss/con 0.02 / train/loss/dyn 1.29 / train/loss/image 0.54 / train/loss/policy 2.3e-3 / train/loss/rep 1.29 / train/loss/repval 1.49 / train/loss/rew 0.03 / train/loss/value 1.23 / train/rand/action 0.31 / replay/replay_ratio 260.15 / fps/policy 29.07 / fps/train 7446.46

Writing metrics: /n/holylabs/gershman_lab/Users/rtruong/dreamerv3-official-ale012/logdir/u15_ale012/frostbite_seed6/metrics.jsonlWriting metrics: /n/holylabs/gershman_lab/Users/rtruong/dreamerv3-official-ale012/logdir/u15_ale012/frostbite_seed6/scores.jsonl

Saving checkpoint: /n/holylabs/gershman_lab/Users/rtruong/dreamerv3-official-ale012/logdir/u15_ale012/frostbite_seed6/ckpt/20260924T072742F949098
Saved checkpoint.

--------------------[Agent Step 421_280]--------------------
Metrics filtered by: 'score|length|fps|ratio|train/loss/|train/rand/'
episode/score 440 / episode/length 694 / train/loss/con 0.02 / train/loss/dyn 1.21 / train/loss/image 0.48 / train/loss/policy 1.7e-3 / train/loss/rep 1.21 / train/loss/repval 1.38 / train/loss/rew 0.03 / train/loss/value 1.17 / train/rand/action 0.33 / replay/replay_ratio 260 / fps/policy 28.31 / fps/train 7248.54

Writing metrics: /n/holylabs/gershman_lab/Users/rtruong/dreamerv3-official-ale012/logdir/u15_ale012/frostbite_seed6/scores.jsonlWriting metrics: /n/holylabs/gershman_lab/Users/rtruong/dreamerv3-official-ale012/logdir/u15_ale012/frostbite_seed6/metrics.jsonl


--------------------[Agent Step 435_240]--------------------
Metrics filtered by: 'score|length|fps|ratio|train/loss/|train/rand/'
episode/score 450 / episode/length 721 / train/loss/con 0.02 / train/loss/dyn 1.22 / train/loss/image 0.48 / train/loss/policy 2.3e-3 / train/loss/rep 1.22 / train/loss/repval 1.44 / train/loss/rew 0.02 / train/loss/value 1.21 / train/rand/action 0.32 / replay/replay_ratio 259.85 / fps/policy 29.06 / fps/train 7434.47

Writing metrics: /n/holylabs/gershman_lab/Users/rtruong/dreamerv3-official-ale012/logdir/u15_ale012/frostbite_seed6/metrics.jsonlWriting metrics: /n/holylabs/gershman_lab/Users/rtruong/dreamerv3-official-ale012/logdir/u15_ale012/frostbite_seed6/scores.jsonl


--------------------[Agent Step 438_148]--------------------
Metrics filtered by: 'score|length|fps|ratio|train/loss/|train/rand/'
episode/score 440 / episode/length 696

Writing metrics: /n/holylabs/gershman_lab/Users/rtruong/dreamerv3-official-ale012/logdir/u15_ale012/frostbite_seed6/scores.jsonl
Writing metrics: /n/holylabs/gershman_lab/Users/rtruong/dreamerv3-official-ale012/logdir/u15_ale012/frostbite_seed6/metrics.jsonl
EXIT=0
