NVIDIA H100 80GB HBM3, 81559 MiB
jax 0.4.33 ale_py 0.12.1 [CudaDevice(id=0)]
---  ___                           __   ______ ---
--- |   \ _ _ ___ __ _ _ __  ___ _ \ \ / /__ / ---
--- | |) | '_/ -_) _` | '  \/ -_) '/\ V / |_ \ ---
--- |___/|_| \___\__,_|_|_|_\___|_|  \_/ |___/ ---
Replica: 0 / 1
Logdir: /n/holylabs/gershman_lab/Users/rtruong/dreamerv3-official-ale012/logdir/u15_ale012/frostbite_seed9
Run script: train
Observations
  image            Space(uint8, shape=(64, 64, 3), low=0, high=255)
  reward           Space(float32, shape=(), low=-inf, high=inf)
  is_first         Space(bool, shape=(), low=False, high=True)
  is_last          Space(bool, shape=(), low=False, high=True)
  is_terminal      Space(bool, shape=(), low=False, high=True)
Actions
  action           Space(int32, shape=(), low=0, high=18)
Extras
  consec           Space(int32, shape=(), low=-2147483648, high=2147483647)
  stepid           Space(uint8, shape=(20,), low=0, high=255)
  dyn/deter        Space(float32, shape=(8192,), low=-inf, high=inf)
  dyn/stoch        Space(float32, shape=(32, 64), low=-inf, high=inf)
JAX devices (1): [cuda:0]
Policy devices: cuda:0
Train devices:  cuda:0
Initializing parameters...
Optimizer opt has 165,967,124 params:
    95,496,192 dyn
    20,282,115 dec
    12,850,431 val
    12,607,506 pol
    10,749,183 rew
    10,488,833 con
     3,492,864 enc
Done initializing!
Compiling 1 checkpoint groups...
Largest checkpoint group: 2 GB
Compiling train and report...
Train cost analysis:
  FLOPS:            4.4e+11
  Memory (temp):    5.3e+09
  Memory (inputs):  2.1e+09
  Memory (outputs): 2.1e+09
  Memory (code):    3.9e+06

Report cost analysis:
  FLOPS:            1.0e+10
  Memory (temp):    6.7e+08
  Memory (inputs):  5.1e+08
  Memory (outputs): 1.0e+07
  Memory (code):    8.2e+06

Done compiling!
Did not find any checkpoint.
Saving checkpoint: /n/holylabs/gershman_lab/Users/rtruong/dreamerv3-official-ale012/logdir/u15_ale012/frostbite_seed9/ckpt/20260924T065341F163465
Saved checkpoint.
Start training loop
Start JAX profiler: /n/holylabs/gershman_lab/Users/rtruong/dreamerv3-official-ale012/logdir/u15_ale012/frostbite_seed9
Stop JAX profiler

--------------------[Agent Step 17_480]--------------------
Metrics filtered by: 'score|length|fps|ratio|train/loss/|train/rand/'
episode/score 50 / episode/length 366 / train/loss/con 0.05 / train/loss/dyn 5.2 / train/loss/image 152.78 / train/loss/policy 1.52 / train/loss/rep 5.2 / train/loss/repval 6.34 / train/loss/rew 1.5 / train/loss/value 4.74 / train/rand/action 0.94 / replay/replay_ratio 198.53 / fps/policy 34.96 / fps/train 6726.26

Writing metrics: /n/holylabs/gershman_lab/Users/rtruong/dreamerv3-official-ale012/logdir/u15_ale012/frostbite_seed9/metrics.jsonl
Writing metrics: /n/holylabs/gershman_lab/Users/rtruong/dreamerv3-official-ale012/logdir/u15_ale012/frostbite_seed9/scores.jsonl

--------------------[Agent Step 31_360]--------------------
Metrics filtered by: 'score|length|fps|ratio|train/loss/|train/rand/'
episode/score 130 / episode/length 432 / train/loss/con 0.03 / train/loss/dyn 2.85 / train/loss/image 6.24 / train/loss/policy 0.04 / train/loss/rep 2.85 / train/loss/repval 3.04 / train/loss/rew 0.06 / train/loss/value 1.92 / train/rand/action 0.2 / replay/replay_ratio 260.15 / fps/policy 28.9 / fps/train 7403.66

Writing metrics: /n/holylabs/gershman_lab/Users/rtruong/dreamerv3-official-ale012/logdir/u15_ale012/frostbite_seed9/scores.jsonlWriting metrics: /n/holylabs/gershman_lab/Users/rtruong/dreamerv3-official-ale012/logdir/u15_ale012/frostbite_seed9/metrics.jsonl


--------------------[Agent Step 45_320]--------------------
Metrics filtered by: 'score|length|fps|ratio|train/loss/|train/rand/'
episode/score 170 / episode/length 465 / train/loss/con 0.03 / train/loss/dyn 2.56 / train/loss/image 4.1 / train/loss/policy 0.01 / train/loss/rep 2.56 / train/loss/repval 2.36 / train/loss/rew 0.05 / train/loss/value 1.61 / train/rand/action 0.11 / replay/replay_ratio 259.85 / fps/policy 29 / fps/train 7418.95

Writing metrics: /n/holylabs/gershman_lab/Users/rtruong/dreamerv3-official-ale012/logdir/u15_ale012/frostbite_seed9/scores.jsonl
Writing metrics: /n/holylabs/gershman_lab/Users/rtruong/dreamerv3-official-ale012/logdir/u15_ale012/frostbite_seed9/metrics.jsonl

--------------------[Agent Step 59_280]--------------------
Metrics filtered by: 'score|length|fps|ratio|train/loss/|train/rand/'
episode/score 190 / episode/length 442 / train/loss/con 0.03 / train/loss/dyn 2.23 / train/loss/image 3.5 / train/loss/policy 4.7e-3 / train/loss/rep 2.23 / train/loss/repval 2.14 / train/loss/rew 0.04 / train/loss/value 1.58 / train/rand/action 0.06 / replay/replay_ratio 260.15 / fps/policy 29.02 / fps/train 7433.3

Writing metrics: /n/holylabs/gershman_lab/Users/rtruong/dreamerv3-official-ale012/logdir/u15_ale012/frostbite_seed9/scores.jsonlWriting metrics: /n/holylabs/gershman_lab/Users/rtruong/dreamerv3-official-ale012/logdir/u15_ale012/frostbite_seed9/metrics.jsonl


--------------------[Agent Step 73_240]--------------------
Metrics filtered by: 'score|length|fps|ratio|train/loss/|train/rand/'
episode/score 1240 / episode/length 791 / train/loss/con 0.02 / train/loss/dyn 2.12 / train/loss/image 2.83 / train/loss/policy 2.1e-3 / train/loss/rep 2.12 / train/loss/repval 2 / train/loss/rew 0.04 / train/loss/value 1.47 / train/rand/action 0.05 / replay/replay_ratio 259.85 / fps/policy 29.07 / fps/train 7437.02

Writing metrics: /n/holylabs/gershman_lab/Users/rtruong/dreamerv3-official-ale012/logdir/u15_ale012/frostbite_seed9/metrics.jsonlWriting metrics: /n/holylabs/gershman_lab/Users/rtruong/dreamerv3-official-ale012/logdir/u15_ale012/frostbite_seed9/scores.jsonl


--------------------[Agent Step 87_200]--------------------
Metrics filtered by: 'score|length|fps|ratio|train/loss/|train/rand/'
episode/score 920 / episode/length 715 / train/loss/con 0.02 / train/loss/dyn 1.91 / train/loss/image 2.66 / train/loss/policy 2.1e-3 / train/loss/rep 1.91 / train/loss/repval 2.04 / train/loss/rew 0.04 / train/loss/value 1.53 / train/rand/action 0.08 / replay/replay_ratio 260.15 / fps/policy 29.03 / fps/train 7435.97

Writing metrics: /n/holylabs/gershman_lab/Users/rtruong/dreamerv3-official-ale012/logdir/u15_ale012/frostbite_seed9/metrics.jsonlWriting metrics: /n/holylabs/gershman_lab/Users/rtruong/dreamerv3-official-ale012/logdir/u15_ale012/frostbite_seed9/scores.jsonl


--------------------[Agent Step 101_120]--------------------
Metrics filtered by: 'score|length|fps|ratio|train/loss/|train/rand/'
episode/score 1220 / episode/length 804 / train/loss/con 0.02 / train/loss/dyn 1.86 / train/loss/image 2.25 / train/loss/policy 2.7e-3 / train/loss/rep 1.86 / train/loss/repval 2.18 / train/loss/rew 0.05 / train/loss/value 1.61 / train/rand/action 0.11 / replay/replay_ratio 260 / fps/policy 28.99 / fps/train 7421.98

Writing metrics: /n/holylabs/gershman_lab/Users/rtruong/dreamerv3-official-ale012/logdir/u15_ale012/frostbite_seed9/metrics.jsonl
Writing metrics: /n/holylabs/gershman_lab/Users/rtruong/dreamerv3-official-ale012/logdir/u15_ale012/frostbite_seed9/scores.jsonl
Saving checkpoint: /n/holylabs/gershman_lab/Users/rtruong/dreamerv3-official-ale012/logdir/u15_ale012/frostbite_seed9/ckpt/20260924T070845F837980
Saved checkpoint.

--------------------[Agent Step 114_680]--------------------
Metrics filtered by: 'score|length|fps|ratio|train/loss/|train/rand/'
episode/score 210 / episode/length 449 / train/loss/con 0.02 / train/loss/dyn 1.84 / train/loss/image 2.03 / train/loss/policy 2.5e-3 / train/loss/rep 1.84 / train/loss/repval 2.08 / train/loss/rew 0.06 / train/loss/value 1.51 / train/rand/action 0.12 / replay/replay_ratio 259.85 / fps/policy 28.19 / fps/train 7212.8

Writing metrics: /n/holylabs/gershman_lab/Users/rtruong/dreamerv3-official-ale012/logdir/u15_ale012/frostbite_seed9/metrics.jsonlWriting metrics: /n/holylabs/gershman_lab/Users/rtruong/dreamerv3-official-ale012/logdir/u15_ale012/frostbite_seed9/scores.jsonl


--------------------[Agent Step 128_640]--------------------
Metrics filtered by: 'score|length|fps|ratio|train/loss/|train/rand/'
episode/score 950 / episode/length 803 / train/loss/con 0.02 / train/loss/dyn 1.87 / train/loss/image 1.99 / train/loss/policy 2.6e-3 / train/loss/rep 1.87 / train/loss/repval 1.97 / train/loss/rew 0.06 / train/loss/value 1.46 / train/rand/action 0.17 / replay/replay_ratio 260.15 / fps/policy 29.03 / fps/train 7435.26

Writing metrics: /n/holylabs/gershman_lab/Users/rtruong/dreamerv3-official-ale012/logdir/u15_ale012/frostbite_seed9/metrics.jsonlWriting metrics: /n/holylabs/gershman_lab/Users/rtruong/dreamerv3-official-ale012/logdir/u15_ale012/frostbite_seed9/scores.jsonl


--------------------[Agent Step 142_600]--------------------
Metrics filtered by: 'score|length|fps|ratio|train/loss/|train/rand/'
episode/score 1440 / episode/length 880 / train/loss/con 0.02 / train/loss/dyn 1.83 / train/loss/image 1.79 / train/loss/policy 2.7e-3 / train/loss/rep 1.83 / train/loss/repval 1.91 / train/loss/rew 0.07 / train/loss/value 1.44 / train/rand/action 0.17 / replay/replay_ratio 259.85 / fps/policy 29 / fps/train 7419.28

Writing metrics: /n/holylabs/gershman_lab/Users/rtruong/dreamerv3-official-ale012/logdir/u15_ale012/frostbite_seed9/scores.jsonlWriting metrics: /n/holylabs/gershman_lab/Users/rtruong/dreamerv3-official-ale012/logdir/u15_ale012/frostbite_seed9/metrics.jsonl


--------------------[Agent Step 156_560]--------------------
Metrics filtered by: 'score|length|fps|ratio|train/loss/|train/rand/'
episode/score 1390 / episode/length 924 / train/loss/con 0.02 / train/loss/dyn 1.91 / train/loss/image 1.85 / train/loss/policy 3.5e-3 / train/loss/rep 1.91 / train/loss/repval 1.87 / train/loss/rew 0.07 / train/loss/value 1.41 / train/rand/action 0.22 / replay/replay_ratio 260.15 / fps/policy 29.02 / fps/train 7432.52

Writing metrics: /n/holylabs/gershman_lab/Users/rtruong/dreamerv3-official-ale012/logdir/u15_ale012/frostbite_seed9/metrics.jsonlWriting metrics: /n/holylabs/gershman_lab/Users/rtruong/dreamerv3-official-ale012/logdir/u15_ale012/frostbite_seed9/scores.jsonl


--------------------[Agent Step 170_520]--------------------
Metrics filtered by: 'score|length|fps|ratio|train/loss/|train/rand/'
episode/score 2100 / episode/length 1127 / train/loss/con 0.02 / train/loss/dyn 1.83 / train/loss/image 1.67 / train/loss/policy 2.9e-3 / train/loss/rep 1.83 / train/loss/repval 1.72 / train/loss/rew 0.07 / train/loss/value 1.33 / train/rand/action 0.2 / replay/replay_ratio 259.85 / fps/policy 29.02 / fps/train 7425.86

Writing metrics: /n/holylabs/gershman_lab/Users/rtruong/dreamerv3-official-ale012/logdir/u15_ale012/frostbite_seed9/metrics.jsonlWriting metrics: /n/holylabs/gershman_lab/Users/rtruong/dreamerv3-official-ale012/logdir/u15_ale012/frostbite_seed9/scores.jsonl


--------------------[Agent Step 184_480]--------------------
Metrics filtered by: 'score|length|fps|ratio|train/loss/|train/rand/'
episode/score 1720 / episode/length 895 / train/loss/con 0.02 / train/loss/dyn 1.84 / train/loss/image 1.56 / train/loss/policy 3.5e-3 / train/loss/rep 1.84 / train/loss/repval 1.67 / train/loss/rew 0.07 / train/loss/value 1.3 / train/rand/action 0.21 / replay/replay_ratio 260.15 / fps/policy 29.03 / fps/train 7436.18

Writing metrics: /n/holylabs/gershman_lab/Users/rtruong/dreamerv3-official-ale012/logdir/u15_ale012/frostbite_seed9/metrics.jsonlWriting metrics: /n/holylabs/gershman_lab/Users/rtruong/dreamerv3-official-ale012/logdir/u15_ale012/frostbite_seed9/scores.jsonl


--------------------[Agent Step 198_440]--------------------
Metrics filtered by: 'score|length|fps|ratio|train/loss/|train/rand/'
episode/score 1560 / episode/length 883 / train/loss/con 0.02 / train/loss/dyn 1.76 / train/loss/image 1.43 / train/loss/policy 3.3e-3 / train/loss/rep 1.76 / train/loss/repval 1.61 / train/loss/rew 0.07 / train/loss/value 1.23 / train/rand/action 0.19 / replay/replay_ratio 259.85 / fps/policy 29 / fps/train 7419.84

Writing metrics: /n/holylabs/gershman_lab/Users/rtruong/dreamerv3-official-ale012/logdir/u15_ale012/frostbite_seed9/scores.jsonlWriting metrics: /n/holylabs/gershman_lab/Users/rtruong/dreamerv3-official-ale012/logdir/u15_ale012/frostbite_seed9/metrics.jsonl

Saving checkpoint: /n/holylabs/gershman_lab/Users/rtruong/dreamerv3-official-ale012/logdir/u15_ale012/frostbite_seed9/ckpt/20260924T072345F841957
Saved checkpoint.

--------------------[Agent Step 212_040]--------------------
Metrics filtered by: 'score|length|fps|ratio|train/loss/|train/rand/'
episode/score 2100 / episode/length 1078 / train/loss/con 0.02 / train/loss/dyn 1.75 / train/loss/image 1.38 / train/loss/policy 2.8e-3 / train/loss/rep 1.75 / train/loss/repval 1.61 / train/loss/rew 0.07 / train/loss/value 1.23 / train/rand/action 0.18 / replay/replay_ratio 260 / fps/policy 28.2 / fps/train 7218.65

Writing metrics: /n/holylabs/gershman_lab/Users/rtruong/dreamerv3-official-ale012/logdir/u15_ale012/frostbite_seed9/metrics.jsonlWriting metrics: /n/holylabs/gershman_lab/Users/rtruong/dreamerv3-official-ale012/logdir/u15_ale012/frostbite_seed9/scores.jsonl


--------------------[Agent Step 225_960]--------------------
Metrics filtered by: 'score|length|fps|ratio|train/loss/|train/rand/'
episode/score 2260 / episode/length 952 / train/loss/con 0.02 / train/loss/dyn 1.73 / train/loss/image 1.28 / train/loss/policy 2.8e-3 / train/loss/rep 1.73 / train/loss/repval 1.53 / train/loss/rew 0.07 / train/loss/value 1.18 / train/rand/action 0.16 / replay/replay_ratio 260 / fps/policy 28.98 / fps/train 7418.51

Writing metrics: /n/holylabs/gershman_lab/Users/rtruong/dreamerv3-official-ale012/logdir/u15_ale012/frostbite_seed9/scores.jsonlWriting metrics: /n/holylabs/gershman_lab/Users/rtruong/dreamerv3-official-ale012/logdir/u15_ale012/frostbite_seed9/metrics.jsonl


--------------------[Agent Step 239_880]--------------------
Metrics filtered by: 'score|length|fps|ratio|train/loss/|train/rand/'
episode/score 2360 / episode/length 974 / train/loss/con 0.02 / train/loss/dyn 1.66 / train/loss/image 1.2 / train/loss/policy 2.8e-3 / train/loss/rep 1.66 / train/loss/repval 1.55 / train/loss/rew 0.07 / train/loss/value 1.2 / train/rand/action 0.16 / replay/replay_ratio 260 / fps/policy 28.98 / fps/train 7419.8

Writing metrics: /n/holylabs/gershman_lab/Users/rtruong/dreamerv3-official-ale012/logdir/u15_ale012/frostbite_seed9/metrics.jsonlWriting metrics: /n/holylabs/gershman_lab/Users/rtruong/dreamerv3-official-ale012/logdir/u15_ale012/frostbite_seed9/scores.jsonl


--------------------[Agent Step 253_840]--------------------
Metrics filtered by: 'score|length|fps|ratio|train/loss/|train/rand/'
episode/score 2310 / episode/length 1303 / train/loss/con 0.02 / train/loss/dyn 1.68 / train/loss/image 1.2 / train/loss/policy 2.8e-3 / train/loss/rep 1.68 / train/loss/repval 1.52 / train/loss/rew 0.07 / train/loss/value 1.2 / train/rand/action 0.17 / replay/replay_ratio 260.15 / fps/policy 29.03 / fps/train 7436.45

Writing metrics: /n/holylabs/gershman_lab/Users/rtruong/dreamerv3-official-ale012/logdir/u15_ale012/frostbite_seed9/scores.jsonlWriting metrics: /n/holylabs/gershman_lab/Users/rtruong/dreamerv3-official-ale012/logdir/u15_ale012/frostbite_seed9/metrics.jsonl


--------------------[Agent Step 267_720]--------------------
Metrics filtered by: 'score|length|fps|ratio|train/loss/|train/rand/'
episode/score 2360 / episode/length 1116 / train/loss/con 0.02 / train/loss/dyn 1.73 / train/loss/image 1.17 / train/loss/policy 2.1e-3 / train/loss/rep 1.73 / train/loss/repval 1.54 / train/loss/rew 0.07 / train/loss/value 1.19 / train/rand/action 0.18 / replay/replay_ratio 259.85 / fps/policy 28.85 / fps/train 7381.97

Writing metrics: /n/holylabs/gershman_lab/Users/rtruong/dreamerv3-official-ale012/logdir/u15_ale012/frostbite_seed9/metrics.jsonlWriting metrics: /n/holylabs/gershman_lab/Users/rtruong/dreamerv3-official-ale012/logdir/u15_ale012/frostbite_seed9/scores.jsonl


--------------------[Agent Step 281_640]--------------------
Metrics filtered by: 'score|length|fps|ratio|train/loss/|train/rand/'
episode/score 2560 / episode/length 1264 / train/loss/con 0.02 / train/loss/dyn 1.64 / train/loss/image 1.09 / train/loss/policy 2.3e-3 / train/loss/rep 1.64 / train/loss/repval 1.5 / train/loss/rew 0.06 / train/loss/value 1.17 / train/rand/action 0.17 / replay/replay_ratio 260 / fps/policy 28.94 / fps/train 7408

Writing metrics: /n/holylabs/gershman_lab/Users/rtruong/dreamerv3-official-ale012/logdir/u15_ale012/frostbite_seed9/scores.jsonlWriting metrics: /n/holylabs/gershman_lab/Users/rtruong/dreamerv3-official-ale012/logdir/u15_ale012/frostbite_seed9/metrics.jsonl


--------------------[Agent Step 295_600]--------------------
Metrics filtered by: 'score|length|fps|ratio|train/loss/|train/rand/'
episode/score 2500 / episode/length 1145 / train/loss/con 0.02 / train/loss/dyn 1.62 / train/loss/image 1.05 / train/loss/policy 2.3e-3 / train/loss/rep 1.62 / train/loss/repval 1.49 / train/loss/rew 0.06 / train/loss/value 1.16 / train/rand/action 0.18 / replay/replay_ratio 260.15 / fps/policy 29.04 / fps/train 7438.43

Writing metrics: /n/holylabs/gershman_lab/Users/rtruong/dreamerv3-official-ale012/logdir/u15_ale012/frostbite_seed9/scores.jsonlWriting metrics: /n/holylabs/gershman_lab/Users/rtruong/dreamerv3-official-ale012/logdir/u15_ale012/frostbite_seed9/metrics.jsonl


--------------------[Agent Step 309_560]--------------------
Metrics filtered by: 'score|length|fps|ratio|train/loss/|train/rand/'
episode/score 2540 / episode/length 1324 / train/loss/con 0.02 / train/loss/dyn 1.64 / train/loss/image 1.06 / train/loss/policy 1.8e-3 / train/loss/rep 1.64 / train/loss/repval 1.51 / train/loss/rew 0.06 / train/loss/value 1.17 / train/rand/action 0.17 / replay/replay_ratio 259.85 / fps/policy 29.04 / fps/train 7429.87

Writing metrics: /n/holylabs/gershman_lab/Users/rtruong/dreamerv3-official-ale012/logdir/u15_ale012/frostbite_seed9/metrics.jsonl
Writing metrics: /n/holylabs/gershman_lab/Users/rtruong/dreamerv3-official-ale012/logdir/u15_ale012/frostbite_seed9/scores.jsonl
Saving checkpoint: /n/holylabs/gershman_lab/Users/rtruong/dreamerv3-official-ale012/logdir/u15_ale012/frostbite_seed9/ckpt/20260924T073845F859586
Saved checkpoint.

--------------------[Agent Step 323_160]--------------------
Metrics filtered by: 'score|length|fps|ratio|train/loss/|train/rand/'
episode/score 2280 / episode/length 1055 / train/loss/con 0.02 / train/loss/dyn 1.51 / train/loss/image 0.95 / train/loss/policy 1.8e-3 / train/loss/rep 1.51 / train/loss/repval 1.5 / train/loss/rew 0.06 / train/loss/value 1.17 / train/rand/action 0.17 / replay/replay_ratio 260 / fps/policy 28.26 / fps/train 7233.47

Writing metrics: /n/holylabs/gershman_lab/Users/rtruong/dreamerv3-official-ale012/logdir/u15_ale012/frostbite_seed9/metrics.jsonlWriting metrics: /n/holylabs/gershman_lab/Users/rtruong/dreamerv3-official-ale012/logdir/u15_ale012/frostbite_seed9/scores.jsonl


--------------------[Agent Step 337_120]--------------------
Metrics filtered by: 'score|length|fps|ratio|train/loss/|train/rand/'
episode/score 3640 / episode/length 1262 / train/loss/con 0.02 / train/loss/dyn 1.53 / train/loss/image 0.95 / train/loss/policy 2.4e-3 / train/loss/rep 1.53 / train/loss/repval 1.52 / train/loss/rew 0.06 / train/loss/value 1.19 / train/rand/action 0.18 / replay/replay_ratio 260.15 / fps/policy 29.01 / fps/train 7432

Writing metrics: /n/holylabs/gershman_lab/Users/rtruong/dreamerv3-official-ale012/logdir/u15_ale012/frostbite_seed9/scores.jsonlWriting metrics: /n/holylabs/gershman_lab/Users/rtruong/dreamerv3-official-ale012/logdir/u15_ale012/frostbite_seed9/metrics.jsonl


--------------------[Agent Step 351_080]--------------------
Metrics filtered by: 'score|length|fps|ratio|train/loss/|train/rand/'
episode/score 1740 / episode/length 913 / train/loss/con 0.02 / train/loss/dyn 1.51 / train/loss/image 0.93 / train/loss/policy 1.9e-3 / train/loss/rep 1.51 / train/loss/repval 1.5 / train/loss/rew 0.06 / train/loss/value 1.19 / train/rand/action 0.17 / replay/replay_ratio 259.85 / fps/policy 29 / fps/train 7420.56

Writing metrics: /n/holylabs/gershman_lab/Users/rtruong/dreamerv3-official-ale012/logdir/u15_ale012/frostbite_seed9/scores.jsonl
Writing metrics: /n/holylabs/gershman_lab/Users/rtruong/dreamerv3-official-ale012/logdir/u15_ale012/frostbite_seed9/metrics.jsonl

--------------------[Agent Step 365_000]--------------------
Metrics filtered by: 'score|length|fps|ratio|train/loss/|train/rand/'
episode/score 1590 / episode/length 884 / train/loss/con 0.02 / train/loss/dyn 1.49 / train/loss/image 0.93 / train/loss/policy 1.8e-3 / train/loss/rep 1.49 / train/loss/repval 1.52 / train/loss/rew 0.06 / train/loss/value 1.19 / train/rand/action 0.17 / replay/replay_ratio 260 / fps/policy 28.99 / fps/train 7422.68

Writing metrics: /n/holylabs/gershman_lab/Users/rtruong/dreamerv3-official-ale012/logdir/u15_ale012/frostbite_seed9/scores.jsonlWriting metrics: /n/holylabs/gershman_lab/Users/rtruong/dreamerv3-official-ale012/logdir/u15_ale012/frostbite_seed9/metrics.jsonl


--------------------[Agent Step 378_920]--------------------
Metrics filtered by: 'score|length|fps|ratio|train/loss/|train/rand/'
episode/score 1990 / episode/length 1228 / train/loss/con 0.02 / train/loss/dyn 1.5 / train/loss/image 0.9 / train/loss/policy 2.1e-3 / train/loss/rep 1.5 / train/loss/repval 1.45 / train/loss/rew 0.06 / train/loss/value 1.14 / train/rand/action 0.17 / replay/replay_ratio 260 / fps/policy 28.97 / fps/train 7416.06

Writing metrics: /n/holylabs/gershman_lab/Users/rtruong/dreamerv3-official-ale012/logdir/u15_ale012/frostbite_seed9/metrics.jsonlWriting metrics: /n/holylabs/gershman_lab/Users/rtruong/dreamerv3-official-ale012/logdir/u15_ale012/frostbite_seed9/scores.jsonl


--------------------[Agent Step 392_880]--------------------
Metrics filtered by: 'score|length|fps|ratio|train/loss/|train/rand/'
episode/score 220 / episode/length 455 / train/loss/con 0.02 / train/loss/dyn 1.43 / train/loss/image 0.83 / train/loss/policy 1.7e-3 / train/loss/rep 1.43 / train/loss/repval 1.45 / train/loss/rew 0.06 / train/loss/value 1.14 / train/rand/action 0.17 / replay/replay_ratio 260.15 / fps/policy 29.01 / fps/train 7432.09

Writing metrics: /n/holylabs/gershman_lab/Users/rtruong/dreamerv3-official-ale012/logdir/u15_ale012/frostbite_seed9/scores.jsonlWriting metrics: /n/holylabs/gershman_lab/Users/rtruong/dreamerv3-official-ale012/logdir/u15_ale012/frostbite_seed9/metrics.jsonl


--------------------[Agent Step 406_840]--------------------
Metrics filtered by: 'score|length|fps|ratio|train/loss/|train/rand/'
episode/score 2420 / episode/length 901 / train/loss/con 0.02 / train/loss/dyn 1.44 / train/loss/image 0.83 / train/loss/policy 1.9e-3 / train/loss/rep 1.44 / train/loss/repval 1.45 / train/loss/rew 0.06 / train/loss/value 1.15 / train/rand/action 0.17 / replay/replay_ratio 259.85 / fps/policy 29.07 / fps/train 7438.62

Writing metrics: /n/holylabs/gershman_lab/Users/rtruong/dreamerv3-official-ale012/logdir/u15_ale012/frostbite_seed9/scores.jsonlWriting metrics: /n/holylabs/gershman_lab/Users/rtruong/dreamerv3-official-ale012/logdir/u15_ale012/frostbite_seed9/metrics.jsonl

Saving checkpoint: /n/holylabs/gershman_lab/Users/rtruong/dreamerv3-official-ale012/logdir/u15_ale012/frostbite_seed9/ckpt/20260924T075346F097416
Saved checkpoint.

--------------------[Agent Step 420_360]--------------------
Metrics filtered by: 'score|length|fps|ratio|train/loss/|train/rand/'
episode/score 2160 / episode/length 1010 / train/loss/con 0.02 / train/loss/dyn 1.4 / train/loss/image 0.81 / train/loss/policy 1.6e-3 / train/loss/rep 1.4 / train/loss/repval 1.42 / train/loss/rew 0.06 / train/loss/value 1.12 / train/rand/action 0.18 / replay/replay_ratio 260 / fps/policy 28.16 / fps/train 7209.14

Writing metrics: /n/holylabs/gershman_lab/Users/rtruong/dreamerv3-official-ale012/logdir/u15_ale012/frostbite_seed9/metrics.jsonlWriting metrics: /n/holylabs/gershman_lab/Users/rtruong/dreamerv3-official-ale012/logdir/u15_ale012/frostbite_seed9/scores.jsonl


--------------------[Agent Step 434_320]--------------------
Metrics filtered by: 'score|length|fps|ratio|train/loss/|train/rand/'
episode/score 2160 / episode/length 982 / train/loss/con 0.02 / train/loss/dyn 1.42 / train/loss/image 0.79 / train/loss/policy 1.2e-3 / train/loss/rep 1.42 / train/loss/repval 1.45 / train/loss/rew 0.06 / train/loss/value 1.14 / train/rand/action 0.18 / replay/replay_ratio 260.15 / fps/policy 29.02 / fps/train 7432.32

Writing metrics: /n/holylabs/gershman_lab/Users/rtruong/dreamerv3-official-ale012/logdir/u15_ale012/frostbite_seed9/metrics.jsonlWriting metrics: /n/holylabs/gershman_lab/Users/rtruong/dreamerv3-official-ale012/logdir/u15_ale012/frostbite_seed9/scores.jsonl


--------------------[Agent Step 438_268]--------------------
Metrics filtered by: 'score|length|fps|ratio|train/loss/|train/rand/'
episode/score 2120 / episode/length 1044

Writing metrics: /n/holylabs/gershman_lab/Users/rtruong/dreamerv3-official-ale012/logdir/u15_ale012/frostbite_seed9/scores.jsonlWriting metrics: /n/holylabs/gershman_lab/Users/rtruong/dreamerv3-official-ale012/logdir/u15_ale012/frostbite_seed9/metrics.jsonl

EXIT=0
