NVIDIA H100 80GB HBM3, 81559 MiB
jax 0.4.33 ale_py 0.12.1 [CudaDevice(id=0)]
---  ___                           __   ______ ---
--- |   \ _ _ ___ __ _ _ __  ___ _ \ \ / /__ / ---
--- | |) | '_/ -_) _` | '  \/ -_) '/\ V / |_ \ ---
--- |___/|_| \___\__,_|_|_|_\___|_|  \_/ |___/ ---
Replica: 0 / 1
Logdir: /n/holylabs/gershman_lab/Users/rtruong/dreamerv3-official-ale012/logdir/u15_ale012/frostbite_seed2
Run script: train
Observations
  image            Space(uint8, shape=(64, 64, 3), low=0, high=255)
  reward           Space(float32, shape=(), low=-inf, high=inf)
  is_first         Space(bool, shape=(), low=False, high=True)
  is_last          Space(bool, shape=(), low=False, high=True)
  is_terminal      Space(bool, shape=(), low=False, high=True)
Actions
  action           Space(int32, shape=(), low=0, high=18)
Extras
  consec           Space(int32, shape=(), low=-2147483648, high=2147483647)
  stepid           Space(uint8, shape=(20,), low=0, high=255)
  dyn/deter        Space(float32, shape=(8192,), low=-inf, high=inf)
  dyn/stoch        Space(float32, shape=(32, 64), low=-inf, high=inf)
JAX devices (1): [cuda:0]
Policy devices: cuda:0
Train devices:  cuda:0
Initializing parameters...
Optimizer opt has 165,967,124 params:
    95,496,192 dyn
    20,282,115 dec
    12,850,431 val
    12,607,506 pol
    10,749,183 rew
    10,488,833 con
     3,492,864 enc
Done initializing!
Compiling 1 checkpoint groups...
Largest checkpoint group: 2 GB
Compiling train and report...
Train cost analysis:
  FLOPS:            4.4e+11
  Memory (temp):    5.3e+09
  Memory (inputs):  2.1e+09
  Memory (outputs): 2.1e+09
  Memory (code):    3.9e+06

Report cost analysis:
  FLOPS:            1.0e+10
  Memory (temp):    6.7e+08
  Memory (inputs):  5.1e+08
  Memory (outputs): 1.0e+07
  Memory (code):    8.2e+06

Done compiling!
Did not find any checkpoint.
Saving checkpoint: /n/holylabs/gershman_lab/Users/rtruong/dreamerv3-official-ale012/logdir/u15_ale012/frostbite_seed2/ckpt/20260924T033437F404440
Saved checkpoint.
Start training loop
Start JAX profiler: /n/holylabs/gershman_lab/Users/rtruong/dreamerv3-official-ale012/logdir/u15_ale012/frostbite_seed2
Stop JAX profiler

--------------------[Agent Step 17_400]--------------------
Metrics filtered by: 'score|length|fps|ratio|train/loss/|train/rand/'
episode/score 60 / episode/length 380 / train/loss/con 0.06 / train/loss/dyn 5.38 / train/loss/image 163.25 / train/loss/policy 1.51 / train/loss/rep 5.38 / train/loss/repval 6.25 / train/loss/rew 1.5 / train/loss/value 4.63 / train/rand/action 0.95 / replay/replay_ratio 198.25 / fps/policy 34.63 / fps/train 6651.77

Writing metrics: /n/holylabs/gershman_lab/Users/rtruong/dreamerv3-official-ale012/logdir/u15_ale012/frostbite_seed2/metrics.jsonl
Writing metrics: /n/holylabs/gershman_lab/Users/rtruong/dreamerv3-official-ale012/logdir/u15_ale012/frostbite_seed2/scores.jsonl

--------------------[Agent Step 31_280]--------------------
Metrics filtered by: 'score|length|fps|ratio|train/loss/|train/rand/'
episode/score 50 / episode/length 286 / train/loss/con 0.03 / train/loss/dyn 2.67 / train/loss/image 6.23 / train/loss/policy 0.04 / train/loss/rep 2.67 / train/loss/repval 3.19 / train/loss/rew 0.06 / train/loss/value 2.14 / train/rand/action 0.14 / replay/replay_ratio 260.15 / fps/policy 28.91 / fps/train 7405.32

Writing metrics: /n/holylabs/gershman_lab/Users/rtruong/dreamerv3-official-ale012/logdir/u15_ale012/frostbite_seed2/scores.jsonlWriting metrics: /n/holylabs/gershman_lab/Users/rtruong/dreamerv3-official-ale012/logdir/u15_ale012/frostbite_seed2/metrics.jsonl


--------------------[Agent Step 45_160]--------------------
Metrics filtered by: 'score|length|fps|ratio|train/loss/|train/rand/'
episode/score 40 / episode/length 277 / train/loss/con 0.03 / train/loss/dyn 2.65 / train/loss/image 4.93 / train/loss/policy 0.01 / train/loss/rep 2.65 / train/loss/repval 2.36 / train/loss/rew 0.05 / train/loss/value 1.59 / train/rand/action 0.12 / replay/replay_ratio 259.85 / fps/policy 28.84 / fps/train 7377.81

Writing metrics: /n/holylabs/gershman_lab/Users/rtruong/dreamerv3-official-ale012/logdir/u15_ale012/frostbite_seed2/metrics.jsonl
Writing metrics: /n/holylabs/gershman_lab/Users/rtruong/dreamerv3-official-ale012/logdir/u15_ale012/frostbite_seed2/scores.jsonl

--------------------[Agent Step 59_040]--------------------
Metrics filtered by: 'score|length|fps|ratio|train/loss/|train/rand/'
episode/score 190 / episode/length 394 / train/loss/con 0.03 / train/loss/dyn 2.24 / train/loss/image 3.66 / train/loss/policy 8.3e-3 / train/loss/rep 2.24 / train/loss/repval 2.36 / train/loss/rew 0.05 / train/loss/value 1.69 / train/rand/action 0.19 / replay/replay_ratio 260.15 / fps/policy 28.91 / fps/train 7404.78

Writing metrics: /n/holylabs/gershman_lab/Users/rtruong/dreamerv3-official-ale012/logdir/u15_ale012/frostbite_seed2/scores.jsonlWriting metrics: /n/holylabs/gershman_lab/Users/rtruong/dreamerv3-official-ale012/logdir/u15_ale012/frostbite_seed2/metrics.jsonl


--------------------[Agent Step 72_880]--------------------
Metrics filtered by: 'score|length|fps|ratio|train/loss/|train/rand/'
episode/score 760 / episode/length 595 / train/loss/con 0.02 / train/loss/dyn 2.15 / train/loss/image 2.84 / train/loss/policy 3.7e-3 / train/loss/rep 2.15 / train/loss/repval 2.43 / train/loss/rew 0.05 / train/loss/value 1.77 / train/rand/action 0.1 / replay/replay_ratio 260 / fps/policy 28.76 / fps/train 7363.62

Writing metrics: /n/holylabs/gershman_lab/Users/rtruong/dreamerv3-official-ale012/logdir/u15_ale012/frostbite_seed2/metrics.jsonlWriting metrics: /n/holylabs/gershman_lab/Users/rtruong/dreamerv3-official-ale012/logdir/u15_ale012/frostbite_seed2/scores.jsonl


--------------------[Agent Step 86_800]--------------------
Metrics filtered by: 'score|length|fps|ratio|train/loss/|train/rand/'
episode/score 870 / episode/length 650 / train/loss/con 0.02 / train/loss/dyn 1.97 / train/loss/image 2.48 / train/loss/policy 3.4e-3 / train/loss/rep 1.97 / train/loss/repval 2.4 / train/loss/rew 0.06 / train/loss/value 1.78 / train/rand/action 0.1 / replay/replay_ratio 260 / fps/policy 28.95 / fps/train 7411.67

Writing metrics: /n/holylabs/gershman_lab/Users/rtruong/dreamerv3-official-ale012/logdir/u15_ale012/frostbite_seed2/scores.jsonlWriting metrics: /n/holylabs/gershman_lab/Users/rtruong/dreamerv3-official-ale012/logdir/u15_ale012/frostbite_seed2/metrics.jsonl


--------------------[Agent Step 100_680]--------------------
Metrics filtered by: 'score|length|fps|ratio|train/loss/|train/rand/'
episode/score 2330 / episode/length 963 / train/loss/con 0.02 / train/loss/dyn 1.99 / train/loss/image 2.4 / train/loss/policy 4e-3 / train/loss/rep 1.99 / train/loss/repval 2.29 / train/loss/rew 0.08 / train/loss/value 1.7 / train/rand/action 0.11 / replay/replay_ratio 259.85 / fps/policy 28.83 / fps/train 7375.28

Writing metrics: /n/holylabs/gershman_lab/Users/rtruong/dreamerv3-official-ale012/logdir/u15_ale012/frostbite_seed2/metrics.jsonlWriting metrics: /n/holylabs/gershman_lab/Users/rtruong/dreamerv3-official-ale012/logdir/u15_ale012/frostbite_seed2/scores.jsonl

Saving checkpoint: /n/holylabs/gershman_lab/Users/rtruong/dreamerv3-official-ale012/logdir/u15_ale012/frostbite_seed2/ckpt/20260924T034942F913398
Saved checkpoint.

--------------------[Agent Step 114_160]--------------------
Metrics filtered by: 'score|length|fps|ratio|train/loss/|train/rand/'
episode/score 1420 / episode/length 801 / train/loss/con 0.02 / train/loss/dyn 1.98 / train/loss/image 2.28 / train/loss/policy 3.1e-3 / train/loss/rep 1.98 / train/loss/repval 2.1 / train/loss/rew 0.09 / train/loss/value 1.54 / train/rand/action 0.09 / replay/replay_ratio 260.15 / fps/policy 28.06 / fps/train 7188.74

Writing metrics: /n/holylabs/gershman_lab/Users/rtruong/dreamerv3-official-ale012/logdir/u15_ale012/frostbite_seed2/metrics.jsonl
Writing metrics: /n/holylabs/gershman_lab/Users/rtruong/dreamerv3-official-ale012/logdir/u15_ale012/frostbite_seed2/scores.jsonl

--------------------[Agent Step 128_040]--------------------
Metrics filtered by: 'score|length|fps|ratio|train/loss/|train/rand/'
episode/score 1300 / episode/length 850 / train/loss/con 0.02 / train/loss/dyn 2.01 / train/loss/image 2.05 / train/loss/policy 2.3e-3 / train/loss/rep 2.01 / train/loss/repval 1.86 / train/loss/rew 0.08 / train/loss/value 1.38 / train/rand/action 0.09 / replay/replay_ratio 259.85 / fps/policy 28.88 / fps/train 7389.61

Writing metrics: /n/holylabs/gershman_lab/Users/rtruong/dreamerv3-official-ale012/logdir/u15_ale012/frostbite_seed2/metrics.jsonlWriting metrics: /n/holylabs/gershman_lab/Users/rtruong/dreamerv3-official-ale012/logdir/u15_ale012/frostbite_seed2/scores.jsonl


--------------------[Agent Step 141_920]--------------------
Metrics filtered by: 'score|length|fps|ratio|train/loss/|train/rand/'
episode/score 1620 / episode/length 874 / train/loss/con 0.02 / train/loss/dyn 2.05 / train/loss/image 1.89 / train/loss/policy 2e-3 / train/loss/rep 2.05 / train/loss/repval 1.73 / train/loss/rew 0.09 / train/loss/value 1.3 / train/rand/action 0.09 / replay/replay_ratio 260.15 / fps/policy 28.89 / fps/train 7400.18

Writing metrics: /n/holylabs/gershman_lab/Users/rtruong/dreamerv3-official-ale012/logdir/u15_ale012/frostbite_seed2/metrics.jsonlWriting metrics: /n/holylabs/gershman_lab/Users/rtruong/dreamerv3-official-ale012/logdir/u15_ale012/frostbite_seed2/scores.jsonl


--------------------[Agent Step 155_800]--------------------
Metrics filtered by: 'score|length|fps|ratio|train/loss/|train/rand/'
episode/score 1790 / episode/length 774 / train/loss/con 0.02 / train/loss/dyn 1.93 / train/loss/image 1.64 / train/loss/policy 1.7e-3 / train/loss/rep 1.93 / train/loss/repval 1.63 / train/loss/rew 0.09 / train/loss/value 1.24 / train/rand/action 0.09 / replay/replay_ratio 259.85 / fps/policy 28.84 / fps/train 7379.72

Writing metrics: /n/holylabs/gershman_lab/Users/rtruong/dreamerv3-official-ale012/logdir/u15_ale012/frostbite_seed2/metrics.jsonlWriting metrics: /n/holylabs/gershman_lab/Users/rtruong/dreamerv3-official-ale012/logdir/u15_ale012/frostbite_seed2/scores.jsonl


--------------------[Agent Step 169_720]--------------------
Metrics filtered by: 'score|length|fps|ratio|train/loss/|train/rand/'
episode/score 1530 / episode/length 942 / train/loss/con 0.02 / train/loss/dyn 1.91 / train/loss/image 1.5 / train/loss/policy 1.5e-3 / train/loss/rep 1.91 / train/loss/repval 1.55 / train/loss/rew 0.09 / train/loss/value 1.17 / train/rand/action 0.1 / replay/replay_ratio 260 / fps/policy 28.9 / fps/train 7399.53

Writing metrics: /n/holylabs/gershman_lab/Users/rtruong/dreamerv3-official-ale012/logdir/u15_ale012/frostbite_seed2/metrics.jsonlWriting metrics: /n/holylabs/gershman_lab/Users/rtruong/dreamerv3-official-ale012/logdir/u15_ale012/frostbite_seed2/scores.jsonl


--------------------[Agent Step 183_600]--------------------
Metrics filtered by: 'score|length|fps|ratio|train/loss/|train/rand/'
episode/score 1430 / episode/length 819 / train/loss/con 0.02 / train/loss/dyn 1.77 / train/loss/image 1.41 / train/loss/policy 1.6e-3 / train/loss/rep 1.77 / train/loss/repval 1.56 / train/loss/rew 0.08 / train/loss/value 1.21 / train/rand/action 0.12 / replay/replay_ratio 260.15 / fps/policy 28.85 / fps/train 7390.99

Writing metrics: /n/holylabs/gershman_lab/Users/rtruong/dreamerv3-official-ale012/logdir/u15_ale012/frostbite_seed2/scores.jsonlWriting metrics: /n/holylabs/gershman_lab/Users/rtruong/dreamerv3-official-ale012/logdir/u15_ale012/frostbite_seed2/metrics.jsonl


--------------------[Agent Step 197_480]--------------------
Metrics filtered by: 'score|length|fps|ratio|train/loss/|train/rand/'
episode/score 2760 / episode/length 1050 / train/loss/con 0.02 / train/loss/dyn 1.81 / train/loss/image 1.35 / train/loss/policy 1.1e-3 / train/loss/rep 1.81 / train/loss/repval 1.53 / train/loss/rew 0.08 / train/loss/value 1.19 / train/rand/action 0.11 / replay/replay_ratio 259.85 / fps/policy 28.83 / fps/train 7376.19

Writing metrics: /n/holylabs/gershman_lab/Users/rtruong/dreamerv3-official-ale012/logdir/u15_ale012/frostbite_seed2/metrics.jsonlWriting metrics: /n/holylabs/gershman_lab/Users/rtruong/dreamerv3-official-ale012/logdir/u15_ale012/frostbite_seed2/scores.jsonl

Saving checkpoint: /n/holylabs/gershman_lab/Users/rtruong/dreamerv3-official-ale012/logdir/u15_ale012/frostbite_seed2/ckpt/20260924T040443F129556
Saved checkpoint.

--------------------[Agent Step 211_080]--------------------
Metrics filtered by: 'score|length|fps|ratio|train/loss/|train/rand/'
episode/score 2540 / episode/length 970 / train/loss/con 0.02 / train/loss/dyn 1.71 / train/loss/image 1.27 / train/loss/policy 2.1e-3 / train/loss/rep 1.71 / train/loss/repval 1.49 / train/loss/rew 0.08 / train/loss/value 1.15 / train/rand/action 0.13 / replay/replay_ratio 260 / fps/policy 28.06 / fps/train 7183.45

Writing metrics: /n/holylabs/gershman_lab/Users/rtruong/dreamerv3-official-ale012/logdir/u15_ale012/frostbite_seed2/scores.jsonlWriting metrics: /n/holylabs/gershman_lab/Users/rtruong/dreamerv3-official-ale012/logdir/u15_ale012/frostbite_seed2/metrics.jsonl


--------------------[Agent Step 224_960]--------------------
Metrics filtered by: 'score|length|fps|ratio|train/loss/|train/rand/'
episode/score 2440 / episode/length 863 / train/loss/con 0.02 / train/loss/dyn 1.7 / train/loss/image 1.23 / train/loss/policy 1.4e-3 / train/loss/rep 1.7 / train/loss/repval 1.48 / train/loss/rew 0.07 / train/loss/value 1.16 / train/rand/action 0.12 / replay/replay_ratio 260.15 / fps/policy 28.86 / fps/train 7393.36

Writing metrics: /n/holylabs/gershman_lab/Users/rtruong/dreamerv3-official-ale012/logdir/u15_ale012/frostbite_seed2/scores.jsonlWriting metrics: /n/holylabs/gershman_lab/Users/rtruong/dreamerv3-official-ale012/logdir/u15_ale012/frostbite_seed2/metrics.jsonl


--------------------[Agent Step 238_880]--------------------
Metrics filtered by: 'score|length|fps|ratio|train/loss/|train/rand/'
episode/score 1680 / episode/length 945 / train/loss/con 0.02 / train/loss/dyn 1.64 / train/loss/image 1.13 / train/loss/policy 1.6e-3 / train/loss/rep 1.64 / train/loss/repval 1.45 / train/loss/rew 0.07 / train/loss/value 1.15 / train/rand/action 0.13 / replay/replay_ratio 260 / fps/policy 28.94 / fps/train 7407.53

Writing metrics: /n/holylabs/gershman_lab/Users/rtruong/dreamerv3-official-ale012/logdir/u15_ale012/frostbite_seed2/metrics.jsonlWriting metrics: /n/holylabs/gershman_lab/Users/rtruong/dreamerv3-official-ale012/logdir/u15_ale012/frostbite_seed2/scores.jsonl


--------------------[Agent Step 252_800]--------------------
Metrics filtered by: 'score|length|fps|ratio|train/loss/|train/rand/'
episode/score 2680 / episode/length 1022 / train/loss/con 0.02 / train/loss/dyn 1.63 / train/loss/image 1.11 / train/loss/policy 1.4e-3 / train/loss/rep 1.63 / train/loss/repval 1.48 / train/loss/rew 0.07 / train/loss/value 1.17 / train/rand/action 0.12 / replay/replay_ratio 260 / fps/policy 28.95 / fps/train 7410.24

Writing metrics: /n/holylabs/gershman_lab/Users/rtruong/dreamerv3-official-ale012/logdir/u15_ale012/frostbite_seed2/metrics.jsonlWriting metrics: /n/holylabs/gershman_lab/Users/rtruong/dreamerv3-official-ale012/logdir/u15_ale012/frostbite_seed2/scores.jsonl


--------------------[Agent Step 266_680]--------------------
Metrics filtered by: 'score|length|fps|ratio|train/loss/|train/rand/'
episode/score 2140 / episode/length 951 / train/loss/con 0.02 / train/loss/dyn 1.61 / train/loss/image 1.1 / train/loss/policy 1.4e-3 / train/loss/rep 1.61 / train/loss/repval 1.51 / train/loss/rew 0.07 / train/loss/value 1.2 / train/rand/action 0.13 / replay/replay_ratio 259.85 / fps/policy 28.86 / fps/train 7383.18

Writing metrics: /n/holylabs/gershman_lab/Users/rtruong/dreamerv3-official-ale012/logdir/u15_ale012/frostbite_seed2/metrics.jsonl
Writing metrics: /n/holylabs/gershman_lab/Users/rtruong/dreamerv3-official-ale012/logdir/u15_ale012/frostbite_seed2/scores.jsonl

--------------------[Agent Step 280_520]--------------------
Metrics filtered by: 'score|length|fps|ratio|train/loss/|train/rand/'
episode/score 3050 / episode/length 1016 / train/loss/con 0.02 / train/loss/dyn 1.55 / train/loss/image 1.06 / train/loss/policy 1.8e-3 / train/loss/rep 1.55 / train/loss/repval 1.48 / train/loss/rew 0.06 / train/loss/value 1.19 / train/rand/action 0.14 / replay/replay_ratio 260 / fps/policy 28.83 / fps/train 7380.19

Writing metrics: /n/holylabs/gershman_lab/Users/rtruong/dreamerv3-official-ale012/logdir/u15_ale012/frostbite_seed2/scores.jsonlWriting metrics: /n/holylabs/gershman_lab/Users/rtruong/dreamerv3-official-ale012/logdir/u15_ale012/frostbite_seed2/metrics.jsonl


--------------------[Agent Step 294_400]--------------------
Metrics filtered by: 'score|length|fps|ratio|train/loss/|train/rand/'
episode/score 2380 / episode/length 1036 / train/loss/con 0.02 / train/loss/dyn 1.56 / train/loss/image 1.06 / train/loss/policy 1.8e-3 / train/loss/rep 1.56 / train/loss/repval 1.45 / train/loss/rew 0.06 / train/loss/value 1.15 / train/rand/action 0.15 / replay/replay_ratio 260.15 / fps/policy 28.85 / fps/train 7390.05

Writing metrics: /n/holylabs/gershman_lab/Users/rtruong/dreamerv3-official-ale012/logdir/u15_ale012/frostbite_seed2/scores.jsonlWriting metrics: /n/holylabs/gershman_lab/Users/rtruong/dreamerv3-official-ale012/logdir/u15_ale012/frostbite_seed2/metrics.jsonl


--------------------[Agent Step 308_280]--------------------
Metrics filtered by: 'score|length|fps|ratio|train/loss/|train/rand/'
episode/score 2400 / episode/length 1031 / train/loss/con 0.02 / train/loss/dyn 1.48 / train/loss/image 0.96 / train/loss/policy 2e-3 / train/loss/rep 1.48 / train/loss/repval 1.43 / train/loss/rew 0.06 / train/loss/value 1.14 / train/rand/action 0.16 / replay/replay_ratio 259.85 / fps/policy 28.91 / fps/train 7396.91

Writing metrics: /n/holylabs/gershman_lab/Users/rtruong/dreamerv3-official-ale012/logdir/u15_ale012/frostbite_seed2/scores.jsonl
Writing metrics: /n/holylabs/gershman_lab/Users/rtruong/dreamerv3-official-ale012/logdir/u15_ale012/frostbite_seed2/metrics.jsonl
Saving checkpoint: /n/holylabs/gershman_lab/Users/rtruong/dreamerv3-official-ale012/logdir/u15_ale012/frostbite_seed2/ckpt/20260924T041943F515329
Saved checkpoint.

--------------------[Agent Step 321_800]--------------------
Metrics filtered by: 'score|length|fps|ratio|train/loss/|train/rand/'
episode/score 1270 / episode/length 700 / train/loss/con 0.02 / train/loss/dyn 1.47 / train/loss/image 0.93 / train/loss/policy 1.9e-3 / train/loss/rep 1.47 / train/loss/repval 1.39 / train/loss/rew 0.06 / train/loss/value 1.12 / train/rand/action 0.17 / replay/replay_ratio 260 / fps/policy 28.14 / fps/train 7204.51

Writing metrics: /n/holylabs/gershman_lab/Users/rtruong/dreamerv3-official-ale012/logdir/u15_ale012/frostbite_seed2/metrics.jsonlWriting metrics: /n/holylabs/gershman_lab/Users/rtruong/dreamerv3-official-ale012/logdir/u15_ale012/frostbite_seed2/scores.jsonl


--------------------[Agent Step 335_640]--------------------
Metrics filtered by: 'score|length|fps|ratio|train/loss/|train/rand/'
episode/score 2300 / episode/length 973 / train/loss/con 0.02 / train/loss/dyn 1.49 / train/loss/image 0.99 / train/loss/policy 2e-3 / train/loss/rep 1.49 / train/loss/repval 1.4 / train/loss/rew 0.06 / train/loss/value 1.13 / train/rand/action 0.16 / replay/replay_ratio 260 / fps/policy 28.81 / fps/train 7376.62

Writing metrics: /n/holylabs/gershman_lab/Users/rtruong/dreamerv3-official-ale012/logdir/u15_ale012/frostbite_seed2/scores.jsonlWriting metrics: /n/holylabs/gershman_lab/Users/rtruong/dreamerv3-official-ale012/logdir/u15_ale012/frostbite_seed2/metrics.jsonl


--------------------[Agent Step 349_520]--------------------
Metrics filtered by: 'score|length|fps|ratio|train/loss/|train/rand/'
episode/score 1740 / episode/length 909 / train/loss/con 0.02 / train/loss/dyn 1.42 / train/loss/image 0.91 / train/loss/policy 2e-3 / train/loss/rep 1.42 / train/loss/repval 1.36 / train/loss/rew 0.06 / train/loss/value 1.11 / train/rand/action 0.18 / replay/replay_ratio 260.15 / fps/policy 28.9 / fps/train 7401.43

Writing metrics: /n/holylabs/gershman_lab/Users/rtruong/dreamerv3-official-ale012/logdir/u15_ale012/frostbite_seed2/scores.jsonl
Writing metrics: /n/holylabs/gershman_lab/Users/rtruong/dreamerv3-official-ale012/logdir/u15_ale012/frostbite_seed2/metrics.jsonl

--------------------[Agent Step 363_400]--------------------
Metrics filtered by: 'score|length|fps|ratio|train/loss/|train/rand/'
episode/score 3380 / episode/length 1027 / train/loss/con 0.02 / train/loss/dyn 1.4 / train/loss/image 0.85 / train/loss/policy 1.9e-3 / train/loss/rep 1.4 / train/loss/repval 1.37 / train/loss/rew 0.06 / train/loss/value 1.11 / train/rand/action 0.18 / replay/replay_ratio 259.85 / fps/policy 28.87 / fps/train 7386.6

Writing metrics: /n/holylabs/gershman_lab/Users/rtruong/dreamerv3-official-ale012/logdir/u15_ale012/frostbite_seed2/metrics.jsonlWriting metrics: /n/holylabs/gershman_lab/Users/rtruong/dreamerv3-official-ale012/logdir/u15_ale012/frostbite_seed2/scores.jsonl


--------------------[Agent Step 377_280]--------------------
Metrics filtered by: 'score|length|fps|ratio|train/loss/|train/rand/'
episode/score 1840 / episode/length 963 / train/loss/con 0.02 / train/loss/dyn 1.43 / train/loss/image 0.88 / train/loss/policy 2e-3 / train/loss/rep 1.43 / train/loss/repval 1.34 / train/loss/rew 0.06 / train/loss/value 1.1 / train/rand/action 0.19 / replay/replay_ratio 260.15 / fps/policy 28.9 / fps/train 7403.32

Writing metrics: /n/holylabs/gershman_lab/Users/rtruong/dreamerv3-official-ale012/logdir/u15_ale012/frostbite_seed2/metrics.jsonlWriting metrics: /n/holylabs/gershman_lab/Users/rtruong/dreamerv3-official-ale012/logdir/u15_ale012/frostbite_seed2/scores.jsonl


--------------------[Agent Step 391_160]--------------------
Metrics filtered by: 'score|length|fps|ratio|train/loss/|train/rand/'
episode/score 2940 / episode/length 999 / train/loss/con 0.02 / train/loss/dyn 1.43 / train/loss/image 0.86 / train/loss/policy 1.3e-3 / train/loss/rep 1.43 / train/loss/repval 1.36 / train/loss/rew 0.06 / train/loss/value 1.11 / train/rand/action 0.17 / replay/replay_ratio 259.85 / fps/policy 28.87 / fps/train 7385.61

Writing metrics: /n/holylabs/gershman_lab/Users/rtruong/dreamerv3-official-ale012/logdir/u15_ale012/frostbite_seed2/metrics.jsonl
Writing metrics: /n/holylabs/gershman_lab/Users/rtruong/dreamerv3-official-ale012/logdir/u15_ale012/frostbite_seed2/scores.jsonl

--------------------[Agent Step 405_040]--------------------
Metrics filtered by: 'score|length|fps|ratio|train/loss/|train/rand/'
episode/score 2300 / episode/length 1007 / train/loss/con 0.02 / train/loss/dyn 1.38 / train/loss/image 0.79 / train/loss/policy 1.8e-3 / train/loss/rep 1.38 / train/loss/repval 1.35 / train/loss/rew 0.06 / train/loss/value 1.1 / train/rand/action 0.18 / replay/replay_ratio 260.15 / fps/policy 28.86 / fps/train 7392.18

Writing metrics: /n/holylabs/gershman_lab/Users/rtruong/dreamerv3-official-ale012/logdir/u15_ale012/frostbite_seed2/scores.jsonlWriting metrics: /n/holylabs/gershman_lab/Users/rtruong/dreamerv3-official-ale012/logdir/u15_ale012/frostbite_seed2/metrics.jsonl

Saving checkpoint: /n/holylabs/gershman_lab/Users/rtruong/dreamerv3-official-ale012/logdir/u15_ale012/frostbite_seed2/ckpt/20260924T043443F636741
Saved checkpoint.

--------------------[Agent Step 418_520]--------------------
Metrics filtered by: 'score|length|fps|ratio|train/loss/|train/rand/'
episode/score 2760 / episode/length 1016 / train/loss/con 0.02 / train/loss/dyn 1.45 / train/loss/image 0.84 / train/loss/policy 1.1e-3 / train/loss/rep 1.45 / train/loss/repval 1.38 / train/loss/rew 0.06 / train/loss/value 1.11 / train/rand/action 0.17 / replay/replay_ratio 259.85 / fps/policy 28.05 / fps/train 7177.01

Writing metrics: /n/holylabs/gershman_lab/Users/rtruong/dreamerv3-official-ale012/logdir/u15_ale012/frostbite_seed2/metrics.jsonl
Writing metrics: /n/holylabs/gershman_lab/Users/rtruong/dreamerv3-official-ale012/logdir/u15_ale012/frostbite_seed2/scores.jsonl

--------------------[Agent Step 432_400]--------------------
Metrics filtered by: 'score|length|fps|ratio|train/loss/|train/rand/'
episode/score 2360 / episode/length 988 / train/loss/con 0.02 / train/loss/dyn 1.42 / train/loss/image 0.82 / train/loss/policy 1e-3 / train/loss/rep 1.42 / train/loss/repval 1.38 / train/loss/rew 0.07 / train/loss/value 1.12 / train/rand/action 0.17 / replay/replay_ratio 260.15 / fps/policy 28.85 / fps/train 7389.92

Writing metrics: /n/holylabs/gershman_lab/Users/rtruong/dreamerv3-official-ale012/logdir/u15_ale012/frostbite_seed2/scores.jsonl
Writing metrics: /n/holylabs/gershman_lab/Users/rtruong/dreamerv3-official-ale012/logdir/u15_ale012/frostbite_seed2/metrics.jsonl

--------------------[Agent Step 438_624]--------------------
Metrics filtered by: 'score|length|fps|ratio|train/loss/|train/rand/'
episode/score 2060 / episode/length 863

Writing metrics: /n/holylabs/gershman_lab/Users/rtruong/dreamerv3-official-ale012/logdir/u15_ale012/frostbite_seed2/metrics.jsonlWriting metrics: /n/holylabs/gershman_lab/Users/rtruong/dreamerv3-official-ale012/logdir/u15_ale012/frostbite_seed2/scores.jsonl

EXIT=0
