NVIDIA H100 80GB HBM3, 81559 MiB
jax 0.4.33 ale_py 0.9.0 [CudaDevice(id=0)]
---  ___                           __   ______ ---
--- |   \ _ _ ___ __ _ _ __  ___ _ \ \ / /__ / ---
--- | |) | '_/ -_) _` | '  \/ -_) '/\ V / |_ \ ---
--- |___/|_| \___\__,_|_|_|_\___|_|  \_/ |___/ ---
Replica: 0 / 1
Logdir: /n/holylabs/gershman_lab/Users/rtruong/dreamerv3-official-run/logdir/u14_seeds/frostbite_seed13
Run script: train
Observations
  image            Space(uint8, shape=(64, 64, 3), low=0, high=255)
  reward           Space(float32, shape=(), low=-inf, high=inf)
  is_first         Space(bool, shape=(), low=False, high=True)
  is_last          Space(bool, shape=(), low=False, high=True)
  is_terminal      Space(bool, shape=(), low=False, high=True)
Actions
  action           Space(int32, shape=(), low=0, high=18)
Extras
  consec           Space(int32, shape=(), low=-2147483648, high=2147483647)
  stepid           Space(uint8, shape=(20,), low=0, high=255)
  dyn/deter        Space(float32, shape=(8192,), low=-inf, high=inf)
  dyn/stoch        Space(float32, shape=(32, 64), low=-inf, high=inf)
JAX devices (1): [cuda:0]
Policy devices: cuda:0
Train devices:  cuda:0
Initializing parameters...
Optimizer opt has 165,967,124 params:
    95,496,192 dyn
    20,282,115 dec
    12,850,431 val
    12,607,506 pol
    10,749,183 rew
    10,488,833 con
     3,492,864 enc
Done initializing!
Compiling 1 checkpoint groups...
Largest checkpoint group: 2 GB
Compiling train and report...
Train cost analysis:
  FLOPS:            4.4e+11
  Memory (temp):    5.3e+09
  Memory (inputs):  2.1e+09
  Memory (outputs): 2.1e+09
  Memory (code):    3.9e+06

Report cost analysis:
  FLOPS:            1.0e+10
  Memory (temp):    6.7e+08
  Memory (inputs):  5.1e+08
  Memory (outputs): 1.0e+07
  Memory (code):    8.2e+06

Done compiling!
Did not find any checkpoint.
Saving checkpoint: /n/holylabs/gershman_lab/Users/rtruong/dreamerv3-official-run/logdir/u14_seeds/frostbite_seed13/ckpt/20260923T175122F068545
Saved checkpoint.
Start training loop
Start JAX profiler: /n/holylabs/gershman_lab/Users/rtruong/dreamerv3-official-run/logdir/u14_seeds/frostbite_seed13
Stop JAX profiler

--------------------[Agent Step 17_480]--------------------
Metrics filtered by: 'score|length|fps|ratio|train/loss/|train/rand/'
episode/score 120 / episode/length 410 / train/loss/con 0.05 / train/loss/dyn 5.18 / train/loss/image 136.32 / train/loss/policy 1.63 / train/loss/rep 5.18 / train/loss/repval 6.54 / train/loss/rew 1.51 / train/loss/value 4.88 / train/rand/action 0.91 / replay/replay_ratio 198.53 / fps/policy 34.89 / fps/train 6712.61

Writing metrics: /n/holylabs/gershman_lab/Users/rtruong/dreamerv3-official-run/logdir/u14_seeds/frostbite_seed13/metrics.jsonl
Writing metrics: /n/holylabs/gershman_lab/Users/rtruong/dreamerv3-official-run/logdir/u14_seeds/frostbite_seed13/scores.jsonl

--------------------[Agent Step 31_320]--------------------
Metrics filtered by: 'score|length|fps|ratio|train/loss/|train/rand/'
episode/score 160 / episode/length 380 / train/loss/con 0.03 / train/loss/dyn 3.36 / train/loss/image 7.48 / train/loss/policy 0.05 / train/loss/rep 3.36 / train/loss/repval 3.12 / train/loss/rew 0.07 / train/loss/value 2.06 / train/rand/action 0.2 / replay/replay_ratio 260 / fps/policy 28.76 / fps/train 7363.26

Writing metrics: /n/holylabs/gershman_lab/Users/rtruong/dreamerv3-official-run/logdir/u14_seeds/frostbite_seed13/scores.jsonlWriting metrics: /n/holylabs/gershman_lab/Users/rtruong/dreamerv3-official-run/logdir/u14_seeds/frostbite_seed13/metrics.jsonl


--------------------[Agent Step 45_240]--------------------
Metrics filtered by: 'score|length|fps|ratio|train/loss/|train/rand/'
episode/score 180 / episode/length 814 / train/loss/con 0.03 / train/loss/dyn 2.98 / train/loss/image 4.43 / train/loss/policy 3.7e-3 / train/loss/rep 2.98 / train/loss/repval 2.38 / train/loss/rew 0.04 / train/loss/value 1.6 / train/rand/action 0.19 / replay/replay_ratio 260 / fps/policy 28.95 / fps/train 7410.59

Writing metrics: /n/holylabs/gershman_lab/Users/rtruong/dreamerv3-official-run/logdir/u14_seeds/frostbite_seed13/scores.jsonlWriting metrics: /n/holylabs/gershman_lab/Users/rtruong/dreamerv3-official-run/logdir/u14_seeds/frostbite_seed13/metrics.jsonl


--------------------[Agent Step 59_200]--------------------
Metrics filtered by: 'score|length|fps|ratio|train/loss/|train/rand/'
episode/score 210 / episode/length 501 / train/loss/con 0.02 / train/loss/dyn 2.39 / train/loss/image 3.33 / train/loss/policy 0.01 / train/loss/rep 2.39 / train/loss/repval 2.19 / train/loss/rew 0.03 / train/loss/value 1.52 / train/rand/action 0.18 / replay/replay_ratio 260.15 / fps/policy 29.02 / fps/train 7434.1

Writing metrics: /n/holylabs/gershman_lab/Users/rtruong/dreamerv3-official-run/logdir/u14_seeds/frostbite_seed13/metrics.jsonlWriting metrics: /n/holylabs/gershman_lab/Users/rtruong/dreamerv3-official-run/logdir/u14_seeds/frostbite_seed13/scores.jsonl


--------------------[Agent Step 73_120]--------------------
Metrics filtered by: 'score|length|fps|ratio|train/loss/|train/rand/'
episode/score 210 / episode/length 450 / train/loss/con 0.02 / train/loss/dyn 2.17 / train/loss/image 2.74 / train/loss/policy 5.4e-3 / train/loss/rep 2.17 / train/loss/repval 1.91 / train/loss/rew 0.02 / train/loss/value 1.41 / train/rand/action 0.15 / replay/replay_ratio 260 / fps/policy 29 / fps/train 7423.33

Writing metrics: /n/holylabs/gershman_lab/Users/rtruong/dreamerv3-official-run/logdir/u14_seeds/frostbite_seed13/metrics.jsonlWriting metrics: /n/holylabs/gershman_lab/Users/rtruong/dreamerv3-official-run/logdir/u14_seeds/frostbite_seed13/scores.jsonl


--------------------[Agent Step 87_040]--------------------
Metrics filtered by: 'score|length|fps|ratio|train/loss/|train/rand/'
episode/score 210 / episode/length 472 / train/loss/con 0.02 / train/loss/dyn 1.98 / train/loss/image 2.22 / train/loss/policy 4.3e-3 / train/loss/rep 1.98 / train/loss/repval 1.75 / train/loss/rew 0.02 / train/loss/value 1.32 / train/rand/action 0.16 / replay/replay_ratio 260 / fps/policy 28.93 / fps/train 7407.15

Writing metrics: /n/holylabs/gershman_lab/Users/rtruong/dreamerv3-official-run/logdir/u14_seeds/frostbite_seed13/metrics.jsonl
Writing metrics: /n/holylabs/gershman_lab/Users/rtruong/dreamerv3-official-run/logdir/u14_seeds/frostbite_seed13/scores.jsonl

--------------------[Agent Step 101_000]--------------------
Metrics filtered by: 'score|length|fps|ratio|train/loss/|train/rand/'
episode/score 250 / episode/length 540 / train/loss/con 0.02 / train/loss/dyn 1.87 / train/loss/image 1.9 / train/loss/policy 3.1e-3 / train/loss/rep 1.87 / train/loss/repval 1.73 / train/loss/rew 0.02 / train/loss/value 1.32 / train/rand/action 0.18 / replay/replay_ratio 259.85 / fps/policy 29 / fps/train 7418.68

Writing metrics: /n/holylabs/gershman_lab/Users/rtruong/dreamerv3-official-run/logdir/u14_seeds/frostbite_seed13/metrics.jsonlWriting metrics: /n/holylabs/gershman_lab/Users/rtruong/dreamerv3-official-run/logdir/u14_seeds/frostbite_seed13/scores.jsonl

Saving checkpoint: /n/holylabs/gershman_lab/Users/rtruong/dreamerv3-official-run/logdir/u14_seeds/frostbite_seed13/ckpt/20260923T180627F150047
Saved checkpoint.

--------------------[Agent Step 114_520]--------------------
Metrics filtered by: 'score|length|fps|ratio|train/loss/|train/rand/'
episode/score 260 / episode/length 745 / train/loss/con 0.02 / train/loss/dyn 1.83 / train/loss/image 1.62 / train/loss/policy 3e-3 / train/loss/rep 1.83 / train/loss/repval 1.72 / train/loss/rew 0.02 / train/loss/value 1.34 / train/rand/action 0.18 / replay/replay_ratio 260 / fps/policy 28.12 / fps/train 7199.27

Writing metrics: /n/holylabs/gershman_lab/Users/rtruong/dreamerv3-official-run/logdir/u14_seeds/frostbite_seed13/metrics.jsonlWriting metrics: /n/holylabs/gershman_lab/Users/rtruong/dreamerv3-official-run/logdir/u14_seeds/frostbite_seed13/scores.jsonl


--------------------[Agent Step 128_440]--------------------
Metrics filtered by: 'score|length|fps|ratio|train/loss/|train/rand/'
episode/score 220 / episode/length 537 / train/loss/con 0.02 / train/loss/dyn 1.77 / train/loss/image 1.46 / train/loss/policy 3.7e-3 / train/loss/rep 1.77 / train/loss/repval 1.77 / train/loss/rew 0.02 / train/loss/value 1.4 / train/rand/action 0.22 / replay/replay_ratio 260 / fps/policy 28.96 / fps/train 7414.66

Writing metrics: /n/holylabs/gershman_lab/Users/rtruong/dreamerv3-official-run/logdir/u14_seeds/frostbite_seed13/metrics.jsonlWriting metrics: /n/holylabs/gershman_lab/Users/rtruong/dreamerv3-official-run/logdir/u14_seeds/frostbite_seed13/scores.jsonl


--------------------[Agent Step 142_360]--------------------
Metrics filtered by: 'score|length|fps|ratio|train/loss/|train/rand/'
episode/score 250 / episode/length 533 / train/loss/con 0.02 / train/loss/dyn 1.74 / train/loss/image 1.32 / train/loss/policy 2.9e-3 / train/loss/rep 1.74 / train/loss/repval 1.75 / train/loss/rew 0.02 / train/loss/value 1.4 / train/rand/action 0.27 / replay/replay_ratio 260 / fps/policy 28.98 / fps/train 7418.08

Writing metrics: /n/holylabs/gershman_lab/Users/rtruong/dreamerv3-official-run/logdir/u14_seeds/frostbite_seed13/scores.jsonlWriting metrics: /n/holylabs/gershman_lab/Users/rtruong/dreamerv3-official-run/logdir/u14_seeds/frostbite_seed13/metrics.jsonl


--------------------[Agent Step 156_280]--------------------
Metrics filtered by: 'score|length|fps|ratio|train/loss/|train/rand/'
episode/score 210 / episode/length 498 / train/loss/con 0.02 / train/loss/dyn 1.63 / train/loss/image 1.18 / train/loss/policy 3.3e-3 / train/loss/rep 1.63 / train/loss/repval 1.6 / train/loss/rew 0.02 / train/loss/value 1.32 / train/rand/action 0.34 / replay/replay_ratio 260 / fps/policy 28.96 / fps/train 7414.01

Writing metrics: /n/holylabs/gershman_lab/Users/rtruong/dreamerv3-official-run/logdir/u14_seeds/frostbite_seed13/metrics.jsonl
Writing metrics: /n/holylabs/gershman_lab/Users/rtruong/dreamerv3-official-run/logdir/u14_seeds/frostbite_seed13/scores.jsonl

--------------------[Agent Step 170_240]--------------------
Metrics filtered by: 'score|length|fps|ratio|train/loss/|train/rand/'
episode/score 230 / episode/length 467 / train/loss/con 0.02 / train/loss/dyn 1.56 / train/loss/image 1.06 / train/loss/policy 2.8e-3 / train/loss/rep 1.56 / train/loss/repval 1.57 / train/loss/rew 0.02 / train/loss/value 1.29 / train/rand/action 0.32 / replay/replay_ratio 260.15 / fps/policy 29.03 / fps/train 7434.82

Writing metrics: /n/holylabs/gershman_lab/Users/rtruong/dreamerv3-official-run/logdir/u14_seeds/frostbite_seed13/scores.jsonlWriting metrics: /n/holylabs/gershman_lab/Users/rtruong/dreamerv3-official-run/logdir/u14_seeds/frostbite_seed13/metrics.jsonl


--------------------[Agent Step 184_200]--------------------
Metrics filtered by: 'score|length|fps|ratio|train/loss/|train/rand/'
episode/score 270 / episode/length 599 / train/loss/con 0.02 / train/loss/dyn 1.56 / train/loss/image 1.03 / train/loss/policy 3.1e-3 / train/loss/rep 1.56 / train/loss/repval 1.6 / train/loss/rew 0.02 / train/loss/value 1.3 / train/rand/action 0.32 / replay/replay_ratio 259.85 / fps/policy 29.01 / fps/train 7421.73

Writing metrics: /n/holylabs/gershman_lab/Users/rtruong/dreamerv3-official-run/logdir/u14_seeds/frostbite_seed13/metrics.jsonlWriting metrics: /n/holylabs/gershman_lab/Users/rtruong/dreamerv3-official-run/logdir/u14_seeds/frostbite_seed13/scores.jsonl


--------------------[Agent Step 198_120]--------------------
Metrics filtered by: 'score|length|fps|ratio|train/loss/|train/rand/'
episode/score 250 / episode/length 608 / train/loss/con 0.02 / train/loss/dyn 1.5 / train/loss/image 0.94 / train/loss/policy 2.8e-3 / train/loss/rep 1.5 / train/loss/repval 1.51 / train/loss/rew 0.02 / train/loss/value 1.25 / train/rand/action 0.3 / replay/replay_ratio 260 / fps/policy 28.95 / fps/train 7411.32

Writing metrics: /n/holylabs/gershman_lab/Users/rtruong/dreamerv3-official-run/logdir/u14_seeds/frostbite_seed13/scores.jsonlWriting metrics: /n/holylabs/gershman_lab/Users/rtruong/dreamerv3-official-run/logdir/u14_seeds/frostbite_seed13/metrics.jsonl

Saving checkpoint: /n/holylabs/gershman_lab/Users/rtruong/dreamerv3-official-run/logdir/u14_seeds/frostbite_seed13/ckpt/20260923T182127F387103
Saved checkpoint.

--------------------[Agent Step 211_800]--------------------
Metrics filtered by: 'score|length|fps|ratio|train/loss/|train/rand/'
episode/score 270 / episode/length 543 / train/loss/con 0.02 / train/loss/dyn 1.49 / train/loss/image 0.9 / train/loss/policy 2e-3 / train/loss/rep 1.49 / train/loss/repval 1.48 / train/loss/rew 0.02 / train/loss/value 1.23 / train/rand/action 0.3 / replay/replay_ratio 260 / fps/policy 28.15 / fps/train 7205.61

Writing metrics: /n/holylabs/gershman_lab/Users/rtruong/dreamerv3-official-run/logdir/u14_seeds/frostbite_seed13/metrics.jsonl
Writing metrics: /n/holylabs/gershman_lab/Users/rtruong/dreamerv3-official-run/logdir/u14_seeds/frostbite_seed13/scores.jsonl

--------------------[Agent Step 225_640]--------------------
Metrics filtered by: 'score|length|fps|ratio|train/loss/|train/rand/'
episode/score 200 / episode/length 461 / train/loss/con 0.02 / train/loss/dyn 1.47 / train/loss/image 0.85 / train/loss/policy 1.7e-3 / train/loss/rep 1.47 / train/loss/repval 1.46 / train/loss/rew 0.02 / train/loss/value 1.22 / train/rand/action 0.35 / replay/replay_ratio 260 / fps/policy 28.85 / fps/train 7385.42

Writing metrics: /n/holylabs/gershman_lab/Users/rtruong/dreamerv3-official-run/logdir/u14_seeds/frostbite_seed13/scores.jsonl
Writing metrics: /n/holylabs/gershman_lab/Users/rtruong/dreamerv3-official-run/logdir/u14_seeds/frostbite_seed13/metrics.jsonl

--------------------[Agent Step 239_560]--------------------
Metrics filtered by: 'score|length|fps|ratio|train/loss/|train/rand/'
episode/score 240 / episode/length 504 / train/loss/con 0.02 / train/loss/dyn 1.39 / train/loss/image 0.78 / train/loss/policy 2e-3 / train/loss/rep 1.39 / train/loss/repval 1.47 / train/loss/rew 0.02 / train/loss/value 1.23 / train/rand/action 0.35 / replay/replay_ratio 260 / fps/policy 28.97 / fps/train 7417.2

Writing metrics: /n/holylabs/gershman_lab/Users/rtruong/dreamerv3-official-run/logdir/u14_seeds/frostbite_seed13/metrics.jsonlWriting metrics: /n/holylabs/gershman_lab/Users/rtruong/dreamerv3-official-run/logdir/u14_seeds/frostbite_seed13/scores.jsonl


--------------------[Agent Step 253_480]--------------------
Metrics filtered by: 'score|length|fps|ratio|train/loss/|train/rand/'
episode/score 230 / episode/length 552 / train/loss/con 0.02 / train/loss/dyn 1.49 / train/loss/image 0.85 / train/loss/policy 2.3e-3 / train/loss/rep 1.49 / train/loss/repval 1.62 / train/loss/rew 0.02 / train/loss/value 1.31 / train/rand/action 0.34 / replay/replay_ratio 260 / fps/policy 28.94 / fps/train 7407.38

Writing metrics: /n/holylabs/gershman_lab/Users/rtruong/dreamerv3-official-run/logdir/u14_seeds/frostbite_seed13/metrics.jsonlWriting metrics: /n/holylabs/gershman_lab/Users/rtruong/dreamerv3-official-run/logdir/u14_seeds/frostbite_seed13/scores.jsonl


--------------------[Agent Step 267_440]--------------------
Metrics filtered by: 'score|length|fps|ratio|train/loss/|train/rand/'
episode/score 270 / episode/length 535 / train/loss/con 0.02 / train/loss/dyn 1.34 / train/loss/image 0.69 / train/loss/policy 1.4e-3 / train/loss/rep 1.34 / train/loss/repval 1.44 / train/loss/rew 0.02 / train/loss/value 1.22 / train/rand/action 0.39 / replay/replay_ratio 260.15 / fps/policy 29.05 / fps/train 7441.44

Writing metrics: /n/holylabs/gershman_lab/Users/rtruong/dreamerv3-official-run/logdir/u14_seeds/frostbite_seed13/metrics.jsonlWriting metrics: /n/holylabs/gershman_lab/Users/rtruong/dreamerv3-official-run/logdir/u14_seeds/frostbite_seed13/scores.jsonl


--------------------[Agent Step 281_400]--------------------
Metrics filtered by: 'score|length|fps|ratio|train/loss/|train/rand/'
episode/score 240 / episode/length 516 / train/loss/con 0.02 / train/loss/dyn 1.3 / train/loss/image 0.65 / train/loss/policy 1.7e-3 / train/loss/rep 1.3 / train/loss/repval 1.44 / train/loss/rew 0.02 / train/loss/value 1.23 / train/rand/action 0.39 / replay/replay_ratio 259.85 / fps/policy 29.04 / fps/train 7430.31

Writing metrics: /n/holylabs/gershman_lab/Users/rtruong/dreamerv3-official-run/logdir/u14_seeds/frostbite_seed13/metrics.jsonlWriting metrics: /n/holylabs/gershman_lab/Users/rtruong/dreamerv3-official-run/logdir/u14_seeds/frostbite_seed13/scores.jsonl


--------------------[Agent Step 295_320]--------------------
Metrics filtered by: 'score|length|fps|ratio|train/loss/|train/rand/'
episode/score 270 / episode/length 561 / train/loss/con 0.02 / train/loss/dyn 1.35 / train/loss/image 0.66 / train/loss/policy 1.7e-3 / train/loss/rep 1.35 / train/loss/repval 1.48 / train/loss/rew 0.02 / train/loss/value 1.26 / train/rand/action 0.42 / replay/replay_ratio 260 / fps/policy 28.97 / fps/train 7417.49

Writing metrics: /n/holylabs/gershman_lab/Users/rtruong/dreamerv3-official-run/logdir/u14_seeds/frostbite_seed13/scores.jsonlWriting metrics: /n/holylabs/gershman_lab/Users/rtruong/dreamerv3-official-run/logdir/u14_seeds/frostbite_seed13/metrics.jsonl


--------------------[Agent Step 309_240]--------------------
Metrics filtered by: 'score|length|fps|ratio|train/loss/|train/rand/'
episode/score 270 / episode/length 597 / train/loss/con 0.02 / train/loss/dyn 1.27 / train/loss/image 0.61 / train/loss/policy 1.8e-3 / train/loss/rep 1.27 / train/loss/repval 1.45 / train/loss/rew 0.02 / train/loss/value 1.24 / train/rand/action 0.41 / replay/replay_ratio 260 / fps/policy 28.97 / fps/train 7417.39

Writing metrics: /n/holylabs/gershman_lab/Users/rtruong/dreamerv3-official-run/logdir/u14_seeds/frostbite_seed13/scores.jsonlWriting metrics: /n/holylabs/gershman_lab/Users/rtruong/dreamerv3-official-run/logdir/u14_seeds/frostbite_seed13/metrics.jsonl

Saving checkpoint: /n/holylabs/gershman_lab/Users/rtruong/dreamerv3-official-run/logdir/u14_seeds/frostbite_seed13/ckpt/20260923T183627F656173
Saved checkpoint.

--------------------[Agent Step 322_760]--------------------
Metrics filtered by: 'score|length|fps|ratio|train/loss/|train/rand/'
episode/score 260 / episode/length 617 / train/loss/con 0.02 / train/loss/dyn 1.25 / train/loss/image 0.59 / train/loss/policy 1.7e-3 / train/loss/rep 1.25 / train/loss/repval 1.43 / train/loss/rew 0.02 / train/loss/value 1.24 / train/rand/action 0.43 / replay/replay_ratio 260 / fps/policy 28.12 / fps/train 7199.93

Writing metrics: /n/holylabs/gershman_lab/Users/rtruong/dreamerv3-official-run/logdir/u14_seeds/frostbite_seed13/metrics.jsonlWriting metrics: /n/holylabs/gershman_lab/Users/rtruong/dreamerv3-official-run/logdir/u14_seeds/frostbite_seed13/scores.jsonl


--------------------[Agent Step 336_680]--------------------
Metrics filtered by: 'score|length|fps|ratio|train/loss/|train/rand/'
episode/score 280 / episode/length 546 / train/loss/con 0.02 / train/loss/dyn 1.32 / train/loss/image 0.6 / train/loss/policy 1.5e-3 / train/loss/rep 1.32 / train/loss/repval 1.48 / train/loss/rew 0.02 / train/loss/value 1.27 / train/rand/action 0.4 / replay/replay_ratio 260 / fps/policy 28.99 / fps/train 7420.32

Writing metrics: /n/holylabs/gershman_lab/Users/rtruong/dreamerv3-official-run/logdir/u14_seeds/frostbite_seed13/metrics.jsonlWriting metrics: /n/holylabs/gershman_lab/Users/rtruong/dreamerv3-official-run/logdir/u14_seeds/frostbite_seed13/scores.jsonl


--------------------[Agent Step 350_640]--------------------
Metrics filtered by: 'score|length|fps|ratio|train/loss/|train/rand/'
episode/score 240 / episode/length 508 / train/loss/con 0.02 / train/loss/dyn 1.29 / train/loss/image 0.57 / train/loss/policy 1.3e-3 / train/loss/rep 1.29 / train/loss/repval 1.47 / train/loss/rew 0.02 / train/loss/value 1.25 / train/rand/action 0.42 / replay/replay_ratio 260.15 / fps/policy 29.02 / fps/train 7432.45

Writing metrics: /n/holylabs/gershman_lab/Users/rtruong/dreamerv3-official-run/logdir/u14_seeds/frostbite_seed13/metrics.jsonlWriting metrics: /n/holylabs/gershman_lab/Users/rtruong/dreamerv3-official-run/logdir/u14_seeds/frostbite_seed13/scores.jsonl


--------------------[Agent Step 364_600]--------------------
Metrics filtered by: 'score|length|fps|ratio|train/loss/|train/rand/'
episode/score 310 / episode/length 570 / train/loss/con 0.02 / train/loss/dyn 1.27 / train/loss/image 0.57 / train/loss/policy 2.7e-3 / train/loss/rep 1.27 / train/loss/repval 1.53 / train/loss/rew 0.02 / train/loss/value 1.29 / train/rand/action 0.42 / replay/replay_ratio 259.85 / fps/policy 29 / fps/train 7419.58

Writing metrics: /n/holylabs/gershman_lab/Users/rtruong/dreamerv3-official-run/logdir/u14_seeds/frostbite_seed13/metrics.jsonlWriting metrics: /n/holylabs/gershman_lab/Users/rtruong/dreamerv3-official-run/logdir/u14_seeds/frostbite_seed13/scores.jsonl


--------------------[Agent Step 378_480]--------------------
Metrics filtered by: 'score|length|fps|ratio|train/loss/|train/rand/'
episode/score 440 / episode/length 736 / train/loss/con 0.02 / train/loss/dyn 1.26 / train/loss/image 0.54 / train/loss/policy 2.8e-3 / train/loss/rep 1.26 / train/loss/repval 1.47 / train/loss/rew 0.02 / train/loss/value 1.26 / train/rand/action 0.42 / replay/replay_ratio 260.15 / fps/policy 28.89 / fps/train 7400.13

Writing metrics: /n/holylabs/gershman_lab/Users/rtruong/dreamerv3-official-run/logdir/u14_seeds/frostbite_seed13/metrics.jsonlWriting metrics: /n/holylabs/gershman_lab/Users/rtruong/dreamerv3-official-run/logdir/u14_seeds/frostbite_seed13/scores.jsonl


--------------------[Agent Step 392_440]--------------------
Metrics filtered by: 'score|length|fps|ratio|train/loss/|train/rand/'
episode/score 330 / episode/length 599 / train/loss/con 0.02 / train/loss/dyn 1.29 / train/loss/image 0.56 / train/loss/policy 2.8e-3 / train/loss/rep 1.29 / train/loss/repval 1.5 / train/loss/rew 0.02 / train/loss/value 1.26 / train/rand/action 0.41 / replay/replay_ratio 259.85 / fps/policy 29 / fps/train 7419.76

Writing metrics: /n/holylabs/gershman_lab/Users/rtruong/dreamerv3-official-run/logdir/u14_seeds/frostbite_seed13/scores.jsonl
Writing metrics: /n/holylabs/gershman_lab/Users/rtruong/dreamerv3-official-run/logdir/u14_seeds/frostbite_seed13/metrics.jsonl

--------------------[Agent Step 406_360]--------------------
Metrics filtered by: 'score|length|fps|ratio|train/loss/|train/rand/'
episode/score 460 / episode/length 712 / train/loss/con 0.02 / train/loss/dyn 1.24 / train/loss/image 0.51 / train/loss/policy 2.5e-3 / train/loss/rep 1.24 / train/loss/repval 1.49 / train/loss/rew 0.02 / train/loss/value 1.26 / train/rand/action 0.4 / replay/replay_ratio 260 / fps/policy 28.98 / fps/train 7417.94

Writing metrics: /n/holylabs/gershman_lab/Users/rtruong/dreamerv3-official-run/logdir/u14_seeds/frostbite_seed13/metrics.jsonlWriting metrics: /n/holylabs/gershman_lab/Users/rtruong/dreamerv3-official-run/logdir/u14_seeds/frostbite_seed13/scores.jsonl

Saving checkpoint: /n/holylabs/gershman_lab/Users/rtruong/dreamerv3-official-run/logdir/u14_seeds/frostbite_seed13/ckpt/20260923T185127F854510
Saved checkpoint.

--------------------[Agent Step 419_880]--------------------
Metrics filtered by: 'score|length|fps|ratio|train/loss/|train/rand/'
episode/score 460 / episode/length 705 / train/loss/con 0.02 / train/loss/dyn 1.25 / train/loss/image 0.51 / train/loss/policy 2.2e-3 / train/loss/rep 1.25 / train/loss/repval 1.45 / train/loss/rew 0.02 / train/loss/value 1.23 / train/rand/action 0.42 / replay/replay_ratio 260 / fps/policy 28.07 / fps/train 7185.81

Writing metrics: /n/holylabs/gershman_lab/Users/rtruong/dreamerv3-official-run/logdir/u14_seeds/frostbite_seed13/scores.jsonlWriting metrics: /n/holylabs/gershman_lab/Users/rtruong/dreamerv3-official-run/logdir/u14_seeds/frostbite_seed13/metrics.jsonl


--------------------[Agent Step 433_760]--------------------
Metrics filtered by: 'score|length|fps|ratio|train/loss/|train/rand/'
episode/score 440 / episode/length 706 / train/loss/con 0.02 / train/loss/dyn 1.28 / train/loss/image 0.52 / train/loss/policy 1.3e-3 / train/loss/rep 1.28 / train/loss/repval 1.51 / train/loss/rew 0.02 / train/loss/value 1.27 / train/rand/action 0.39 / replay/replay_ratio 260.15 / fps/policy 28.92 / fps/train 7407.91

Writing metrics: /n/holylabs/gershman_lab/Users/rtruong/dreamerv3-official-run/logdir/u14_seeds/frostbite_seed13/metrics.jsonlWriting metrics: /n/holylabs/gershman_lab/Users/rtruong/dreamerv3-official-run/logdir/u14_seeds/frostbite_seed13/scores.jsonl


--------------------[Agent Step 438_432]--------------------
Metrics filtered by: 'score|length|fps|ratio|train/loss/|train/rand/'
episode/score 470 / episode/length 715

Writing metrics: /n/holylabs/gershman_lab/Users/rtruong/dreamerv3-official-run/logdir/u14_seeds/frostbite_seed13/metrics.jsonlWriting metrics: /n/holylabs/gershman_lab/Users/rtruong/dreamerv3-official-run/logdir/u14_seeds/frostbite_seed13/scores.jsonl

EXIT=0
