NVIDIA H100 80GB HBM3, 81559 MiB
jax 0.4.33 ale_py 0.9.0 [CudaDevice(id=0)]
---  ___                           __   ______ ---
--- |   \ _ _ ___ __ _ _ __  ___ _ \ \ / /__ / ---
--- | |) | '_/ -_) _` | '  \/ -_) '/\ V / |_ \ ---
--- |___/|_| \___\__,_|_|_|_\___|_|  \_/ |___/ ---
Replica: 0 / 1
Logdir: /n/holylabs/gershman_lab/Users/rtruong/dreamerv3-official-run/logdir/u14_seeds/frostbite_seed6
Run script: train
Observations
  image            Space(uint8, shape=(64, 64, 3), low=0, high=255)
  reward           Space(float32, shape=(), low=-inf, high=inf)
  is_first         Space(bool, shape=(), low=False, high=True)
  is_last          Space(bool, shape=(), low=False, high=True)
  is_terminal      Space(bool, shape=(), low=False, high=True)
Actions
  action           Space(int32, shape=(), low=0, high=18)
Extras
  consec           Space(int32, shape=(), low=-2147483648, high=2147483647)
  stepid           Space(uint8, shape=(20,), low=0, high=255)
  dyn/deter        Space(float32, shape=(8192,), low=-inf, high=inf)
  dyn/stoch        Space(float32, shape=(32, 64), low=-inf, high=inf)
JAX devices (1): [cuda:0]
Policy devices: cuda:0
Train devices:  cuda:0
Initializing parameters...
Optimizer opt has 165,967,124 params:
    95,496,192 dyn
    20,282,115 dec
    12,850,431 val
    12,607,506 pol
    10,749,183 rew
    10,488,833 con
     3,492,864 enc
Done initializing!
Compiling 1 checkpoint groups...
Largest checkpoint group: 2 GB
Compiling train and report...
Train cost analysis:
  FLOPS:            4.4e+11
  Memory (temp):    5.3e+09
  Memory (inputs):  2.1e+09
  Memory (outputs): 2.1e+09
  Memory (code):    3.9e+06

Report cost analysis:
  FLOPS:            1.0e+10
  Memory (temp):    6.7e+08
  Memory (inputs):  5.1e+08
  Memory (outputs): 1.0e+07
  Memory (code):    8.2e+06

Done compiling!
Did not find any checkpoint.
Saving checkpoint: /n/holylabs/gershman_lab/Users/rtruong/dreamerv3-official-run/logdir/u14_seeds/frostbite_seed6/ckpt/20260923T174822F351026
Saved checkpoint.
Start training loop
Start JAX profiler: /n/holylabs/gershman_lab/Users/rtruong/dreamerv3-official-run/logdir/u14_seeds/frostbite_seed6
Stop JAX profiler

--------------------[Agent Step 17_480]--------------------
Metrics filtered by: 'score|length|fps|ratio|train/loss/|train/rand/'
episode/score 30 / episode/length 285 / train/loss/con 0.05 / train/loss/dyn 5.4 / train/loss/image 154.2 / train/loss/policy 1.47 / train/loss/rep 5.4 / train/loss/repval 6.29 / train/loss/rew 1.5 / train/loss/value 4.74 / train/rand/action 0.88 / replay/replay_ratio 198.53 / fps/policy 34.14 / fps/train 6567

Writing metrics: /n/holylabs/gershman_lab/Users/rtruong/dreamerv3-official-run/logdir/u14_seeds/frostbite_seed6/metrics.jsonl
Writing metrics: /n/holylabs/gershman_lab/Users/rtruong/dreamerv3-official-run/logdir/u14_seeds/frostbite_seed6/scores.jsonl

--------------------[Agent Step 31_480]--------------------
Metrics filtered by: 'score|length|fps|ratio|train/loss/|train/rand/'
episode/score 190 / episode/length 832 / train/loss/con 0.03 / train/loss/dyn 2.48 / train/loss/image 5.9 / train/loss/policy 0.03 / train/loss/rep 2.48 / train/loss/repval 3.25 / train/loss/rew 0.04 / train/loss/value 2.13 / train/rand/action 0.18 / replay/replay_ratio 260 / fps/policy 29.12 / fps/train 7454.2

Writing metrics: /n/holylabs/gershman_lab/Users/rtruong/dreamerv3-official-run/logdir/u14_seeds/frostbite_seed6/metrics.jsonlWriting metrics: /n/holylabs/gershman_lab/Users/rtruong/dreamerv3-official-run/logdir/u14_seeds/frostbite_seed6/scores.jsonl


--------------------[Agent Step 45_440]--------------------
Metrics filtered by: 'score|length|fps|ratio|train/loss/|train/rand/'
episode/score 220 / episode/length 831 / train/loss/con 0.02 / train/loss/dyn 2.4 / train/loss/image 4.78 / train/loss/policy 2.4e-3 / train/loss/rep 2.4 / train/loss/repval 2.57 / train/loss/rew 0.04 / train/loss/value 1.72 / train/rand/action 0.03 / replay/replay_ratio 260.15 / fps/policy 29.08 / fps/train 7448.19

Writing metrics: /n/holylabs/gershman_lab/Users/rtruong/dreamerv3-official-run/logdir/u14_seeds/frostbite_seed6/metrics.jsonlWriting metrics: /n/holylabs/gershman_lab/Users/rtruong/dreamerv3-official-run/logdir/u14_seeds/frostbite_seed6/scores.jsonl


--------------------[Agent Step 59_440]--------------------
Metrics filtered by: 'score|length|fps|ratio|train/loss/|train/rand/'
episode/score 250 / episode/length 705 / train/loss/con 0.02 / train/loss/dyn 2.31 / train/loss/image 3.34 / train/loss/policy 8.2e-4 / train/loss/rep 2.31 / train/loss/repval 2.11 / train/loss/rew 0.03 / train/loss/value 1.51 / train/rand/action 0.02 / replay/replay_ratio 260 / fps/policy 29.15 / fps/train 7462.64

Writing metrics: /n/holylabs/gershman_lab/Users/rtruong/dreamerv3-official-run/logdir/u14_seeds/frostbite_seed6/scores.jsonlWriting metrics: /n/holylabs/gershman_lab/Users/rtruong/dreamerv3-official-run/logdir/u14_seeds/frostbite_seed6/metrics.jsonl


--------------------[Agent Step 73_400]--------------------
Metrics filtered by: 'score|length|fps|ratio|train/loss/|train/rand/'
episode/score 250 / episode/length 683 / train/loss/con 0.02 / train/loss/dyn 1.86 / train/loss/image 2.49 / train/loss/policy 1.6e-4 / train/loss/rep 1.86 / train/loss/repval 1.96 / train/loss/rew 0.02 / train/loss/value 1.43 / train/rand/action 0.02 / replay/replay_ratio 259.85 / fps/policy 29.05 / fps/train 7432.44

Writing metrics: /n/holylabs/gershman_lab/Users/rtruong/dreamerv3-official-run/logdir/u14_seeds/frostbite_seed6/scores.jsonlWriting metrics: /n/holylabs/gershman_lab/Users/rtruong/dreamerv3-official-run/logdir/u14_seeds/frostbite_seed6/metrics.jsonl


--------------------[Agent Step 87_400]--------------------
Metrics filtered by: 'score|length|fps|ratio|train/loss/|train/rand/'
episode/score 250 / episode/length 561 / train/loss/con 0.02 / train/loss/dyn 1.66 / train/loss/image 1.96 / train/loss/policy 2.1e-3 / train/loss/rep 1.66 / train/loss/repval 2 / train/loss/rew 0.02 / train/loss/value 1.47 / train/rand/action 0.04 / replay/replay_ratio 260 / fps/policy 29.08 / fps/train 7443.62

Writing metrics: /n/holylabs/gershman_lab/Users/rtruong/dreamerv3-official-run/logdir/u14_seeds/frostbite_seed6/metrics.jsonlWriting metrics: /n/holylabs/gershman_lab/Users/rtruong/dreamerv3-official-run/logdir/u14_seeds/frostbite_seed6/scores.jsonl


--------------------[Agent Step 101_400]--------------------
Metrics filtered by: 'score|length|fps|ratio|train/loss/|train/rand/'
episode/score 210 / episode/length 429 / train/loss/con 0.02 / train/loss/dyn 1.77 / train/loss/image 1.68 / train/loss/policy 2e-3 / train/loss/rep 1.77 / train/loss/repval 1.92 / train/loss/rew 0.02 / train/loss/value 1.45 / train/rand/action 0.05 / replay/replay_ratio 260 / fps/policy 29.08 / fps/train 7445.27

Writing metrics: /n/holylabs/gershman_lab/Users/rtruong/dreamerv3-official-run/logdir/u14_seeds/frostbite_seed6/metrics.jsonlWriting metrics: /n/holylabs/gershman_lab/Users/rtruong/dreamerv3-official-run/logdir/u14_seeds/frostbite_seed6/scores.jsonl

Saving checkpoint: /n/holylabs/gershman_lab/Users/rtruong/dreamerv3-official-run/logdir/u14_seeds/frostbite_seed6/ckpt/20260923T180329F799097
Saved checkpoint.

--------------------[Agent Step 114_720]--------------------
Metrics filtered by: 'score|length|fps|ratio|train/loss/|train/rand/'
episode/score 220 / episode/length 575 / train/loss/con 0.02 / train/loss/dyn 1.79 / train/loss/image 1.8 / train/loss/policy 1.9e-3 / train/loss/rep 1.79 / train/loss/repval 1.87 / train/loss/rew 0.03 / train/loss/value 1.43 / train/rand/action 0.07 / replay/replay_ratio 260.16 / fps/policy 27.7 / fps/train 7095.32

Writing metrics: /n/holylabs/gershman_lab/Users/rtruong/dreamerv3-official-run/logdir/u14_seeds/frostbite_seed6/metrics.jsonlWriting metrics: /n/holylabs/gershman_lab/Users/rtruong/dreamerv3-official-run/logdir/u14_seeds/frostbite_seed6/scores.jsonl


--------------------[Agent Step 128_680]--------------------
Metrics filtered by: 'score|length|fps|ratio|train/loss/|train/rand/'
episode/score 220 / episode/length 522 / train/loss/con 0.02 / train/loss/dyn 1.72 / train/loss/image 1.39 / train/loss/policy 1e-3 / train/loss/rep 1.72 / train/loss/repval 1.78 / train/loss/rew 0.02 / train/loss/value 1.41 / train/rand/action 0.07 / replay/replay_ratio 259.85 / fps/policy 29.06 / fps/train 7434.86

Writing metrics: /n/holylabs/gershman_lab/Users/rtruong/dreamerv3-official-run/logdir/u14_seeds/frostbite_seed6/scores.jsonlWriting metrics: /n/holylabs/gershman_lab/Users/rtruong/dreamerv3-official-run/logdir/u14_seeds/frostbite_seed6/metrics.jsonl


--------------------[Agent Step 142_680]--------------------
Metrics filtered by: 'score|length|fps|ratio|train/loss/|train/rand/'
episode/score 860 / episode/length 1405 / train/loss/con 0.02 / train/loss/dyn 1.77 / train/loss/image 1.47 / train/loss/policy 2.8e-3 / train/loss/rep 1.77 / train/loss/repval 1.99 / train/loss/rew 0.03 / train/loss/value 1.51 / train/rand/action 0.07 / replay/replay_ratio 260 / fps/policy 29.08 / fps/train 7444.12

Writing metrics: /n/holylabs/gershman_lab/Users/rtruong/dreamerv3-official-run/logdir/u14_seeds/frostbite_seed6/metrics.jsonlWriting metrics: /n/holylabs/gershman_lab/Users/rtruong/dreamerv3-official-run/logdir/u14_seeds/frostbite_seed6/scores.jsonl


--------------------[Agent Step 156_640]--------------------
Metrics filtered by: 'score|length|fps|ratio|train/loss/|train/rand/'
episode/score 1560 / episode/length 872 / train/loss/con 0.02 / train/loss/dyn 1.71 / train/loss/image 1.58 / train/loss/policy 2.7e-3 / train/loss/rep 1.71 / train/loss/repval 2.21 / train/loss/rew 0.04 / train/loss/value 1.64 / train/rand/action 0.05 / replay/replay_ratio 260.15 / fps/policy 29.07 / fps/train 7445.68

Writing metrics: /n/holylabs/gershman_lab/Users/rtruong/dreamerv3-official-run/logdir/u14_seeds/frostbite_seed6/scores.jsonlWriting metrics: /n/holylabs/gershman_lab/Users/rtruong/dreamerv3-official-run/logdir/u14_seeds/frostbite_seed6/metrics.jsonl


--------------------[Agent Step 170_600]--------------------
Metrics filtered by: 'score|length|fps|ratio|train/loss/|train/rand/'
episode/score 2390 / episode/length 913 / train/loss/con 0.02 / train/loss/dyn 1.77 / train/loss/image 1.56 / train/loss/policy 3.6e-3 / train/loss/rep 1.77 / train/loss/repval 2.28 / train/loss/rew 0.05 / train/loss/value 1.7 / train/rand/action 0.05 / replay/replay_ratio 259.85 / fps/policy 29.05 / fps/train 7431.52

Writing metrics: /n/holylabs/gershman_lab/Users/rtruong/dreamerv3-official-run/logdir/u14_seeds/frostbite_seed6/scores.jsonlWriting metrics: /n/holylabs/gershman_lab/Users/rtruong/dreamerv3-official-run/logdir/u14_seeds/frostbite_seed6/metrics.jsonl


--------------------[Agent Step 184_560]--------------------
Metrics filtered by: 'score|length|fps|ratio|train/loss/|train/rand/'
episode/score 1380 / episode/length 834 / train/loss/con 0.02 / train/loss/dyn 1.69 / train/loss/image 1.43 / train/loss/policy 2.1e-3 / train/loss/rep 1.69 / train/loss/repval 2.14 / train/loss/rew 0.05 / train/loss/value 1.62 / train/rand/action 0.06 / replay/replay_ratio 260.15 / fps/policy 29.01 / fps/train 7431.47

Writing metrics: /n/holylabs/gershman_lab/Users/rtruong/dreamerv3-official-run/logdir/u14_seeds/frostbite_seed6/scores.jsonlWriting metrics: /n/holylabs/gershman_lab/Users/rtruong/dreamerv3-official-run/logdir/u14_seeds/frostbite_seed6/metrics.jsonl


--------------------[Agent Step 198_520]--------------------
Metrics filtered by: 'score|length|fps|ratio|train/loss/|train/rand/'
episode/score 1840 / episode/length 983 / train/loss/con 0.02 / train/loss/dyn 1.65 / train/loss/image 1.29 / train/loss/policy 1.5e-3 / train/loss/rep 1.65 / train/loss/repval 2.14 / train/loss/rew 0.05 / train/loss/value 1.61 / train/rand/action 0.06 / replay/replay_ratio 259.85 / fps/policy 29.08 / fps/train 7439.32

Writing metrics: /n/holylabs/gershman_lab/Users/rtruong/dreamerv3-official-run/logdir/u14_seeds/frostbite_seed6/metrics.jsonlWriting metrics: /n/holylabs/gershman_lab/Users/rtruong/dreamerv3-official-run/logdir/u14_seeds/frostbite_seed6/scores.jsonl

Saving checkpoint: /n/holylabs/gershman_lab/Users/rtruong/dreamerv3-official-run/logdir/u14_seeds/frostbite_seed6/ckpt/20260923T181830F135420
Saved checkpoint.

--------------------[Agent Step 212_240]--------------------
Metrics filtered by: 'score|length|fps|ratio|train/loss/|train/rand/'
episode/score 2740 / episode/length 960 / train/loss/con 0.02 / train/loss/dyn 1.58 / train/loss/image 1.24 / train/loss/policy 1.6e-3 / train/loss/rep 1.58 / train/loss/repval 1.98 / train/loss/rew 0.06 / train/loss/value 1.5 / train/rand/action 0.06 / replay/replay_ratio 260.15 / fps/policy 27.55 / fps/train 7055.8

Writing metrics: /n/holylabs/gershman_lab/Users/rtruong/dreamerv3-official-run/logdir/u14_seeds/frostbite_seed6/metrics.jsonl
Writing metrics: /n/holylabs/gershman_lab/Users/rtruong/dreamerv3-official-run/logdir/u14_seeds/frostbite_seed6/scores.jsonl

--------------------[Agent Step 226_200]--------------------
Metrics filtered by: 'score|length|fps|ratio|train/loss/|train/rand/'
episode/score 2410 / episode/length 958 / train/loss/con 0.02 / train/loss/dyn 1.62 / train/loss/image 1.22 / train/loss/policy 1.4e-3 / train/loss/rep 1.62 / train/loss/repval 1.96 / train/loss/rew 0.06 / train/loss/value 1.47 / train/rand/action 0.06 / replay/replay_ratio 259.85 / fps/policy 29.02 / fps/train 7424.72

Writing metrics: /n/holylabs/gershman_lab/Users/rtruong/dreamerv3-official-run/logdir/u14_seeds/frostbite_seed6/metrics.jsonlWriting metrics: /n/holylabs/gershman_lab/Users/rtruong/dreamerv3-official-run/logdir/u14_seeds/frostbite_seed6/scores.jsonl


--------------------[Agent Step 240_160]--------------------
Metrics filtered by: 'score|length|fps|ratio|train/loss/|train/rand/'
episode/score 2930 / episode/length 905 / train/loss/con 0.02 / train/loss/dyn 1.51 / train/loss/image 1.07 / train/loss/policy 1.5e-3 / train/loss/rep 1.51 / train/loss/repval 1.9 / train/loss/rew 0.06 / train/loss/value 1.43 / train/rand/action 0.07 / replay/replay_ratio 260.15 / fps/policy 29.06 / fps/train 7443.31

Writing metrics: /n/holylabs/gershman_lab/Users/rtruong/dreamerv3-official-run/logdir/u14_seeds/frostbite_seed6/metrics.jsonlWriting metrics: /n/holylabs/gershman_lab/Users/rtruong/dreamerv3-official-run/logdir/u14_seeds/frostbite_seed6/scores.jsonl


--------------------[Agent Step 254_120]--------------------
Metrics filtered by: 'score|length|fps|ratio|train/loss/|train/rand/'
episode/score 1120 / episode/length 731 / train/loss/con 0.02 / train/loss/dyn 1.47 / train/loss/image 1 / train/loss/policy 1.2e-3 / train/loss/rep 1.47 / train/loss/repval 1.66 / train/loss/rew 0.07 / train/loss/value 1.29 / train/rand/action 0.08 / replay/replay_ratio 259.85 / fps/policy 29.05 / fps/train 7431.46

Writing metrics: /n/holylabs/gershman_lab/Users/rtruong/dreamerv3-official-run/logdir/u14_seeds/frostbite_seed6/metrics.jsonlWriting metrics: /n/holylabs/gershman_lab/Users/rtruong/dreamerv3-official-run/logdir/u14_seeds/frostbite_seed6/scores.jsonl


--------------------[Agent Step 268_120]--------------------
Metrics filtered by: 'score|length|fps|ratio|train/loss/|train/rand/'
episode/score 2190 / episode/length 829 / train/loss/con 0.02 / train/loss/dyn 1.47 / train/loss/image 0.97 / train/loss/policy 1.4e-3 / train/loss/rep 1.47 / train/loss/repval 1.76 / train/loss/rew 0.07 / train/loss/value 1.33 / train/rand/action 0.09 / replay/replay_ratio 260 / fps/policy 29.1 / fps/train 7449.61

Writing metrics: /n/holylabs/gershman_lab/Users/rtruong/dreamerv3-official-run/logdir/u14_seeds/frostbite_seed6/scores.jsonlWriting metrics: /n/holylabs/gershman_lab/Users/rtruong/dreamerv3-official-run/logdir/u14_seeds/frostbite_seed6/metrics.jsonl


--------------------[Agent Step 282_120]--------------------
Metrics filtered by: 'score|length|fps|ratio|train/loss/|train/rand/'
episode/score 3050 / episode/length 909 / train/loss/con 0.02 / train/loss/dyn 1.42 / train/loss/image 0.9 / train/loss/policy 1.1e-3 / train/loss/rep 1.42 / train/loss/repval 1.62 / train/loss/rew 0.07 / train/loss/value 1.27 / train/rand/action 0.09 / replay/replay_ratio 260 / fps/policy 29.08 / fps/train 7445.11

Writing metrics: /n/holylabs/gershman_lab/Users/rtruong/dreamerv3-official-run/logdir/u14_seeds/frostbite_seed6/scores.jsonlWriting metrics: /n/holylabs/gershman_lab/Users/rtruong/dreamerv3-official-run/logdir/u14_seeds/frostbite_seed6/metrics.jsonl


--------------------[Agent Step 296_080]--------------------
Metrics filtered by: 'score|length|fps|ratio|train/loss/|train/rand/'
episode/score 2190 / episode/length 852 / train/loss/con 0.02 / train/loss/dyn 1.5 / train/loss/image 0.9 / train/loss/policy 1.1e-3 / train/loss/rep 1.5 / train/loss/repval 1.59 / train/loss/rew 0.07 / train/loss/value 1.24 / train/rand/action 0.1 / replay/replay_ratio 260.15 / fps/policy 29.07 / fps/train 7446.05

Writing metrics: /n/holylabs/gershman_lab/Users/rtruong/dreamerv3-official-run/logdir/u14_seeds/frostbite_seed6/scores.jsonlWriting metrics: /n/holylabs/gershman_lab/Users/rtruong/dreamerv3-official-run/logdir/u14_seeds/frostbite_seed6/metrics.jsonl


--------------------[Agent Step 310_080]--------------------
Metrics filtered by: 'score|length|fps|ratio|train/loss/|train/rand/'
episode/score 1400 / episode/length 868 / train/loss/con 0.02 / train/loss/dyn 1.47 / train/loss/image 0.91 / train/loss/policy 1.3e-3 / train/loss/rep 1.47 / train/loss/repval 1.58 / train/loss/rew 0.07 / train/loss/value 1.23 / train/rand/action 0.12 / replay/replay_ratio 260 / fps/policy 29.09 / fps/train 7447.17

Writing metrics: /n/holylabs/gershman_lab/Users/rtruong/dreamerv3-official-run/logdir/u14_seeds/frostbite_seed6/metrics.jsonl
Writing metrics: /n/holylabs/gershman_lab/Users/rtruong/dreamerv3-official-run/logdir/u14_seeds/frostbite_seed6/scores.jsonl
Saving checkpoint: /n/holylabs/gershman_lab/Users/rtruong/dreamerv3-official-run/logdir/u14_seeds/frostbite_seed6/ckpt/20260923T183330F166557
Saved checkpoint.

--------------------[Agent Step 323_400]--------------------
Metrics filtered by: 'score|length|fps|ratio|train/loss/|train/rand/'
episode/score 1640 / episode/length 886 / train/loss/con 0.02 / train/loss/dyn 1.47 / train/loss/image 0.86 / train/loss/policy 1.5e-3 / train/loss/rep 1.47 / train/loss/repval 1.59 / train/loss/rew 0.07 / train/loss/value 1.24 / train/rand/action 0.14 / replay/replay_ratio 259.84 / fps/policy 27.72 / fps/train 7091.17

Writing metrics: /n/holylabs/gershman_lab/Users/rtruong/dreamerv3-official-run/logdir/u14_seeds/frostbite_seed6/metrics.jsonlWriting metrics: /n/holylabs/gershman_lab/Users/rtruong/dreamerv3-official-run/logdir/u14_seeds/frostbite_seed6/scores.jsonl


--------------------[Agent Step 337_400]--------------------
Metrics filtered by: 'score|length|fps|ratio|train/loss/|train/rand/'
episode/score 2270 / episode/length 939 / train/loss/con 0.02 / train/loss/dyn 1.46 / train/loss/image 0.87 / train/loss/policy 1.8e-3 / train/loss/rep 1.46 / train/loss/repval 1.53 / train/loss/rew 0.07 / train/loss/value 1.19 / train/rand/action 0.16 / replay/replay_ratio 260 / fps/policy 29.1 / fps/train 7448.99

Writing metrics: /n/holylabs/gershman_lab/Users/rtruong/dreamerv3-official-run/logdir/u14_seeds/frostbite_seed6/scores.jsonlWriting metrics: /n/holylabs/gershman_lab/Users/rtruong/dreamerv3-official-run/logdir/u14_seeds/frostbite_seed6/metrics.jsonl


--------------------[Agent Step 351_360]--------------------
Metrics filtered by: 'score|length|fps|ratio|train/loss/|train/rand/'
episode/score 3210 / episode/length 1036 / train/loss/con 0.02 / train/loss/dyn 1.39 / train/loss/image 0.8 / train/loss/policy 1.5e-3 / train/loss/rep 1.39 / train/loss/repval 1.51 / train/loss/rew 0.07 / train/loss/value 1.18 / train/rand/action 0.15 / replay/replay_ratio 260.15 / fps/policy 29.08 / fps/train 7448.84

Writing metrics: /n/holylabs/gershman_lab/Users/rtruong/dreamerv3-official-run/logdir/u14_seeds/frostbite_seed6/scores.jsonlWriting metrics: /n/holylabs/gershman_lab/Users/rtruong/dreamerv3-official-run/logdir/u14_seeds/frostbite_seed6/metrics.jsonl


--------------------[Agent Step 365_360]--------------------
Metrics filtered by: 'score|length|fps|ratio|train/loss/|train/rand/'
episode/score 2200 / episode/length 868 / train/loss/con 0.02 / train/loss/dyn 1.4 / train/loss/image 0.83 / train/loss/policy 1.8e-3 / train/loss/rep 1.4 / train/loss/repval 1.48 / train/loss/rew 0.07 / train/loss/value 1.15 / train/rand/action 0.14 / replay/replay_ratio 260 / fps/policy 29.15 / fps/train 7461.36

Writing metrics: /n/holylabs/gershman_lab/Users/rtruong/dreamerv3-official-run/logdir/u14_seeds/frostbite_seed6/scores.jsonlWriting metrics: /n/holylabs/gershman_lab/Users/rtruong/dreamerv3-official-run/logdir/u14_seeds/frostbite_seed6/metrics.jsonl


--------------------[Agent Step 379_360]--------------------
Metrics filtered by: 'score|length|fps|ratio|train/loss/|train/rand/'
episode/score 1400 / episode/length 863 / train/loss/con 0.02 / train/loss/dyn 1.37 / train/loss/image 0.78 / train/loss/policy 1.6e-3 / train/loss/rep 1.37 / train/loss/repval 1.56 / train/loss/rew 0.07 / train/loss/value 1.19 / train/rand/action 0.14 / replay/replay_ratio 260 / fps/policy 29.12 / fps/train 7454.85

Writing metrics: /n/holylabs/gershman_lab/Users/rtruong/dreamerv3-official-run/logdir/u14_seeds/frostbite_seed6/metrics.jsonlWriting metrics: /n/holylabs/gershman_lab/Users/rtruong/dreamerv3-official-run/logdir/u14_seeds/frostbite_seed6/scores.jsonl


--------------------[Agent Step 393_360]--------------------
Metrics filtered by: 'score|length|fps|ratio|train/loss/|train/rand/'
episode/score 2690 / episode/length 1068 / train/loss/con 0.02 / train/loss/dyn 1.4 / train/loss/image 0.77 / train/loss/policy 1.1e-3 / train/loss/rep 1.4 / train/loss/repval 1.54 / train/loss/rew 0.06 / train/loss/value 1.2 / train/rand/action 0.14 / replay/replay_ratio 260 / fps/policy 29.14 / fps/train 7460.81

Writing metrics: /n/holylabs/gershman_lab/Users/rtruong/dreamerv3-official-run/logdir/u14_seeds/frostbite_seed6/scores.jsonlWriting metrics: /n/holylabs/gershman_lab/Users/rtruong/dreamerv3-official-run/logdir/u14_seeds/frostbite_seed6/metrics.jsonl


--------------------[Agent Step 407_360]--------------------
Metrics filtered by: 'score|length|fps|ratio|train/loss/|train/rand/'
episode/score 3680 / episode/length 1090 / train/loss/con 0.02 / train/loss/dyn 1.37 / train/loss/image 0.74 / train/loss/policy 1.4e-3 / train/loss/rep 1.37 / train/loss/repval 1.48 / train/loss/rew 0.06 / train/loss/value 1.17 / train/rand/action 0.15 / replay/replay_ratio 260 / fps/policy 29.11 / fps/train 7451.08

Writing metrics: /n/holylabs/gershman_lab/Users/rtruong/dreamerv3-official-run/logdir/u14_seeds/frostbite_seed6/scores.jsonlWriting metrics: /n/holylabs/gershman_lab/Users/rtruong/dreamerv3-official-run/logdir/u14_seeds/frostbite_seed6/metrics.jsonl

Saving checkpoint: /n/holylabs/gershman_lab/Users/rtruong/dreamerv3-official-run/logdir/u14_seeds/frostbite_seed6/ckpt/20260923T184830F502877
Saved checkpoint.

--------------------[Agent Step 420_920]--------------------
Metrics filtered by: 'score|length|fps|ratio|train/loss/|train/rand/'
episode/score 2040 / episode/length 962 / train/loss/con 0.02 / train/loss/dyn 1.37 / train/loss/image 0.78 / train/loss/policy 1.6e-3 / train/loss/rep 1.37 / train/loss/repval 1.53 / train/loss/rew 0.06 / train/loss/value 1.19 / train/rand/action 0.14 / replay/replay_ratio 259.85 / fps/policy 28.2 / fps/train 7215.94

Writing metrics: /n/holylabs/gershman_lab/Users/rtruong/dreamerv3-official-run/logdir/u14_seeds/frostbite_seed6/scores.jsonlWriting metrics: /n/holylabs/gershman_lab/Users/rtruong/dreamerv3-official-run/logdir/u14_seeds/frostbite_seed6/metrics.jsonl


--------------------[Agent Step 434_920]--------------------
Metrics filtered by: 'score|length|fps|ratio|train/loss/|train/rand/'
episode/score 2800 / episode/length 1022 / train/loss/con 0.02 / train/loss/dyn 1.32 / train/loss/image 0.71 / train/loss/policy 1.6e-3 / train/loss/rep 1.32 / train/loss/repval 1.48 / train/loss/rew 0.06 / train/loss/value 1.17 / train/rand/action 0.15 / replay/replay_ratio 260 / fps/policy 29.14 / fps/train 7460.94

Writing metrics: /n/holylabs/gershman_lab/Users/rtruong/dreamerv3-official-run/logdir/u14_seeds/frostbite_seed6/scores.jsonlWriting metrics: /n/holylabs/gershman_lab/Users/rtruong/dreamerv3-official-run/logdir/u14_seeds/frostbite_seed6/metrics.jsonl


--------------------[Agent Step 439_872]--------------------
Metrics filtered by: 'score|length|fps|ratio|train/loss/|train/rand/'
episode/score 1010 / episode/length 782

Writing metrics: /n/holylabs/gershman_lab/Users/rtruong/dreamerv3-official-run/logdir/u14_seeds/frostbite_seed6/metrics.jsonlWriting metrics: /n/holylabs/gershman_lab/Users/rtruong/dreamerv3-official-run/logdir/u14_seeds/frostbite_seed6/scores.jsonl

EXIT=0
