NVIDIA H100 80GB HBM3, 81559 MiB
jax 0.4.33 ale_py 0.9.0 [CudaDevice(id=0)]
---  ___                           __   ______ ---
--- |   \ _ _ ___ __ _ _ __  ___ _ \ \ / /__ / ---
--- | |) | '_/ -_) _` | '  \/ -_) '/\ V / |_ \ ---
--- |___/|_| \___\__,_|_|_|_\___|_|  \_/ |___/ ---
Replica: 0 / 1
Logdir: /n/holylabs/gershman_lab/Users/rtruong/dreamerv3-official-run/logdir/u14_seeds/frostbite_seed14
Run script: train
Observations
  image            Space(uint8, shape=(64, 64, 3), low=0, high=255)
  reward           Space(float32, shape=(), low=-inf, high=inf)
  is_first         Space(bool, shape=(), low=False, high=True)
  is_last          Space(bool, shape=(), low=False, high=True)
  is_terminal      Space(bool, shape=(), low=False, high=True)
Actions
  action           Space(int32, shape=(), low=0, high=18)
Extras
  consec           Space(int32, shape=(), low=-2147483648, high=2147483647)
  stepid           Space(uint8, shape=(20,), low=0, high=255)
  dyn/deter        Space(float32, shape=(8192,), low=-inf, high=inf)
  dyn/stoch        Space(float32, shape=(32, 64), low=-inf, high=inf)
JAX devices (1): [cuda:0]
Policy devices: cuda:0
Train devices:  cuda:0
Initializing parameters...
Optimizer opt has 165,967,124 params:
    95,496,192 dyn
    20,282,115 dec
    12,850,431 val
    12,607,506 pol
    10,749,183 rew
    10,488,833 con
     3,492,864 enc
Done initializing!
Compiling 1 checkpoint groups...
Largest checkpoint group: 2 GB
Compiling train and report...
Train cost analysis:
  FLOPS:            4.4e+11
  Memory (temp):    5.3e+09
  Memory (inputs):  2.1e+09
  Memory (outputs): 2.1e+09
  Memory (code):    3.9e+06

Report cost analysis:
  FLOPS:            1.0e+10
  Memory (temp):    6.7e+08
  Memory (inputs):  5.1e+08
  Memory (outputs): 1.0e+07
  Memory (code):    8.2e+06

Done compiling!
Did not find any checkpoint.
Saving checkpoint: /n/holylabs/gershman_lab/Users/rtruong/dreamerv3-official-run/logdir/u14_seeds/frostbite_seed14/ckpt/20260923T175132F224533
Saved checkpoint.
Start training loop
Start JAX profiler: /n/holylabs/gershman_lab/Users/rtruong/dreamerv3-official-run/logdir/u14_seeds/frostbite_seed14
Stop JAX profiler

--------------------[Agent Step 17_440]--------------------
Metrics filtered by: 'score|length|fps|ratio|train/loss/|train/rand/'
episode/score 40 / episode/length 519 / train/loss/con 0.05 / train/loss/dyn 5.49 / train/loss/image 164.76 / train/loss/policy 1.35 / train/loss/rep 5.49 / train/loss/repval 6.34 / train/loss/rew 1.5 / train/loss/value 4.77 / train/rand/action 0.9 / replay/replay_ratio 198.51 / fps/policy 33.64 / fps/train 6471.64

Writing metrics: /n/holylabs/gershman_lab/Users/rtruong/dreamerv3-official-run/logdir/u14_seeds/frostbite_seed14/metrics.jsonl
Writing metrics: /n/holylabs/gershman_lab/Users/rtruong/dreamerv3-official-run/logdir/u14_seeds/frostbite_seed14/scores.jsonl

--------------------[Agent Step 31_240]--------------------
Metrics filtered by: 'score|length|fps|ratio|train/loss/|train/rand/'
episode/score 180 / episode/length 406 / train/loss/con 0.03 / train/loss/dyn 2.74 / train/loss/image 6.88 / train/loss/policy 0.02 / train/loss/rep 2.74 / train/loss/repval 3.24 / train/loss/rew 0.05 / train/loss/value 2.08 / train/rand/action 0.18 / replay/replay_ratio 259.85 / fps/policy 28.72 / fps/train 7348.36

Writing metrics: /n/holylabs/gershman_lab/Users/rtruong/dreamerv3-official-run/logdir/u14_seeds/frostbite_seed14/scores.jsonl
Writing metrics: /n/holylabs/gershman_lab/Users/rtruong/dreamerv3-official-run/logdir/u14_seeds/frostbite_seed14/metrics.jsonl

--------------------[Agent Step 45_160]--------------------
Metrics filtered by: 'score|length|fps|ratio|train/loss/|train/rand/'
episode/score 90 / episode/length 320 / train/loss/con 0.03 / train/loss/dyn 2.28 / train/loss/image 4.01 / train/loss/policy 7.2e-3 / train/loss/rep 2.28 / train/loss/repval 2.26 / train/loss/rew 0.04 / train/loss/value 1.51 / train/rand/action 0.12 / replay/replay_ratio 260 / fps/policy 28.98 / fps/train 7419.08

Writing metrics: /n/holylabs/gershman_lab/Users/rtruong/dreamerv3-official-run/logdir/u14_seeds/frostbite_seed14/metrics.jsonlWriting metrics: /n/holylabs/gershman_lab/Users/rtruong/dreamerv3-official-run/logdir/u14_seeds/frostbite_seed14/scores.jsonl


--------------------[Agent Step 59_080]--------------------
Metrics filtered by: 'score|length|fps|ratio|train/loss/|train/rand/'
episode/score 160 / episode/length 447 / train/loss/con 0.02 / train/loss/dyn 2.1 / train/loss/image 2.81 / train/loss/policy 2.4e-3 / train/loss/rep 2.1 / train/loss/repval 1.96 / train/loss/rew 0.03 / train/loss/value 1.44 / train/rand/action 0.12 / replay/replay_ratio 260 / fps/policy 28.99 / fps/train 7422.26

Writing metrics: /n/holylabs/gershman_lab/Users/rtruong/dreamerv3-official-run/logdir/u14_seeds/frostbite_seed14/metrics.jsonlWriting metrics: /n/holylabs/gershman_lab/Users/rtruong/dreamerv3-official-run/logdir/u14_seeds/frostbite_seed14/scores.jsonl


--------------------[Agent Step 73_000]--------------------
Metrics filtered by: 'score|length|fps|ratio|train/loss/|train/rand/'
episode/score 120 / episode/length 332 / train/loss/con 0.02 / train/loss/dyn 1.91 / train/loss/image 2.03 / train/loss/policy 6.9e-4 / train/loss/rep 1.91 / train/loss/repval 1.81 / train/loss/rew 0.02 / train/loss/value 1.36 / train/rand/action 0.11 / replay/replay_ratio 260 / fps/policy 28.99 / fps/train 7421.2

Writing metrics: /n/holylabs/gershman_lab/Users/rtruong/dreamerv3-official-run/logdir/u14_seeds/frostbite_seed14/metrics.jsonlWriting metrics: /n/holylabs/gershman_lab/Users/rtruong/dreamerv3-official-run/logdir/u14_seeds/frostbite_seed14/scores.jsonl


--------------------[Agent Step 86_960]--------------------
Metrics filtered by: 'score|length|fps|ratio|train/loss/|train/rand/'
episode/score 200 / episode/length 643 / train/loss/con 0.02 / train/loss/dyn 1.84 / train/loss/image 1.65 / train/loss/policy 2.3e-3 / train/loss/rep 1.84 / train/loss/repval 1.89 / train/loss/rew 0.02 / train/loss/value 1.44 / train/rand/action 0.16 / replay/replay_ratio 260.15 / fps/policy 29.02 / fps/train 7433.39

Writing metrics: /n/holylabs/gershman_lab/Users/rtruong/dreamerv3-official-run/logdir/u14_seeds/frostbite_seed14/metrics.jsonlWriting metrics: /n/holylabs/gershman_lab/Users/rtruong/dreamerv3-official-run/logdir/u14_seeds/frostbite_seed14/scores.jsonl


--------------------[Agent Step 100_920]--------------------
Metrics filtered by: 'score|length|fps|ratio|train/loss/|train/rand/'
episode/score 140 / episode/length 404 / train/loss/con 0.02 / train/loss/dyn 1.82 / train/loss/image 1.57 / train/loss/policy 3e-3 / train/loss/rep 1.82 / train/loss/repval 1.94 / train/loss/rew 0.02 / train/loss/value 1.52 / train/rand/action 0.15 / replay/replay_ratio 259.85 / fps/policy 29.03 / fps/train 7427.22

Writing metrics: /n/holylabs/gershman_lab/Users/rtruong/dreamerv3-official-run/logdir/u14_seeds/frostbite_seed14/scores.jsonlWriting metrics: /n/holylabs/gershman_lab/Users/rtruong/dreamerv3-official-run/logdir/u14_seeds/frostbite_seed14/metrics.jsonl

Saving checkpoint: /n/holylabs/gershman_lab/Users/rtruong/dreamerv3-official-run/logdir/u14_seeds/frostbite_seed14/ckpt/20260923T180641F636690
Saved checkpoint.

--------------------[Agent Step 114_360]--------------------
Metrics filtered by: 'score|length|fps|ratio|train/loss/|train/rand/'
episode/score 200 / episode/length 488 / train/loss/con 0.02 / train/loss/dyn 1.78 / train/loss/image 1.42 / train/loss/policy 3e-3 / train/loss/rep 1.78 / train/loss/repval 1.94 / train/loss/rew 0.02 / train/loss/value 1.5 / train/rand/action 0.16 / replay/replay_ratio 260 / fps/policy 27.99 / fps/train 7165.68

Writing metrics: /n/holylabs/gershman_lab/Users/rtruong/dreamerv3-official-run/logdir/u14_seeds/frostbite_seed14/scores.jsonl
Writing metrics: /n/holylabs/gershman_lab/Users/rtruong/dreamerv3-official-run/logdir/u14_seeds/frostbite_seed14/metrics.jsonl

--------------------[Agent Step 128_320]--------------------
Metrics filtered by: 'score|length|fps|ratio|train/loss/|train/rand/'
episode/score 220 / episode/length 492 / train/loss/con 0.02 / train/loss/dyn 1.82 / train/loss/image 1.3 / train/loss/policy 3.1e-3 / train/loss/rep 1.82 / train/loss/repval 1.9 / train/loss/rew 0.02 / train/loss/value 1.47 / train/rand/action 0.17 / replay/replay_ratio 260.15 / fps/policy 29.07 / fps/train 7444.96

Writing metrics: /n/holylabs/gershman_lab/Users/rtruong/dreamerv3-official-run/logdir/u14_seeds/frostbite_seed14/metrics.jsonlWriting metrics: /n/holylabs/gershman_lab/Users/rtruong/dreamerv3-official-run/logdir/u14_seeds/frostbite_seed14/scores.jsonl


--------------------[Agent Step 142_280]--------------------
Metrics filtered by: 'score|length|fps|ratio|train/loss/|train/rand/'
episode/score 220 / episode/length 498 / train/loss/con 0.02 / train/loss/dyn 1.68 / train/loss/image 1.17 / train/loss/policy 3.4e-3 / train/loss/rep 1.68 / train/loss/repval 1.85 / train/loss/rew 0.02 / train/loss/value 1.46 / train/rand/action 0.18 / replay/replay_ratio 259.85 / fps/policy 29.07 / fps/train 7438.38

Writing metrics: /n/holylabs/gershman_lab/Users/rtruong/dreamerv3-official-run/logdir/u14_seeds/frostbite_seed14/scores.jsonlWriting metrics: /n/holylabs/gershman_lab/Users/rtruong/dreamerv3-official-run/logdir/u14_seeds/frostbite_seed14/metrics.jsonl


--------------------[Agent Step 156_240]--------------------
Metrics filtered by: 'score|length|fps|ratio|train/loss/|train/rand/'
episode/score 200 / episode/length 469 / train/loss/con 0.02 / train/loss/dyn 1.69 / train/loss/image 1.08 / train/loss/policy 1.8e-3 / train/loss/rep 1.69 / train/loss/repval 1.76 / train/loss/rew 0.02 / train/loss/value 1.4 / train/rand/action 0.19 / replay/replay_ratio 260.15 / fps/policy 29.02 / fps/train 7432.56

Writing metrics: /n/holylabs/gershman_lab/Users/rtruong/dreamerv3-official-run/logdir/u14_seeds/frostbite_seed14/metrics.jsonlWriting metrics: /n/holylabs/gershman_lab/Users/rtruong/dreamerv3-official-run/logdir/u14_seeds/frostbite_seed14/scores.jsonl


--------------------[Agent Step 170_200]--------------------
Metrics filtered by: 'score|length|fps|ratio|train/loss/|train/rand/'
episode/score 220 / episode/length 489 / train/loss/con 0.02 / train/loss/dyn 1.57 / train/loss/image 0.94 / train/loss/policy 1.8e-3 / train/loss/rep 1.57 / train/loss/repval 1.63 / train/loss/rew 0.02 / train/loss/value 1.32 / train/rand/action 0.22 / replay/replay_ratio 259.85 / fps/policy 29.05 / fps/train 7433.66

Writing metrics: /n/holylabs/gershman_lab/Users/rtruong/dreamerv3-official-run/logdir/u14_seeds/frostbite_seed14/metrics.jsonlWriting metrics: /n/holylabs/gershman_lab/Users/rtruong/dreamerv3-official-run/logdir/u14_seeds/frostbite_seed14/scores.jsonl


--------------------[Agent Step 184_160]--------------------
Metrics filtered by: 'score|length|fps|ratio|train/loss/|train/rand/'
episode/score 220 / episode/length 487 / train/loss/con 0.02 / train/loss/dyn 1.48 / train/loss/image 0.84 / train/loss/policy 1.6e-3 / train/loss/rep 1.48 / train/loss/repval 1.57 / train/loss/rew 0.02 / train/loss/value 1.3 / train/rand/action 0.25 / replay/replay_ratio 260.15 / fps/policy 29.03 / fps/train 7435.29

Writing metrics: /n/holylabs/gershman_lab/Users/rtruong/dreamerv3-official-run/logdir/u14_seeds/frostbite_seed14/metrics.jsonl
Writing metrics: /n/holylabs/gershman_lab/Users/rtruong/dreamerv3-official-run/logdir/u14_seeds/frostbite_seed14/scores.jsonl

--------------------[Agent Step 198_080]--------------------
Metrics filtered by: 'score|length|fps|ratio|train/loss/|train/rand/'
episode/score 1230 / episode/length 910 / train/loss/con 0.02 / train/loss/dyn 1.53 / train/loss/image 1.03 / train/loss/policy 2.9e-3 / train/loss/rep 1.53 / train/loss/repval 1.61 / train/loss/rew 0.03 / train/loss/value 1.3 / train/rand/action 0.25 / replay/replay_ratio 260 / fps/policy 28.98 / fps/train 7420.15

Writing metrics: /n/holylabs/gershman_lab/Users/rtruong/dreamerv3-official-run/logdir/u14_seeds/frostbite_seed14/metrics.jsonlWriting metrics: /n/holylabs/gershman_lab/Users/rtruong/dreamerv3-official-run/logdir/u14_seeds/frostbite_seed14/scores.jsonl

Saving checkpoint: /n/holylabs/gershman_lab/Users/rtruong/dreamerv3-official-run/logdir/u14_seeds/frostbite_seed14/ckpt/20260923T182141F726564
Saved checkpoint.

--------------------[Agent Step 211_880]--------------------
Metrics filtered by: 'score|length|fps|ratio|train/loss/|train/rand/'
episode/score 1010 / episode/length 1311 / train/loss/con 0.02 / train/loss/dyn 1.5 / train/loss/image 1.48 / train/loss/policy 6.1e-3 / train/loss/rep 1.5 / train/loss/repval 1.77 / train/loss/rew 0.03 / train/loss/value 1.38 / train/rand/action 0.16 / replay/replay_ratio 259.85 / fps/policy 27.41 / fps/train 7011.63

Writing metrics: /n/holylabs/gershman_lab/Users/rtruong/dreamerv3-official-run/logdir/u14_seeds/frostbite_seed14/scores.jsonl
Writing metrics: /n/holylabs/gershman_lab/Users/rtruong/dreamerv3-official-run/logdir/u14_seeds/frostbite_seed14/metrics.jsonl

--------------------[Agent Step 225_800]--------------------
Metrics filtered by: 'score|length|fps|ratio|train/loss/|train/rand/'
episode/score 160 / episode/length 422 / train/loss/con 0.02 / train/loss/dyn 1.51 / train/loss/image 1.22 / train/loss/policy 6e-3 / train/loss/rep 1.51 / train/loss/repval 1.86 / train/loss/rew 0.04 / train/loss/value 1.42 / train/rand/action 0.15 / replay/replay_ratio 260 / fps/policy 28.97 / fps/train 7415.58

Writing metrics: /n/holylabs/gershman_lab/Users/rtruong/dreamerv3-official-run/logdir/u14_seeds/frostbite_seed14/metrics.jsonlWriting metrics: /n/holylabs/gershman_lab/Users/rtruong/dreamerv3-official-run/logdir/u14_seeds/frostbite_seed14/scores.jsonl


--------------------[Agent Step 239_760]--------------------
Metrics filtered by: 'score|length|fps|ratio|train/loss/|train/rand/'
episode/score 890 / episode/length 771 / train/loss/con 0.02 / train/loss/dyn 1.46 / train/loss/image 1.12 / train/loss/policy 5.7e-3 / train/loss/rep 1.46 / train/loss/repval 1.95 / train/loss/rew 0.04 / train/loss/value 1.48 / train/rand/action 0.16 / replay/replay_ratio 260.15 / fps/policy 29.06 / fps/train 7443.39

Writing metrics: /n/holylabs/gershman_lab/Users/rtruong/dreamerv3-official-run/logdir/u14_seeds/frostbite_seed14/metrics.jsonlWriting metrics: /n/holylabs/gershman_lab/Users/rtruong/dreamerv3-official-run/logdir/u14_seeds/frostbite_seed14/scores.jsonl


--------------------[Agent Step 253_720]--------------------
Metrics filtered by: 'score|length|fps|ratio|train/loss/|train/rand/'
episode/score 1000 / episode/length 752 / train/loss/con 0.02 / train/loss/dyn 1.42 / train/loss/image 1.06 / train/loss/policy 4.5e-3 / train/loss/rep 1.42 / train/loss/repval 1.89 / train/loss/rew 0.04 / train/loss/value 1.42 / train/rand/action 0.18 / replay/replay_ratio 259.85 / fps/policy 29.08 / fps/train 7440.49

Writing metrics: /n/holylabs/gershman_lab/Users/rtruong/dreamerv3-official-run/logdir/u14_seeds/frostbite_seed14/scores.jsonlWriting metrics: /n/holylabs/gershman_lab/Users/rtruong/dreamerv3-official-run/logdir/u14_seeds/frostbite_seed14/metrics.jsonl


--------------------[Agent Step 267_680]--------------------
Metrics filtered by: 'score|length|fps|ratio|train/loss/|train/rand/'
episode/score 2920 / episode/length 955 / train/loss/con 0.02 / train/loss/dyn 1.47 / train/loss/image 1.1 / train/loss/policy 4e-3 / train/loss/rep 1.47 / train/loss/repval 1.86 / train/loss/rew 0.05 / train/loss/value 1.4 / train/rand/action 0.2 / replay/replay_ratio 260.15 / fps/policy 29.08 / fps/train 7447.9

Writing metrics: /n/holylabs/gershman_lab/Users/rtruong/dreamerv3-official-run/logdir/u14_seeds/frostbite_seed14/metrics.jsonlWriting metrics: /n/holylabs/gershman_lab/Users/rtruong/dreamerv3-official-run/logdir/u14_seeds/frostbite_seed14/scores.jsonl


--------------------[Agent Step 281_640]--------------------
Metrics filtered by: 'score|length|fps|ratio|train/loss/|train/rand/'
episode/score 1100 / episode/length 711 / train/loss/con 0.02 / train/loss/dyn 1.51 / train/loss/image 1.09 / train/loss/policy 4.5e-3 / train/loss/rep 1.51 / train/loss/repval 1.88 / train/loss/rew 0.05 / train/loss/value 1.41 / train/rand/action 0.18 / replay/replay_ratio 259.85 / fps/policy 29.09 / fps/train 7442.42

Writing metrics: /n/holylabs/gershman_lab/Users/rtruong/dreamerv3-official-run/logdir/u14_seeds/frostbite_seed14/scores.jsonlWriting metrics: /n/holylabs/gershman_lab/Users/rtruong/dreamerv3-official-run/logdir/u14_seeds/frostbite_seed14/metrics.jsonl


--------------------[Agent Step 295_600]--------------------
Metrics filtered by: 'score|length|fps|ratio|train/loss/|train/rand/'
episode/score 2540 / episode/length 857 / train/loss/con 0.02 / train/loss/dyn 1.41 / train/loss/image 1.01 / train/loss/policy 3.9e-3 / train/loss/rep 1.41 / train/loss/repval 1.71 / train/loss/rew 0.06 / train/loss/value 1.32 / train/rand/action 0.2 / replay/replay_ratio 260.15 / fps/policy 29.07 / fps/train 7446.36

Writing metrics: /n/holylabs/gershman_lab/Users/rtruong/dreamerv3-official-run/logdir/u14_seeds/frostbite_seed14/scores.jsonlWriting metrics: /n/holylabs/gershman_lab/Users/rtruong/dreamerv3-official-run/logdir/u14_seeds/frostbite_seed14/metrics.jsonl


--------------------[Agent Step 309_560]--------------------
Metrics filtered by: 'score|length|fps|ratio|train/loss/|train/rand/'
episode/score 3150 / episode/length 1023 / train/loss/con 0.02 / train/loss/dyn 1.43 / train/loss/image 0.97 / train/loss/policy 4.7e-3 / train/loss/rep 1.43 / train/loss/repval 1.75 / train/loss/rew 0.07 / train/loss/value 1.34 / train/rand/action 0.21 / replay/replay_ratio 259.85 / fps/policy 29.05 / fps/train 7433.01

Writing metrics: /n/holylabs/gershman_lab/Users/rtruong/dreamerv3-official-run/logdir/u14_seeds/frostbite_seed14/metrics.jsonlWriting metrics: /n/holylabs/gershman_lab/Users/rtruong/dreamerv3-official-run/logdir/u14_seeds/frostbite_seed14/scores.jsonl

Saving checkpoint: /n/holylabs/gershman_lab/Users/rtruong/dreamerv3-official-run/logdir/u14_seeds/frostbite_seed14/ckpt/20260923T183641F974461
Saved checkpoint.

--------------------[Agent Step 322_720]--------------------
Metrics filtered by: 'score|length|fps|ratio|train/loss/|train/rand/'
episode/score 2380 / episode/length 958 / train/loss/con 0.02 / train/loss/dyn 1.44 / train/loss/image 0.97 / train/loss/policy 4.1e-3 / train/loss/rep 1.44 / train/loss/repval 1.8 / train/loss/rew 0.07 / train/loss/value 1.36 / train/rand/action 0.2 / replay/replay_ratio 260.16 / fps/policy 27.41 / fps/train 7021.41

Writing metrics: /n/holylabs/gershman_lab/Users/rtruong/dreamerv3-official-run/logdir/u14_seeds/frostbite_seed14/metrics.jsonlWriting metrics: /n/holylabs/gershman_lab/Users/rtruong/dreamerv3-official-run/logdir/u14_seeds/frostbite_seed14/scores.jsonl


--------------------[Agent Step 336_680]--------------------
Metrics filtered by: 'score|length|fps|ratio|train/loss/|train/rand/'
episode/score 2930 / episode/length 904 / train/loss/con 0.02 / train/loss/dyn 1.44 / train/loss/image 0.91 / train/loss/policy 4.1e-3 / train/loss/rep 1.44 / train/loss/repval 1.78 / train/loss/rew 0.07 / train/loss/value 1.36 / train/rand/action 0.2 / replay/replay_ratio 259.85 / fps/policy 29.04 / fps/train 7428.77

Writing metrics: /n/holylabs/gershman_lab/Users/rtruong/dreamerv3-official-run/logdir/u14_seeds/frostbite_seed14/metrics.jsonlWriting metrics: /n/holylabs/gershman_lab/Users/rtruong/dreamerv3-official-run/logdir/u14_seeds/frostbite_seed14/scores.jsonl


--------------------[Agent Step 350_640]--------------------
Metrics filtered by: 'score|length|fps|ratio|train/loss/|train/rand/'
episode/score 1230 / episode/length 721 / train/loss/con 0.02 / train/loss/dyn 1.43 / train/loss/image 0.93 / train/loss/policy 3.5e-3 / train/loss/rep 1.43 / train/loss/repval 1.77 / train/loss/rew 0.08 / train/loss/value 1.34 / train/rand/action 0.2 / replay/replay_ratio 260.15 / fps/policy 29.04 / fps/train 7438

Writing metrics: /n/holylabs/gershman_lab/Users/rtruong/dreamerv3-official-run/logdir/u14_seeds/frostbite_seed14/scores.jsonl
Writing metrics: /n/holylabs/gershman_lab/Users/rtruong/dreamerv3-official-run/logdir/u14_seeds/frostbite_seed14/metrics.jsonl

--------------------[Agent Step 364_600]--------------------
Metrics filtered by: 'score|length|fps|ratio|train/loss/|train/rand/'
episode/score 1150 / episode/length 645 / train/loss/con 0.02 / train/loss/dyn 1.42 / train/loss/image 0.95 / train/loss/policy 2.9e-3 / train/loss/rep 1.42 / train/loss/repval 1.67 / train/loss/rew 0.07 / train/loss/value 1.28 / train/rand/action 0.21 / replay/replay_ratio 259.85 / fps/policy 29.03 / fps/train 7428.56

Writing metrics: /n/holylabs/gershman_lab/Users/rtruong/dreamerv3-official-run/logdir/u14_seeds/frostbite_seed14/scores.jsonlWriting metrics: /n/holylabs/gershman_lab/Users/rtruong/dreamerv3-official-run/logdir/u14_seeds/frostbite_seed14/metrics.jsonl


--------------------[Agent Step 378_560]--------------------
Metrics filtered by: 'score|length|fps|ratio|train/loss/|train/rand/'
episode/score 1830 / episode/length 864 / train/loss/con 0.02 / train/loss/dyn 1.38 / train/loss/image 0.86 / train/loss/policy 3.2e-3 / train/loss/rep 1.38 / train/loss/repval 1.65 / train/loss/rew 0.08 / train/loss/value 1.28 / train/rand/action 0.21 / replay/replay_ratio 260.15 / fps/policy 29.07 / fps/train 7445.57

Writing metrics: /n/holylabs/gershman_lab/Users/rtruong/dreamerv3-official-run/logdir/u14_seeds/frostbite_seed14/metrics.jsonlWriting metrics: /n/holylabs/gershman_lab/Users/rtruong/dreamerv3-official-run/logdir/u14_seeds/frostbite_seed14/scores.jsonl


--------------------[Agent Step 392_560]--------------------
Metrics filtered by: 'score|length|fps|ratio|train/loss/|train/rand/'
episode/score 2720 / episode/length 893 / train/loss/con 0.02 / train/loss/dyn 1.39 / train/loss/image 0.81 / train/loss/policy 2.9e-3 / train/loss/rep 1.39 / train/loss/repval 1.62 / train/loss/rew 0.07 / train/loss/value 1.25 / train/rand/action 0.22 / replay/replay_ratio 260 / fps/policy 29.1 / fps/train 7448.96

Writing metrics: /n/holylabs/gershman_lab/Users/rtruong/dreamerv3-official-run/logdir/u14_seeds/frostbite_seed14/scores.jsonlWriting metrics: /n/holylabs/gershman_lab/Users/rtruong/dreamerv3-official-run/logdir/u14_seeds/frostbite_seed14/metrics.jsonl


--------------------[Agent Step 406_560]--------------------
Metrics filtered by: 'score|length|fps|ratio|train/loss/|train/rand/'
episode/score 1490 / episode/length 794 / train/loss/con 0.02 / train/loss/dyn 1.39 / train/loss/image 0.79 / train/loss/policy 2.8e-3 / train/loss/rep 1.39 / train/loss/repval 1.61 / train/loss/rew 0.07 / train/loss/value 1.24 / train/rand/action 0.23 / replay/replay_ratio 260 / fps/policy 29.1 / fps/train 7449.41

Writing metrics: /n/holylabs/gershman_lab/Users/rtruong/dreamerv3-official-run/logdir/u14_seeds/frostbite_seed14/metrics.jsonlWriting metrics: /n/holylabs/gershman_lab/Users/rtruong/dreamerv3-official-run/logdir/u14_seeds/frostbite_seed14/scores.jsonl

Saving checkpoint: /n/holylabs/gershman_lab/Users/rtruong/dreamerv3-official-run/logdir/u14_seeds/frostbite_seed14/ckpt/20260923T185142F031196
Saved checkpoint.

--------------------[Agent Step 420_120]--------------------
Metrics filtered by: 'score|length|fps|ratio|train/loss/|train/rand/'
episode/score 2920 / episode/length 964 / train/loss/con 0.02 / train/loss/dyn 1.45 / train/loss/image 0.83 / train/loss/policy 2.2e-3 / train/loss/rep 1.45 / train/loss/repval 1.63 / train/loss/rew 0.07 / train/loss/value 1.24 / train/rand/action 0.21 / replay/replay_ratio 259.85 / fps/policy 28.16 / fps/train 7205.91

Writing metrics: /n/holylabs/gershman_lab/Users/rtruong/dreamerv3-official-run/logdir/u14_seeds/frostbite_seed14/scores.jsonl
Writing metrics: /n/holylabs/gershman_lab/Users/rtruong/dreamerv3-official-run/logdir/u14_seeds/frostbite_seed14/metrics.jsonl

--------------------[Agent Step 434_080]--------------------
Metrics filtered by: 'score|length|fps|ratio|train/loss/|train/rand/'
episode/score 3190 / episode/length 959 / train/loss/con 0.02 / train/loss/dyn 1.4 / train/loss/image 0.77 / train/loss/policy 2e-3 / train/loss/rep 1.4 / train/loss/repval 1.63 / train/loss/rew 0.07 / train/loss/value 1.26 / train/rand/action 0.21 / replay/replay_ratio 260.15 / fps/policy 29.05 / fps/train 7440.86

Writing metrics: /n/holylabs/gershman_lab/Users/rtruong/dreamerv3-official-run/logdir/u14_seeds/frostbite_seed14/metrics.jsonl
Writing metrics: /n/holylabs/gershman_lab/Users/rtruong/dreamerv3-official-run/logdir/u14_seeds/frostbite_seed14/scores.jsonl

--------------------[Agent Step 439_172]--------------------
Metrics filtered by: 'score|length|fps|ratio|train/loss/|train/rand/'
episode/score 2070 / episode/length 831

Writing metrics: /n/holylabs/gershman_lab/Users/rtruong/dreamerv3-official-run/logdir/u14_seeds/frostbite_seed14/metrics.jsonl
Writing metrics: /n/holylabs/gershman_lab/Users/rtruong/dreamerv3-official-run/logdir/u14_seeds/frostbite_seed14/scores.jsonl
EXIT=0
