NVIDIA H100 80GB HBM3, 81559 MiB
jax 0.4.33 ale_py 0.9.0 [CudaDevice(id=0)]
---  ___                           __   ______ ---
--- |   \ _ _ ___ __ _ _ __  ___ _ \ \ / /__ / ---
--- | |) | '_/ -_) _` | '  \/ -_) '/\ V / |_ \ ---
--- |___/|_| \___\__,_|_|_|_\___|_|  \_/ |___/ ---
Replica: 0 / 1
Logdir: /n/holylabs/gershman_lab/Users/rtruong/dreamerv3-official-run/logdir/u14_seeds/frostbite_seed15
Run script: train
Observations
  image            Space(uint8, shape=(64, 64, 3), low=0, high=255)
  reward           Space(float32, shape=(), low=-inf, high=inf)
  is_first         Space(bool, shape=(), low=False, high=True)
  is_last          Space(bool, shape=(), low=False, high=True)
  is_terminal      Space(bool, shape=(), low=False, high=True)
Actions
  action           Space(int32, shape=(), low=0, high=18)
Extras
  consec           Space(int32, shape=(), low=-2147483648, high=2147483647)
  stepid           Space(uint8, shape=(20,), low=0, high=255)
  dyn/deter        Space(float32, shape=(8192,), low=-inf, high=inf)
  dyn/stoch        Space(float32, shape=(32, 64), low=-inf, high=inf)
JAX devices (1): [cuda:0]
Policy devices: cuda:0
Train devices:  cuda:0
Initializing parameters...
Optimizer opt has 165,967,124 params:
    95,496,192 dyn
    20,282,115 dec
    12,850,431 val
    12,607,506 pol
    10,749,183 rew
    10,488,833 con
     3,492,864 enc
Done initializing!
Compiling 1 checkpoint groups...
Largest checkpoint group: 2 GB
Compiling train and report...
Train cost analysis:
  FLOPS:            4.4e+11
  Memory (temp):    5.3e+09
  Memory (inputs):  2.1e+09
  Memory (outputs): 2.1e+09
  Memory (code):    3.9e+06

Report cost analysis:
  FLOPS:            1.0e+10
  Memory (temp):    6.7e+08
  Memory (inputs):  5.1e+08
  Memory (outputs): 1.0e+07
  Memory (code):    8.2e+06

Done compiling!
Did not find any checkpoint.
Saving checkpoint: /n/holylabs/gershman_lab/Users/rtruong/dreamerv3-official-run/logdir/u14_seeds/frostbite_seed15/ckpt/20260923T175144F179997
Saved checkpoint.
Start training loop
Start JAX profiler: /n/holylabs/gershman_lab/Users/rtruong/dreamerv3-official-run/logdir/u14_seeds/frostbite_seed15
Stop JAX profiler

--------------------[Agent Step 17_440]--------------------
Metrics filtered by: 'score|length|fps|ratio|train/loss/|train/rand/'
episode/score 80 / episode/length 399 / train/loss/con 0.05 / train/loss/dyn 5.3 / train/loss/image 154.4 / train/loss/policy 1.52 / train/loss/rep 5.3 / train/loss/repval 6.32 / train/loss/rew 1.51 / train/loss/value 4.79 / train/rand/action 0.91 / replay/replay_ratio 198.51 / fps/policy 34.48 / fps/train 6631.57

Writing metrics: /n/holylabs/gershman_lab/Users/rtruong/dreamerv3-official-run/logdir/u14_seeds/frostbite_seed15/metrics.jsonl
Writing metrics: /n/holylabs/gershman_lab/Users/rtruong/dreamerv3-official-run/logdir/u14_seeds/frostbite_seed15/scores.jsonl

--------------------[Agent Step 31_280]--------------------
Metrics filtered by: 'score|length|fps|ratio|train/loss/|train/rand/'
episode/score 90 / episode/length 351 / train/loss/con 0.03 / train/loss/dyn 2.9 / train/loss/image 6.64 / train/loss/policy 0.03 / train/loss/rep 2.9 / train/loss/repval 3.2 / train/loss/rew 0.05 / train/loss/value 2.14 / train/rand/action 0.16 / replay/replay_ratio 260 / fps/policy 28.78 / fps/train 7366.45

Writing metrics: /n/holylabs/gershman_lab/Users/rtruong/dreamerv3-official-run/logdir/u14_seeds/frostbite_seed15/metrics.jsonlWriting metrics: /n/holylabs/gershman_lab/Users/rtruong/dreamerv3-official-run/logdir/u14_seeds/frostbite_seed15/scores.jsonl


--------------------[Agent Step 45_200]--------------------
Metrics filtered by: 'score|length|fps|ratio|train/loss/|train/rand/'
episode/score 210 / episode/length 446 / train/loss/con 0.03 / train/loss/dyn 2.83 / train/loss/image 4.19 / train/loss/policy 0.01 / train/loss/rep 2.83 / train/loss/repval 2.47 / train/loss/rew 0.04 / train/loss/value 1.64 / train/rand/action 0.15 / replay/replay_ratio 260 / fps/policy 29 / fps/train 7424.25

Writing metrics: /n/holylabs/gershman_lab/Users/rtruong/dreamerv3-official-run/logdir/u14_seeds/frostbite_seed15/scores.jsonl
Writing metrics: /n/holylabs/gershman_lab/Users/rtruong/dreamerv3-official-run/logdir/u14_seeds/frostbite_seed15/metrics.jsonl

--------------------[Agent Step 59_160]--------------------
Metrics filtered by: 'score|length|fps|ratio|train/loss/|train/rand/'
episode/score 870 / episode/length 656 / train/loss/con 0.02 / train/loss/dyn 2.35 / train/loss/image 3.48 / train/loss/policy 7.6e-3 / train/loss/rep 2.35 / train/loss/repval 2.17 / train/loss/rew 0.04 / train/loss/value 1.51 / train/rand/action 0.12 / replay/replay_ratio 259.85 / fps/policy 29 / fps/train 7420.95

Writing metrics: /n/holylabs/gershman_lab/Users/rtruong/dreamerv3-official-run/logdir/u14_seeds/frostbite_seed15/scores.jsonlWriting metrics: /n/holylabs/gershman_lab/Users/rtruong/dreamerv3-official-run/logdir/u14_seeds/frostbite_seed15/metrics.jsonl


--------------------[Agent Step 73_080]--------------------
Metrics filtered by: 'score|length|fps|ratio|train/loss/|train/rand/'
episode/score 2290 / episode/length 888 / train/loss/con 0.02 / train/loss/dyn 2.2 / train/loss/image 3.59 / train/loss/policy 6.7e-3 / train/loss/rep 2.2 / train/loss/repval 2.23 / train/loss/rew 0.06 / train/loss/value 1.62 / train/rand/action 0.13 / replay/replay_ratio 260 / fps/policy 28.99 / fps/train 7421.16

Writing metrics: /n/holylabs/gershman_lab/Users/rtruong/dreamerv3-official-run/logdir/u14_seeds/frostbite_seed15/scores.jsonlWriting metrics: /n/holylabs/gershman_lab/Users/rtruong/dreamerv3-official-run/logdir/u14_seeds/frostbite_seed15/metrics.jsonl


--------------------[Agent Step 87_000]--------------------
Metrics filtered by: 'score|length|fps|ratio|train/loss/|train/rand/'
episode/score 1460 / episode/length 826 / train/loss/con 0.02 / train/loss/dyn 2.05 / train/loss/image 3 / train/loss/policy 5.3e-3 / train/loss/rep 2.05 / train/loss/repval 2.07 / train/loss/rew 0.07 / train/loss/value 1.51 / train/rand/action 0.11 / replay/replay_ratio 260 / fps/policy 28.94 / fps/train 7407.87

Writing metrics: /n/holylabs/gershman_lab/Users/rtruong/dreamerv3-official-run/logdir/u14_seeds/frostbite_seed15/scores.jsonlWriting metrics: /n/holylabs/gershman_lab/Users/rtruong/dreamerv3-official-run/logdir/u14_seeds/frostbite_seed15/metrics.jsonl


--------------------[Agent Step 100_880]--------------------
Metrics filtered by: 'score|length|fps|ratio|train/loss/|train/rand/'
episode/score 1490 / episode/length 1125 / train/loss/con 0.02 / train/loss/dyn 2.09 / train/loss/image 2.81 / train/loss/policy 4.7e-3 / train/loss/rep 2.09 / train/loss/repval 1.9 / train/loss/rew 0.09 / train/loss/value 1.39 / train/rand/action 0.13 / replay/replay_ratio 260.15 / fps/policy 28.88 / fps/train 7398.12

Writing metrics: /n/holylabs/gershman_lab/Users/rtruong/dreamerv3-official-run/logdir/u14_seeds/frostbite_seed15/scores.jsonlWriting metrics: /n/holylabs/gershman_lab/Users/rtruong/dreamerv3-official-run/logdir/u14_seeds/frostbite_seed15/metrics.jsonl

Saving checkpoint: /n/holylabs/gershman_lab/Users/rtruong/dreamerv3-official-run/logdir/u14_seeds/frostbite_seed15/ckpt/20260923T180650F451175
Saved checkpoint.

--------------------[Agent Step 114_400]--------------------
Metrics filtered by: 'score|length|fps|ratio|train/loss/|train/rand/'
episode/score 2340 / episode/length 994 / train/loss/con 0.02 / train/loss/dyn 2.09 / train/loss/image 2.56 / train/loss/policy 3.2e-3 / train/loss/rep 2.09 / train/loss/repval 1.74 / train/loss/rew 0.09 / train/loss/value 1.28 / train/rand/action 0.14 / replay/replay_ratio 260 / fps/policy 28.11 / fps/train 7195.75

Writing metrics: /n/holylabs/gershman_lab/Users/rtruong/dreamerv3-official-run/logdir/u14_seeds/frostbite_seed15/scores.jsonlWriting metrics: /n/holylabs/gershman_lab/Users/rtruong/dreamerv3-official-run/logdir/u14_seeds/frostbite_seed15/metrics.jsonl


--------------------[Agent Step 128_320]--------------------
Metrics filtered by: 'score|length|fps|ratio|train/loss/|train/rand/'
episode/score 3020 / episode/length 930 / train/loss/con 0.02 / train/loss/dyn 2.1 / train/loss/image 2.25 / train/loss/policy 3.1e-3 / train/loss/rep 2.1 / train/loss/repval 1.75 / train/loss/rew 0.09 / train/loss/value 1.31 / train/rand/action 0.16 / replay/replay_ratio 260 / fps/policy 28.99 / fps/train 7420.79

Writing metrics: /n/holylabs/gershman_lab/Users/rtruong/dreamerv3-official-run/logdir/u14_seeds/frostbite_seed15/metrics.jsonlWriting metrics: /n/holylabs/gershman_lab/Users/rtruong/dreamerv3-official-run/logdir/u14_seeds/frostbite_seed15/scores.jsonl


--------------------[Agent Step 142_280]--------------------
Metrics filtered by: 'score|length|fps|ratio|train/loss/|train/rand/'
episode/score 2860 / episode/length 952 / train/loss/con 0.02 / train/loss/dyn 2.02 / train/loss/image 1.96 / train/loss/policy 3.5e-3 / train/loss/rep 2.02 / train/loss/repval 1.68 / train/loss/rew 0.1 / train/loss/value 1.28 / train/rand/action 0.17 / replay/replay_ratio 259.85 / fps/policy 29.01 / fps/train 7421.89

Writing metrics: /n/holylabs/gershman_lab/Users/rtruong/dreamerv3-official-run/logdir/u14_seeds/frostbite_seed15/metrics.jsonlWriting metrics: /n/holylabs/gershman_lab/Users/rtruong/dreamerv3-official-run/logdir/u14_seeds/frostbite_seed15/scores.jsonl


--------------------[Agent Step 156_200]--------------------
Metrics filtered by: 'score|length|fps|ratio|train/loss/|train/rand/'
episode/score 3240 / episode/length 990 / train/loss/con 0.02 / train/loss/dyn 1.91 / train/loss/image 1.82 / train/loss/policy 3.2e-3 / train/loss/rep 1.91 / train/loss/repval 1.58 / train/loss/rew 0.11 / train/loss/value 1.23 / train/rand/action 0.19 / replay/replay_ratio 260 / fps/policy 28.98 / fps/train 7418.49

Writing metrics: /n/holylabs/gershman_lab/Users/rtruong/dreamerv3-official-run/logdir/u14_seeds/frostbite_seed15/scores.jsonlWriting metrics: /n/holylabs/gershman_lab/Users/rtruong/dreamerv3-official-run/logdir/u14_seeds/frostbite_seed15/metrics.jsonl


--------------------[Agent Step 170_040]--------------------
Metrics filtered by: 'score|length|fps|ratio|train/loss/|train/rand/'
episode/score 2340 / episode/length 855 / train/loss/con 0.02 / train/loss/dyn 1.84 / train/loss/image 1.62 / train/loss/policy 3.7e-3 / train/loss/rep 1.84 / train/loss/repval 1.55 / train/loss/rew 0.11 / train/loss/value 1.21 / train/rand/action 0.22 / replay/replay_ratio 260 / fps/policy 28.75 / fps/train 7359.47

Writing metrics: /n/holylabs/gershman_lab/Users/rtruong/dreamerv3-official-run/logdir/u14_seeds/frostbite_seed15/scores.jsonlWriting metrics: /n/holylabs/gershman_lab/Users/rtruong/dreamerv3-official-run/logdir/u14_seeds/frostbite_seed15/metrics.jsonl


--------------------[Agent Step 183_920]--------------------
Metrics filtered by: 'score|length|fps|ratio|train/loss/|train/rand/'
episode/score 2510 / episode/length 985 / train/loss/con 0.02 / train/loss/dyn 1.81 / train/loss/image 1.51 / train/loss/policy 3e-3 / train/loss/rep 1.81 / train/loss/repval 1.57 / train/loss/rew 0.11 / train/loss/value 1.23 / train/rand/action 0.21 / replay/replay_ratio 260.15 / fps/policy 28.91 / fps/train 7406.19

Writing metrics: /n/holylabs/gershman_lab/Users/rtruong/dreamerv3-official-run/logdir/u14_seeds/frostbite_seed15/scores.jsonlWriting metrics: /n/holylabs/gershman_lab/Users/rtruong/dreamerv3-official-run/logdir/u14_seeds/frostbite_seed15/metrics.jsonl


--------------------[Agent Step 197_840]--------------------
Metrics filtered by: 'score|length|fps|ratio|train/loss/|train/rand/'
episode/score 1220 / episode/length 730 / train/loss/con 0.02 / train/loss/dyn 1.73 / train/loss/image 1.41 / train/loss/policy 2.9e-3 / train/loss/rep 1.73 / train/loss/repval 1.54 / train/loss/rew 0.1 / train/loss/value 1.21 / train/rand/action 0.19 / replay/replay_ratio 260 / fps/policy 28.95 / fps/train 7412.44

Writing metrics: /n/holylabs/gershman_lab/Users/rtruong/dreamerv3-official-run/logdir/u14_seeds/frostbite_seed15/scores.jsonlWriting metrics: /n/holylabs/gershman_lab/Users/rtruong/dreamerv3-official-run/logdir/u14_seeds/frostbite_seed15/metrics.jsonl

Saving checkpoint: /n/holylabs/gershman_lab/Users/rtruong/dreamerv3-official-run/logdir/u14_seeds/frostbite_seed15/ckpt/20260923T182150F802107
Saved checkpoint.

--------------------[Agent Step 211_600]--------------------
Metrics filtered by: 'score|length|fps|ratio|train/loss/|train/rand/'
episode/score 3030 / episode/length 972 / train/loss/con 0.02 / train/loss/dyn 1.75 / train/loss/image 1.39 / train/loss/policy 2.2e-3 / train/loss/rep 1.75 / train/loss/repval 1.53 / train/loss/rew 0.09 / train/loss/value 1.19 / train/rand/action 0.2 / replay/replay_ratio 260 / fps/policy 28.22 / fps/train 7224.02

Writing metrics: /n/holylabs/gershman_lab/Users/rtruong/dreamerv3-official-run/logdir/u14_seeds/frostbite_seed15/metrics.jsonlWriting metrics: /n/holylabs/gershman_lab/Users/rtruong/dreamerv3-official-run/logdir/u14_seeds/frostbite_seed15/scores.jsonl


--------------------[Agent Step 225_520]--------------------
Metrics filtered by: 'score|length|fps|ratio|train/loss/|train/rand/'
episode/score 2570 / episode/length 928 / train/loss/con 0.02 / train/loss/dyn 1.67 / train/loss/image 1.31 / train/loss/policy 1.9e-3 / train/loss/rep 1.67 / train/loss/repval 1.47 / train/loss/rew 0.09 / train/loss/value 1.17 / train/rand/action 0.19 / replay/replay_ratio 260 / fps/policy 28.98 / fps/train 7418.74

Writing metrics: /n/holylabs/gershman_lab/Users/rtruong/dreamerv3-official-run/logdir/u14_seeds/frostbite_seed15/metrics.jsonl
Writing metrics: /n/holylabs/gershman_lab/Users/rtruong/dreamerv3-official-run/logdir/u14_seeds/frostbite_seed15/scores.jsonl

--------------------[Agent Step 239_520]--------------------
Metrics filtered by: 'score|length|fps|ratio|train/loss/|train/rand/'
episode/score 2960 / episode/length 965 / train/loss/con 0.02 / train/loss/dyn 1.58 / train/loss/image 1.2 / train/loss/policy 2.5e-3 / train/loss/rep 1.58 / train/loss/repval 1.45 / train/loss/rew 0.09 / train/loss/value 1.17 / train/rand/action 0.2 / replay/replay_ratio 260 / fps/policy 29.13 / fps/train 7458.05

Writing metrics: /n/holylabs/gershman_lab/Users/rtruong/dreamerv3-official-run/logdir/u14_seeds/frostbite_seed15/scores.jsonlWriting metrics: /n/holylabs/gershman_lab/Users/rtruong/dreamerv3-official-run/logdir/u14_seeds/frostbite_seed15/metrics.jsonl


--------------------[Agent Step 253_520]--------------------
Metrics filtered by: 'score|length|fps|ratio|train/loss/|train/rand/'
episode/score 3040 / episode/length 931 / train/loss/con 0.02 / train/loss/dyn 1.6 / train/loss/image 1.14 / train/loss/policy 2.2e-3 / train/loss/rep 1.6 / train/loss/repval 1.42 / train/loss/rew 0.08 / train/loss/value 1.14 / train/rand/action 0.19 / replay/replay_ratio 260 / fps/policy 29.11 / fps/train 7453.22

Writing metrics: /n/holylabs/gershman_lab/Users/rtruong/dreamerv3-official-run/logdir/u14_seeds/frostbite_seed15/metrics.jsonlWriting metrics: /n/holylabs/gershman_lab/Users/rtruong/dreamerv3-official-run/logdir/u14_seeds/frostbite_seed15/scores.jsonl


--------------------[Agent Step 267_480]--------------------
Metrics filtered by: 'score|length|fps|ratio|train/loss/|train/rand/'
episode/score 2890 / episode/length 1000 / train/loss/con 0.02 / train/loss/dyn 1.53 / train/loss/image 1.07 / train/loss/policy 1.8e-3 / train/loss/rep 1.53 / train/loss/repval 1.41 / train/loss/rew 0.08 / train/loss/value 1.14 / train/rand/action 0.19 / replay/replay_ratio 259.85 / fps/policy 29.05 / fps/train 7432.92

Writing metrics: /n/holylabs/gershman_lab/Users/rtruong/dreamerv3-official-run/logdir/u14_seeds/frostbite_seed15/scores.jsonl
Writing metrics: /n/holylabs/gershman_lab/Users/rtruong/dreamerv3-official-run/logdir/u14_seeds/frostbite_seed15/metrics.jsonl

--------------------[Agent Step 281_480]--------------------
Metrics filtered by: 'score|length|fps|ratio|train/loss/|train/rand/'
episode/score 2670 / episode/length 906 / train/loss/con 0.02 / train/loss/dyn 1.56 / train/loss/image 1.12 / train/loss/policy 2.3e-3 / train/loss/rep 1.56 / train/loss/repval 1.42 / train/loss/rew 0.07 / train/loss/value 1.15 / train/rand/action 0.2 / replay/replay_ratio 260 / fps/policy 29.1 / fps/train 7449.08

Writing metrics: /n/holylabs/gershman_lab/Users/rtruong/dreamerv3-official-run/logdir/u14_seeds/frostbite_seed15/metrics.jsonl
Writing metrics: /n/holylabs/gershman_lab/Users/rtruong/dreamerv3-official-run/logdir/u14_seeds/frostbite_seed15/scores.jsonl

--------------------[Agent Step 295_440]--------------------
Metrics filtered by: 'score|length|fps|ratio|train/loss/|train/rand/'
episode/score 7910 / episode/length 1497 / train/loss/con 0.02 / train/loss/dyn 1.47 / train/loss/image 1.09 / train/loss/policy 1.8e-3 / train/loss/rep 1.47 / train/loss/repval 1.42 / train/loss/rew 0.07 / train/loss/value 1.15 / train/rand/action 0.19 / replay/replay_ratio 260.15 / fps/policy 29.04 / fps/train 7438.81

Writing metrics: /n/holylabs/gershman_lab/Users/rtruong/dreamerv3-official-run/logdir/u14_seeds/frostbite_seed15/metrics.jsonl
Writing metrics: /n/holylabs/gershman_lab/Users/rtruong/dreamerv3-official-run/logdir/u14_seeds/frostbite_seed15/scores.jsonl

--------------------[Agent Step 309_440]--------------------
Metrics filtered by: 'score|length|fps|ratio|train/loss/|train/rand/'
episode/score 2490 / episode/length 968 / train/loss/con 0.02 / train/loss/dyn 1.54 / train/loss/image 1.35 / train/loss/policy 2.2e-3 / train/loss/rep 1.54 / train/loss/repval 1.45 / train/loss/rew 0.08 / train/loss/value 1.15 / train/rand/action 0.2 / replay/replay_ratio 260 / fps/policy 29.11 / fps/train 7451.46

Writing metrics: /n/holylabs/gershman_lab/Users/rtruong/dreamerv3-official-run/logdir/u14_seeds/frostbite_seed15/metrics.jsonl
Writing metrics: /n/holylabs/gershman_lab/Users/rtruong/dreamerv3-official-run/logdir/u14_seeds/frostbite_seed15/scores.jsonl
Saving checkpoint: /n/holylabs/gershman_lab/Users/rtruong/dreamerv3-official-run/logdir/u14_seeds/frostbite_seed15/ckpt/20260923T183651F171015
Saved checkpoint.

--------------------[Agent Step 322_960]--------------------
Metrics filtered by: 'score|length|fps|ratio|train/loss/|train/rand/'
episode/score 2740 / episode/length 930 / train/loss/con 0.02 / train/loss/dyn 1.45 / train/loss/image 1.12 / train/loss/policy 2.6e-3 / train/loss/rep 1.45 / train/loss/repval 1.41 / train/loss/rew 0.08 / train/loss/value 1.12 / train/rand/action 0.19 / replay/replay_ratio 260 / fps/policy 28.13 / fps/train 7200.94

Writing metrics: /n/holylabs/gershman_lab/Users/rtruong/dreamerv3-official-run/logdir/u14_seeds/frostbite_seed15/scores.jsonl
Writing metrics: /n/holylabs/gershman_lab/Users/rtruong/dreamerv3-official-run/logdir/u14_seeds/frostbite_seed15/metrics.jsonl

--------------------[Agent Step 336_840]--------------------
Metrics filtered by: 'score|length|fps|ratio|train/loss/|train/rand/'
episode/score 1670 / episode/length 799 / train/loss/con 0.02 / train/loss/dyn 1.42 / train/loss/image 1.01 / train/loss/policy 1.9e-3 / train/loss/rep 1.42 / train/loss/repval 1.4 / train/loss/rew 0.08 / train/loss/value 1.1 / train/rand/action 0.19 / replay/replay_ratio 259.85 / fps/policy 28.91 / fps/train 7395.65

Writing metrics: /n/holylabs/gershman_lab/Users/rtruong/dreamerv3-official-run/logdir/u14_seeds/frostbite_seed15/metrics.jsonlWriting metrics: /n/holylabs/gershman_lab/Users/rtruong/dreamerv3-official-run/logdir/u14_seeds/frostbite_seed15/scores.jsonl


--------------------[Agent Step 350_800]--------------------
Metrics filtered by: 'score|length|fps|ratio|train/loss/|train/rand/'
episode/score 3670 / episode/length 1004 / train/loss/con 0.02 / train/loss/dyn 1.42 / train/loss/image 0.99 / train/loss/policy 1.6e-3 / train/loss/rep 1.42 / train/loss/repval 1.44 / train/loss/rew 0.08 / train/loss/value 1.13 / train/rand/action 0.2 / replay/replay_ratio 260.15 / fps/policy 29.07 / fps/train 7447.29

Writing metrics: /n/holylabs/gershman_lab/Users/rtruong/dreamerv3-official-run/logdir/u14_seeds/frostbite_seed15/metrics.jsonlWriting metrics: /n/holylabs/gershman_lab/Users/rtruong/dreamerv3-official-run/logdir/u14_seeds/frostbite_seed15/scores.jsonl


--------------------[Agent Step 364_760]--------------------
Metrics filtered by: 'score|length|fps|ratio|train/loss/|train/rand/'
episode/score 3010 / episode/length 992 / train/loss/con 0.02 / train/loss/dyn 1.51 / train/loss/image 1 / train/loss/policy 1.4e-3 / train/loss/rep 1.51 / train/loss/repval 1.44 / train/loss/rew 0.08 / train/loss/value 1.13 / train/rand/action 0.19 / replay/replay_ratio 259.85 / fps/policy 29.04 / fps/train 7430.23

Writing metrics: /n/holylabs/gershman_lab/Users/rtruong/dreamerv3-official-run/logdir/u14_seeds/frostbite_seed15/metrics.jsonlWriting metrics: /n/holylabs/gershman_lab/Users/rtruong/dreamerv3-official-run/logdir/u14_seeds/frostbite_seed15/scores.jsonl


--------------------[Agent Step 378_720]--------------------
Metrics filtered by: 'score|length|fps|ratio|train/loss/|train/rand/'
episode/score 5900 / episode/length 1449 / train/loss/con 0.02 / train/loss/dyn 1.39 / train/loss/image 0.93 / train/loss/policy 2.7e-3 / train/loss/rep 1.39 / train/loss/repval 1.44 / train/loss/rew 0.08 / train/loss/value 1.14 / train/rand/action 0.19 / replay/replay_ratio 260.15 / fps/policy 29.07 / fps/train 7445.99

Writing metrics: /n/holylabs/gershman_lab/Users/rtruong/dreamerv3-official-run/logdir/u14_seeds/frostbite_seed15/metrics.jsonlWriting metrics: /n/holylabs/gershman_lab/Users/rtruong/dreamerv3-official-run/logdir/u14_seeds/frostbite_seed15/scores.jsonl


--------------------[Agent Step 392_720]--------------------
Metrics filtered by: 'score|length|fps|ratio|train/loss/|train/rand/'
episode/score 4850 / episode/length 1246 / train/loss/con 0.02 / train/loss/dyn 1.41 / train/loss/image 0.94 / train/loss/policy 2.8e-3 / train/loss/rep 1.41 / train/loss/repval 1.47 / train/loss/rew 0.08 / train/loss/value 1.16 / train/rand/action 0.16 / replay/replay_ratio 260 / fps/policy 29.1 / fps/train 7450.18

Writing metrics: /n/holylabs/gershman_lab/Users/rtruong/dreamerv3-official-run/logdir/u14_seeds/frostbite_seed15/scores.jsonlWriting metrics: /n/holylabs/gershman_lab/Users/rtruong/dreamerv3-official-run/logdir/u14_seeds/frostbite_seed15/metrics.jsonl


--------------------[Agent Step 406_680]--------------------
Metrics filtered by: 'score|length|fps|ratio|train/loss/|train/rand/'
episode/score 3230 / episode/length 935 / train/loss/con 0.02 / train/loss/dyn 1.4 / train/loss/image 0.9 / train/loss/policy 2.4e-3 / train/loss/rep 1.4 / train/loss/repval 1.48 / train/loss/rew 0.08 / train/loss/value 1.16 / train/rand/action 0.17 / replay/replay_ratio 259.85 / fps/policy 29.03 / fps/train 7428.68

Writing metrics: /n/holylabs/gershman_lab/Users/rtruong/dreamerv3-official-run/logdir/u14_seeds/frostbite_seed15/metrics.jsonl
Writing metrics: /n/holylabs/gershman_lab/Users/rtruong/dreamerv3-official-run/logdir/u14_seeds/frostbite_seed15/scores.jsonl
Saving checkpoint: /n/holylabs/gershman_lab/Users/rtruong/dreamerv3-official-run/logdir/u14_seeds/frostbite_seed15/ckpt/20260923T185151F285700
Saved checkpoint.

--------------------[Agent Step 420_200]--------------------
Metrics filtered by: 'score|length|fps|ratio|train/loss/|train/rand/'
episode/score 1700 / episode/length 826 / train/loss/con 0.02 / train/loss/dyn 1.39 / train/loss/image 0.88 / train/loss/policy 2.1e-3 / train/loss/rep 1.39 / train/loss/repval 1.47 / train/loss/rew 0.08 / train/loss/value 1.15 / train/rand/action 0.18 / replay/replay_ratio 260 / fps/policy 28.12 / fps/train 7199.36

Writing metrics: /n/holylabs/gershman_lab/Users/rtruong/dreamerv3-official-run/logdir/u14_seeds/frostbite_seed15/scores.jsonlWriting metrics: /n/holylabs/gershman_lab/Users/rtruong/dreamerv3-official-run/logdir/u14_seeds/frostbite_seed15/metrics.jsonl


--------------------[Agent Step 434_160]--------------------
Metrics filtered by: 'score|length|fps|ratio|train/loss/|train/rand/'
episode/score 2450 / episode/length 906 / train/loss/con 0.02 / train/loss/dyn 1.37 / train/loss/image 0.87 / train/loss/policy 2.1e-3 / train/loss/rep 1.37 / train/loss/repval 1.44 / train/loss/rew 0.08 / train/loss/value 1.13 / train/rand/action 0.18 / replay/replay_ratio 260.15 / fps/policy 29.06 / fps/train 7442.99

Writing metrics: /n/holylabs/gershman_lab/Users/rtruong/dreamerv3-official-run/logdir/u14_seeds/frostbite_seed15/metrics.jsonl
Writing metrics: /n/holylabs/gershman_lab/Users/rtruong/dreamerv3-official-run/logdir/u14_seeds/frostbite_seed15/scores.jsonl

--------------------[Agent Step 435_156]--------------------
Metrics filtered by: 'score|length|fps|ratio|train/loss/|train/rand/'
episode/score 7820 / episode/length 1452

Writing metrics: /n/holylabs/gershman_lab/Users/rtruong/dreamerv3-official-run/logdir/u14_seeds/frostbite_seed15/metrics.jsonlWriting metrics: /n/holylabs/gershman_lab/Users/rtruong/dreamerv3-official-run/logdir/u14_seeds/frostbite_seed15/scores.jsonl

EXIT=0
