NVIDIA H100 80GB HBM3, 81559 MiB
jax 0.4.33 ale_py 0.9.0 [CudaDevice(id=0)]
---  ___                           __   ______ ---
--- |   \ _ _ ___ __ _ _ __  ___ _ \ \ / /__ / ---
--- | |) | '_/ -_) _` | '  \/ -_) '/\ V / |_ \ ---
--- |___/|_| \___\__,_|_|_|_\___|_|  \_/ |___/ ---
Replica: 0 / 1
Logdir: /n/holylabs/gershman_lab/Users/rtruong/dreamerv3-official-run/logdir/u14_seeds/frostbite_seed10
Run script: train
Observations
  image            Space(uint8, shape=(64, 64, 3), low=0, high=255)
  reward           Space(float32, shape=(), low=-inf, high=inf)
  is_first         Space(bool, shape=(), low=False, high=True)
  is_last          Space(bool, shape=(), low=False, high=True)
  is_terminal      Space(bool, shape=(), low=False, high=True)
Actions
  action           Space(int32, shape=(), low=0, high=18)
Extras
  consec           Space(int32, shape=(), low=-2147483648, high=2147483647)
  stepid           Space(uint8, shape=(20,), low=0, high=255)
  dyn/deter        Space(float32, shape=(8192,), low=-inf, high=inf)
  dyn/stoch        Space(float32, shape=(32, 64), low=-inf, high=inf)
JAX devices (1): [cuda:0]
Policy devices: cuda:0
Train devices:  cuda:0
Initializing parameters...
Optimizer opt has 165,967,124 params:
    95,496,192 dyn
    20,282,115 dec
    12,850,431 val
    12,607,506 pol
    10,749,183 rew
    10,488,833 con
     3,492,864 enc
Done initializing!
Compiling 1 checkpoint groups...
Largest checkpoint group: 2 GB
Compiling train and report...
Train cost analysis:
  FLOPS:            4.4e+11
  Memory (temp):    5.3e+09
  Memory (inputs):  2.1e+09
  Memory (outputs): 2.1e+09
  Memory (code):    3.9e+06

Report cost analysis:
  FLOPS:            1.0e+10
  Memory (temp):    6.7e+08
  Memory (inputs):  5.1e+08
  Memory (outputs): 1.0e+07
  Memory (code):    8.2e+06

Done compiling!
Did not find any checkpoint.
Saving checkpoint: /n/holylabs/gershman_lab/Users/rtruong/dreamerv3-official-run/logdir/u14_seeds/frostbite_seed10/ckpt/20260923T174848F704993
Saved checkpoint.
Start training loop
Start JAX profiler: /n/holylabs/gershman_lab/Users/rtruong/dreamerv3-official-run/logdir/u14_seeds/frostbite_seed10
Stop JAX profiler

--------------------[Agent Step 17_400]--------------------
Metrics filtered by: 'score|length|fps|ratio|train/loss/|train/rand/'
episode/score 40 / episode/length 421 / train/loss/con 0.04 / train/loss/dyn 5.27 / train/loss/image 149.49 / train/loss/policy 1.52 / train/loss/rep 5.27 / train/loss/repval 6.44 / train/loss/rew 1.52 / train/loss/value 4.94 / train/rand/action 0.9 / replay/replay_ratio 198.25 / fps/policy 34.69 / fps/train 6663.29

Writing metrics: /n/holylabs/gershman_lab/Users/rtruong/dreamerv3-official-run/logdir/u14_seeds/frostbite_seed10/metrics.jsonl
Writing metrics: /n/holylabs/gershman_lab/Users/rtruong/dreamerv3-official-run/logdir/u14_seeds/frostbite_seed10/scores.jsonl

--------------------[Agent Step 31_160]--------------------
Metrics filtered by: 'score|length|fps|ratio|train/loss/|train/rand/'
episode/score 870 / episode/length 792 / train/loss/con 0.03 / train/loss/dyn 2.98 / train/loss/image 6.33 / train/loss/policy 0.03 / train/loss/rep 2.98 / train/loss/repval 3.16 / train/loss/rew 0.07 / train/loss/value 2.12 / train/rand/action 0.14 / replay/replay_ratio 260 / fps/policy 28.61 / fps/train 7323.26

Writing metrics: /n/holylabs/gershman_lab/Users/rtruong/dreamerv3-official-run/logdir/u14_seeds/frostbite_seed10/metrics.jsonl
Writing metrics: /n/holylabs/gershman_lab/Users/rtruong/dreamerv3-official-run/logdir/u14_seeds/frostbite_seed10/scores.jsonl

--------------------[Agent Step 45_040]--------------------
Metrics filtered by: 'score|length|fps|ratio|train/loss/|train/rand/'
episode/score 270 / episode/length 706 / train/loss/con 0.03 / train/loss/dyn 2.87 / train/loss/image 6.15 / train/loss/policy 0.01 / train/loss/rep 2.87 / train/loss/repval 2.56 / train/loss/rew 0.07 / train/loss/value 1.79 / train/rand/action 0.1 / replay/replay_ratio 260.15 / fps/policy 28.88 / fps/train 7398.26

Writing metrics: /n/holylabs/gershman_lab/Users/rtruong/dreamerv3-official-run/logdir/u14_seeds/frostbite_seed10/metrics.jsonlWriting metrics: /n/holylabs/gershman_lab/Users/rtruong/dreamerv3-official-run/logdir/u14_seeds/frostbite_seed10/scores.jsonl


--------------------[Agent Step 58_960]--------------------
Metrics filtered by: 'score|length|fps|ratio|train/loss/|train/rand/'
episode/score 260 / episode/length 625 / train/loss/con 0.02 / train/loss/dyn 2.54 / train/loss/image 4.63 / train/loss/policy 5.1e-3 / train/loss/rep 2.54 / train/loss/repval 2.24 / train/loss/rew 0.06 / train/loss/value 1.6 / train/rand/action 0.11 / replay/replay_ratio 260 / fps/policy 28.98 / fps/train 7419.16

Writing metrics: /n/holylabs/gershman_lab/Users/rtruong/dreamerv3-official-run/logdir/u14_seeds/frostbite_seed10/metrics.jsonlWriting metrics: /n/holylabs/gershman_lab/Users/rtruong/dreamerv3-official-run/logdir/u14_seeds/frostbite_seed10/scores.jsonl


--------------------[Agent Step 72_880]--------------------
Metrics filtered by: 'score|length|fps|ratio|train/loss/|train/rand/'
episode/score 170 / episode/length 434 / train/loss/con 0.02 / train/loss/dyn 2.3 / train/loss/image 3.43 / train/loss/policy 5.3e-3 / train/loss/rep 2.3 / train/loss/repval 2.13 / train/loss/rew 0.06 / train/loss/value 1.53 / train/rand/action 0.14 / replay/replay_ratio 260 / fps/policy 28.96 / fps/train 7414.2

Writing metrics: /n/holylabs/gershman_lab/Users/rtruong/dreamerv3-official-run/logdir/u14_seeds/frostbite_seed10/scores.jsonlWriting metrics: /n/holylabs/gershman_lab/Users/rtruong/dreamerv3-official-run/logdir/u14_seeds/frostbite_seed10/metrics.jsonl


--------------------[Agent Step 86_840]--------------------
Metrics filtered by: 'score|length|fps|ratio|train/loss/|train/rand/'
episode/score 1040 / episode/length 840 / train/loss/con 0.02 / train/loss/dyn 2.26 / train/loss/image 2.97 / train/loss/policy 2.7e-3 / train/loss/rep 2.26 / train/loss/repval 2.24 / train/loss/rew 0.06 / train/loss/value 1.61 / train/rand/action 0.12 / replay/replay_ratio 259.85 / fps/policy 28.98 / fps/train 7415.61

Writing metrics: /n/holylabs/gershman_lab/Users/rtruong/dreamerv3-official-run/logdir/u14_seeds/frostbite_seed10/scores.jsonlWriting metrics: /n/holylabs/gershman_lab/Users/rtruong/dreamerv3-official-run/logdir/u14_seeds/frostbite_seed10/metrics.jsonl


--------------------[Agent Step 100_760]--------------------
Metrics filtered by: 'score|length|fps|ratio|train/loss/|train/rand/'
episode/score 1090 / episode/length 809 / train/loss/con 0.02 / train/loss/dyn 2.16 / train/loss/image 2.56 / train/loss/policy 2.3e-3 / train/loss/rep 2.16 / train/loss/repval 2.11 / train/loss/rew 0.07 / train/loss/value 1.55 / train/rand/action 0.1 / replay/replay_ratio 260 / fps/policy 28.94 / fps/train 7409.71

Writing metrics: /n/holylabs/gershman_lab/Users/rtruong/dreamerv3-official-run/logdir/u14_seeds/frostbite_seed10/metrics.jsonl
Writing metrics: /n/holylabs/gershman_lab/Users/rtruong/dreamerv3-official-run/logdir/u14_seeds/frostbite_seed10/scores.jsonl
Saving checkpoint: /n/holylabs/gershman_lab/Users/rtruong/dreamerv3-official-run/logdir/u14_seeds/frostbite_seed10/ckpt/20260923T180354F076208
Saved checkpoint.

--------------------[Agent Step 114_200]--------------------
Metrics filtered by: 'score|length|fps|ratio|train/loss/|train/rand/'
episode/score 3360 / episode/length 1092 / train/loss/con 0.02 / train/loss/dyn 2.14 / train/loss/image 2.25 / train/loss/policy 1.7e-3 / train/loss/rep 2.14 / train/loss/repval 2.05 / train/loss/rew 0.08 / train/loss/value 1.51 / train/rand/action 0.09 / replay/replay_ratio 260 / fps/policy 27.93 / fps/train 7148.94

Writing metrics: /n/holylabs/gershman_lab/Users/rtruong/dreamerv3-official-run/logdir/u14_seeds/frostbite_seed10/scores.jsonlWriting metrics: /n/holylabs/gershman_lab/Users/rtruong/dreamerv3-official-run/logdir/u14_seeds/frostbite_seed10/metrics.jsonl


--------------------[Agent Step 128_120]--------------------
Metrics filtered by: 'score|length|fps|ratio|train/loss/|train/rand/'
episode/score 100 / episode/length 359 / train/loss/con 0.02 / train/loss/dyn 2.11 / train/loss/image 1.97 / train/loss/policy 1.8e-3 / train/loss/rep 2.11 / train/loss/repval 1.89 / train/loss/rew 0.08 / train/loss/value 1.4 / train/rand/action 0.08 / replay/replay_ratio 260 / fps/policy 28.9 / fps/train 7399.47

Writing metrics: /n/holylabs/gershman_lab/Users/rtruong/dreamerv3-official-run/logdir/u14_seeds/frostbite_seed10/metrics.jsonlWriting metrics: /n/holylabs/gershman_lab/Users/rtruong/dreamerv3-official-run/logdir/u14_seeds/frostbite_seed10/scores.jsonl


--------------------[Agent Step 142_040]--------------------
Metrics filtered by: 'score|length|fps|ratio|train/loss/|train/rand/'
episode/score 1820 / episode/length 865 / train/loss/con 0.02 / train/loss/dyn 2.01 / train/loss/image 1.79 / train/loss/policy 1.7e-3 / train/loss/rep 2.01 / train/loss/repval 1.83 / train/loss/rew 0.08 / train/loss/value 1.4 / train/rand/action 0.08 / replay/replay_ratio 260 / fps/policy 28.96 / fps/train 7414.76

Writing metrics: /n/holylabs/gershman_lab/Users/rtruong/dreamerv3-official-run/logdir/u14_seeds/frostbite_seed10/scores.jsonlWriting metrics: /n/holylabs/gershman_lab/Users/rtruong/dreamerv3-official-run/logdir/u14_seeds/frostbite_seed10/metrics.jsonl


--------------------[Agent Step 155_960]--------------------
Metrics filtered by: 'score|length|fps|ratio|train/loss/|train/rand/'
episode/score 2220 / episode/length 942 / train/loss/con 0.02 / train/loss/dyn 1.93 / train/loss/image 1.65 / train/loss/policy 1.7e-3 / train/loss/rep 1.93 / train/loss/repval 1.75 / train/loss/rew 0.09 / train/loss/value 1.34 / train/rand/action 0.1 / replay/replay_ratio 260 / fps/policy 28.96 / fps/train 7414.45

Writing metrics: /n/holylabs/gershman_lab/Users/rtruong/dreamerv3-official-run/logdir/u14_seeds/frostbite_seed10/metrics.jsonlWriting metrics: /n/holylabs/gershman_lab/Users/rtruong/dreamerv3-official-run/logdir/u14_seeds/frostbite_seed10/scores.jsonl


--------------------[Agent Step 169_840]--------------------
Metrics filtered by: 'score|length|fps|ratio|train/loss/|train/rand/'
episode/score 1800 / episode/length 789 / train/loss/con 0.02 / train/loss/dyn 1.87 / train/loss/image 1.53 / train/loss/policy 1.3e-3 / train/loss/rep 1.87 / train/loss/repval 1.73 / train/loss/rew 0.09 / train/loss/value 1.32 / train/rand/action 0.1 / replay/replay_ratio 260.15 / fps/policy 28.9 / fps/train 7402.44

Writing metrics: /n/holylabs/gershman_lab/Users/rtruong/dreamerv3-official-run/logdir/u14_seeds/frostbite_seed10/metrics.jsonlWriting metrics: /n/holylabs/gershman_lab/Users/rtruong/dreamerv3-official-run/logdir/u14_seeds/frostbite_seed10/scores.jsonl


--------------------[Agent Step 183_720]--------------------
Metrics filtered by: 'score|length|fps|ratio|train/loss/|train/rand/'
episode/score 220 / episode/length 472 / train/loss/con 0.02 / train/loss/dyn 1.74 / train/loss/image 1.4 / train/loss/policy 1.7e-3 / train/loss/rep 1.74 / train/loss/repval 1.66 / train/loss/rew 0.09 / train/loss/value 1.3 / train/rand/action 0.12 / replay/replay_ratio 259.85 / fps/policy 28.88 / fps/train 7389.45

Writing metrics: /n/holylabs/gershman_lab/Users/rtruong/dreamerv3-official-run/logdir/u14_seeds/frostbite_seed10/metrics.jsonlWriting metrics: /n/holylabs/gershman_lab/Users/rtruong/dreamerv3-official-run/logdir/u14_seeds/frostbite_seed10/scores.jsonl


--------------------[Agent Step 197_680]--------------------
Metrics filtered by: 'score|length|fps|ratio|train/loss/|train/rand/'
episode/score 2260 / episode/length 983 / train/loss/con 0.02 / train/loss/dyn 1.71 / train/loss/image 1.33 / train/loss/policy 1.5e-3 / train/loss/rep 1.71 / train/loss/repval 1.69 / train/loss/rew 0.08 / train/loss/value 1.31 / train/rand/action 0.12 / replay/replay_ratio 260.15 / fps/policy 29.02 / fps/train 7433.79

Writing metrics: /n/holylabs/gershman_lab/Users/rtruong/dreamerv3-official-run/logdir/u14_seeds/frostbite_seed10/metrics.jsonlWriting metrics: /n/holylabs/gershman_lab/Users/rtruong/dreamerv3-official-run/logdir/u14_seeds/frostbite_seed10/scores.jsonl

Saving checkpoint: /n/holylabs/gershman_lab/Users/rtruong/dreamerv3-official-run/logdir/u14_seeds/frostbite_seed10/ckpt/20260923T181854F191681
Saved checkpoint.

--------------------[Agent Step 211_360]--------------------
Metrics filtered by: 'score|length|fps|ratio|train/loss/|train/rand/'
episode/score 1390 / episode/length 797 / train/loss/con 0.02 / train/loss/dyn 1.67 / train/loss/image 1.23 / train/loss/policy 2.2e-3 / train/loss/rep 1.67 / train/loss/repval 1.56 / train/loss/rew 0.09 / train/loss/value 1.24 / train/rand/action 0.14 / replay/replay_ratio 260 / fps/policy 28.13 / fps/train 7201.29

Writing metrics: /n/holylabs/gershman_lab/Users/rtruong/dreamerv3-official-run/logdir/u14_seeds/frostbite_seed10/metrics.jsonl
Writing metrics: /n/holylabs/gershman_lab/Users/rtruong/dreamerv3-official-run/logdir/u14_seeds/frostbite_seed10/scores.jsonl

--------------------[Agent Step 225_280]--------------------
Metrics filtered by: 'score|length|fps|ratio|train/loss/|train/rand/'
episode/score 4100 / episode/length 1095 / train/loss/con 0.02 / train/loss/dyn 1.63 / train/loss/image 1.18 / train/loss/policy 2e-3 / train/loss/rep 1.63 / train/loss/repval 1.57 / train/loss/rew 0.08 / train/loss/value 1.23 / train/rand/action 0.14 / replay/replay_ratio 260 / fps/policy 28.98 / fps/train 7419.1

Writing metrics: /n/holylabs/gershman_lab/Users/rtruong/dreamerv3-official-run/logdir/u14_seeds/frostbite_seed10/scores.jsonl
Writing metrics: /n/holylabs/gershman_lab/Users/rtruong/dreamerv3-official-run/logdir/u14_seeds/frostbite_seed10/metrics.jsonl

--------------------[Agent Step 239_240]--------------------
Metrics filtered by: 'score|length|fps|ratio|train/loss/|train/rand/'
episode/score 2720 / episode/length 1022 / train/loss/con 0.02 / train/loss/dyn 1.63 / train/loss/image 1.12 / train/loss/policy 1.8e-3 / train/loss/rep 1.63 / train/loss/repval 1.56 / train/loss/rew 0.08 / train/loss/value 1.23 / train/rand/action 0.14 / replay/replay_ratio 259.85 / fps/policy 28.99 / fps/train 7417.55

Writing metrics: /n/holylabs/gershman_lab/Users/rtruong/dreamerv3-official-run/logdir/u14_seeds/frostbite_seed10/scores.jsonl
Writing metrics: /n/holylabs/gershman_lab/Users/rtruong/dreamerv3-official-run/logdir/u14_seeds/frostbite_seed10/metrics.jsonl

--------------------[Agent Step 253_160]--------------------
Metrics filtered by: 'score|length|fps|ratio|train/loss/|train/rand/'
episode/score 3200 / episode/length 991 / train/loss/con 0.02 / train/loss/dyn 1.56 / train/loss/image 1.1 / train/loss/policy 1.8e-3 / train/loss/rep 1.56 / train/loss/repval 1.54 / train/loss/rew 0.08 / train/loss/value 1.23 / train/rand/action 0.14 / replay/replay_ratio 260 / fps/policy 28.93 / fps/train 7405.87

Writing metrics: /n/holylabs/gershman_lab/Users/rtruong/dreamerv3-official-run/logdir/u14_seeds/frostbite_seed10/scores.jsonl
Writing metrics: /n/holylabs/gershman_lab/Users/rtruong/dreamerv3-official-run/logdir/u14_seeds/frostbite_seed10/metrics.jsonl

--------------------[Agent Step 267_080]--------------------
Metrics filtered by: 'score|length|fps|ratio|train/loss/|train/rand/'
episode/score 1420 / episode/length 861 / train/loss/con 0.02 / train/loss/dyn 1.58 / train/loss/image 1 / train/loss/policy 1.3e-3 / train/loss/rep 1.58 / train/loss/repval 1.52 / train/loss/rew 0.07 / train/loss/value 1.2 / train/rand/action 0.14 / replay/replay_ratio 260 / fps/policy 28.93 / fps/train 7405.18

Writing metrics: /n/holylabs/gershman_lab/Users/rtruong/dreamerv3-official-run/logdir/u14_seeds/frostbite_seed10/metrics.jsonlWriting metrics: /n/holylabs/gershman_lab/Users/rtruong/dreamerv3-official-run/logdir/u14_seeds/frostbite_seed10/scores.jsonl


--------------------[Agent Step 281_000]--------------------
Metrics filtered by: 'score|length|fps|ratio|train/loss/|train/rand/'
episode/score 1390 / episode/length 805 / train/loss/con 0.02 / train/loss/dyn 1.49 / train/loss/image 0.92 / train/loss/policy 1.4e-3 / train/loss/rep 1.49 / train/loss/repval 1.5 / train/loss/rew 0.07 / train/loss/value 1.2 / train/rand/action 0.13 / replay/replay_ratio 260 / fps/policy 28.99 / fps/train 7420.75

Writing metrics: /n/holylabs/gershman_lab/Users/rtruong/dreamerv3-official-run/logdir/u14_seeds/frostbite_seed10/scores.jsonlWriting metrics: /n/holylabs/gershman_lab/Users/rtruong/dreamerv3-official-run/logdir/u14_seeds/frostbite_seed10/metrics.jsonl


--------------------[Agent Step 294_880]--------------------
Metrics filtered by: 'score|length|fps|ratio|train/loss/|train/rand/'
episode/score 2530 / episode/length 1032 / train/loss/con 0.02 / train/loss/dyn 1.5 / train/loss/image 0.92 / train/loss/policy 1e-3 / train/loss/rep 1.5 / train/loss/repval 1.5 / train/loss/rew 0.07 / train/loss/value 1.19 / train/rand/action 0.13 / replay/replay_ratio 260.15 / fps/policy 28.86 / fps/train 7392.9

Writing metrics: /n/holylabs/gershman_lab/Users/rtruong/dreamerv3-official-run/logdir/u14_seeds/frostbite_seed10/scores.jsonlWriting metrics: /n/holylabs/gershman_lab/Users/rtruong/dreamerv3-official-run/logdir/u14_seeds/frostbite_seed10/metrics.jsonl


--------------------[Agent Step 308_800]--------------------
Metrics filtered by: 'score|length|fps|ratio|train/loss/|train/rand/'
episode/score 1200 / episode/length 790 / train/loss/con 0.02 / train/loss/dyn 1.46 / train/loss/image 0.87 / train/loss/policy 1e-3 / train/loss/rep 1.46 / train/loss/repval 1.46 / train/loss/rew 0.07 / train/loss/value 1.16 / train/rand/action 0.12 / replay/replay_ratio 260 / fps/policy 28.94 / fps/train 7409.62

Writing metrics: /n/holylabs/gershman_lab/Users/rtruong/dreamerv3-official-run/logdir/u14_seeds/frostbite_seed10/scores.jsonl
Writing metrics: /n/holylabs/gershman_lab/Users/rtruong/dreamerv3-official-run/logdir/u14_seeds/frostbite_seed10/metrics.jsonl
Saving checkpoint: /n/holylabs/gershman_lab/Users/rtruong/dreamerv3-official-run/logdir/u14_seeds/frostbite_seed10/ckpt/20260923T183354F550256
Saved checkpoint.

--------------------[Agent Step 322_360]--------------------
Metrics filtered by: 'score|length|fps|ratio|train/loss/|train/rand/'
episode/score 3050 / episode/length 1110 / train/loss/con 0.02 / train/loss/dyn 1.41 / train/loss/image 0.84 / train/loss/policy 8.5e-4 / train/loss/rep 1.41 / train/loss/repval 1.47 / train/loss/rew 0.07 / train/loss/value 1.16 / train/rand/action 0.12 / replay/replay_ratio 259.85 / fps/policy 28.18 / fps/train 7209.1

Writing metrics: /n/holylabs/gershman_lab/Users/rtruong/dreamerv3-official-run/logdir/u14_seeds/frostbite_seed10/scores.jsonlWriting metrics: /n/holylabs/gershman_lab/Users/rtruong/dreamerv3-official-run/logdir/u14_seeds/frostbite_seed10/metrics.jsonl


--------------------[Agent Step 336_280]--------------------
Metrics filtered by: 'score|length|fps|ratio|train/loss/|train/rand/'
episode/score 4090 / episode/length 1086 / train/loss/con 0.02 / train/loss/dyn 1.39 / train/loss/image 0.82 / train/loss/policy 1e-3 / train/loss/rep 1.39 / train/loss/repval 1.51 / train/loss/rew 0.07 / train/loss/value 1.19 / train/rand/action 0.13 / replay/replay_ratio 260 / fps/policy 28.97 / fps/train 7416.68

Writing metrics: /n/holylabs/gershman_lab/Users/rtruong/dreamerv3-official-run/logdir/u14_seeds/frostbite_seed10/scores.jsonlWriting metrics: /n/holylabs/gershman_lab/Users/rtruong/dreamerv3-official-run/logdir/u14_seeds/frostbite_seed10/metrics.jsonl


--------------------[Agent Step 350_240]--------------------
Metrics filtered by: 'score|length|fps|ratio|train/loss/|train/rand/'
episode/score 1290 / episode/length 795 / train/loss/con 0.02 / train/loss/dyn 1.38 / train/loss/image 0.8 / train/loss/policy 1.3e-3 / train/loss/rep 1.38 / train/loss/repval 1.46 / train/loss/rew 0.07 / train/loss/value 1.18 / train/rand/action 0.14 / replay/replay_ratio 260.15 / fps/policy 29.02 / fps/train 7433.53

Writing metrics: /n/holylabs/gershman_lab/Users/rtruong/dreamerv3-official-run/logdir/u14_seeds/frostbite_seed10/scores.jsonlWriting metrics: /n/holylabs/gershman_lab/Users/rtruong/dreamerv3-official-run/logdir/u14_seeds/frostbite_seed10/metrics.jsonl


--------------------[Agent Step 364_200]--------------------
Metrics filtered by: 'score|length|fps|ratio|train/loss/|train/rand/'
episode/score 2800 / episode/length 1064 / train/loss/con 0.02 / train/loss/dyn 1.42 / train/loss/image 0.81 / train/loss/policy 1.1e-3 / train/loss/rep 1.42 / train/loss/repval 1.48 / train/loss/rew 0.07 / train/loss/value 1.17 / train/rand/action 0.14 / replay/replay_ratio 259.85 / fps/policy 29.01 / fps/train 7421.66

Writing metrics: /n/holylabs/gershman_lab/Users/rtruong/dreamerv3-official-run/logdir/u14_seeds/frostbite_seed10/metrics.jsonlWriting metrics: /n/holylabs/gershman_lab/Users/rtruong/dreamerv3-official-run/logdir/u14_seeds/frostbite_seed10/scores.jsonl


--------------------[Agent Step 378_080]--------------------
Metrics filtered by: 'score|length|fps|ratio|train/loss/|train/rand/'
episode/score 3590 / episode/length 1105 / train/loss/con 0.02 / train/loss/dyn 1.31 / train/loss/image 0.72 / train/loss/policy 8.7e-4 / train/loss/rep 1.31 / train/loss/repval 1.42 / train/loss/rew 0.07 / train/loss/value 1.16 / train/rand/action 0.15 / replay/replay_ratio 260.15 / fps/policy 28.88 / fps/train 7397.32

Writing metrics: /n/holylabs/gershman_lab/Users/rtruong/dreamerv3-official-run/logdir/u14_seeds/frostbite_seed10/scores.jsonlWriting metrics: /n/holylabs/gershman_lab/Users/rtruong/dreamerv3-official-run/logdir/u14_seeds/frostbite_seed10/metrics.jsonl


--------------------[Agent Step 392_000]--------------------
Metrics filtered by: 'score|length|fps|ratio|train/loss/|train/rand/'
episode/score 4010 / episode/length 1140 / train/loss/con 0.02 / train/loss/dyn 1.43 / train/loss/image 0.84 / train/loss/policy 1.2e-3 / train/loss/rep 1.43 / train/loss/repval 1.38 / train/loss/rew 0.07 / train/loss/value 1.12 / train/rand/action 0.15 / replay/replay_ratio 260 / fps/policy 29 / fps/train 7424.06

Writing metrics: /n/holylabs/gershman_lab/Users/rtruong/dreamerv3-official-run/logdir/u14_seeds/frostbite_seed10/scores.jsonlWriting metrics: /n/holylabs/gershman_lab/Users/rtruong/dreamerv3-official-run/logdir/u14_seeds/frostbite_seed10/metrics.jsonl


--------------------[Agent Step 405_920]--------------------
Metrics filtered by: 'score|length|fps|ratio|train/loss/|train/rand/'
episode/score 3270 / episode/length 1034 / train/loss/con 0.02 / train/loss/dyn 1.31 / train/loss/image 0.7 / train/loss/policy 1e-3 / train/loss/rep 1.31 / train/loss/repval 1.35 / train/loss/rew 0.07 / train/loss/value 1.09 / train/rand/action 0.14 / replay/replay_ratio 260 / fps/policy 29 / fps/train 7424.01

Writing metrics: /n/holylabs/gershman_lab/Users/rtruong/dreamerv3-official-run/logdir/u14_seeds/frostbite_seed10/metrics.jsonlWriting metrics: /n/holylabs/gershman_lab/Users/rtruong/dreamerv3-official-run/logdir/u14_seeds/frostbite_seed10/scores.jsonl

Saving checkpoint: /n/holylabs/gershman_lab/Users/rtruong/dreamerv3-official-run/logdir/u14_seeds/frostbite_seed10/ckpt/20260923T184854F593292
Saved checkpoint.

--------------------[Agent Step 419_360]--------------------
Metrics filtered by: 'score|length|fps|ratio|train/loss/|train/rand/'
episode/score 3330 / episode/length 1144 / train/loss/con 0.02 / train/loss/dyn 1.31 / train/loss/image 0.72 / train/loss/policy 1.2e-3 / train/loss/rep 1.31 / train/loss/repval 1.34 / train/loss/rew 0.07 / train/loss/value 1.1 / train/rand/action 0.14 / replay/replay_ratio 260 / fps/policy 27.91 / fps/train 7146.16

Writing metrics: /n/holylabs/gershman_lab/Users/rtruong/dreamerv3-official-run/logdir/u14_seeds/frostbite_seed10/metrics.jsonl
Writing metrics: /n/holylabs/gershman_lab/Users/rtruong/dreamerv3-official-run/logdir/u14_seeds/frostbite_seed10/scores.jsonl

--------------------[Agent Step 433_280]--------------------
Metrics filtered by: 'score|length|fps|ratio|train/loss/|train/rand/'
episode/score 1070 / episode/length 668 / train/loss/con 0.02 / train/loss/dyn 1.3 / train/loss/image 0.68 / train/loss/policy 8.3e-4 / train/loss/rep 1.3 / train/loss/repval 1.34 / train/loss/rew 0.07 / train/loss/value 1.1 / train/rand/action 0.14 / replay/replay_ratio 260 / fps/policy 28.97 / fps/train 7416.88

Writing metrics: /n/holylabs/gershman_lab/Users/rtruong/dreamerv3-official-run/logdir/u14_seeds/frostbite_seed10/metrics.jsonlWriting metrics: /n/holylabs/gershman_lab/Users/rtruong/dreamerv3-official-run/logdir/u14_seeds/frostbite_seed10/scores.jsonl


--------------------[Agent Step 438_516]--------------------
Metrics filtered by: 'score|length|fps|ratio|train/loss/|train/rand/'
episode/score 1630 / episode/length 817

Writing metrics: /n/holylabs/gershman_lab/Users/rtruong/dreamerv3-official-run/logdir/u14_seeds/frostbite_seed10/metrics.jsonlWriting metrics: /n/holylabs/gershman_lab/Users/rtruong/dreamerv3-official-run/logdir/u14_seeds/frostbite_seed10/scores.jsonl

EXIT=0
