ALE_ROM_PATH=/n/holylabs/gershman_lab/Users/rtruong/dreamerv3-official-run/.venv/lib/python3.11/site-packages/AutoROM/roms
NVIDIA H100 80GB HBM3
jax 0.4.26 [cuda(id=0)]
---  ___                           __   ______ ---
--- |   \ _ _ ___ __ _ _ __  ___ _ \ \ / /__ / ---
--- | |) | '_/ -_) _` | '  \/ -_) '/\ V / |_ \ ---
--- |___/|_| \___\__,_|_|_|_\___|_|  \_/ |___/ ---
Run script: train
Logdir: /n/holylabs/gershman_lab/Users/rtruong/dreamerv3-official-2411f7d1/logdir/atari100k_frostbite_seed1
Observation space
  image            Space(dtype=uint8, shape=(64, 64, 3), low=0, high=255)
  reward           Space(dtype=float32, shape=(), low=-inf, high=inf)
  is_first         Space(dtype=bool, shape=(), low=False, high=True)
  is_last          Space(dtype=bool, shape=(), low=False, high=True)
  is_terminal      Space(dtype=bool, shape=(), low=False, high=True)
Action space
  action           Space(dtype=int32, shape=(), low=0, high=18)
  reset            Space(dtype=bool, shape=(), low=False, high=True)
Encoder: {'image': (64, 64, 3)}
Decoder: {'image': (64, 64, 3)}
JAX devices (1): [cuda(id=0)]
Policy devices: cuda:0
Train devices:  cuda:0
Tracing train function
ENC
(1024, 4096) out
DEC
(1024, 4, 4, 256) in
(1024, 64, 64, 3) out
ENC
(1024, 4096) out
DEC
(1024, 4, 4, 256) in
(1024, 64, 64, 3) out
Optimizer opt has 166,369,430 variables:
   166,369,430 agent
    95,496,192 agent/dyn
    20,482,243 agent/dec
    12,851,456 agent/critic
    12,607,506 agent/actor
    10,750,208 agent/rew
    10,488,833 agent/con
     3,692,992 agent/enc
Tracing train function
ENC
(1024, 4096) out
DEC
(1024, 4, 4, 256) in
(1024, 64, 64, 3) out
ENC
(1024, 4096) out
DEC
(1024, 4, 4, 256) in
(1024, 64, 64, 3) out
Tracing report function
ENC
(528, 4096) out
DEC
(528, 4, 4, 256) in
(528, 64, 64, 3) out
DEC
(48, 4, 4, 256) in
(48, 64, 64, 3) out
DEC
(150, 4, 4, 256) in
(150, 64, 64, 3) out
Done compiling train and report!
Logdir /n/holylabs/gershman_lab/Users/rtruong/dreamerv3-official-2411f7d1/logdir/atari100k_frostbite_seed1
Did not find any checkpoint.
Writing checkpoint: /n/holylabs/gershman_lab/Users/rtruong/dreamerv3-official-2411f7d1/logdir/atari100k_frostbite_seed1/checkpoint.ckpt
Start training loop
Tracing policy function
ENC
(1, 4096) out

--------------------[Agent Step 40]--------------------
Metrics filtered by: 'score|length|fps|ratio|train/.*_loss$|train/rand/.*/mean'
replay/replay_ratio nan / fps/policy 1.66 / fps/train 0

Writing metrics: /n/holylabs/gershman_lab/Users/rtruong/dreamerv3-official-2411f7d1/logdir/atari100k_frostbite_seed1/scores.jsonlWriting metrics: /n/holylabs/gershman_lab/Users/rtruong/dreamerv3-official-2411f7d1/logdir/atari100k_frostbite_seed1/metrics.jsonlCreating new TensorBoard event file writer.


Wrote checkpoint.

--------------------[Agent Step 9120]--------------------
Metrics filtered by: 'score|length|fps|ratio|train/.*_loss$|train/rand/.*/mean'
episode/score 70 / episode/length 340 / train/actor_loss 1.86 / train/constats/neg_loss 5.01 / train/constats/pos_loss 0.03 / train/cont_loss 0.05 / train/critic_loss 5.99 / train/dyn_loss 6.16 / train/image_loss 344.41 / train/opt_loss 363.58 / train/rand/action/mean 1 / train/rep_loss 6.16 / train/replay_critic_loss 7.55 / train/reward_loss 2.22 / train/rewstats/neg_loss 2.17 / train/rewstats/pos_loss 4.46 / replay/replay_ratio 260.47 / fps/policy 18.85 / fps/train 4686.22

Writing metrics: /n/holylabs/gershman_lab/Users/rtruong/dreamerv3-official-2411f7d1/logdir/atari100k_frostbite_seed1/metrics.jsonlWriting metrics: /n/holylabs/gershman_lab/Users/rtruong/dreamerv3-official-2411f7d1/logdir/atari100k_frostbite_seed1/scores.jsonl

GIF summaries require ffmpeg in $PATH. [Errno 2] No such file or directory: 'ffmpeg'

--------------------[Agent Step 18040]--------------------
Metrics filtered by: 'score|length|fps|ratio|train/.*_loss$|train/rand/.*/mean'
episode/score 0 / episode/length 248 / train/actor_loss 0.42 / train/constats/neg_loss 3.19 / train/constats/pos_loss 5.4e-3 / train/cont_loss 0.03 / train/critic_loss 2.49 / train/dyn_loss 2.72 / train/image_loss 6.99 / train/opt_loss 14.06 / train/rand/action/mean 0.49 / train/rep_loss 2.72 / train/replay_critic_loss 3.56 / train/reward_loss 0.07 / train/rewstats/neg_loss 0.02 / train/rewstats/pos_loss 2.66 / replay/replay_ratio 260.23 / fps/policy 18.51 / fps/train 4734.13

Writing metrics: /n/holylabs/gershman_lab/Users/rtruong/dreamerv3-official-2411f7d1/logdir/atari100k_frostbite_seed1/metrics.jsonlWriting metrics: /n/holylabs/gershman_lab/Users/rtruong/dreamerv3-official-2411f7d1/logdir/atari100k_frostbite_seed1/scores.jsonl

GIF summaries require ffmpeg in $PATH. [Errno 2] No such file or directory: 'ffmpeg'
GIF summaries require ffmpeg in $PATH. [Errno 2] No such file or directory: 'ffmpeg'

--------------------[Agent Step 26960]--------------------
Metrics filtered by: 'score|length|fps|ratio|train/.*_loss$|train/rand/.*/mean'
episode/score 140 / episode/length 553 / train/actor_loss 0.03 / train/constats/neg_loss 1.82 / train/constats/pos_loss 5.5e-3 / train/cont_loss 0.03 / train/critic_loss 2.22 / train/dyn_loss 2.71 / train/image_loss 3.63 / train/opt_loss 9.86 / train/rand/action/mean 0.16 / train/rep_loss 2.71 / train/replay_critic_loss 3.15 / train/reward_loss 0.03 / train/rewstats/neg_loss 8.5e-3 / train/rewstats/pos_loss 1.52 / replay/replay_ratio 260.7 / fps/policy 18.52 / fps/train 4746.24

Writing metrics: /n/holylabs/gershman_lab/Users/rtruong/dreamerv3-official-2411f7d1/logdir/atari100k_frostbite_seed1/metrics.jsonlWriting metrics: /n/holylabs/gershman_lab/Users/rtruong/dreamerv3-official-2411f7d1/logdir/atari100k_frostbite_seed1/scores.jsonl

GIF summaries require ffmpeg in $PATH. [Errno 2] No such file or directory: 'ffmpeg'
GIF summaries require ffmpeg in $PATH. [Errno 2] No such file or directory: 'ffmpeg'

--------------------[Agent Step 35920]--------------------
Metrics filtered by: 'score|length|fps|ratio|train/.*_loss$|train/rand/.*/mean'
episode/score 140 / episode/length 454 / train/actor_loss 0.01 / train/constats/neg_loss 1.39 / train/constats/pos_loss 4.9e-3 / train/cont_loss 0.03 / train/critic_loss 1.65 / train/dyn_loss 2.46 / train/image_loss 3.15 / train/opt_loss 8.32 / train/rand/action/mean 0.11 / train/rep_loss 2.46 / train/replay_critic_loss 2.47 / train/reward_loss 0.03 / train/rewstats/neg_loss 8.2e-3 / train/rewstats/pos_loss 1.12 / replay/replay_ratio 260 / fps/policy 18.59 / fps/train 4758.99

Writing metrics: /n/holylabs/gershman_lab/Users/rtruong/dreamerv3-official-2411f7d1/logdir/atari100k_frostbite_seed1/metrics.jsonlWriting metrics: /n/holylabs/gershman_lab/Users/rtruong/dreamerv3-official-2411f7d1/logdir/atari100k_frostbite_seed1/scores.jsonl

GIF summaries require ffmpeg in $PATH. [Errno 2] No such file or directory: 'ffmpeg'

--------------------[Agent Step 44840]--------------------
Metrics filtered by: 'score|length|fps|ratio|train/.*_loss$|train/rand/.*/mean'
episode/score 160 / episode/length 394 / train/actor_loss 9.5e-3 / train/constats/neg_loss 1.28 / train/constats/pos_loss 4.6e-3 / train/cont_loss 0.03 / train/critic_loss 1.49 / train/dyn_loss 2.25 / train/image_loss 2.85 / train/opt_loss 7.5 / train/rand/action/mean 0.15 / train/rep_loss 2.25 / train/replay_critic_loss 2.1 / train/reward_loss 0.02 / train/rewstats/neg_loss 6.2e-3 / train/rewstats/pos_loss 0.85 / replay/replay_ratio 260.23 / fps/policy 18.53 / fps/train 4740.24

Writing metrics: /n/holylabs/gershman_lab/Users/rtruong/dreamerv3-official-2411f7d1/logdir/atari100k_frostbite_seed1/scores.jsonl
Writing metrics: /n/holylabs/gershman_lab/Users/rtruong/dreamerv3-official-2411f7d1/logdir/atari100k_frostbite_seed1/metrics.jsonl
GIF summaries require ffmpeg in $PATH. [Errno 2] No such file or directory: 'ffmpeg'
GIF summaries require ffmpeg in $PATH. [Errno 2] No such file or directory: 'ffmpeg'

--------------------[Agent Step 53760]--------------------
Metrics filtered by: 'score|length|fps|ratio|train/.*_loss$|train/rand/.*/mean'
episode/score 190 / episode/length 416 / train/actor_loss 0.02 / train/constats/neg_loss 1 / train/constats/pos_loss 4.4e-3 / train/cont_loss 0.02 / train/critic_loss 1.43 / train/dyn_loss 2.12 / train/image_loss 2.28 / train/opt_loss 6.68 / train/rand/action/mean 0.27 / train/rep_loss 2.12 / train/replay_critic_loss 1.93 / train/reward_loss 0.02 / train/rewstats/neg_loss 4.3e-3 / train/rewstats/pos_loss 0.72 / replay/replay_ratio 260.7 / fps/policy 18.53 / fps/train 4747.18

Writing metrics: /n/holylabs/gershman_lab/Users/rtruong/dreamerv3-official-2411f7d1/logdir/atari100k_frostbite_seed1/metrics.jsonlWriting metrics: /n/holylabs/gershman_lab/Users/rtruong/dreamerv3-official-2411f7d1/logdir/atari100k_frostbite_seed1/scores.jsonl

GIF summaries require ffmpeg in $PATH. [Errno 2] No such file or directory: 'ffmpeg'
GIF summaries require ffmpeg in $PATH. [Errno 2] No such file or directory: 'ffmpeg'

--------------------[Agent Step 62680]--------------------
Metrics filtered by: 'score|length|fps|ratio|train/.*_loss$|train/rand/.*/mean'
episode/score 220 / episode/length 477 / train/actor_loss 0.01 / train/constats/neg_loss 0.67 / train/constats/pos_loss 4e-3 / train/cont_loss 0.02 / train/critic_loss 1.43 / train/dyn_loss 2.08 / train/image_loss 1.98 / train/opt_loss 6.32 / train/rand/action/mean 0.25 / train/rep_loss 2.08 / train/replay_critic_loss 1.88 / train/reward_loss 0.02 / train/rewstats/neg_loss 2.9e-3 / train/rewstats/pos_loss 0.65 / replay/replay_ratio 259.77 / fps/policy 18.52 / fps/train 4735.97

Writing metrics: /n/holylabs/gershman_lab/Users/rtruong/dreamerv3-official-2411f7d1/logdir/atari100k_frostbite_seed1/metrics.jsonlWriting metrics: /n/holylabs/gershman_lab/Users/rtruong/dreamerv3-official-2411f7d1/logdir/atari100k_frostbite_seed1/scores.jsonl

GIF summaries require ffmpeg in $PATH. [Errno 2] No such file or directory: 'ffmpeg'
Writing checkpoint: /n/holylabs/gershman_lab/Users/rtruong/dreamerv3-official-2411f7d1/logdir/atari100k_frostbite_seed1/checkpoint.ckpt
Wrote checkpoint.

--------------------[Agent Step 71520]--------------------
Metrics filtered by: 'score|length|fps|ratio|train/.*_loss$|train/rand/.*/mean'
episode/score 230 / episode/length 518 / train/actor_loss 8.3e-3 / train/constats/neg_loss 0.59 / train/constats/pos_loss 3.9e-3 / train/cont_loss 0.02 / train/critic_loss 1.43 / train/dyn_loss 2 / train/image_loss 1.7 / train/opt_loss 5.92 / train/rand/action/mean 0.24 / train/rep_loss 2 / train/replay_critic_loss 1.83 / train/reward_loss 0.02 / train/rewstats/neg_loss 2.3e-3 / train/rewstats/pos_loss 0.62 / replay/replay_ratio 260.71 / fps/policy 18.36 / fps/train 4704.74

Writing metrics: /n/holylabs/gershman_lab/Users/rtruong/dreamerv3-official-2411f7d1/logdir/atari100k_frostbite_seed1/scores.jsonl
Writing metrics: /n/holylabs/gershman_lab/Users/rtruong/dreamerv3-official-2411f7d1/logdir/atari100k_frostbite_seed1/metrics.jsonl
GIF summaries require ffmpeg in $PATH. [Errno 2] No such file or directory: 'ffmpeg'
GIF summaries require ffmpeg in $PATH. [Errno 2] No such file or directory: 'ffmpeg'

--------------------[Agent Step 80440]--------------------
Metrics filtered by: 'score|length|fps|ratio|train/.*_loss$|train/rand/.*/mean'
episode/score 200 / episode/length 524 / train/actor_loss 6.5e-3 / train/constats/neg_loss 0.49 / train/constats/pos_loss 3.8e-3 / train/cont_loss 0.02 / train/critic_loss 1.41 / train/dyn_loss 2.02 / train/image_loss 1.59 / train/opt_loss 5.81 / train/rand/action/mean 0.24 / train/rep_loss 2.02 / train/replay_critic_loss 1.8 / train/reward_loss 0.02 / train/rewstats/neg_loss 2.2e-3 / train/rewstats/pos_loss 0.6 / replay/replay_ratio 260.23 / fps/policy 18.52 / fps/train 4736.93

Writing metrics: /n/holylabs/gershman_lab/Users/rtruong/dreamerv3-official-2411f7d1/logdir/atari100k_frostbite_seed1/metrics.jsonlWriting metrics: /n/holylabs/gershman_lab/Users/rtruong/dreamerv3-official-2411f7d1/logdir/atari100k_frostbite_seed1/scores.jsonl

GIF summaries require ffmpeg in $PATH. [Errno 2] No such file or directory: 'ffmpeg'
GIF summaries require ffmpeg in $PATH. [Errno 2] No such file or directory: 'ffmpeg'

--------------------[Agent Step 89360]--------------------
Metrics filtered by: 'score|length|fps|ratio|train/.*_loss$|train/rand/.*/mean'
episode/score 270 / episode/length 524 / train/actor_loss 7.1e-3 / train/constats/neg_loss 0.48 / train/constats/pos_loss 3.8e-3 / train/cont_loss 0.02 / train/critic_loss 1.5 / train/dyn_loss 1.94 / train/image_loss 1.34 / train/opt_loss 5.59 / train/rand/action/mean 0.22 / train/rep_loss 1.94 / train/replay_critic_loss 1.87 / train/reward_loss 0.02 / train/rewstats/neg_loss 1.9e-3 / train/rewstats/pos_loss 0.59 / replay/replay_ratio 260.23 / fps/policy 18.53 / fps/train 4747.62

Writing metrics: /n/holylabs/gershman_lab/Users/rtruong/dreamerv3-official-2411f7d1/logdir/atari100k_frostbite_seed1/metrics.jsonlWriting metrics: /n/holylabs/gershman_lab/Users/rtruong/dreamerv3-official-2411f7d1/logdir/atari100k_frostbite_seed1/scores.jsonl

GIF summaries require ffmpeg in $PATH. [Errno 2] No such file or directory: 'ffmpeg'

--------------------[Agent Step 98280]--------------------
Metrics filtered by: 'score|length|fps|ratio|train/.*_loss$|train/rand/.*/mean'
episode/score 220 / episode/length 559 / train/actor_loss 5.1e-3 / train/constats/neg_loss 0.4 / train/constats/pos_loss 3.6e-3 / train/cont_loss 0.02 / train/critic_loss 1.49 / train/dyn_loss 1.91 / train/image_loss 1.17 / train/opt_loss 5.38 / train/rand/action/mean 0.22 / train/rep_loss 1.91 / train/replay_critic_loss 1.88 / train/reward_loss 0.02 / train/rewstats/neg_loss 1.9e-3 / train/rewstats/pos_loss 0.58 / replay/replay_ratio 260.23 / fps/policy 18.54 / fps/train 4742.72

Writing metrics: /n/holylabs/gershman_lab/Users/rtruong/dreamerv3-official-2411f7d1/logdir/atari100k_frostbite_seed1/metrics.jsonl
Writing metrics: /n/holylabs/gershman_lab/Users/rtruong/dreamerv3-official-2411f7d1/logdir/atari100k_frostbite_seed1/scores.jsonl
GIF summaries require ffmpeg in $PATH. [Errno 2] No such file or directory: 'ffmpeg'
GIF summaries require ffmpeg in $PATH. [Errno 2] No such file or directory: 'ffmpeg'

--------------------[Agent Step 107200]--------------------
Metrics filtered by: 'score|length|fps|ratio|train/.*_loss$|train/rand/.*/mean'
episode/score 280 / episode/length 585 / train/actor_loss 4.6e-3 / train/constats/neg_loss 0.35 / train/constats/pos_loss 3.5e-3 / train/cont_loss 0.02 / train/critic_loss 1.44 / train/dyn_loss 1.79 / train/image_loss 1.04 / train/opt_loss 5.03 / train/rand/action/mean 0.24 / train/rep_loss 1.79 / train/replay_critic_loss 1.78 / train/reward_loss 0.02 / train/rewstats/neg_loss 1.7e-3 / train/rewstats/pos_loss 0.57 / replay/replay_ratio 260.7 / fps/policy 18.51 / fps/train 4743.6

Writing metrics: /n/holylabs/gershman_lab/Users/rtruong/dreamerv3-official-2411f7d1/logdir/atari100k_frostbite_seed1/metrics.jsonlWriting metrics: /n/holylabs/gershman_lab/Users/rtruong/dreamerv3-official-2411f7d1/logdir/atari100k_frostbite_seed1/scores.jsonl

GIF summaries require ffmpeg in $PATH. [Errno 2] No such file or directory: 'ffmpeg'
GIF summaries require ffmpeg in $PATH. [Errno 2] No such file or directory: 'ffmpeg'

--------------------[Agent Step 116120]--------------------
Metrics filtered by: 'score|length|fps|ratio|train/.*_loss$|train/rand/.*/mean'
episode/score 280 / episode/length 651 / train/actor_loss 4.4e-3 / train/constats/neg_loss 0.3 / train/constats/pos_loss 3.5e-3 / train/cont_loss 0.02 / train/critic_loss 1.43 / train/dyn_loss 1.74 / train/image_loss 0.97 / train/opt_loss 4.89 / train/rand/action/mean 0.22 / train/rep_loss 1.74 / train/replay_critic_loss 1.76 / train/reward_loss 0.02 / train/rewstats/neg_loss 1.4e-3 / train/rewstats/pos_loss 0.56 / replay/replay_ratio 259.77 / fps/policy 18.55 / fps/train 4744.99

Writing metrics: /n/holylabs/gershman_lab/Users/rtruong/dreamerv3-official-2411f7d1/logdir/atari100k_frostbite_seed1/metrics.jsonl
Writing metrics: /n/holylabs/gershman_lab/Users/rtruong/dreamerv3-official-2411f7d1/logdir/atari100k_frostbite_seed1/scores.jsonl
GIF summaries require ffmpeg in $PATH. [Errno 2] No such file or directory: 'ffmpeg'

--------------------[Agent Step 125000]--------------------
Metrics filtered by: 'score|length|fps|ratio|train/.*_loss$|train/rand/.*/mean'
episode/score 270 / episode/length 527 / train/actor_loss 6.3e-3 / train/constats/neg_loss 0.28 / train/constats/pos_loss 3.5e-3 / train/cont_loss 0.02 / train/critic_loss 1.41 / train/dyn_loss 1.7 / train/image_loss 0.86 / train/opt_loss 4.7 / train/rand/action/mean 0.27 / train/rep_loss 1.7 / train/replay_critic_loss 1.7 / train/reward_loss 0.02 / train/rewstats/neg_loss 1.5e-3 / train/rewstats/pos_loss 0.56 / replay/replay_ratio 260.47 / fps/policy 18.5 / fps/train 4735.62

Writing metrics: /n/holylabs/gershman_lab/Users/rtruong/dreamerv3-official-2411f7d1/logdir/atari100k_frostbite_seed1/metrics.jsonlWriting metrics: /n/holylabs/gershman_lab/Users/rtruong/dreamerv3-official-2411f7d1/logdir/atari100k_frostbite_seed1/scores.jsonl

GIF summaries require ffmpeg in $PATH. [Errno 2] No such file or directory: 'ffmpeg'
GIF summaries require ffmpeg in $PATH. [Errno 2] No such file or directory: 'ffmpeg'
Writing checkpoint: /n/holylabs/gershman_lab/Users/rtruong/dreamerv3-official-2411f7d1/logdir/atari100k_frostbite_seed1/checkpoint.ckpt
Wrote checkpoint.

--------------------[Agent Step 133840]--------------------
Metrics filtered by: 'score|length|fps|ratio|train/.*_loss$|train/rand/.*/mean'
episode/score 280 / episode/length 612 / train/actor_loss 5.8e-3 / train/constats/neg_loss 0.35 / train/constats/pos_loss 3.4e-3 / train/cont_loss 0.02 / train/critic_loss 1.35 / train/dyn_loss 1.61 / train/image_loss 0.78 / train/opt_loss 4.44 / train/rand/action/mean 0.28 / train/rep_loss 1.61 / train/replay_critic_loss 1.62 / train/reward_loss 0.02 / train/rewstats/neg_loss 1.2e-3 / train/rewstats/pos_loss 0.55 / replay/replay_ratio 260.71 / fps/policy 18.37 / fps/train 4706.47

Writing metrics: /n/holylabs/gershman_lab/Users/rtruong/dreamerv3-official-2411f7d1/logdir/atari100k_frostbite_seed1/metrics.jsonlWriting metrics: /n/holylabs/gershman_lab/Users/rtruong/dreamerv3-official-2411f7d1/logdir/atari100k_frostbite_seed1/scores.jsonl

GIF summaries require ffmpeg in $PATH. [Errno 2] No such file or directory: 'ffmpeg'
GIF summaries require ffmpeg in $PATH. [Errno 2] No such file or directory: 'ffmpeg'

--------------------[Agent Step 142760]--------------------
Metrics filtered by: 'score|length|fps|ratio|train/.*_loss$|train/rand/.*/mean'
episode/score 280 / episode/length 570 / train/actor_loss 4.6e-3 / train/constats/neg_loss 0.27 / train/constats/pos_loss 3.4e-3 / train/cont_loss 0.02 / train/critic_loss 1.31 / train/dyn_loss 1.53 / train/image_loss 0.73 / train/opt_loss 4.23 / train/rand/action/mean 0.27 / train/rep_loss 1.53 / train/replay_critic_loss 1.54 / train/reward_loss 0.02 / train/rewstats/neg_loss 9.2e-4 / train/rewstats/pos_loss 0.54 / replay/replay_ratio 259.77 / fps/policy 18.57 / fps/train 4748.42

Writing metrics: /n/holylabs/gershman_lab/Users/rtruong/dreamerv3-official-2411f7d1/logdir/atari100k_frostbite_seed1/metrics.jsonlWriting metrics: /n/holylabs/gershman_lab/Users/rtruong/dreamerv3-official-2411f7d1/logdir/atari100k_frostbite_seed1/scores.jsonl

GIF summaries require ffmpeg in $PATH. [Errno 2] No such file or directory: 'ffmpeg'

--------------------[Agent Step 151680]--------------------
Metrics filtered by: 'score|length|fps|ratio|train/.*_loss$|train/rand/.*/mean'
episode/score 320 / episode/length 652 / train/actor_loss 4.3e-3 / train/constats/neg_loss 0.33 / train/constats/pos_loss 3.4e-3 / train/cont_loss 0.02 / train/critic_loss 1.3 / train/dyn_loss 1.54 / train/image_loss 0.72 / train/opt_loss 4.22 / train/rand/action/mean 0.26 / train/rep_loss 1.54 / train/replay_critic_loss 1.53 / train/reward_loss 0.02 / train/rewstats/neg_loss 1e-3 / train/rewstats/pos_loss 0.55 / replay/replay_ratio 260.7 / fps/policy 18.57 / fps/train 4758.08

Writing metrics: /n/holylabs/gershman_lab/Users/rtruong/dreamerv3-official-2411f7d1/logdir/atari100k_frostbite_seed1/metrics.jsonl
Writing metrics: /n/holylabs/gershman_lab/Users/rtruong/dreamerv3-official-2411f7d1/logdir/atari100k_frostbite_seed1/scores.jsonl
GIF summaries require ffmpeg in $PATH. [Errno 2] No such file or directory: 'ffmpeg'
GIF summaries require ffmpeg in $PATH. [Errno 2] No such file or directory: 'ffmpeg'

--------------------[Agent Step 160600]--------------------
Metrics filtered by: 'score|length|fps|ratio|train/.*_loss$|train/rand/.*/mean'
episode/score 270 / episode/length 547 / train/actor_loss 3.7e-3 / train/constats/neg_loss 0.31 / train/constats/pos_loss 3.4e-3 / train/cont_loss 0.02 / train/critic_loss 1.29 / train/dyn_loss 1.65 / train/image_loss 0.76 / train/opt_loss 4.37 / train/rand/action/mean 0.26 / train/rep_loss 1.65 / train/replay_critic_loss 1.53 / train/reward_loss 0.02 / train/rewstats/neg_loss 1.2e-3 / train/rewstats/pos_loss 0.55 / replay/replay_ratio 260.23 / fps/policy 18.51 / fps/train 4734.01

Writing metrics: /n/holylabs/gershman_lab/Users/rtruong/dreamerv3-official-2411f7d1/logdir/atari100k_frostbite_seed1/metrics.jsonlWriting metrics: /n/holylabs/gershman_lab/Users/rtruong/dreamerv3-official-2411f7d1/logdir/atari100k_frostbite_seed1/scores.jsonl

GIF summaries require ffmpeg in $PATH. [Errno 2] No such file or directory: 'ffmpeg'
GIF summaries require ffmpeg in $PATH. [Errno 2] No such file or directory: 'ffmpeg'

--------------------[Agent Step 169520]--------------------
Metrics filtered by: 'score|length|fps|ratio|train/.*_loss$|train/rand/.*/mean'
episode/score 280 / episode/length 587 / train/actor_loss 3.5e-3 / train/constats/neg_loss 0.28 / train/constats/pos_loss 3.4e-3 / train/cont_loss 0.02 / train/critic_loss 1.27 / train/dyn_loss 1.49 / train/image_loss 0.62 / train/opt_loss 4.03 / train/rand/action/mean 0.24 / train/rep_loss 1.49 / train/replay_critic_loss 1.48 / train/reward_loss 0.02 / train/rewstats/neg_loss 8.8e-4 / train/rewstats/pos_loss 0.54 / replay/replay_ratio 260.23 / fps/policy 18.53 / fps/train 4746.9

Writing metrics: /n/holylabs/gershman_lab/Users/rtruong/dreamerv3-official-2411f7d1/logdir/atari100k_frostbite_seed1/metrics.jsonlWriting metrics: /n/holylabs/gershman_lab/Users/rtruong/dreamerv3-official-2411f7d1/logdir/atari100k_frostbite_seed1/scores.jsonl

GIF summaries require ffmpeg in $PATH. [Errno 2] No such file or directory: 'ffmpeg'

--------------------[Agent Step 178400]--------------------
Metrics filtered by: 'score|length|fps|ratio|train/.*_loss$|train/rand/.*/mean'
episode/score 280 / episode/length 543 / train/actor_loss 3.6e-3 / train/constats/neg_loss 0.3 / train/constats/pos_loss 3.5e-3 / train/cont_loss 0.02 / train/critic_loss 1.27 / train/dyn_loss 1.52 / train/image_loss 0.6 / train/opt_loss 4.03 / train/rand/action/mean 0.28 / train/rep_loss 1.52 / train/replay_critic_loss 1.48 / train/reward_loss 0.02 / train/rewstats/neg_loss 8e-4 / train/rewstats/pos_loss 0.54 / replay/replay_ratio 260.47 / fps/policy 18.5 / fps/train 4735.91

Writing metrics: /n/holylabs/gershman_lab/Users/rtruong/dreamerv3-official-2411f7d1/logdir/atari100k_frostbite_seed1/metrics.jsonl
Writing metrics: /n/holylabs/gershman_lab/Users/rtruong/dreamerv3-official-2411f7d1/logdir/atari100k_frostbite_seed1/scores.jsonl
GIF summaries require ffmpeg in $PATH. [Errno 2] No such file or directory: 'ffmpeg'
GIF summaries require ffmpeg in $PATH. [Errno 2] No such file or directory: 'ffmpeg'

--------------------[Agent Step 187320]--------------------
Metrics filtered by: 'score|length|fps|ratio|train/.*_loss$|train/rand/.*/mean'
episode/score 250 / episode/length 549 / train/actor_loss 3.6e-3 / train/constats/neg_loss 0.29 / train/constats/pos_loss 3.4e-3 / train/cont_loss 0.02 / train/critic_loss 1.21 / train/dyn_loss 1.49 / train/image_loss 0.59 / train/opt_loss 3.91 / train/rand/action/mean 0.28 / train/rep_loss 1.49 / train/replay_critic_loss 1.43 / train/reward_loss 0.02 / train/rewstats/neg_loss 7e-4 / train/rewstats/pos_loss 0.53 / replay/replay_ratio 260.23 / fps/policy 18.53 / fps/train 4740.65

Writing metrics: /n/holylabs/gershman_lab/Users/rtruong/dreamerv3-official-2411f7d1/logdir/atari100k_frostbite_seed1/scores.jsonl
Writing metrics: /n/holylabs/gershman_lab/Users/rtruong/dreamerv3-official-2411f7d1/logdir/atari100k_frostbite_seed1/metrics.jsonl
GIF summaries require ffmpeg in $PATH. [Errno 2] No such file or directory: 'ffmpeg'
GIF summaries require ffmpeg in $PATH. [Errno 2] No such file or directory: 'ffmpeg'

--------------------[Agent Step 196240]--------------------
Metrics filtered by: 'score|length|fps|ratio|train/.*_loss$|train/rand/.*/mean'
episode/score 290 / episode/length 604 / train/actor_loss 3.4e-3 / train/constats/neg_loss 0.32 / train/constats/pos_loss 3.4e-3 / train/cont_loss 0.02 / train/critic_loss 1.21 / train/dyn_loss 1.53 / train/image_loss 0.59 / train/opt_loss 3.96 / train/rand/action/mean 0.28 / train/rep_loss 1.53 / train/replay_critic_loss 1.44 / train/reward_loss 0.02 / train/rewstats/neg_loss 5.7e-4 / train/rewstats/pos_loss 0.53 / replay/replay_ratio 260.23 / fps/policy 18.53 / fps/train 4746.78

Writing metrics: /n/holylabs/gershman_lab/Users/rtruong/dreamerv3-official-2411f7d1/logdir/atari100k_frostbite_seed1/scores.jsonl
Writing metrics: /n/holylabs/gershman_lab/Users/rtruong/dreamerv3-official-2411f7d1/logdir/atari100k_frostbite_seed1/metrics.jsonl
GIF summaries require ffmpeg in $PATH. [Errno 2] No such file or directory: 'ffmpeg'
Writing checkpoint: /n/holylabs/gershman_lab/Users/rtruong/dreamerv3-official-2411f7d1/logdir/atari100k_frostbite_seed1/checkpoint.ckpt
Wrote checkpoint.

--------------------[Agent Step 205080]--------------------
Metrics filtered by: 'score|length|fps|ratio|train/.*_loss$|train/rand/.*/mean'
episode/score 230 / episode/length 512 / train/actor_loss 3.3e-3 / train/constats/neg_loss 0.3 / train/constats/pos_loss 3.4e-3 / train/cont_loss 0.02 / train/critic_loss 1.21 / train/dyn_loss 1.6 / train/image_loss 0.65 / train/opt_loss 4.11 / train/rand/action/mean 0.27 / train/rep_loss 1.6 / train/replay_critic_loss 1.45 / train/reward_loss 0.02 / train/rewstats/neg_loss 8.1e-4 / train/rewstats/pos_loss 0.54 / replay/replay_ratio 260.24 / fps/policy 18.35 / fps/train 4693.88

Writing metrics: /n/holylabs/gershman_lab/Users/rtruong/dreamerv3-official-2411f7d1/logdir/atari100k_frostbite_seed1/metrics.jsonlWriting metrics: /n/holylabs/gershman_lab/Users/rtruong/dreamerv3-official-2411f7d1/logdir/atari100k_frostbite_seed1/scores.jsonl

GIF summaries require ffmpeg in $PATH. [Errno 2] No such file or directory: 'ffmpeg'
GIF summaries require ffmpeg in $PATH. [Errno 2] No such file or directory: 'ffmpeg'

--------------------[Agent Step 214000]--------------------
Metrics filtered by: 'score|length|fps|ratio|train/.*_loss$|train/rand/.*/mean'
episode/score 260 / episode/length 512 / train/actor_loss 2.1e-3 / train/constats/neg_loss 0.33 / train/constats/pos_loss 3.4e-3 / train/cont_loss 0.02 / train/critic_loss 1.19 / train/dyn_loss 1.47 / train/image_loss 0.55 / train/opt_loss 3.83 / train/rand/action/mean 0.28 / train/rep_loss 1.47 / train/replay_critic_loss 1.4 / train/reward_loss 0.02 / train/rewstats/neg_loss 5.8e-4 / train/rewstats/pos_loss 0.53 / replay/replay_ratio 260.7 / fps/policy 18.53 / fps/train 4748.25

Writing metrics: /n/holylabs/gershman_lab/Users/rtruong/dreamerv3-official-2411f7d1/logdir/atari100k_frostbite_seed1/metrics.jsonlWriting metrics: /n/holylabs/gershman_lab/Users/rtruong/dreamerv3-official-2411f7d1/logdir/atari100k_frostbite_seed1/scores.jsonl

GIF summaries require ffmpeg in $PATH. [Errno 2] No such file or directory: 'ffmpeg'
GIF summaries require ffmpeg in $PATH. [Errno 2] No such file or directory: 'ffmpeg'

--------------------[Agent Step 222920]--------------------
Metrics filtered by: 'score|length|fps|ratio|train/.*_loss$|train/rand/.*/mean'
episode/score 320 / episode/length 584 / train/actor_loss 2.5e-3 / train/constats/neg_loss 0.27 / train/constats/pos_loss 3.4e-3 / train/cont_loss 0.02 / train/critic_loss 1.2 / train/dyn_loss 1.52 / train/image_loss 0.56 / train/opt_loss 3.9 / train/rand/action/mean 0.28 / train/rep_loss 1.52 / train/replay_critic_loss 1.42 / train/reward_loss 0.02 / train/rewstats/neg_loss 7e-4 / train/rewstats/pos_loss 0.54 / replay/replay_ratio 259.77 / fps/policy 18.53 / fps/train 4738.87

Writing metrics: /n/holylabs/gershman_lab/Users/rtruong/dreamerv3-official-2411f7d1/logdir/atari100k_frostbite_seed1/scores.jsonlWriting metrics: /n/holylabs/gershman_lab/Users/rtruong/dreamerv3-official-2411f7d1/logdir/atari100k_frostbite_seed1/metrics.jsonl

GIF summaries require ffmpeg in $PATH. [Errno 2] No such file or directory: 'ffmpeg'

--------------------[Agent Step 231840]--------------------
Metrics filtered by: 'score|length|fps|ratio|train/.*_loss$|train/rand/.*/mean'
episode/score 300 / episode/length 588 / train/actor_loss 3.1e-3 / train/constats/neg_loss 0.25 / train/constats/pos_loss 3.3e-3 / train/cont_loss 0.02 / train/critic_loss 1.21 / train/dyn_loss 1.51 / train/image_loss 0.6 / train/opt_loss 3.94 / train/rand/action/mean 0.28 / train/rep_loss 1.51 / train/replay_critic_loss 1.43 / train/reward_loss 0.02 / train/rewstats/neg_loss 7.4e-4 / train/rewstats/pos_loss 0.54 / replay/replay_ratio 260.7 / fps/policy 18.54 / fps/train 4750.75

Writing metrics: /n/holylabs/gershman_lab/Users/rtruong/dreamerv3-official-2411f7d1/logdir/atari100k_frostbite_seed1/scores.jsonlWriting metrics: /n/holylabs/gershman_lab/Users/rtruong/dreamerv3-official-2411f7d1/logdir/atari100k_frostbite_seed1/metrics.jsonl

GIF summaries require ffmpeg in $PATH. [Errno 2] No such file or directory: 'ffmpeg'
GIF summaries require ffmpeg in $PATH. [Errno 2] No such file or directory: 'ffmpeg'

--------------------[Agent Step 240760]--------------------
Metrics filtered by: 'score|length|fps|ratio|train/.*_loss$|train/rand/.*/mean'
episode/score 360 / episode/length 652 / train/actor_loss 3.3e-3 / train/constats/neg_loss 0.27 / train/constats/pos_loss 3.3e-3 / train/cont_loss 0.02 / train/critic_loss 1.21 / train/dyn_loss 1.45 / train/image_loss 0.54 / train/opt_loss 3.83 / train/rand/action/mean 0.29 / train/rep_loss 1.45 / train/replay_critic_loss 1.43 / train/reward_loss 0.02 / train/rewstats/neg_loss 5.9e-4 / train/rewstats/pos_loss 0.53 / replay/replay_ratio 260.23 / fps/policy 18.53 / fps/train 4740.67

Writing metrics: /n/holylabs/gershman_lab/Users/rtruong/dreamerv3-official-2411f7d1/logdir/atari100k_frostbite_seed1/scores.jsonl
Writing metrics: /n/holylabs/gershman_lab/Users/rtruong/dreamerv3-official-2411f7d1/logdir/atari100k_frostbite_seed1/metrics.jsonl
GIF summaries require ffmpeg in $PATH. [Errno 2] No such file or directory: 'ffmpeg'
GIF summaries require ffmpeg in $PATH. [Errno 2] No such file or directory: 'ffmpeg'

--------------------[Agent Step 249680]--------------------
Metrics filtered by: 'score|length|fps|ratio|train/.*_loss$|train/rand/.*/mean'
episode/score 260 / episode/length 497 / train/actor_loss 3.5e-3 / train/constats/neg_loss 0.21 / train/constats/pos_loss 3.4e-3 / train/cont_loss 0.02 / train/critic_loss 1.25 / train/dyn_loss 1.45 / train/image_loss 0.55 / train/opt_loss 3.88 / train/rand/action/mean 0.26 / train/rep_loss 1.45 / train/replay_critic_loss 1.48 / train/reward_loss 0.02 / train/rewstats/neg_loss 5.9e-4 / train/rewstats/pos_loss 0.53 / replay/replay_ratio 260.23 / fps/policy 18.56 / fps/train 4755.45

Writing metrics: /n/holylabs/gershman_lab/Users/rtruong/dreamerv3-official-2411f7d1/logdir/atari100k_frostbite_seed1/scores.jsonlWriting metrics: /n/holylabs/gershman_lab/Users/rtruong/dreamerv3-official-2411f7d1/logdir/atari100k_frostbite_seed1/metrics.jsonl

GIF summaries require ffmpeg in $PATH. [Errno 2] No such file or directory: 'ffmpeg'

--------------------[Agent Step 258600]--------------------
Metrics filtered by: 'score|length|fps|ratio|train/.*_loss$|train/rand/.*/mean'
episode/score 220 / episode/length 539 / train/actor_loss 3.2e-3 / train/constats/neg_loss 0.2 / train/constats/pos_loss 3.3e-3 / train/cont_loss 0.02 / train/critic_loss 1.24 / train/dyn_loss 1.45 / train/image_loss 0.55 / train/opt_loss 3.88 / train/rand/action/mean 0.25 / train/rep_loss 1.45 / train/replay_critic_loss 1.47 / train/reward_loss 0.02 / train/rewstats/neg_loss 6.7e-4 / train/rewstats/pos_loss 0.53 / replay/replay_ratio 260.23 / fps/policy 18.55 / fps/train 4744.36

Writing metrics: /n/holylabs/gershman_lab/Users/rtruong/dreamerv3-official-2411f7d1/logdir/atari100k_frostbite_seed1/metrics.jsonlWriting metrics: /n/holylabs/gershman_lab/Users/rtruong/dreamerv3-official-2411f7d1/logdir/atari100k_frostbite_seed1/scores.jsonl

GIF summaries require ffmpeg in $PATH. [Errno 2] No such file or directory: 'ffmpeg'
GIF summaries require ffmpeg in $PATH. [Errno 2] No such file or directory: 'ffmpeg'
Writing checkpoint: /n/holylabs/gershman_lab/Users/rtruong/dreamerv3-official-2411f7d1/logdir/atari100k_frostbite_seed1/checkpoint.ckpt
Wrote checkpoint.

--------------------[Agent Step 267440]--------------------
Metrics filtered by: 'score|length|fps|ratio|train/.*_loss$|train/rand/.*/mean'
episode/score 280 / episode/length 704 / train/actor_loss 3.5e-3 / train/constats/neg_loss 0.2 / train/constats/pos_loss 3.3e-3 / train/cont_loss 0.02 / train/critic_loss 1.25 / train/dyn_loss 1.44 / train/image_loss 0.54 / train/opt_loss 3.86 / train/rand/action/mean 0.27 / train/rep_loss 1.44 / train/replay_critic_loss 1.47 / train/reward_loss 0.02 / train/rewstats/neg_loss 6.8e-4 / train/rewstats/pos_loss 0.53 / replay/replay_ratio 260.71 / fps/policy 18.34 / fps/train 4699.83

Writing metrics: /n/holylabs/gershman_lab/Users/rtruong/dreamerv3-official-2411f7d1/logdir/atari100k_frostbite_seed1/metrics.jsonlWriting metrics: /n/holylabs/gershman_lab/Users/rtruong/dreamerv3-official-2411f7d1/logdir/atari100k_frostbite_seed1/scores.jsonl

GIF summaries require ffmpeg in $PATH. [Errno 2] No such file or directory: 'ffmpeg'
GIF summaries require ffmpeg in $PATH. [Errno 2] No such file or directory: 'ffmpeg'

--------------------[Agent Step 276360]--------------------
Metrics filtered by: 'score|length|fps|ratio|train/.*_loss$|train/rand/.*/mean'
episode/score 420 / episode/length 730 / train/actor_loss 2.9e-3 / train/constats/neg_loss 0.22 / train/constats/pos_loss 3.3e-3 / train/cont_loss 0.02 / train/critic_loss 1.26 / train/dyn_loss 1.43 / train/image_loss 0.5 / train/opt_loss 3.83 / train/rand/action/mean 0.27 / train/rep_loss 1.43 / train/replay_critic_loss 1.5 / train/reward_loss 0.02 / train/rewstats/neg_loss 5.9e-4 / train/rewstats/pos_loss 0.53 / replay/replay_ratio 259.77 / fps/policy 18.58 / fps/train 4751.17

Writing metrics: /n/holylabs/gershman_lab/Users/rtruong/dreamerv3-official-2411f7d1/logdir/atari100k_frostbite_seed1/metrics.jsonlWriting metrics: /n/holylabs/gershman_lab/Users/rtruong/dreamerv3-official-2411f7d1/logdir/atari100k_frostbite_seed1/scores.jsonl

GIF summaries require ffmpeg in $PATH. [Errno 2] No such file or directory: 'ffmpeg'

--------------------[Agent Step 285280]--------------------
Metrics filtered by: 'score|length|fps|ratio|train/.*_loss$|train/rand/.*/mean'
episode/score 430 / episode/length 735 / train/actor_loss 2.8e-3 / train/constats/neg_loss 0.19 / train/constats/pos_loss 3.3e-3 / train/cont_loss 0.02 / train/critic_loss 1.26 / train/dyn_loss 1.43 / train/image_loss 0.51 / train/opt_loss 3.84 / train/rand/action/mean 0.26 / train/rep_loss 1.43 / train/replay_critic_loss 1.49 / train/reward_loss 0.02 / train/rewstats/neg_loss 5.1e-4 / train/rewstats/pos_loss 0.53 / replay/replay_ratio 260.7 / fps/policy 18.5 / fps/train 4740.61

Writing metrics: /n/holylabs/gershman_lab/Users/rtruong/dreamerv3-official-2411f7d1/logdir/atari100k_frostbite_seed1/metrics.jsonlWriting metrics: /n/holylabs/gershman_lab/Users/rtruong/dreamerv3-official-2411f7d1/logdir/atari100k_frostbite_seed1/scores.jsonl

GIF summaries require ffmpeg in $PATH. [Errno 2] No such file or directory: 'ffmpeg'
GIF summaries require ffmpeg in $PATH. [Errno 2] No such file or directory: 'ffmpeg'

--------------------[Agent Step 294200]--------------------
Metrics filtered by: 'score|length|fps|ratio|train/.*_loss$|train/rand/.*/mean'
episode/score 320 / episode/length 611 / train/actor_loss 3e-3 / train/constats/neg_loss 0.21 / train/constats/pos_loss 3.3e-3 / train/cont_loss 0.02 / train/critic_loss 1.26 / train/dyn_loss 1.47 / train/image_loss 0.52 / train/opt_loss 3.89 / train/rand/action/mean 0.26 / train/rep_loss 1.47 / train/replay_critic_loss 1.48 / train/reward_loss 0.02 / train/rewstats/neg_loss 5.9e-4 / train/rewstats/pos_loss 0.53 / replay/replay_ratio 260.23 / fps/policy 18.55 / fps/train 4743.65

Writing metrics: /n/holylabs/gershman_lab/Users/rtruong/dreamerv3-official-2411f7d1/logdir/atari100k_frostbite_seed1/metrics.jsonlWriting metrics: /n/holylabs/gershman_lab/Users/rtruong/dreamerv3-official-2411f7d1/logdir/atari100k_frostbite_seed1/scores.jsonl

GIF summaries require ffmpeg in $PATH. [Errno 2] No such file or directory: 'ffmpeg'
GIF summaries require ffmpeg in $PATH. [Errno 2] No such file or directory: 'ffmpeg'

--------------------[Agent Step 303120]--------------------
Metrics filtered by: 'score|length|fps|ratio|train/.*_loss$|train/rand/.*/mean'
episode/score 330 / episode/length 642 / train/actor_loss 3.2e-3 / train/constats/neg_loss 0.24 / train/constats/pos_loss 3.3e-3 / train/cont_loss 0.02 / train/critic_loss 1.23 / train/dyn_loss 1.46 / train/image_loss 0.51 / train/opt_loss 3.83 / train/rand/action/mean 0.25 / train/rep_loss 1.46 / train/replay_critic_loss 1.46 / train/reward_loss 0.02 / train/rewstats/neg_loss 6.1e-4 / train/rewstats/pos_loss 0.53 / replay/replay_ratio 260.23 / fps/policy 18.53 / fps/train 4748.18

Writing metrics: /n/holylabs/gershman_lab/Users/rtruong/dreamerv3-official-2411f7d1/logdir/atari100k_frostbite_seed1/metrics.jsonl
Writing metrics: /n/holylabs/gershman_lab/Users/rtruong/dreamerv3-official-2411f7d1/logdir/atari100k_frostbite_seed1/scores.jsonl
GIF summaries require ffmpeg in $PATH. [Errno 2] No such file or directory: 'ffmpeg'

--------------------[Agent Step 312040]--------------------
Metrics filtered by: 'score|length|fps|ratio|train/.*_loss$|train/rand/.*/mean'
episode/score 360 / episode/length 653 / train/actor_loss 2.8e-3 / train/constats/neg_loss 0.2 / train/constats/pos_loss 3.2e-3 / train/cont_loss 0.02 / train/critic_loss 1.22 / train/dyn_loss 1.39 / train/image_loss 0.45 / train/opt_loss 3.68 / train/rand/action/mean 0.25 / train/rep_loss 1.39 / train/replay_critic_loss 1.44 / train/reward_loss 0.02 / train/rewstats/neg_loss 5.6e-4 / train/rewstats/pos_loss 0.53 / replay/replay_ratio 260.23 / fps/policy 18.52 / fps/train 4737.92

Writing metrics: /n/holylabs/gershman_lab/Users/rtruong/dreamerv3-official-2411f7d1/logdir/atari100k_frostbite_seed1/metrics.jsonlWriting metrics: /n/holylabs/gershman_lab/Users/rtruong/dreamerv3-official-2411f7d1/logdir/atari100k_frostbite_seed1/scores.jsonl

GIF summaries require ffmpeg in $PATH. [Errno 2] No such file or directory: 'ffmpeg'
GIF summaries require ffmpeg in $PATH. [Errno 2] No such file or directory: 'ffmpeg'

--------------------[Agent Step 320960]--------------------
Metrics filtered by: 'score|length|fps|ratio|train/.*_loss$|train/rand/.*/mean'
episode/score 410 / episode/length 693 / train/actor_loss 2.5e-3 / train/constats/neg_loss 0.2 / train/constats/pos_loss 3.3e-3 / train/cont_loss 0.02 / train/critic_loss 1.2 / train/dyn_loss 1.38 / train/image_loss 0.46 / train/opt_loss 3.64 / train/rand/action/mean 0.25 / train/rep_loss 1.38 / train/replay_critic_loss 1.41 / train/reward_loss 0.02 / train/rewstats/neg_loss 4e-4 / train/rewstats/pos_loss 0.53 / replay/replay_ratio 260.7 / fps/policy 18.52 / fps/train 4744.32

Writing metrics: /n/holylabs/gershman_lab/Users/rtruong/dreamerv3-official-2411f7d1/logdir/atari100k_frostbite_seed1/scores.jsonlWriting metrics: /n/holylabs/gershman_lab/Users/rtruong/dreamerv3-official-2411f7d1/logdir/atari100k_frostbite_seed1/metrics.jsonl

GIF summaries require ffmpeg in $PATH. [Errno 2] No such file or directory: 'ffmpeg'
GIF summaries require ffmpeg in $PATH. [Errno 2] No such file or directory: 'ffmpeg'

--------------------[Agent Step 329880]--------------------
Metrics filtered by: 'score|length|fps|ratio|train/.*_loss$|train/rand/.*/mean'
episode/score 400 / episode/length 694 / train/actor_loss 2.6e-3 / train/constats/neg_loss 0.18 / train/constats/pos_loss 3.2e-3 / train/cont_loss 0.02 / train/critic_loss 1.17 / train/dyn_loss 1.39 / train/image_loss 0.46 / train/opt_loss 3.61 / train/rand/action/mean 0.26 / train/rep_loss 1.39 / train/replay_critic_loss 1.36 / train/reward_loss 0.02 / train/rewstats/neg_loss 3.5e-4 / train/rewstats/pos_loss 0.53 / replay/replay_ratio 259.77 / fps/policy 18.51 / fps/train 4733.67

Writing metrics: /n/holylabs/gershman_lab/Users/rtruong/dreamerv3-official-2411f7d1/logdir/atari100k_frostbite_seed1/metrics.jsonlWriting metrics: /n/holylabs/gershman_lab/Users/rtruong/dreamerv3-official-2411f7d1/logdir/atari100k_frostbite_seed1/scores.jsonl

GIF summaries require ffmpeg in $PATH. [Errno 2] No such file or directory: 'ffmpeg'
Writing checkpoint: /n/holylabs/gershman_lab/Users/rtruong/dreamerv3-official-2411f7d1/logdir/atari100k_frostbite_seed1/checkpoint.ckpt
Wrote checkpoint.

--------------------[Agent Step 338640]--------------------
Metrics filtered by: 'score|length|fps|ratio|train/.*_loss$|train/rand/.*/mean'
episode/score 430 / episode/length 715 / train/actor_loss 2.6e-3 / train/constats/neg_loss 0.18 / train/constats/pos_loss 3.2e-3 / train/cont_loss 0.02 / train/critic_loss 1.19 / train/dyn_loss 1.39 / train/image_loss 0.44 / train/opt_loss 3.63 / train/rand/action/mean 0.26 / train/rep_loss 1.39 / train/replay_critic_loss 1.42 / train/reward_loss 0.02 / train/rewstats/neg_loss 4.8e-4 / train/rewstats/pos_loss 0.53 / replay/replay_ratio 260.71 / fps/policy 18.23 / fps/train 4670.99

Writing metrics: /n/holylabs/gershman_lab/Users/rtruong/dreamerv3-official-2411f7d1/logdir/atari100k_frostbite_seed1/metrics.jsonlWriting metrics: /n/holylabs/gershman_lab/Users/rtruong/dreamerv3-official-2411f7d1/logdir/atari100k_frostbite_seed1/scores.jsonl

GIF summaries require ffmpeg in $PATH. [Errno 2] No such file or directory: 'ffmpeg'
GIF summaries require ffmpeg in $PATH. [Errno 2] No such file or directory: 'ffmpeg'

--------------------[Agent Step 347560]--------------------
Metrics filtered by: 'score|length|fps|ratio|train/.*_loss$|train/rand/.*/mean'
episode/score 440 / episode/length 740 / train/actor_loss 2.2e-3 / train/constats/neg_loss 0.2 / train/constats/pos_loss 3.3e-3 / train/cont_loss 0.02 / train/critic_loss 1.18 / train/dyn_loss 1.38 / train/image_loss 0.44 / train/opt_loss 3.6 / train/rand/action/mean 0.25 / train/rep_loss 1.38 / train/replay_critic_loss 1.38 / train/reward_loss 0.03 / train/rewstats/neg_loss 6.6e-4 / train/rewstats/pos_loss 0.53 / replay/replay_ratio 260.23 / fps/policy 18.52 / fps/train 4737.32

Writing metrics: /n/holylabs/gershman_lab/Users/rtruong/dreamerv3-official-2411f7d1/logdir/atari100k_frostbite_seed1/scores.jsonl
Writing metrics: /n/holylabs/gershman_lab/Users/rtruong/dreamerv3-official-2411f7d1/logdir/atari100k_frostbite_seed1/metrics.jsonl
GIF summaries require ffmpeg in $PATH. [Errno 2] No such file or directory: 'ffmpeg'
GIF summaries require ffmpeg in $PATH. [Errno 2] No such file or directory: 'ffmpeg'

--------------------[Agent Step 356480]--------------------
Metrics filtered by: 'score|length|fps|ratio|train/.*_loss$|train/rand/.*/mean'
episode/score 440 / episode/length 778 / train/actor_loss 1.9e-3 / train/constats/neg_loss 0.18 / train/constats/pos_loss 3.2e-3 / train/cont_loss 0.02 / train/critic_loss 1.19 / train/dyn_loss 1.46 / train/image_loss 0.48 / train/opt_loss 3.75 / train/rand/action/mean 0.25 / train/rep_loss 1.46 / train/replay_critic_loss 1.41 / train/reward_loss 0.03 / train/rewstats/neg_loss 5.9e-4 / train/rewstats/pos_loss 0.53 / replay/replay_ratio 260.23 / fps/policy 18.54 / fps/train 4750.96

Writing metrics: /n/holylabs/gershman_lab/Users/rtruong/dreamerv3-official-2411f7d1/logdir/atari100k_frostbite_seed1/scores.jsonl
Writing metrics: /n/holylabs/gershman_lab/Users/rtruong/dreamerv3-official-2411f7d1/logdir/atari100k_frostbite_seed1/metrics.jsonl
GIF summaries require ffmpeg in $PATH. [Errno 2] No such file or directory: 'ffmpeg'

--------------------[Agent Step 365400]--------------------
Metrics filtered by: 'score|length|fps|ratio|train/.*_loss$|train/rand/.*/mean'
episode/score 380 / episode/length 725 / train/actor_loss 1.9e-3 / train/constats/neg_loss 0.18 / train/constats/pos_loss 3.3e-3 / train/cont_loss 0.02 / train/critic_loss 1.2 / train/dyn_loss 1.41 / train/image_loss 0.44 / train/opt_loss 3.67 / train/rand/action/mean 0.25 / train/rep_loss 1.41 / train/replay_critic_loss 1.42 / train/reward_loss 0.03 / train/rewstats/neg_loss 4.7e-4 / train/rewstats/pos_loss 0.53 / replay/replay_ratio 260.23 / fps/policy 18.54 / fps/train 4743.17

Writing metrics: /n/holylabs/gershman_lab/Users/rtruong/dreamerv3-official-2411f7d1/logdir/atari100k_frostbite_seed1/scores.jsonl
Writing metrics: /n/holylabs/gershman_lab/Users/rtruong/dreamerv3-official-2411f7d1/logdir/atari100k_frostbite_seed1/metrics.jsonl
GIF summaries require ffmpeg in $PATH. [Errno 2] No such file or directory: 'ffmpeg'
GIF summaries require ffmpeg in $PATH. [Errno 2] No such file or directory: 'ffmpeg'

--------------------[Agent Step 374280]--------------------
Metrics filtered by: 'score|length|fps|ratio|train/.*_loss$|train/rand/.*/mean'
episode/score 350 / episode/length 629 / train/actor_loss 1.7e-3 / train/constats/neg_loss 0.14 / train/constats/pos_loss 3.2e-3 / train/cont_loss 0.02 / train/critic_loss 1.18 / train/dyn_loss 1.36 / train/image_loss 0.4 / train/opt_loss 3.54 / train/rand/action/mean 0.24 / train/rep_loss 1.36 / train/replay_critic_loss 1.37 / train/reward_loss 0.03 / train/rewstats/neg_loss 4.1e-4 / train/rewstats/pos_loss 0.53 / replay/replay_ratio 260.47 / fps/policy 18.48 / fps/train 4731.33

Writing metrics: /n/holylabs/gershman_lab/Users/rtruong/dreamerv3-official-2411f7d1/logdir/atari100k_frostbite_seed1/scores.jsonl
Writing metrics: /n/holylabs/gershman_lab/Users/rtruong/dreamerv3-official-2411f7d1/logdir/atari100k_frostbite_seed1/metrics.jsonl
GIF summaries require ffmpeg in $PATH. [Errno 2] No such file or directory: 'ffmpeg'
GIF summaries require ffmpeg in $PATH. [Errno 2] No such file or directory: 'ffmpeg'

--------------------[Agent Step 383200]--------------------
Metrics filtered by: 'score|length|fps|ratio|train/.*_loss$|train/rand/.*/mean'
episode/score 450 / episode/length 737 / train/actor_loss 1.9e-3 / train/constats/neg_loss 0.16 / train/constats/pos_loss 3.2e-3 / train/cont_loss 0.02 / train/critic_loss 1.17 / train/dyn_loss 1.36 / train/image_loss 0.42 / train/opt_loss 3.54 / train/rand/action/mean 0.25 / train/rep_loss 1.36 / train/replay_critic_loss 1.35 / train/reward_loss 0.03 / train/rewstats/neg_loss 4.5e-4 / train/rewstats/pos_loss 0.53 / replay/replay_ratio 260.23 / fps/policy 18.52 / fps/train 4744.92

Writing metrics: /n/holylabs/gershman_lab/Users/rtruong/dreamerv3-official-2411f7d1/logdir/atari100k_frostbite_seed1/metrics.jsonl
Writing metrics: /n/holylabs/gershman_lab/Users/rtruong/dreamerv3-official-2411f7d1/logdir/atari100k_frostbite_seed1/scores.jsonl
GIF summaries require ffmpeg in $PATH. [Errno 2] No such file or directory: 'ffmpeg'

--------------------[Agent Step 392080]--------------------
Metrics filtered by: 'score|length|fps|ratio|train/.*_loss$|train/rand/.*/mean'
episode/score 320 / episode/length 592 / train/actor_loss 2.3e-3 / train/constats/neg_loss 0.19 / train/constats/pos_loss 3.3e-3 / train/cont_loss 0.02 / train/critic_loss 1.22 / train/dyn_loss 1.36 / train/image_loss 0.39 / train/opt_loss 3.59 / train/rand/action/mean 0.25 / train/rep_loss 1.36 / train/replay_critic_loss 1.43 / train/reward_loss 0.03 / train/rewstats/neg_loss 4.3e-4 / train/rewstats/pos_loss 0.53 / replay/replay_ratio 260.47 / fps/policy 18.49 / fps/train 4734.42

Writing metrics: /n/holylabs/gershman_lab/Users/rtruong/dreamerv3-official-2411f7d1/logdir/atari100k_frostbite_seed1/scores.jsonl
Writing metrics: /n/holylabs/gershman_lab/Users/rtruong/dreamerv3-official-2411f7d1/logdir/atari100k_frostbite_seed1/metrics.jsonl
GIF summaries require ffmpeg in $PATH. [Errno 2] No such file or directory: 'ffmpeg'
GIF summaries require ffmpeg in $PATH. [Errno 2] No such file or directory: 'ffmpeg'
Writing checkpoint: /n/holylabs/gershman_lab/Users/rtruong/dreamerv3-official-2411f7d1/logdir/atari100k_frostbite_seed1/checkpoint.ckpt
Wrote checkpoint.

--------------------[Agent Step 400920]--------------------
Metrics filtered by: 'score|length|fps|ratio|train/.*_loss$|train/rand/.*/mean'
episode/score 340 / episode/length 748 / train/actor_loss 1.3e-3 / train/constats/neg_loss 0.19 / train/constats/pos_loss 3.3e-3 / train/cont_loss 0.02 / train/critic_loss 1.19 / train/dyn_loss 1.37 / train/image_loss 0.41 / train/opt_loss 3.57 / train/rand/action/mean 0.25 / train/rep_loss 1.37 / train/replay_critic_loss 1.41 / train/reward_loss 0.03 / train/rewstats/neg_loss 5.1e-4 / train/rewstats/pos_loss 0.53 / replay/replay_ratio 260.24 / fps/policy 18.37 / fps/train 4699.58

Writing metrics: /n/holylabs/gershman_lab/Users/rtruong/dreamerv3-official-2411f7d1/logdir/atari100k_frostbite_seed1/metrics.jsonlWriting metrics: /n/holylabs/gershman_lab/Users/rtruong/dreamerv3-official-2411f7d1/logdir/atari100k_frostbite_seed1/scores.jsonl

GIF summaries require ffmpeg in $PATH. [Errno 2] No such file or directory: 'ffmpeg'
GIF summaries require ffmpeg in $PATH. [Errno 2] No such file or directory: 'ffmpeg'

--------------------[Agent Step 409840]--------------------
Metrics filtered by: 'score|length|fps|ratio|train/.*_loss$|train/rand/.*/mean'
episode/score 400 / episode/length 702 / train/actor_loss 1.7e-3 / train/constats/neg_loss 0.15 / train/constats/pos_loss 3.2e-3 / train/cont_loss 0.02 / train/critic_loss 1.19 / train/dyn_loss 1.36 / train/image_loss 0.39 / train/opt_loss 3.54 / train/rand/action/mean 0.25 / train/rep_loss 1.36 / train/replay_critic_loss 1.4 / train/reward_loss 0.03 / train/rewstats/neg_loss 4e-4 / train/rewstats/pos_loss 0.53 / replay/replay_ratio 260.23 / fps/policy 18.54 / fps/train 4751.29

Writing metrics: /n/holylabs/gershman_lab/Users/rtruong/dreamerv3-official-2411f7d1/logdir/atari100k_frostbite_seed1/scores.jsonlWriting metrics: /n/holylabs/gershman_lab/Users/rtruong/dreamerv3-official-2411f7d1/logdir/atari100k_frostbite_seed1/metrics.jsonl

GIF summaries require ffmpeg in $PATH. [Errno 2] No such file or directory: 'ffmpeg'

--------------------[Agent Step 418760]--------------------
Metrics filtered by: 'score|length|fps|ratio|train/.*_loss$|train/rand/.*/mean'
episode/score 280 / episode/length 637 / train/actor_loss 1.7e-3 / train/constats/neg_loss 0.15 / train/constats/pos_loss 3.2e-3 / train/cont_loss 0.02 / train/critic_loss 1.21 / train/dyn_loss 1.39 / train/image_loss 0.39 / train/opt_loss 3.61 / train/rand/action/mean 0.24 / train/rep_loss 1.39 / train/replay_critic_loss 1.42 / train/reward_loss 0.03 / train/rewstats/neg_loss 5e-4 / train/rewstats/pos_loss 0.53 / replay/replay_ratio 260.23 / fps/policy 18.54 / fps/train 4741.82

Writing metrics: /n/holylabs/gershman_lab/Users/rtruong/dreamerv3-official-2411f7d1/logdir/atari100k_frostbite_seed1/scores.jsonlWriting metrics: /n/holylabs/gershman_lab/Users/rtruong/dreamerv3-official-2411f7d1/logdir/atari100k_frostbite_seed1/metrics.jsonl

GIF summaries require ffmpeg in $PATH. [Errno 2] No such file or directory: 'ffmpeg'
GIF summaries require ffmpeg in $PATH. [Errno 2] No such file or directory: 'ffmpeg'

--------------------[Agent Step 427680]--------------------
Metrics filtered by: 'score|length|fps|ratio|train/.*_loss$|train/rand/.*/mean'
episode/score 350 / episode/length 633 / train/actor_loss 1.1e-3 / train/constats/neg_loss 0.16 / train/constats/pos_loss 3.2e-3 / train/cont_loss 0.02 / train/critic_loss 1.17 / train/dyn_loss 1.32 / train/image_loss 0.36 / train/opt_loss 3.43 / train/rand/action/mean 0.24 / train/rep_loss 1.32 / train/replay_critic_loss 1.37 / train/reward_loss 0.03 / train/rewstats/neg_loss 3.2e-4 / train/rewstats/pos_loss 0.52 / replay/replay_ratio 260.7 / fps/policy 18.52 / fps/train 4744.34

Writing metrics: /n/holylabs/gershman_lab/Users/rtruong/dreamerv3-official-2411f7d1/logdir/atari100k_frostbite_seed1/metrics.jsonlWriting metrics: /n/holylabs/gershman_lab/Users/rtruong/dreamerv3-official-2411f7d1/logdir/atari100k_frostbite_seed1/scores.jsonl

GIF summaries require ffmpeg in $PATH. [Errno 2] No such file or directory: 'ffmpeg'
GIF summaries require ffmpeg in $PATH. [Errno 2] No such file or directory: 'ffmpeg'

--------------------[Agent Step 436600]--------------------
Metrics filtered by: 'score|length|fps|ratio|train/.*_loss$|train/rand/.*/mean'
episode/score 380 / episode/length 703 / train/actor_loss 1.6e-3 / train/constats/neg_loss 0.16 / train/constats/pos_loss 3.2e-3 / train/cont_loss 0.02 / train/critic_loss 1.17 / train/dyn_loss 1.29 / train/image_loss 0.35 / train/opt_loss 3.4 / train/rand/action/mean 0.25 / train/rep_loss 1.29 / train/replay_critic_loss 1.36 / train/reward_loss 0.03 / train/rewstats/neg_loss 4.9e-4 / train/rewstats/pos_loss 0.53 / replay/replay_ratio 259.77 / fps/policy 18.51 / fps/train 4734.5

Writing metrics: /n/holylabs/gershman_lab/Users/rtruong/dreamerv3-official-2411f7d1/logdir/atari100k_frostbite_seed1/scores.jsonl
Writing metrics: /n/holylabs/gershman_lab/Users/rtruong/dreamerv3-official-2411f7d1/logdir/atari100k_frostbite_seed1/metrics.jsonl
GIF summaries require ffmpeg in $PATH. [Errno 2] No such file or directory: 'ffmpeg'

--------------------[Agent Step 437252]--------------------
Metrics filtered by: 'score|length|fps|ratio|train/.*_loss$|train/rand/.*/mean'
episode/score 370 / episode/length 634

Writing metrics: /n/holylabs/gershman_lab/Users/rtruong/dreamerv3-official-2411f7d1/logdir/atari100k_frostbite_seed1/scores.jsonl
Writing metrics: /n/holylabs/gershman_lab/Users/rtruong/dreamerv3-official-2411f7d1/logdir/atari100k_frostbite_seed1/metrics.jsonl
Closing env 0
EXIT=0
