ALE_ROM_PATH=/n/holylabs/gershman_lab/Users/rtruong/dreamerv3-official-run/.venv/lib/python3.11/site-packages/AutoROM/roms
NVIDIA H100 80GB HBM3
jax 0.4.26 [cuda(id=0)]
---  ___                           __   ______ ---
--- |   \ _ _ ___ __ _ _ __  ___ _ \ \ / /__ / ---
--- | |) | '_/ -_) _` | '  \/ -_) '/\ V / |_ \ ---
--- |___/|_| \___\__,_|_|_|_\___|_|  \_/ |___/ ---
Run script: train
Logdir: /n/holylabs/gershman_lab/Users/rtruong/dreamerv3-official-2411f7d1/logdir/atari_frostbite_seed4
Observation space
  image            Space(dtype=uint8, shape=(64, 64, 1), low=0, high=255)
  reward           Space(dtype=float32, shape=(), low=-inf, high=inf)
  is_first         Space(dtype=bool, shape=(), low=False, high=True)
  is_last          Space(dtype=bool, shape=(), low=False, high=True)
  is_terminal      Space(dtype=bool, shape=(), low=False, high=True)
Action space
  action           Space(dtype=int32, shape=(), low=0, high=18)
  reset            Space(dtype=bool, shape=(), low=False, high=True)
Encoder: {'image': (64, 64, 1)}
Decoder: {'image': (64, 64, 1)}
JAX devices (1): [cuda(id=0)]
Policy devices: cuda:0
Train devices:  cuda:0
Tracing train function
ENC
(1024, 4096) out
DEC
(1024, 4, 4, 256) in
(1024, 64, 64, 1) out
ENC
(1024, 4096) out
DEC
(1024, 4, 4, 256) in
(1024, 64, 64, 1) out
Optimizer opt has 166,363,028 variables:
   166,363,028 agent
    95,496,192 agent/dyn
    20,479,041 agent/dec
    12,851,456 agent/critic
    12,607,506 agent/actor
    10,750,208 agent/rew
    10,488,833 agent/con
     3,689,792 agent/enc
Tracing train function
ENC
(1024, 4096) out
DEC
(1024, 4, 4, 256) in
(1024, 64, 64, 1) out
ENC
(1024, 4096) out
DEC
(1024, 4, 4, 256) in
(1024, 64, 64, 1) out
Tracing report function
ENC
(528, 4096) out
DEC
(528, 4, 4, 256) in
(528, 64, 64, 1) out
DEC
(48, 4, 4, 256) in
(48, 64, 64, 1) out
DEC
(150, 4, 4, 256) in
(150, 64, 64, 1) out
Done compiling train and report!
Logdir /n/holylabs/gershman_lab/Users/rtruong/dreamerv3-official-2411f7d1/logdir/atari_frostbite_seed4
Did not find any checkpoint.
Writing checkpoint: /n/holylabs/gershman_lab/Users/rtruong/dreamerv3-official-2411f7d1/logdir/atari_frostbite_seed4/checkpoint.ckpt
Start training loop
Tracing policy function
ENC
(1, 4096) out

--------------------[Agent Step 40]--------------------
Metrics filtered by: 'score|length|fps|ratio|train/.*_loss$|train/rand/.*/mean'
replay/replay_ratio nan / fps/policy 1.59 / fps/train 0

Writing metrics: /n/holylabs/gershman_lab/Users/rtruong/dreamerv3-official-2411f7d1/logdir/atari_frostbite_seed4/metrics.jsonlWriting metrics: /n/holylabs/gershman_lab/Users/rtruong/dreamerv3-official-2411f7d1/logdir/atari_frostbite_seed4/scores.jsonl
Creating new TensorBoard event file writer.

Wrote checkpoint.

--------------------[Agent Step 9120]--------------------
Metrics filtered by: 'score|length|fps|ratio|train/.*_loss$|train/rand/.*/mean'
episode/score 30 / episode/length 345 / train/actor_loss 1.71 / train/constats/neg_loss 4.9 / train/constats/pos_loss 0.02 / train/cont_loss 0.04 / train/critic_loss 6.11 / train/dyn_loss 5.2 / train/image_loss 89.27 / train/opt_loss 107.37 / train/rand/action/mean 1 / train/rep_loss 5.2 / train/replay_critic_loss 7.67 / train/reward_loss 2.2 / train/rewstats/neg_loss 2.15 / train/rewstats/pos_loss 4.69 / replay/replay_ratio 260.47 / fps/policy 18.9 / fps/train 4697.42

Writing metrics: /n/holylabs/gershman_lab/Users/rtruong/dreamerv3-official-2411f7d1/logdir/atari_frostbite_seed4/scores.jsonlWriting metrics: /n/holylabs/gershman_lab/Users/rtruong/dreamerv3-official-2411f7d1/logdir/atari_frostbite_seed4/metrics.jsonl

GIF summaries require ffmpeg in $PATH. [Errno 2] No such file or directory: 'ffmpeg'

--------------------[Agent Step 18040]--------------------
Metrics filtered by: 'score|length|fps|ratio|train/.*_loss$|train/rand/.*/mean'
episode/score 130 / episode/length 359 / train/actor_loss 0.57 / train/constats/neg_loss 3.03 / train/constats/pos_loss 5.4e-3 / train/cont_loss 0.03 / train/critic_loss 2.77 / train/dyn_loss 2.82 / train/image_loss 2.35 / train/opt_loss 10.03 / train/rand/action/mean 0.49 / train/rep_loss 2.82 / train/replay_critic_loss 3.79 / train/reward_loss 0.08 / train/rewstats/neg_loss 0.02 / train/rewstats/pos_loss 3.17 / replay/replay_ratio 260.23 / fps/policy 18.52 / fps/train 4737.86

Writing metrics: /n/holylabs/gershman_lab/Users/rtruong/dreamerv3-official-2411f7d1/logdir/atari_frostbite_seed4/metrics.jsonlWriting metrics: /n/holylabs/gershman_lab/Users/rtruong/dreamerv3-official-2411f7d1/logdir/atari_frostbite_seed4/scores.jsonl

GIF summaries require ffmpeg in $PATH. [Errno 2] No such file or directory: 'ffmpeg'
GIF summaries require ffmpeg in $PATH. [Errno 2] No such file or directory: 'ffmpeg'

--------------------[Agent Step 26960]--------------------
Metrics filtered by: 'score|length|fps|ratio|train/.*_loss$|train/rand/.*/mean'
episode/score 100 / episode/length 336 / train/actor_loss 0.05 / train/constats/neg_loss 2.15 / train/constats/pos_loss 4.9e-3 / train/cont_loss 0.03 / train/critic_loss 1.82 / train/dyn_loss 2.78 / train/image_loss 1.54 / train/opt_loss 7.39 / train/rand/action/mean 0.3 / train/rep_loss 2.78 / train/replay_critic_loss 2.82 / train/reward_loss 0.05 / train/rewstats/neg_loss 0.01 / train/rewstats/pos_loss 1.8 / replay/replay_ratio 260.7 / fps/policy 18.51 / fps/train 4741.71

Writing metrics: /n/holylabs/gershman_lab/Users/rtruong/dreamerv3-official-2411f7d1/logdir/atari_frostbite_seed4/metrics.jsonl
Writing metrics: /n/holylabs/gershman_lab/Users/rtruong/dreamerv3-official-2411f7d1/logdir/atari_frostbite_seed4/scores.jsonl
GIF summaries require ffmpeg in $PATH. [Errno 2] No such file or directory: 'ffmpeg'
GIF summaries require ffmpeg in $PATH. [Errno 2] No such file or directory: 'ffmpeg'

--------------------[Agent Step 35880]--------------------
Metrics filtered by: 'score|length|fps|ratio|train/.*_loss$|train/rand/.*/mean'
episode/score 110 / episode/length 370 / train/actor_loss 0.04 / train/constats/neg_loss 2.15 / train/constats/pos_loss 4.8e-3 / train/cont_loss 0.03 / train/critic_loss 1.65 / train/dyn_loss 3.12 / train/image_loss 1.21 / train/opt_loss 7.16 / train/rand/action/mean 0.28 / train/rep_loss 3.12 / train/replay_critic_loss 2.51 / train/reward_loss 0.05 / train/rewstats/neg_loss 0.02 / train/rewstats/pos_loss 1.6 / replay/replay_ratio 259.77 / fps/policy 18.53 / fps/train 4740.15

Writing metrics: /n/holylabs/gershman_lab/Users/rtruong/dreamerv3-official-2411f7d1/logdir/atari_frostbite_seed4/metrics.jsonlWriting metrics: /n/holylabs/gershman_lab/Users/rtruong/dreamerv3-official-2411f7d1/logdir/atari_frostbite_seed4/scores.jsonl

GIF summaries require ffmpeg in $PATH. [Errno 2] No such file or directory: 'ffmpeg'

--------------------[Agent Step 44760]--------------------
Metrics filtered by: 'score|length|fps|ratio|train/.*_loss$|train/rand/.*/mean'
episode/score 210 / episode/length 550 / train/actor_loss 0.02 / train/constats/neg_loss 1.45 / train/constats/pos_loss 4.6e-3 / train/cont_loss 0.03 / train/critic_loss 1.42 / train/dyn_loss 2.4 / train/image_loss 0.93 / train/opt_loss 5.69 / train/rand/action/mean 0.22 / train/rep_loss 2.4 / train/replay_critic_loss 2.06 / train/reward_loss 0.04 / train/rewstats/neg_loss 0.01 / train/rewstats/pos_loss 1.14 / replay/replay_ratio 260.47 / fps/policy 18.47 / fps/train 4729.32

Writing metrics: /n/holylabs/gershman_lab/Users/rtruong/dreamerv3-official-2411f7d1/logdir/atari_frostbite_seed4/scores.jsonlWriting metrics: /n/holylabs/gershman_lab/Users/rtruong/dreamerv3-official-2411f7d1/logdir/atari_frostbite_seed4/metrics.jsonl

GIF summaries require ffmpeg in $PATH. [Errno 2] No such file or directory: 'ffmpeg'
GIF summaries require ffmpeg in $PATH. [Errno 2] No such file or directory: 'ffmpeg'

--------------------[Agent Step 53680]--------------------
Metrics filtered by: 'score|length|fps|ratio|train/.*_loss$|train/rand/.*/mean'
episode/score 190 / episode/length 564 / train/actor_loss 0.01 / train/constats/neg_loss 1.14 / train/constats/pos_loss 4.4e-3 / train/cont_loss 0.02 / train/critic_loss 1.43 / train/dyn_loss 2.17 / train/image_loss 0.79 / train/opt_loss 5.27 / train/rand/action/mean 0.26 / train/rep_loss 2.17 / train/replay_critic_loss 1.96 / train/reward_loss 0.03 / train/rewstats/neg_loss 9.2e-3 / train/rewstats/pos_loss 0.93 / replay/replay_ratio 260.7 / fps/policy 18.51 / fps/train 4744.06

Writing metrics: /n/holylabs/gershman_lab/Users/rtruong/dreamerv3-official-2411f7d1/logdir/atari_frostbite_seed4/scores.jsonl
Writing metrics: /n/holylabs/gershman_lab/Users/rtruong/dreamerv3-official-2411f7d1/logdir/atari_frostbite_seed4/metrics.jsonl
GIF summaries require ffmpeg in $PATH. [Errno 2] No such file or directory: 'ffmpeg'
GIF summaries require ffmpeg in $PATH. [Errno 2] No such file or directory: 'ffmpeg'

--------------------[Agent Step 62560]--------------------
Metrics filtered by: 'score|length|fps|ratio|train/.*_loss$|train/rand/.*/mean'
episode/score 150 / episode/length 412 / train/actor_loss 6.6e-3 / train/constats/neg_loss 1.04 / train/constats/pos_loss 4.3e-3 / train/cont_loss 0.02 / train/critic_loss 1.46 / train/dyn_loss 2.05 / train/image_loss 0.64 / train/opt_loss 5 / train/rand/action/mean 0.27 / train/rep_loss 2.05 / train/replay_critic_loss 1.94 / train/reward_loss 0.03 / train/rewstats/neg_loss 6.6e-3 / train/rewstats/pos_loss 0.8 / replay/replay_ratio 260 / fps/policy 18.5 / fps/train 4736.28

Writing metrics: /n/holylabs/gershman_lab/Users/rtruong/dreamerv3-official-2411f7d1/logdir/atari_frostbite_seed4/scores.jsonl
Writing metrics: /n/holylabs/gershman_lab/Users/rtruong/dreamerv3-official-2411f7d1/logdir/atari_frostbite_seed4/metrics.jsonl
GIF summaries require ffmpeg in $PATH. [Errno 2] No such file or directory: 'ffmpeg'
Writing checkpoint: /n/holylabs/gershman_lab/Users/rtruong/dreamerv3-official-2411f7d1/logdir/atari_frostbite_seed4/checkpoint.ckpt
Wrote checkpoint.

--------------------[Agent Step 71400]--------------------
Metrics filtered by: 'score|length|fps|ratio|train/.*_loss$|train/rand/.*/mean'
episode/score 220 / episode/length 520 / train/actor_loss 6e-3 / train/constats/neg_loss 0.83 / train/constats/pos_loss 4.1e-3 / train/cont_loss 0.02 / train/critic_loss 1.47 / train/dyn_loss 1.88 / train/image_loss 0.56 / train/opt_loss 4.73 / train/rand/action/mean 0.22 / train/rep_loss 1.88 / train/replay_critic_loss 1.92 / train/reward_loss 0.03 / train/rewstats/neg_loss 4.6e-3 / train/rewstats/pos_loss 0.7 / replay/replay_ratio 260.24 / fps/policy 18.37 / fps/train 4698.54

Writing metrics: /n/holylabs/gershman_lab/Users/rtruong/dreamerv3-official-2411f7d1/logdir/atari_frostbite_seed4/metrics.jsonlWriting metrics: /n/holylabs/gershman_lab/Users/rtruong/dreamerv3-official-2411f7d1/logdir/atari_frostbite_seed4/scores.jsonl

GIF summaries require ffmpeg in $PATH. [Errno 2] No such file or directory: 'ffmpeg'
GIF summaries require ffmpeg in $PATH. [Errno 2] No such file or directory: 'ffmpeg'

--------------------[Agent Step 80280]--------------------
Metrics filtered by: 'score|length|fps|ratio|train/.*_loss$|train/rand/.*/mean'
episode/score 220 / episode/length 516 / train/actor_loss 5.4e-3 / train/constats/neg_loss 0.94 / train/constats/pos_loss 4.1e-3 / train/cont_loss 0.02 / train/critic_loss 1.47 / train/dyn_loss 1.83 / train/image_loss 0.53 / train/opt_loss 4.62 / train/rand/action/mean 0.22 / train/rep_loss 1.83 / train/replay_critic_loss 1.89 / train/reward_loss 0.02 / train/rewstats/neg_loss 3.9e-3 / train/rewstats/pos_loss 0.67 / replay/replay_ratio 260.47 / fps/policy 18.48 / fps/train 4731.7

Writing metrics: /n/holylabs/gershman_lab/Users/rtruong/dreamerv3-official-2411f7d1/logdir/atari_frostbite_seed4/scores.jsonl
Writing metrics: /n/holylabs/gershman_lab/Users/rtruong/dreamerv3-official-2411f7d1/logdir/atari_frostbite_seed4/metrics.jsonl
GIF summaries require ffmpeg in $PATH. [Errno 2] No such file or directory: 'ffmpeg'
GIF summaries require ffmpeg in $PATH. [Errno 2] No such file or directory: 'ffmpeg'

--------------------[Agent Step 89160]--------------------
Metrics filtered by: 'score|length|fps|ratio|train/.*_loss$|train/rand/.*/mean'
episode/score 230 / episode/length 605 / train/actor_loss 5.7e-3 / train/constats/neg_loss 0.92 / train/constats/pos_loss 4e-3 / train/cont_loss 0.02 / train/critic_loss 1.57 / train/dyn_loss 1.79 / train/image_loss 0.46 / train/opt_loss 4.67 / train/rand/action/mean 0.2 / train/rep_loss 1.79 / train/replay_critic_loss 2.09 / train/reward_loss 0.02 / train/rewstats/neg_loss 3.6e-3 / train/rewstats/pos_loss 0.65 / replay/replay_ratio 260 / fps/policy 18.49 / fps/train 4734.27

Writing metrics: /n/holylabs/gershman_lab/Users/rtruong/dreamerv3-official-2411f7d1/logdir/atari_frostbite_seed4/metrics.jsonl
Writing metrics: /n/holylabs/gershman_lab/Users/rtruong/dreamerv3-official-2411f7d1/logdir/atari_frostbite_seed4/scores.jsonl
GIF summaries require ffmpeg in $PATH. [Errno 2] No such file or directory: 'ffmpeg'

--------------------[Agent Step 98040]--------------------
Metrics filtered by: 'score|length|fps|ratio|train/.*_loss$|train/rand/.*/mean'
episode/score 250 / episode/length 632 / train/actor_loss 6e-3 / train/constats/neg_loss 0.76 / train/constats/pos_loss 3.9e-3 / train/cont_loss 0.02 / train/critic_loss 1.54 / train/dyn_loss 1.64 / train/image_loss 0.4 / train/opt_loss 4.38 / train/rand/action/mean 0.22 / train/rep_loss 1.64 / train/replay_critic_loss 1.95 / train/reward_loss 0.02 / train/rewstats/neg_loss 2.9e-3 / train/rewstats/pos_loss 0.62 / replay/replay_ratio 260.47 / fps/policy 18.47 / fps/train 4729.01

Writing metrics: /n/holylabs/gershman_lab/Users/rtruong/dreamerv3-official-2411f7d1/logdir/atari_frostbite_seed4/metrics.jsonlWriting metrics: /n/holylabs/gershman_lab/Users/rtruong/dreamerv3-official-2411f7d1/logdir/atari_frostbite_seed4/scores.jsonl

GIF summaries require ffmpeg in $PATH. [Errno 2] No such file or directory: 'ffmpeg'
GIF summaries require ffmpeg in $PATH. [Errno 2] No such file or directory: 'ffmpeg'

--------------------[Agent Step 106960]--------------------
Metrics filtered by: 'score|length|fps|ratio|train/.*_loss$|train/rand/.*/mean'
episode/score 240 / episode/length 446 / train/actor_loss 5.5e-3 / train/constats/neg_loss 0.77 / train/constats/pos_loss 3.9e-3 / train/cont_loss 0.02 / train/critic_loss 1.54 / train/dyn_loss 1.63 / train/image_loss 0.36 / train/opt_loss 4.35 / train/rand/action/mean 0.21 / train/rep_loss 1.63 / train/replay_critic_loss 1.98 / train/reward_loss 0.02 / train/rewstats/neg_loss 3e-3 / train/rewstats/pos_loss 0.61 / replay/replay_ratio 260.7 / fps/policy 18.52 / fps/train 4745.42

Writing metrics: /n/holylabs/gershman_lab/Users/rtruong/dreamerv3-official-2411f7d1/logdir/atari_frostbite_seed4/metrics.jsonlWriting metrics: /n/holylabs/gershman_lab/Users/rtruong/dreamerv3-official-2411f7d1/logdir/atari_frostbite_seed4/scores.jsonl

GIF summaries require ffmpeg in $PATH. [Errno 2] No such file or directory: 'ffmpeg'
GIF summaries require ffmpeg in $PATH. [Errno 2] No such file or directory: 'ffmpeg'

--------------------[Agent Step 115880]--------------------
Metrics filtered by: 'score|length|fps|ratio|train/.*_loss$|train/rand/.*/mean'
episode/score 250 / episode/length 562 / train/actor_loss 4.2e-3 / train/constats/neg_loss 0.57 / train/constats/pos_loss 3.8e-3 / train/cont_loss 0.02 / train/critic_loss 1.52 / train/dyn_loss 1.53 / train/image_loss 0.34 / train/opt_loss 4.16 / train/rand/action/mean 0.19 / train/rep_loss 1.53 / train/replay_critic_loss 1.89 / train/reward_loss 0.02 / train/rewstats/neg_loss 2.9e-3 / train/rewstats/pos_loss 0.61 / replay/replay_ratio 259.77 / fps/policy 18.52 / fps/train 4736.51

Writing metrics: /n/holylabs/gershman_lab/Users/rtruong/dreamerv3-official-2411f7d1/logdir/atari_frostbite_seed4/metrics.jsonlWriting metrics: /n/holylabs/gershman_lab/Users/rtruong/dreamerv3-official-2411f7d1/logdir/atari_frostbite_seed4/scores.jsonl

GIF summaries require ffmpeg in $PATH. [Errno 2] No such file or directory: 'ffmpeg'

--------------------[Agent Step 124760]--------------------
Metrics filtered by: 'score|length|fps|ratio|train/.*_loss$|train/rand/.*/mean'
episode/score 320 / episode/length 607 / train/actor_loss 4.2e-3 / train/constats/neg_loss 0.55 / train/constats/pos_loss 3.8e-3 / train/cont_loss 0.02 / train/critic_loss 1.51 / train/dyn_loss 1.54 / train/image_loss 0.32 / train/opt_loss 4.14 / train/rand/action/mean 0.2 / train/rep_loss 1.54 / train/replay_critic_loss 1.89 / train/reward_loss 0.02 / train/rewstats/neg_loss 2.8e-3 / train/rewstats/pos_loss 0.6 / replay/replay_ratio 260.47 / fps/policy 18.5 / fps/train 4735.65

Writing metrics: /n/holylabs/gershman_lab/Users/rtruong/dreamerv3-official-2411f7d1/logdir/atari_frostbite_seed4/metrics.jsonlWriting metrics: /n/holylabs/gershman_lab/Users/rtruong/dreamerv3-official-2411f7d1/logdir/atari_frostbite_seed4/scores.jsonl

GIF summaries require ffmpeg in $PATH. [Errno 2] No such file or directory: 'ffmpeg'
GIF summaries require ffmpeg in $PATH. [Errno 2] No such file or directory: 'ffmpeg'
Writing checkpoint: /n/holylabs/gershman_lab/Users/rtruong/dreamerv3-official-2411f7d1/logdir/atari_frostbite_seed4/checkpoint.ckpt
Wrote checkpoint.

--------------------[Agent Step 133560]--------------------
Metrics filtered by: 'score|length|fps|ratio|train/.*_loss$|train/rand/.*/mean'
episode/score 280 / episode/length 585 / train/actor_loss 4.1e-3 / train/constats/neg_loss 0.51 / train/constats/pos_loss 3.7e-3 / train/cont_loss 0.02 / train/critic_loss 1.52 / train/dyn_loss 1.45 / train/image_loss 0.28 / train/opt_loss 4.02 / train/rand/action/mean 0.19 / train/rep_loss 1.45 / train/replay_critic_loss 1.89 / train/reward_loss 0.02 / train/rewstats/neg_loss 2.4e-3 / train/rewstats/pos_loss 0.59 / replay/replay_ratio 260.47 / fps/policy 18.29 / fps/train 4683.4

Writing metrics: /n/holylabs/gershman_lab/Users/rtruong/dreamerv3-official-2411f7d1/logdir/atari_frostbite_seed4/scores.jsonl
Writing metrics: /n/holylabs/gershman_lab/Users/rtruong/dreamerv3-official-2411f7d1/logdir/atari_frostbite_seed4/metrics.jsonl
GIF summaries require ffmpeg in $PATH. [Errno 2] No such file or directory: 'ffmpeg'
GIF summaries require ffmpeg in $PATH. [Errno 2] No such file or directory: 'ffmpeg'

--------------------[Agent Step 142440]--------------------
Metrics filtered by: 'score|length|fps|ratio|train/.*_loss$|train/rand/.*/mean'
episode/score 300 / episode/length 625 / train/actor_loss 3.4e-3 / train/constats/neg_loss 0.63 / train/constats/pos_loss 3.8e-3 / train/cont_loss 0.02 / train/critic_loss 1.49 / train/dyn_loss 1.41 / train/image_loss 0.27 / train/opt_loss 3.91 / train/rand/action/mean 0.18 / train/rep_loss 1.41 / train/replay_critic_loss 1.82 / train/reward_loss 0.02 / train/rewstats/neg_loss 2.3e-3 / train/rewstats/pos_loss 0.58 / replay/replay_ratio 260 / fps/policy 18.49 / fps/train 4733.72

Writing metrics: /n/holylabs/gershman_lab/Users/rtruong/dreamerv3-official-2411f7d1/logdir/atari_frostbite_seed4/metrics.jsonlWriting metrics: /n/holylabs/gershman_lab/Users/rtruong/dreamerv3-official-2411f7d1/logdir/atari_frostbite_seed4/scores.jsonl

GIF summaries require ffmpeg in $PATH. [Errno 2] No such file or directory: 'ffmpeg'

--------------------[Agent Step 151360]--------------------
Metrics filtered by: 'score|length|fps|ratio|train/.*_loss$|train/rand/.*/mean'
episode/score 280 / episode/length 645 / train/actor_loss 3.6e-3 / train/constats/neg_loss 0.57 / train/constats/pos_loss 3.7e-3 / train/cont_loss 0.02 / train/critic_loss 1.5 / train/dyn_loss 1.48 / train/image_loss 0.28 / train/opt_loss 4.02 / train/rand/action/mean 0.18 / train/rep_loss 1.48 / train/replay_critic_loss 1.86 / train/reward_loss 0.03 / train/rewstats/neg_loss 2.4e-3 / train/rewstats/pos_loss 0.58 / replay/replay_ratio 260.7 / fps/policy 18.5 / fps/train 4740.13

Writing metrics: /n/holylabs/gershman_lab/Users/rtruong/dreamerv3-official-2411f7d1/logdir/atari_frostbite_seed4/scores.jsonlWriting metrics: /n/holylabs/gershman_lab/Users/rtruong/dreamerv3-official-2411f7d1/logdir/atari_frostbite_seed4/metrics.jsonl

GIF summaries require ffmpeg in $PATH. [Errno 2] No such file or directory: 'ffmpeg'
GIF summaries require ffmpeg in $PATH. [Errno 2] No such file or directory: 'ffmpeg'

--------------------[Agent Step 160240]--------------------
Metrics filtered by: 'score|length|fps|ratio|train/.*_loss$|train/rand/.*/mean'
episode/score 360 / episode/length 669 / train/actor_loss 3.7e-3 / train/constats/neg_loss 0.46 / train/constats/pos_loss 3.5e-3 / train/cont_loss 0.02 / train/critic_loss 1.44 / train/dyn_loss 1.38 / train/image_loss 0.25 / train/opt_loss 3.79 / train/rand/action/mean 0.18 / train/rep_loss 1.38 / train/replay_critic_loss 1.76 / train/reward_loss 0.02 / train/rewstats/neg_loss 1.8e-3 / train/rewstats/pos_loss 0.57 / replay/replay_ratio 260.47 / fps/policy 18.47 / fps/train 4729.11

Writing metrics: /n/holylabs/gershman_lab/Users/rtruong/dreamerv3-official-2411f7d1/logdir/atari_frostbite_seed4/scores.jsonl
Writing metrics: /n/holylabs/gershman_lab/Users/rtruong/dreamerv3-official-2411f7d1/logdir/atari_frostbite_seed4/metrics.jsonl
GIF summaries require ffmpeg in $PATH. [Errno 2] No such file or directory: 'ffmpeg'
GIF summaries require ffmpeg in $PATH. [Errno 2] No such file or directory: 'ffmpeg'

--------------------[Agent Step 169160]--------------------
Metrics filtered by: 'score|length|fps|ratio|train/.*_loss$|train/rand/.*/mean'
episode/score 330 / episode/length 650 / train/actor_loss 2.4e-3 / train/constats/neg_loss 0.37 / train/constats/pos_loss 3.6e-3 / train/cont_loss 0.02 / train/critic_loss 1.46 / train/dyn_loss 1.38 / train/image_loss 0.24 / train/opt_loss 3.8 / train/rand/action/mean 0.18 / train/rep_loss 1.38 / train/replay_critic_loss 1.78 / train/reward_loss 0.02 / train/rewstats/neg_loss 1.9e-3 / train/rewstats/pos_loss 0.57 / replay/replay_ratio 259.77 / fps/policy 18.52 / fps/train 4736.11

Writing metrics: /n/holylabs/gershman_lab/Users/rtruong/dreamerv3-official-2411f7d1/logdir/atari_frostbite_seed4/scores.jsonlWriting metrics: /n/holylabs/gershman_lab/Users/rtruong/dreamerv3-official-2411f7d1/logdir/atari_frostbite_seed4/metrics.jsonl

GIF summaries require ffmpeg in $PATH. [Errno 2] No such file or directory: 'ffmpeg'

--------------------[Agent Step 178040]--------------------
Metrics filtered by: 'score|length|fps|ratio|train/.*_loss$|train/rand/.*/mean'
episode/score 340 / episode/length 571 / train/actor_loss 3.2e-3 / train/constats/neg_loss 0.35 / train/constats/pos_loss 3.5e-3 / train/cont_loss 0.02 / train/critic_loss 1.43 / train/dyn_loss 1.34 / train/image_loss 0.24 / train/opt_loss 3.71 / train/rand/action/mean 0.18 / train/rep_loss 1.34 / train/replay_critic_loss 1.71 / train/reward_loss 0.02 / train/rewstats/neg_loss 1.8e-3 / train/rewstats/pos_loss 0.56 / replay/replay_ratio 260.47 / fps/policy 18.44 / fps/train 4721.62

Writing metrics: /n/holylabs/gershman_lab/Users/rtruong/dreamerv3-official-2411f7d1/logdir/atari_frostbite_seed4/metrics.jsonlWriting metrics: /n/holylabs/gershman_lab/Users/rtruong/dreamerv3-official-2411f7d1/logdir/atari_frostbite_seed4/scores.jsonl

GIF summaries require ffmpeg in $PATH. [Errno 2] No such file or directory: 'ffmpeg'
GIF summaries require ffmpeg in $PATH. [Errno 2] No such file or directory: 'ffmpeg'

--------------------[Agent Step 186920]--------------------
Metrics filtered by: 'score|length|fps|ratio|train/.*_loss$|train/rand/.*/mean'
episode/score 330 / episode/length 564 / train/actor_loss 2.9e-3 / train/constats/neg_loss 0.45 / train/constats/pos_loss 3.6e-3 / train/cont_loss 0.02 / train/critic_loss 1.47 / train/dyn_loss 1.4 / train/image_loss 0.24 / train/opt_loss 3.85 / train/rand/action/mean 0.18 / train/rep_loss 1.4 / train/replay_critic_loss 1.79 / train/reward_loss 0.02 / train/rewstats/neg_loss 1.6e-3 / train/rewstats/pos_loss 0.56 / replay/replay_ratio 260.47 / fps/policy 18.5 / fps/train 4735.67

Writing metrics: /n/holylabs/gershman_lab/Users/rtruong/dreamerv3-official-2411f7d1/logdir/atari_frostbite_seed4/metrics.jsonlWriting metrics: /n/holylabs/gershman_lab/Users/rtruong/dreamerv3-official-2411f7d1/logdir/atari_frostbite_seed4/scores.jsonl

GIF summaries require ffmpeg in $PATH. [Errno 2] No such file or directory: 'ffmpeg'
GIF summaries require ffmpeg in $PATH. [Errno 2] No such file or directory: 'ffmpeg'

--------------------[Agent Step 195800]--------------------
Metrics filtered by: 'score|length|fps|ratio|train/.*_loss$|train/rand/.*/mean'
episode/score 400 / episode/length 669 / train/actor_loss 2.9e-3 / train/constats/neg_loss 0.51 / train/constats/pos_loss 3.7e-3 / train/cont_loss 0.02 / train/critic_loss 1.48 / train/dyn_loss 1.36 / train/image_loss 0.23 / train/opt_loss 3.79 / train/rand/action/mean 0.17 / train/rep_loss 1.36 / train/replay_critic_loss 1.8 / train/reward_loss 0.02 / train/rewstats/neg_loss 1.6e-3 / train/rewstats/pos_loss 0.56 / replay/replay_ratio 260 / fps/policy 18.5 / fps/train 4735.34

Writing metrics: /n/holylabs/gershman_lab/Users/rtruong/dreamerv3-official-2411f7d1/logdir/atari_frostbite_seed4/metrics.jsonl
Writing metrics: /n/holylabs/gershman_lab/Users/rtruong/dreamerv3-official-2411f7d1/logdir/atari_frostbite_seed4/scores.jsonl
GIF summaries require ffmpeg in $PATH. [Errno 2] No such file or directory: 'ffmpeg'
Writing checkpoint: /n/holylabs/gershman_lab/Users/rtruong/dreamerv3-official-2411f7d1/logdir/atari_frostbite_seed4/checkpoint.ckpt
Wrote checkpoint.

--------------------[Agent Step 204600]--------------------
Metrics filtered by: 'score|length|fps|ratio|train/.*_loss$|train/rand/.*/mean'
episode/score 410 / episode/length 697 / train/actor_loss 2.2e-3 / train/constats/neg_loss 0.36 / train/constats/pos_loss 3.5e-3 / train/cont_loss 0.02 / train/critic_loss 1.4 / train/dyn_loss 1.37 / train/image_loss 0.23 / train/opt_loss 3.67 / train/rand/action/mean 0.17 / train/rep_loss 1.37 / train/replay_critic_loss 1.66 / train/reward_loss 0.02 / train/rewstats/neg_loss 1.5e-3 / train/rewstats/pos_loss 0.55 / replay/replay_ratio 260.47 / fps/policy 18.28 / fps/train 4679.84

Writing metrics: /n/holylabs/gershman_lab/Users/rtruong/dreamerv3-official-2411f7d1/logdir/atari_frostbite_seed4/scores.jsonlWriting metrics: /n/holylabs/gershman_lab/Users/rtruong/dreamerv3-official-2411f7d1/logdir/atari_frostbite_seed4/metrics.jsonl

GIF summaries require ffmpeg in $PATH. [Errno 2] No such file or directory: 'ffmpeg'
GIF summaries require ffmpeg in $PATH. [Errno 2] No such file or directory: 'ffmpeg'

--------------------[Agent Step 213480]--------------------
Metrics filtered by: 'score|length|fps|ratio|train/.*_loss$|train/rand/.*/mean'
episode/score 410 / episode/length 705 / train/actor_loss 2.8e-3 / train/constats/neg_loss 0.29 / train/constats/pos_loss 3.4e-3 / train/cont_loss 0.02 / train/critic_loss 1.4 / train/dyn_loss 1.28 / train/image_loss 0.21 / train/opt_loss 3.57 / train/rand/action/mean 0.17 / train/rep_loss 1.28 / train/replay_critic_loss 1.65 / train/reward_loss 0.03 / train/rewstats/neg_loss 1.2e-3 / train/rewstats/pos_loss 0.55 / replay/replay_ratio 260.47 / fps/policy 18.49 / fps/train 4732.46

Writing metrics: /n/holylabs/gershman_lab/Users/rtruong/dreamerv3-official-2411f7d1/logdir/atari_frostbite_seed4/scores.jsonl
Writing metrics: /n/holylabs/gershman_lab/Users/rtruong/dreamerv3-official-2411f7d1/logdir/atari_frostbite_seed4/metrics.jsonl
GIF summaries require ffmpeg in $PATH. [Errno 2] No such file or directory: 'ffmpeg'
GIF summaries require ffmpeg in $PATH. [Errno 2] No such file or directory: 'ffmpeg'

--------------------[Agent Step 222360]--------------------
Metrics filtered by: 'score|length|fps|ratio|train/.*_loss$|train/rand/.*/mean'
episode/score 390 / episode/length 635 / train/actor_loss 2.8e-3 / train/constats/neg_loss 0.48 / train/constats/pos_loss 3.6e-3 / train/cont_loss 0.02 / train/critic_loss 1.51 / train/dyn_loss 1.4 / train/image_loss 0.23 / train/opt_loss 3.88 / train/rand/action/mean 0.16 / train/rep_loss 1.4 / train/replay_critic_loss 1.86 / train/reward_loss 0.03 / train/rewstats/neg_loss 1.5e-3 / train/rewstats/pos_loss 0.55 / replay/replay_ratio 260 / fps/policy 18.47 / fps/train 4727.68

Writing metrics: /n/holylabs/gershman_lab/Users/rtruong/dreamerv3-official-2411f7d1/logdir/atari_frostbite_seed4/scores.jsonl
Writing metrics: /n/holylabs/gershman_lab/Users/rtruong/dreamerv3-official-2411f7d1/logdir/atari_frostbite_seed4/metrics.jsonl
GIF summaries require ffmpeg in $PATH. [Errno 2] No such file or directory: 'ffmpeg'

--------------------[Agent Step 231280]--------------------
Metrics filtered by: 'score|length|fps|ratio|train/.*_loss$|train/rand/.*/mean'
episode/score 440 / episode/length 708 / train/actor_loss 2.6e-3 / train/constats/neg_loss 0.33 / train/constats/pos_loss 3.4e-3 / train/cont_loss 0.02 / train/critic_loss 1.37 / train/dyn_loss 1.25 / train/image_loss 0.2 / train/opt_loss 3.47 / train/rand/action/mean 0.16 / train/rep_loss 1.25 / train/replay_critic_loss 1.58 / train/reward_loss 0.02 / train/rewstats/neg_loss 9.7e-4 / train/rewstats/pos_loss 0.54 / replay/replay_ratio 260.7 / fps/policy 18.5 / fps/train 4740.6

Writing metrics: /n/holylabs/gershman_lab/Users/rtruong/dreamerv3-official-2411f7d1/logdir/atari_frostbite_seed4/scores.jsonl
Writing metrics: /n/holylabs/gershman_lab/Users/rtruong/dreamerv3-official-2411f7d1/logdir/atari_frostbite_seed4/metrics.jsonl
GIF summaries require ffmpeg in $PATH. [Errno 2] No such file or directory: 'ffmpeg'
GIF summaries require ffmpeg in $PATH. [Errno 2] No such file or directory: 'ffmpeg'

--------------------[Agent Step 240160]--------------------
Metrics filtered by: 'score|length|fps|ratio|train/.*_loss$|train/rand/.*/mean'
episode/score 440 / episode/length 700 / train/actor_loss 2e-3 / train/constats/neg_loss 0.34 / train/constats/pos_loss 3.4e-3 / train/cont_loss 0.02 / train/critic_loss 1.35 / train/dyn_loss 1.3 / train/image_loss 0.22 / train/opt_loss 3.53 / train/rand/action/mean 0.17 / train/rep_loss 1.3 / train/replay_critic_loss 1.58 / train/reward_loss 0.03 / train/rewstats/neg_loss 1e-3 / train/rewstats/pos_loss 0.54 / replay/replay_ratio 260.47 / fps/policy 18.46 / fps/train 4725.97

Writing metrics: /n/holylabs/gershman_lab/Users/rtruong/dreamerv3-official-2411f7d1/logdir/atari_frostbite_seed4/metrics.jsonl
Writing metrics: /n/holylabs/gershman_lab/Users/rtruong/dreamerv3-official-2411f7d1/logdir/atari_frostbite_seed4/scores.jsonl
GIF summaries require ffmpeg in $PATH. [Errno 2] No such file or directory: 'ffmpeg'
GIF summaries require ffmpeg in $PATH. [Errno 2] No such file or directory: 'ffmpeg'

--------------------[Agent Step 249080]--------------------
Metrics filtered by: 'score|length|fps|ratio|train/.*_loss$|train/rand/.*/mean'
episode/score 440 / episode/length 696 / train/actor_loss 2.4e-3 / train/constats/neg_loss 0.33 / train/constats/pos_loss 3.5e-3 / train/cont_loss 0.02 / train/critic_loss 1.36 / train/dyn_loss 1.24 / train/image_loss 0.2 / train/opt_loss 3.44 / train/rand/action/mean 0.18 / train/rep_loss 1.24 / train/replay_critic_loss 1.57 / train/reward_loss 0.03 / train/rewstats/neg_loss 8.1e-4 / train/rewstats/pos_loss 0.54 / replay/replay_ratio 259.77 / fps/policy 18.53 / fps/train 4738.99

Writing metrics: /n/holylabs/gershman_lab/Users/rtruong/dreamerv3-official-2411f7d1/logdir/atari_frostbite_seed4/metrics.jsonl
Writing metrics: /n/holylabs/gershman_lab/Users/rtruong/dreamerv3-official-2411f7d1/logdir/atari_frostbite_seed4/scores.jsonl
GIF summaries require ffmpeg in $PATH. [Errno 2] No such file or directory: 'ffmpeg'

--------------------[Agent Step 258000]--------------------
Metrics filtered by: 'score|length|fps|ratio|train/.*_loss$|train/rand/.*/mean'
episode/score 380 / episode/length 624 / train/actor_loss 2.6e-3 / train/constats/neg_loss 0.32 / train/constats/pos_loss 3.4e-3 / train/cont_loss 0.02 / train/critic_loss 1.33 / train/dyn_loss 1.27 / train/image_loss 0.19 / train/opt_loss 3.44 / train/rand/action/mean 0.16 / train/rep_loss 1.27 / train/replay_critic_loss 1.58 / train/reward_loss 0.03 / train/rewstats/neg_loss 1.2e-3 / train/rewstats/pos_loss 0.54 / replay/replay_ratio 260.7 / fps/policy 18.5 / fps/train 4741.45

Writing metrics: /n/holylabs/gershman_lab/Users/rtruong/dreamerv3-official-2411f7d1/logdir/atari_frostbite_seed4/metrics.jsonl
Writing metrics: /n/holylabs/gershman_lab/Users/rtruong/dreamerv3-official-2411f7d1/logdir/atari_frostbite_seed4/scores.jsonl
GIF summaries require ffmpeg in $PATH. [Errno 2] No such file or directory: 'ffmpeg'
GIF summaries require ffmpeg in $PATH. [Errno 2] No such file or directory: 'ffmpeg'
Writing checkpoint: /n/holylabs/gershman_lab/Users/rtruong/dreamerv3-official-2411f7d1/logdir/atari_frostbite_seed4/checkpoint.ckpt
Wrote checkpoint.

--------------------[Agent Step 266800]--------------------
Metrics filtered by: 'score|length|fps|ratio|train/.*_loss$|train/rand/.*/mean'
episode/score 450 / episode/length 743 / train/actor_loss 1.7e-3 / train/constats/neg_loss 0.34 / train/constats/pos_loss 3.4e-3 / train/cont_loss 0.02 / train/critic_loss 1.36 / train/dyn_loss 1.3 / train/image_loss 0.2 / train/opt_loss 3.54 / train/rand/action/mean 0.16 / train/rep_loss 1.3 / train/replay_critic_loss 1.66 / train/reward_loss 0.03 / train/rewstats/neg_loss 9.8e-4 / train/rewstats/pos_loss 0.54 / replay/replay_ratio 260.47 / fps/policy 18.32 / fps/train 4690.59

Writing metrics: /n/holylabs/gershman_lab/Users/rtruong/dreamerv3-official-2411f7d1/logdir/atari_frostbite_seed4/metrics.jsonlWriting metrics: /n/holylabs/gershman_lab/Users/rtruong/dreamerv3-official-2411f7d1/logdir/atari_frostbite_seed4/scores.jsonl

GIF summaries require ffmpeg in $PATH. [Errno 2] No such file or directory: 'ffmpeg'
GIF summaries require ffmpeg in $PATH. [Errno 2] No such file or directory: 'ffmpeg'

--------------------[Agent Step 275720]--------------------
Metrics filtered by: 'score|length|fps|ratio|train/.*_loss$|train/rand/.*/mean'
episode/score 320 / episode/length 640 / train/actor_loss 1.5e-3 / train/constats/neg_loss 0.34 / train/constats/pos_loss 3.4e-3 / train/cont_loss 0.02 / train/critic_loss 1.3 / train/dyn_loss 1.28 / train/image_loss 0.19 / train/opt_loss 3.41 / train/rand/action/mean 0.17 / train/rep_loss 1.28 / train/replay_critic_loss 1.53 / train/reward_loss 0.03 / train/rewstats/neg_loss 1e-3 / train/rewstats/pos_loss 0.54 / replay/replay_ratio 259.77 / fps/policy 18.56 / fps/train 4747.16

Writing metrics: /n/holylabs/gershman_lab/Users/rtruong/dreamerv3-official-2411f7d1/logdir/atari_frostbite_seed4/metrics.jsonlWriting metrics: /n/holylabs/gershman_lab/Users/rtruong/dreamerv3-official-2411f7d1/logdir/atari_frostbite_seed4/scores.jsonl

GIF summaries require ffmpeg in $PATH. [Errno 2] No such file or directory: 'ffmpeg'

--------------------[Agent Step 284640]--------------------
Metrics filtered by: 'score|length|fps|ratio|train/.*_loss$|train/rand/.*/mean'
episode/score 400 / episode/length 656 / train/actor_loss 1.8e-3 / train/constats/neg_loss 0.32 / train/constats/pos_loss 3.4e-3 / train/cont_loss 0.02 / train/critic_loss 1.32 / train/dyn_loss 1.25 / train/image_loss 0.18 / train/opt_loss 3.4 / train/rand/action/mean 0.17 / train/rep_loss 1.25 / train/replay_critic_loss 1.56 / train/reward_loss 0.03 / train/rewstats/neg_loss 8.1e-4 / train/rewstats/pos_loss 0.54 / replay/replay_ratio 260.7 / fps/policy 18.5 / fps/train 4740.07

Writing metrics: /n/holylabs/gershman_lab/Users/rtruong/dreamerv3-official-2411f7d1/logdir/atari_frostbite_seed4/metrics.jsonlWriting metrics: /n/holylabs/gershman_lab/Users/rtruong/dreamerv3-official-2411f7d1/logdir/atari_frostbite_seed4/scores.jsonl

GIF summaries require ffmpeg in $PATH. [Errno 2] No such file or directory: 'ffmpeg'
GIF summaries require ffmpeg in $PATH. [Errno 2] No such file or directory: 'ffmpeg'

--------------------[Agent Step 293560]--------------------
Metrics filtered by: 'score|length|fps|ratio|train/.*_loss$|train/rand/.*/mean'
episode/score 410 / episode/length 648 / train/actor_loss 1.6e-3 / train/constats/neg_loss 0.34 / train/constats/pos_loss 3.4e-3 / train/cont_loss 0.02 / train/critic_loss 1.29 / train/dyn_loss 1.22 / train/image_loss 0.18 / train/opt_loss 3.31 / train/rand/action/mean 0.18 / train/rep_loss 1.22 / train/replay_critic_loss 1.49 / train/reward_loss 0.03 / train/rewstats/neg_loss 6.3e-4 / train/rewstats/pos_loss 0.53 / replay/replay_ratio 260.23 / fps/policy 18.52 / fps/train 4737.93

Writing metrics: /n/holylabs/gershman_lab/Users/rtruong/dreamerv3-official-2411f7d1/logdir/atari_frostbite_seed4/metrics.jsonlWriting metrics: /n/holylabs/gershman_lab/Users/rtruong/dreamerv3-official-2411f7d1/logdir/atari_frostbite_seed4/scores.jsonl

GIF summaries require ffmpeg in $PATH. [Errno 2] No such file or directory: 'ffmpeg'
GIF summaries require ffmpeg in $PATH. [Errno 2] No such file or directory: 'ffmpeg'

--------------------[Agent Step 302440]--------------------
Metrics filtered by: 'score|length|fps|ratio|train/.*_loss$|train/rand/.*/mean'
episode/score 400 / episode/length 652 / train/actor_loss 1.5e-3 / train/constats/neg_loss 0.3 / train/constats/pos_loss 3.4e-3 / train/cont_loss 0.02 / train/critic_loss 1.32 / train/dyn_loss 1.27 / train/image_loss 0.18 / train/opt_loss 3.41 / train/rand/action/mean 0.18 / train/rep_loss 1.27 / train/replay_critic_loss 1.56 / train/reward_loss 0.03 / train/rewstats/neg_loss 8.4e-4 / train/rewstats/pos_loss 0.53 / replay/replay_ratio 260 / fps/policy 18.49 / fps/train 4733.17

Writing metrics: /n/holylabs/gershman_lab/Users/rtruong/dreamerv3-official-2411f7d1/logdir/atari_frostbite_seed4/scores.jsonlWriting metrics: /n/holylabs/gershman_lab/Users/rtruong/dreamerv3-official-2411f7d1/logdir/atari_frostbite_seed4/metrics.jsonl

GIF summaries require ffmpeg in $PATH. [Errno 2] No such file or directory: 'ffmpeg'

--------------------[Agent Step 311320]--------------------
Metrics filtered by: 'score|length|fps|ratio|train/.*_loss$|train/rand/.*/mean'
episode/score 380 / episode/length 632 / train/actor_loss 1.7e-3 / train/constats/neg_loss 0.29 / train/constats/pos_loss 3.4e-3 / train/cont_loss 0.02 / train/critic_loss 1.28 / train/dyn_loss 1.22 / train/image_loss 0.17 / train/opt_loss 3.28 / train/rand/action/mean 0.19 / train/rep_loss 1.22 / train/replay_critic_loss 1.46 / train/reward_loss 0.03 / train/rewstats/neg_loss 7.3e-4 / train/rewstats/pos_loss 0.53 / replay/replay_ratio 260.47 / fps/policy 18.44 / fps/train 4720.89

Writing metrics: /n/holylabs/gershman_lab/Users/rtruong/dreamerv3-official-2411f7d1/logdir/atari_frostbite_seed4/metrics.jsonlWriting metrics: /n/holylabs/gershman_lab/Users/rtruong/dreamerv3-official-2411f7d1/logdir/atari_frostbite_seed4/scores.jsonl

GIF summaries require ffmpeg in $PATH. [Errno 2] No such file or directory: 'ffmpeg'
GIF summaries require ffmpeg in $PATH. [Errno 2] No such file or directory: 'ffmpeg'

--------------------[Agent Step 320200]--------------------
Metrics filtered by: 'score|length|fps|ratio|train/.*_loss$|train/rand/.*/mean'
episode/score 450 / episode/length 726 / train/actor_loss 1.8e-3 / train/constats/neg_loss 0.28 / train/constats/pos_loss 3.3e-3 / train/cont_loss 0.02 / train/critic_loss 1.32 / train/dyn_loss 1.3 / train/image_loss 0.2 / train/opt_loss 3.46 / train/rand/action/mean 0.19 / train/rep_loss 1.3 / train/replay_critic_loss 1.55 / train/reward_loss 0.03 / train/rewstats/neg_loss 1e-3 / train/rewstats/pos_loss 0.54 / replay/replay_ratio 260.47 / fps/policy 18.5 / fps/train 4736.33

Writing metrics: /n/holylabs/gershman_lab/Users/rtruong/dreamerv3-official-2411f7d1/logdir/atari_frostbite_seed4/metrics.jsonl
Writing metrics: /n/holylabs/gershman_lab/Users/rtruong/dreamerv3-official-2411f7d1/logdir/atari_frostbite_seed4/scores.jsonl
GIF summaries require ffmpeg in $PATH. [Errno 2] No such file or directory: 'ffmpeg'
GIF summaries require ffmpeg in $PATH. [Errno 2] No such file or directory: 'ffmpeg'

--------------------[Agent Step 329080]--------------------
Metrics filtered by: 'score|length|fps|ratio|train/.*_loss$|train/rand/.*/mean'
episode/score 450 / episode/length 706 / train/actor_loss 1.7e-3 / train/constats/neg_loss 0.28 / train/constats/pos_loss 3.3e-3 / train/cont_loss 0.02 / train/critic_loss 1.27 / train/dyn_loss 1.26 / train/image_loss 0.17 / train/opt_loss 3.32 / train/rand/action/mean 0.19 / train/rep_loss 1.26 / train/replay_critic_loss 1.47 / train/reward_loss 0.03 / train/rewstats/neg_loss 7.8e-4 / train/rewstats/pos_loss 0.54 / replay/replay_ratio 260 / fps/policy 18.44 / fps/train 4721.37

Writing metrics: /n/holylabs/gershman_lab/Users/rtruong/dreamerv3-official-2411f7d1/logdir/atari_frostbite_seed4/metrics.jsonl
Writing metrics: /n/holylabs/gershman_lab/Users/rtruong/dreamerv3-official-2411f7d1/logdir/atari_frostbite_seed4/scores.jsonl
GIF summaries require ffmpeg in $PATH. [Errno 2] No such file or directory: 'ffmpeg'
Writing checkpoint: /n/holylabs/gershman_lab/Users/rtruong/dreamerv3-official-2411f7d1/logdir/atari_frostbite_seed4/checkpoint.ckpt
Wrote checkpoint.

--------------------[Agent Step 337880]--------------------
Metrics filtered by: 'score|length|fps|ratio|train/.*_loss$|train/rand/.*/mean'
episode/score 440 / episode/length 712 / train/actor_loss 1.5e-3 / train/constats/neg_loss 0.27 / train/constats/pos_loss 3.3e-3 / train/cont_loss 0.02 / train/critic_loss 1.24 / train/dyn_loss 1.24 / train/image_loss 0.17 / train/opt_loss 3.24 / train/rand/action/mean 0.19 / train/rep_loss 1.24 / train/replay_critic_loss 1.43 / train/reward_loss 0.03 / train/rewstats/neg_loss 6.3e-4 / train/rewstats/pos_loss 0.53 / replay/replay_ratio 260.47 / fps/policy 18.27 / fps/train 4676.1

Writing metrics: /n/holylabs/gershman_lab/Users/rtruong/dreamerv3-official-2411f7d1/logdir/atari_frostbite_seed4/scores.jsonlWriting metrics: /n/holylabs/gershman_lab/Users/rtruong/dreamerv3-official-2411f7d1/logdir/atari_frostbite_seed4/metrics.jsonl

GIF summaries require ffmpeg in $PATH. [Errno 2] No such file or directory: 'ffmpeg'
GIF summaries require ffmpeg in $PATH. [Errno 2] No such file or directory: 'ffmpeg'

--------------------[Agent Step 346760]--------------------
Metrics filtered by: 'score|length|fps|ratio|train/.*_loss$|train/rand/.*/mean'
episode/score 440 / episode/length 714 / train/actor_loss 1.3e-3 / train/constats/neg_loss 0.26 / train/constats/pos_loss 3.4e-3 / train/cont_loss 0.02 / train/critic_loss 1.27 / train/dyn_loss 1.23 / train/image_loss 0.16 / train/opt_loss 3.27 / train/rand/action/mean 0.19 / train/rep_loss 1.23 / train/replay_critic_loss 1.47 / train/reward_loss 0.03 / train/rewstats/neg_loss 6.4e-4 / train/rewstats/pos_loss 0.53 / replay/replay_ratio 260.47 / fps/policy 18.45 / fps/train 4724.29

Writing metrics: /n/holylabs/gershman_lab/Users/rtruong/dreamerv3-official-2411f7d1/logdir/atari_frostbite_seed4/metrics.jsonl
Writing metrics: /n/holylabs/gershman_lab/Users/rtruong/dreamerv3-official-2411f7d1/logdir/atari_frostbite_seed4/scores.jsonl
GIF summaries require ffmpeg in $PATH. [Errno 2] No such file or directory: 'ffmpeg'
GIF summaries require ffmpeg in $PATH. [Errno 2] No such file or directory: 'ffmpeg'

--------------------[Agent Step 355640]--------------------
Metrics filtered by: 'score|length|fps|ratio|train/.*_loss$|train/rand/.*/mean'
episode/score 400 / episode/length 645 / train/actor_loss 1.2e-3 / train/constats/neg_loss 0.2 / train/constats/pos_loss 3.3e-3 / train/cont_loss 0.02 / train/critic_loss 1.25 / train/dyn_loss 1.2 / train/image_loss 0.16 / train/opt_loss 3.21 / train/rand/action/mean 0.19 / train/rep_loss 1.2 / train/replay_critic_loss 1.44 / train/reward_loss 0.03 / train/rewstats/neg_loss 5.2e-4 / train/rewstats/pos_loss 0.53 / replay/replay_ratio 260 / fps/policy 18.49 / fps/train 4734.44

Writing metrics: /n/holylabs/gershman_lab/Users/rtruong/dreamerv3-official-2411f7d1/logdir/atari_frostbite_seed4/scores.jsonl
Writing metrics: /n/holylabs/gershman_lab/Users/rtruong/dreamerv3-official-2411f7d1/logdir/atari_frostbite_seed4/metrics.jsonl
GIF summaries require ffmpeg in $PATH. [Errno 2] No such file or directory: 'ffmpeg'

--------------------[Agent Step 364520]--------------------
Metrics filtered by: 'score|length|fps|ratio|train/.*_loss$|train/rand/.*/mean'
episode/score 440 / episode/length 712 / train/actor_loss 1.6e-3 / train/constats/neg_loss 0.27 / train/constats/pos_loss 3.3e-3 / train/cont_loss 0.02 / train/critic_loss 1.27 / train/dyn_loss 1.21 / train/image_loss 0.18 / train/opt_loss 3.28 / train/rand/action/mean 0.2 / train/rep_loss 1.21 / train/replay_critic_loss 1.46 / train/reward_loss 0.03 / train/rewstats/neg_loss 6e-4 / train/rewstats/pos_loss 0.53 / replay/replay_ratio 260.47 / fps/policy 18.49 / fps/train 4733.65

Writing metrics: /n/holylabs/gershman_lab/Users/rtruong/dreamerv3-official-2411f7d1/logdir/atari_frostbite_seed4/scores.jsonl
Writing metrics: /n/holylabs/gershman_lab/Users/rtruong/dreamerv3-official-2411f7d1/logdir/atari_frostbite_seed4/metrics.jsonl
GIF summaries require ffmpeg in $PATH. [Errno 2] No such file or directory: 'ffmpeg'
GIF summaries require ffmpeg in $PATH. [Errno 2] No such file or directory: 'ffmpeg'

--------------------[Agent Step 373400]--------------------
Metrics filtered by: 'score|length|fps|ratio|train/.*_loss$|train/rand/.*/mean'
episode/score 440 / episode/length 702 / train/actor_loss 1.6e-3 / train/constats/neg_loss 0.27 / train/constats/pos_loss 3.4e-3 / train/cont_loss 0.02 / train/critic_loss 1.27 / train/dyn_loss 1.23 / train/image_loss 0.18 / train/opt_loss 3.29 / train/rand/action/mean 0.19 / train/rep_loss 1.23 / train/replay_critic_loss 1.45 / train/reward_loss 0.03 / train/rewstats/neg_loss 6.9e-4 / train/rewstats/pos_loss 0.53 / replay/replay_ratio 260.47 / fps/policy 18.44 / fps/train 4721.42

Writing metrics: /n/holylabs/gershman_lab/Users/rtruong/dreamerv3-official-2411f7d1/logdir/atari_frostbite_seed4/metrics.jsonlWriting metrics: /n/holylabs/gershman_lab/Users/rtruong/dreamerv3-official-2411f7d1/logdir/atari_frostbite_seed4/scores.jsonl

GIF summaries require ffmpeg in $PATH. [Errno 2] No such file or directory: 'ffmpeg'
GIF summaries require ffmpeg in $PATH. [Errno 2] No such file or directory: 'ffmpeg'

--------------------[Agent Step 382280]--------------------
Metrics filtered by: 'score|length|fps|ratio|train/.*_loss$|train/rand/.*/mean'
episode/score 390 / episode/length 631 / train/actor_loss 1.7e-3 / train/constats/neg_loss 0.27 / train/constats/pos_loss 3.3e-3 / train/cont_loss 0.02 / train/critic_loss 1.25 / train/dyn_loss 1.19 / train/image_loss 0.16 / train/opt_loss 3.2 / train/rand/action/mean 0.2 / train/rep_loss 1.19 / train/replay_critic_loss 1.42 / train/reward_loss 0.03 / train/rewstats/neg_loss 6.7e-4 / train/rewstats/pos_loss 0.53 / replay/replay_ratio 260 / fps/policy 18.49 / fps/train 4733.05

Writing metrics: /n/holylabs/gershman_lab/Users/rtruong/dreamerv3-official-2411f7d1/logdir/atari_frostbite_seed4/metrics.jsonlWriting metrics: /n/holylabs/gershman_lab/Users/rtruong/dreamerv3-official-2411f7d1/logdir/atari_frostbite_seed4/scores.jsonl

GIF summaries require ffmpeg in $PATH. [Errno 2] No such file or directory: 'ffmpeg'

--------------------[Agent Step 391160]--------------------
Metrics filtered by: 'score|length|fps|ratio|train/.*_loss$|train/rand/.*/mean'
episode/score 310 / episode/length 550 / train/actor_loss 1.3e-3 / train/constats/neg_loss 0.27 / train/constats/pos_loss 3.4e-3 / train/cont_loss 0.02 / train/critic_loss 1.26 / train/dyn_loss 1.25 / train/image_loss 0.17 / train/opt_loss 3.28 / train/rand/action/mean 0.2 / train/rep_loss 1.25 / train/replay_critic_loss 1.44 / train/reward_loss 0.03 / train/rewstats/neg_loss 7.6e-4 / train/rewstats/pos_loss 0.53 / replay/replay_ratio 260.47 / fps/policy 18.45 / fps/train 4722.99

Writing metrics: /n/holylabs/gershman_lab/Users/rtruong/dreamerv3-official-2411f7d1/logdir/atari_frostbite_seed4/scores.jsonl
Writing metrics: /n/holylabs/gershman_lab/Users/rtruong/dreamerv3-official-2411f7d1/logdir/atari_frostbite_seed4/metrics.jsonl
GIF summaries require ffmpeg in $PATH. [Errno 2] No such file or directory: 'ffmpeg'
GIF summaries require ffmpeg in $PATH. [Errno 2] No such file or directory: 'ffmpeg'
Writing checkpoint: /n/holylabs/gershman_lab/Users/rtruong/dreamerv3-official-2411f7d1/logdir/atari_frostbite_seed4/checkpoint.ckpt
Wrote checkpoint.

--------------------[Agent Step 399960]--------------------
Metrics filtered by: 'score|length|fps|ratio|train/.*_loss$|train/rand/.*/mean'
episode/score 430 / episode/length 727 / train/actor_loss 1.3e-3 / train/constats/neg_loss 0.34 / train/constats/pos_loss 3.4e-3 / train/cont_loss 0.02 / train/critic_loss 1.25 / train/dyn_loss 1.21 / train/image_loss 0.17 / train/opt_loss 3.23 / train/rand/action/mean 0.2 / train/rep_loss 1.21 / train/replay_critic_loss 1.44 / train/reward_loss 0.03 / train/rewstats/neg_loss 4.5e-4 / train/rewstats/pos_loss 0.53 / replay/replay_ratio 260.47 / fps/policy 18.28 / fps/train 4679.79

Writing metrics: /n/holylabs/gershman_lab/Users/rtruong/dreamerv3-official-2411f7d1/logdir/atari_frostbite_seed4/scores.jsonlWriting metrics: /n/holylabs/gershman_lab/Users/rtruong/dreamerv3-official-2411f7d1/logdir/atari_frostbite_seed4/metrics.jsonl

GIF summaries require ffmpeg in $PATH. [Errno 2] No such file or directory: 'ffmpeg'
GIF summaries require ffmpeg in $PATH. [Errno 2] No such file or directory: 'ffmpeg'

--------------------[Agent Step 408880]--------------------
Metrics filtered by: 'score|length|fps|ratio|train/.*_loss$|train/rand/.*/mean'
episode/score 450 / episode/length 711 / train/actor_loss 1.4e-3 / train/constats/neg_loss 0.28 / train/constats/pos_loss 3.3e-3 / train/cont_loss 0.02 / train/critic_loss 1.26 / train/dyn_loss 1.21 / train/image_loss 0.16 / train/opt_loss 3.24 / train/rand/action/mean 0.19 / train/rep_loss 1.21 / train/replay_critic_loss 1.47 / train/reward_loss 0.03 / train/rewstats/neg_loss 5.4e-4 / train/rewstats/pos_loss 0.53 / replay/replay_ratio 260.23 / fps/policy 18.53 / fps/train 4749.06

Writing metrics: /n/holylabs/gershman_lab/Users/rtruong/dreamerv3-official-2411f7d1/logdir/atari_frostbite_seed4/metrics.jsonlWriting metrics: /n/holylabs/gershman_lab/Users/rtruong/dreamerv3-official-2411f7d1/logdir/atari_frostbite_seed4/scores.jsonl

GIF summaries require ffmpeg in $PATH. [Errno 2] No such file or directory: 'ffmpeg'

--------------------[Agent Step 417800]--------------------
Metrics filtered by: 'score|length|fps|ratio|train/.*_loss$|train/rand/.*/mean'
episode/score 440 / episode/length 711 / train/actor_loss 1.2e-3 / train/constats/neg_loss 0.22 / train/constats/pos_loss 3.3e-3 / train/cont_loss 0.02 / train/critic_loss 1.23 / train/dyn_loss 1.18 / train/image_loss 0.15 / train/opt_loss 3.14 / train/rand/action/mean 0.19 / train/rep_loss 1.18 / train/replay_critic_loss 1.4 / train/reward_loss 0.03 / train/rewstats/neg_loss 4.1e-4 / train/rewstats/pos_loss 0.53 / replay/replay_ratio 260.23 / fps/policy 18.51 / fps/train 4733.39

Writing metrics: /n/holylabs/gershman_lab/Users/rtruong/dreamerv3-official-2411f7d1/logdir/atari_frostbite_seed4/scores.jsonlWriting metrics: /n/holylabs/gershman_lab/Users/rtruong/dreamerv3-official-2411f7d1/logdir/atari_frostbite_seed4/metrics.jsonl

GIF summaries require ffmpeg in $PATH. [Errno 2] No such file or directory: 'ffmpeg'
GIF summaries require ffmpeg in $PATH. [Errno 2] No such file or directory: 'ffmpeg'

--------------------[Agent Step 426680]--------------------
Metrics filtered by: 'score|length|fps|ratio|train/.*_loss$|train/rand/.*/mean'
episode/score 410 / episode/length 632 / train/actor_loss 1.4e-3 / train/constats/neg_loss 0.24 / train/constats/pos_loss 3.3e-3 / train/cont_loss 0.02 / train/critic_loss 1.24 / train/dyn_loss 1.18 / train/image_loss 0.15 / train/opt_loss 3.17 / train/rand/action/mean 0.18 / train/rep_loss 1.18 / train/replay_critic_loss 1.43 / train/reward_loss 0.03 / train/rewstats/neg_loss 4.4e-4 / train/rewstats/pos_loss 0.53 / replay/replay_ratio 260.47 / fps/policy 18.49 / fps/train 4734.22

Writing metrics: /n/holylabs/gershman_lab/Users/rtruong/dreamerv3-official-2411f7d1/logdir/atari_frostbite_seed4/metrics.jsonl
Writing metrics: /n/holylabs/gershman_lab/Users/rtruong/dreamerv3-official-2411f7d1/logdir/atari_frostbite_seed4/scores.jsonl
GIF summaries require ffmpeg in $PATH. [Errno 2] No such file or directory: 'ffmpeg'
GIF summaries require ffmpeg in $PATH. [Errno 2] No such file or directory: 'ffmpeg'

--------------------[Agent Step 435560]--------------------
Metrics filtered by: 'score|length|fps|ratio|train/.*_loss$|train/rand/.*/mean'
episode/score 440 / episode/length 676 / train/actor_loss 7.7e-4 / train/constats/neg_loss 0.25 / train/constats/pos_loss 3.3e-3 / train/cont_loss 0.02 / train/critic_loss 1.28 / train/dyn_loss 1.25 / train/image_loss 0.16 / train/opt_loss 3.31 / train/rand/action/mean 0.18 / train/rep_loss 1.25 / train/replay_critic_loss 1.5 / train/reward_loss 0.03 / train/rewstats/neg_loss 9.5e-4 / train/rewstats/pos_loss 0.54 / replay/replay_ratio 260 / fps/policy 18.45 / fps/train 4723.05

Writing metrics: /n/holylabs/gershman_lab/Users/rtruong/dreamerv3-official-2411f7d1/logdir/atari_frostbite_seed4/metrics.jsonl
Writing metrics: /n/holylabs/gershman_lab/Users/rtruong/dreamerv3-official-2411f7d1/logdir/atari_frostbite_seed4/scores.jsonl
GIF summaries require ffmpeg in $PATH. [Errno 2] No such file or directory: 'ffmpeg'

--------------------[Agent Step 439720]--------------------
Metrics filtered by: 'score|length|fps|ratio|train/.*_loss$|train/rand/.*/mean'
episode/score 440 / episode/length 709

Writing metrics: /n/holylabs/gershman_lab/Users/rtruong/dreamerv3-official-2411f7d1/logdir/atari_frostbite_seed4/scores.jsonl
Writing metrics: /n/holylabs/gershman_lab/Users/rtruong/dreamerv3-official-2411f7d1/logdir/atari_frostbite_seed4/metrics.jsonl
GIF summaries require ffmpeg in $PATH. [Errno 2] No such file or directory: 'ffmpeg'
Closing env 0
EXIT=0
