ALE_ROM_PATH=/n/holylabs/gershman_lab/Users/rtruong/dreamerv3-official-run/.venv/lib/python3.11/site-packages/AutoROM/roms
NVIDIA H100 80GB HBM3
jax 0.4.26 [cuda(id=0)]
---  ___                           __   ______ ---
--- |   \ _ _ ___ __ _ _ __  ___ _ \ \ / /__ / ---
--- | |) | '_/ -_) _` | '  \/ -_) '/\ V / |_ \ ---
--- |___/|_| \___\__,_|_|_|_\___|_|  \_/ |___/ ---
Run script: train
Logdir: /n/holylabs/gershman_lab/Users/rtruong/dreamerv3-official-2411f7d1/logdir/atari_frostbite_seed2
Observation space
  image            Space(dtype=uint8, shape=(64, 64, 1), low=0, high=255)
  reward           Space(dtype=float32, shape=(), low=-inf, high=inf)
  is_first         Space(dtype=bool, shape=(), low=False, high=True)
  is_last          Space(dtype=bool, shape=(), low=False, high=True)
  is_terminal      Space(dtype=bool, shape=(), low=False, high=True)
Action space
  action           Space(dtype=int32, shape=(), low=0, high=18)
  reset            Space(dtype=bool, shape=(), low=False, high=True)
Encoder: {'image': (64, 64, 1)}
Decoder: {'image': (64, 64, 1)}
JAX devices (1): [cuda(id=0)]
Policy devices: cuda:0
Train devices:  cuda:0
Tracing train function
ENC
(1024, 4096) out
DEC
(1024, 4, 4, 256) in
(1024, 64, 64, 1) out
ENC
(1024, 4096) out
DEC
(1024, 4, 4, 256) in
(1024, 64, 64, 1) out
Optimizer opt has 166,363,028 variables:
   166,363,028 agent
    95,496,192 agent/dyn
    20,479,041 agent/dec
    12,851,456 agent/critic
    12,607,506 agent/actor
    10,750,208 agent/rew
    10,488,833 agent/con
     3,689,792 agent/enc
Tracing train function
ENC
(1024, 4096) out
DEC
(1024, 4, 4, 256) in
(1024, 64, 64, 1) out
ENC
(1024, 4096) out
DEC
(1024, 4, 4, 256) in
(1024, 64, 64, 1) out
Tracing report function
ENC
(528, 4096) out
DEC
(528, 4, 4, 256) in
(528, 64, 64, 1) out
DEC
(48, 4, 4, 256) in
(48, 64, 64, 1) out
DEC
(150, 4, 4, 256) in
(150, 64, 64, 1) out
Done compiling train and report!
Logdir /n/holylabs/gershman_lab/Users/rtruong/dreamerv3-official-2411f7d1/logdir/atari_frostbite_seed2
Did not find any checkpoint.
Writing checkpoint: /n/holylabs/gershman_lab/Users/rtruong/dreamerv3-official-2411f7d1/logdir/atari_frostbite_seed2/checkpoint.ckpt
Start training loop
Tracing policy function
ENC
(1, 4096) out

--------------------[Agent Step 40]--------------------
Metrics filtered by: 'score|length|fps|ratio|train/.*_loss$|train/rand/.*/mean'
replay/replay_ratio nan / fps/policy 1.73 / fps/train 0

Writing metrics: /n/holylabs/gershman_lab/Users/rtruong/dreamerv3-official-2411f7d1/logdir/atari_frostbite_seed2/metrics.jsonlWriting metrics: /n/holylabs/gershman_lab/Users/rtruong/dreamerv3-official-2411f7d1/logdir/atari_frostbite_seed2/scores.jsonl

Creating new TensorBoard event file writer.
Wrote checkpoint.

--------------------[Agent Step 9200]--------------------
Metrics filtered by: 'score|length|fps|ratio|train/.*_loss$|train/rand/.*/mean'
episode/score 90 / episode/length 408 / train/actor_loss 1.85 / train/constats/neg_loss 5.02 / train/constats/pos_loss 0.03 / train/cont_loss 0.06 / train/critic_loss 5.89 / train/dyn_loss 5.28 / train/image_loss 87.85 / train/opt_loss 105.86 / train/rand/action/mean 1 / train/rep_loss 5.28 / train/replay_critic_loss 7.42 / train/reward_loss 2.19 / train/rewstats/neg_loss 2.14 / train/rewstats/pos_loss 4.56 / replay/replay_ratio 260.47 / fps/policy 19.03 / fps/train 4732.35

Writing metrics: /n/holylabs/gershman_lab/Users/rtruong/dreamerv3-official-2411f7d1/logdir/atari_frostbite_seed2/metrics.jsonlWriting metrics: /n/holylabs/gershman_lab/Users/rtruong/dreamerv3-official-2411f7d1/logdir/atari_frostbite_seed2/scores.jsonl

GIF summaries require ffmpeg in $PATH. [Errno 2] No such file or directory: 'ffmpeg'

--------------------[Agent Step 18080]--------------------
Metrics filtered by: 'score|length|fps|ratio|train/.*_loss$|train/rand/.*/mean'
episode/score 30 / episode/length 413 / train/actor_loss 0.39 / train/constats/neg_loss 3.68 / train/constats/pos_loss 5.5e-3 / train/cont_loss 0.03 / train/critic_loss 2.5 / train/dyn_loss 2.94 / train/image_loss 2.71 / train/opt_loss 10.03 / train/rand/action/mean 0.42 / train/rep_loss 2.94 / train/replay_critic_loss 3.62 / train/reward_loss 0.08 / train/rewstats/neg_loss 0.02 / train/rewstats/pos_loss 3.25 / replay/replay_ratio 260.47 / fps/policy 18.49 / fps/train 4734.68

Writing metrics: /n/holylabs/gershman_lab/Users/rtruong/dreamerv3-official-2411f7d1/logdir/atari_frostbite_seed2/metrics.jsonlWriting metrics: /n/holylabs/gershman_lab/Users/rtruong/dreamerv3-official-2411f7d1/logdir/atari_frostbite_seed2/scores.jsonl

GIF summaries require ffmpeg in $PATH. [Errno 2] No such file or directory: 'ffmpeg'
GIF summaries require ffmpeg in $PATH. [Errno 2] No such file or directory: 'ffmpeg'

--------------------[Agent Step 27000]--------------------
Metrics filtered by: 'score|length|fps|ratio|train/.*_loss$|train/rand/.*/mean'
episode/score 150 / episode/length 552 / train/actor_loss 0.03 / train/constats/neg_loss 2.74 / train/constats/pos_loss 4.9e-3 / train/cont_loss 0.03 / train/critic_loss 1.78 / train/dyn_loss 2.65 / train/image_loss 1.67 / train/opt_loss 7.32 / train/rand/action/mean 0.14 / train/rep_loss 2.65 / train/replay_critic_loss 2.84 / train/reward_loss 0.04 / train/rewstats/neg_loss 0.01 / train/rewstats/pos_loss 2.07 / replay/replay_ratio 260.23 / fps/policy 18.53 / fps/train 4739.55

Writing metrics: /n/holylabs/gershman_lab/Users/rtruong/dreamerv3-official-2411f7d1/logdir/atari_frostbite_seed2/scores.jsonl
Writing metrics: /n/holylabs/gershman_lab/Users/rtruong/dreamerv3-official-2411f7d1/logdir/atari_frostbite_seed2/metrics.jsonl
GIF summaries require ffmpeg in $PATH. [Errno 2] No such file or directory: 'ffmpeg'
GIF summaries require ffmpeg in $PATH. [Errno 2] No such file or directory: 'ffmpeg'

--------------------[Agent Step 35920]--------------------
Metrics filtered by: 'score|length|fps|ratio|train/.*_loss$|train/rand/.*/mean'
episode/score 140 / episode/length 363 / train/actor_loss 0.02 / train/constats/neg_loss 2.25 / train/constats/pos_loss 4.7e-3 / train/cont_loss 0.03 / train/critic_loss 1.63 / train/dyn_loss 2.64 / train/image_loss 1.28 / train/opt_loss 6.67 / train/rand/action/mean 0.14 / train/rep_loss 2.64 / train/replay_critic_loss 2.55 / train/reward_loss 0.05 / train/rewstats/neg_loss 0.01 / train/rewstats/pos_loss 1.63 / replay/replay_ratio 260.23 / fps/policy 18.5 / fps/train 4740.85

Writing metrics: /n/holylabs/gershman_lab/Users/rtruong/dreamerv3-official-2411f7d1/logdir/atari_frostbite_seed2/scores.jsonlWriting metrics: /n/holylabs/gershman_lab/Users/rtruong/dreamerv3-official-2411f7d1/logdir/atari_frostbite_seed2/metrics.jsonl

GIF summaries require ffmpeg in $PATH. [Errno 2] No such file or directory: 'ffmpeg'

--------------------[Agent Step 44840]--------------------
Metrics filtered by: 'score|length|fps|ratio|train/.*_loss$|train/rand/.*/mean'
episode/score 130 / episode/length 342 / train/actor_loss 0.02 / train/constats/neg_loss 1.67 / train/constats/pos_loss 4.4e-3 / train/cont_loss 0.03 / train/critic_loss 1.49 / train/dyn_loss 2.29 / train/image_loss 0.93 / train/opt_loss 5.7 / train/rand/action/mean 0.13 / train/rep_loss 2.29 / train/replay_critic_loss 2.26 / train/reward_loss 0.04 / train/rewstats/neg_loss 0.01 / train/rewstats/pos_loss 1.18 / replay/replay_ratio 260.23 / fps/policy 18.54 / fps/train 4741.66

Writing metrics: /n/holylabs/gershman_lab/Users/rtruong/dreamerv3-official-2411f7d1/logdir/atari_frostbite_seed2/scores.jsonl
Writing metrics: /n/holylabs/gershman_lab/Users/rtruong/dreamerv3-official-2411f7d1/logdir/atari_frostbite_seed2/metrics.jsonl
GIF summaries require ffmpeg in $PATH. [Errno 2] No such file or directory: 'ffmpeg'
GIF summaries require ffmpeg in $PATH. [Errno 2] No such file or directory: 'ffmpeg'

--------------------[Agent Step 53760]--------------------
Metrics filtered by: 'score|length|fps|ratio|train/.*_loss$|train/rand/.*/mean'
episode/score 180 / episode/length 481 / train/actor_loss 0.01 / train/constats/neg_loss 0.99 / train/constats/pos_loss 4.2e-3 / train/cont_loss 0.02 / train/critic_loss 1.47 / train/dyn_loss 2.09 / train/image_loss 0.72 / train/opt_loss 5.19 / train/rand/action/mean 0.22 / train/rep_loss 2.09 / train/replay_critic_loss 2.09 / train/reward_loss 0.03 / train/rewstats/neg_loss 9.1e-3 / train/rewstats/pos_loss 0.93 / replay/replay_ratio 260.7 / fps/policy 18.5 / fps/train 4739.51

Writing metrics: /n/holylabs/gershman_lab/Users/rtruong/dreamerv3-official-2411f7d1/logdir/atari_frostbite_seed2/scores.jsonl
Writing metrics: /n/holylabs/gershman_lab/Users/rtruong/dreamerv3-official-2411f7d1/logdir/atari_frostbite_seed2/metrics.jsonl
GIF summaries require ffmpeg in $PATH. [Errno 2] No such file or directory: 'ffmpeg'
GIF summaries require ffmpeg in $PATH. [Errno 2] No such file or directory: 'ffmpeg'

--------------------[Agent Step 62640]--------------------
Metrics filtered by: 'score|length|fps|ratio|train/.*_loss$|train/rand/.*/mean'
episode/score 190 / episode/length 649 / train/actor_loss 8.8e-3 / train/constats/neg_loss 0.95 / train/constats/pos_loss 4.1e-3 / train/cont_loss 0.02 / train/critic_loss 1.49 / train/dyn_loss 1.98 / train/image_loss 0.61 / train/opt_loss 4.94 / train/rand/action/mean 0.2 / train/rep_loss 1.98 / train/replay_critic_loss 1.99 / train/reward_loss 0.03 / train/rewstats/neg_loss 6.4e-3 / train/rewstats/pos_loss 0.78 / replay/replay_ratio 260 / fps/policy 18.5 / fps/train 4736.36

Writing metrics: /n/holylabs/gershman_lab/Users/rtruong/dreamerv3-official-2411f7d1/logdir/atari_frostbite_seed2/scores.jsonl
Writing metrics: /n/holylabs/gershman_lab/Users/rtruong/dreamerv3-official-2411f7d1/logdir/atari_frostbite_seed2/metrics.jsonl
GIF summaries require ffmpeg in $PATH. [Errno 2] No such file or directory: 'ffmpeg'
Writing checkpoint: /n/holylabs/gershman_lab/Users/rtruong/dreamerv3-official-2411f7d1/logdir/atari_frostbite_seed2/checkpoint.ckpt
Wrote checkpoint.

--------------------[Agent Step 71480]--------------------
Metrics filtered by: 'score|length|fps|ratio|train/.*_loss$|train/rand/.*/mean'
episode/score 180 / episode/length 474 / train/actor_loss 6.6e-3 / train/constats/neg_loss 0.87 / train/constats/pos_loss 4e-3 / train/cont_loss 0.02 / train/critic_loss 1.55 / train/dyn_loss 1.98 / train/image_loss 0.54 / train/opt_loss 4.94 / train/rand/action/mean 0.21 / train/rep_loss 1.98 / train/replay_critic_loss 2.09 / train/reward_loss 0.03 / train/rewstats/neg_loss 5e-3 / train/rewstats/pos_loss 0.71 / replay/replay_ratio 260.24 / fps/policy 18.36 / fps/train 4696.7

Writing metrics: /n/holylabs/gershman_lab/Users/rtruong/dreamerv3-official-2411f7d1/logdir/atari_frostbite_seed2/metrics.jsonlWriting metrics: /n/holylabs/gershman_lab/Users/rtruong/dreamerv3-official-2411f7d1/logdir/atari_frostbite_seed2/scores.jsonl

GIF summaries require ffmpeg in $PATH. [Errno 2] No such file or directory: 'ffmpeg'
GIF summaries require ffmpeg in $PATH. [Errno 2] No such file or directory: 'ffmpeg'

--------------------[Agent Step 80360]--------------------
Metrics filtered by: 'score|length|fps|ratio|train/.*_loss$|train/rand/.*/mean'
episode/score 250 / episode/length 450 / train/actor_loss 6.7e-3 / train/constats/neg_loss 0.82 / train/constats/pos_loss 4e-3 / train/cont_loss 0.02 / train/critic_loss 1.6 / train/dyn_loss 1.86 / train/image_loss 0.47 / train/opt_loss 4.81 / train/rand/action/mean 0.21 / train/rep_loss 1.86 / train/replay_critic_loss 2.16 / train/reward_loss 0.03 / train/rewstats/neg_loss 4e-3 / train/rewstats/pos_loss 0.66 / replay/replay_ratio 260.47 / fps/policy 18.47 / fps/train 4729.39

Writing metrics: /n/holylabs/gershman_lab/Users/rtruong/dreamerv3-official-2411f7d1/logdir/atari_frostbite_seed2/scores.jsonlWriting metrics: /n/holylabs/gershman_lab/Users/rtruong/dreamerv3-official-2411f7d1/logdir/atari_frostbite_seed2/metrics.jsonl

GIF summaries require ffmpeg in $PATH. [Errno 2] No such file or directory: 'ffmpeg'
GIF summaries require ffmpeg in $PATH. [Errno 2] No such file or directory: 'ffmpeg'

--------------------[Agent Step 89280]--------------------
Metrics filtered by: 'score|length|fps|ratio|train/.*_loss$|train/rand/.*/mean'
episode/score 210 / episode/length 505 / train/actor_loss 5.8e-3 / train/constats/neg_loss 0.96 / train/constats/pos_loss 4.1e-3 / train/cont_loss 0.02 / train/critic_loss 1.54 / train/dyn_loss 1.75 / train/image_loss 0.43 / train/opt_loss 4.57 / train/rand/action/mean 0.18 / train/rep_loss 1.75 / train/replay_critic_loss 2.07 / train/reward_loss 0.02 / train/rewstats/neg_loss 3.7e-3 / train/rewstats/pos_loss 0.65 / replay/replay_ratio 260.23 / fps/policy 18.51 / fps/train 4741.94

Writing metrics: /n/holylabs/gershman_lab/Users/rtruong/dreamerv3-official-2411f7d1/logdir/atari_frostbite_seed2/scores.jsonl
Writing metrics: /n/holylabs/gershman_lab/Users/rtruong/dreamerv3-official-2411f7d1/logdir/atari_frostbite_seed2/metrics.jsonl
GIF summaries require ffmpeg in $PATH. [Errno 2] No such file or directory: 'ffmpeg'

--------------------[Agent Step 98160]--------------------
Metrics filtered by: 'score|length|fps|ratio|train/.*_loss$|train/rand/.*/mean'
episode/score 220 / episode/length 461 / train/actor_loss 4.1e-3 / train/constats/neg_loss 0.72 / train/constats/pos_loss 3.9e-3 / train/cont_loss 0.02 / train/critic_loss 1.53 / train/dyn_loss 1.64 / train/image_loss 0.38 / train/opt_loss 4.35 / train/rand/action/mean 0.17 / train/rep_loss 1.64 / train/replay_critic_loss 1.96 / train/reward_loss 0.02 / train/rewstats/neg_loss 3e-3 / train/rewstats/pos_loss 0.63 / replay/replay_ratio 260.47 / fps/policy 18.49 / fps/train 4733.64

Writing metrics: /n/holylabs/gershman_lab/Users/rtruong/dreamerv3-official-2411f7d1/logdir/atari_frostbite_seed2/scores.jsonl
Writing metrics: /n/holylabs/gershman_lab/Users/rtruong/dreamerv3-official-2411f7d1/logdir/atari_frostbite_seed2/metrics.jsonl
GIF summaries require ffmpeg in $PATH. [Errno 2] No such file or directory: 'ffmpeg'
GIF summaries require ffmpeg in $PATH. [Errno 2] No such file or directory: 'ffmpeg'

--------------------[Agent Step 107080]--------------------
Metrics filtered by: 'score|length|fps|ratio|train/.*_loss$|train/rand/.*/mean'
episode/score 230 / episode/length 518 / train/actor_loss 3.4e-3 / train/constats/neg_loss 0.55 / train/constats/pos_loss 3.8e-3 / train/cont_loss 0.02 / train/critic_loss 1.42 / train/dyn_loss 1.49 / train/image_loss 0.34 / train/opt_loss 3.99 / train/rand/action/mean 0.19 / train/rep_loss 1.49 / train/replay_critic_loss 1.77 / train/reward_loss 0.02 / train/rewstats/neg_loss 2.7e-3 / train/rewstats/pos_loss 0.6 / replay/replay_ratio 260.23 / fps/policy 18.54 / fps/train 4741.67

Writing metrics: /n/holylabs/gershman_lab/Users/rtruong/dreamerv3-official-2411f7d1/logdir/atari_frostbite_seed2/scores.jsonlWriting metrics: /n/holylabs/gershman_lab/Users/rtruong/dreamerv3-official-2411f7d1/logdir/atari_frostbite_seed2/metrics.jsonl

GIF summaries require ffmpeg in $PATH. [Errno 2] No such file or directory: 'ffmpeg'
GIF summaries require ffmpeg in $PATH. [Errno 2] No such file or directory: 'ffmpeg'

--------------------[Agent Step 115960]--------------------
Metrics filtered by: 'score|length|fps|ratio|train/.*_loss$|train/rand/.*/mean'
episode/score 230 / episode/length 486 / train/actor_loss 3.7e-3 / train/constats/neg_loss 0.6 / train/constats/pos_loss 3.8e-3 / train/cont_loss 0.02 / train/critic_loss 1.49 / train/dyn_loss 1.58 / train/image_loss 0.35 / train/opt_loss 4.2 / train/rand/action/mean 0.2 / train/rep_loss 1.58 / train/replay_critic_loss 1.89 / train/reward_loss 0.02 / train/rewstats/neg_loss 2.6e-3 / train/rewstats/pos_loss 0.59 / replay/replay_ratio 260 / fps/policy 18.49 / fps/train 4732.36

Writing metrics: /n/holylabs/gershman_lab/Users/rtruong/dreamerv3-official-2411f7d1/logdir/atari_frostbite_seed2/scores.jsonlWriting metrics: /n/holylabs/gershman_lab/Users/rtruong/dreamerv3-official-2411f7d1/logdir/atari_frostbite_seed2/metrics.jsonl

GIF summaries require ffmpeg in $PATH. [Errno 2] No such file or directory: 'ffmpeg'

--------------------[Agent Step 124880]--------------------
Metrics filtered by: 'score|length|fps|ratio|train/.*_loss$|train/rand/.*/mean'
episode/score 240 / episode/length 527 / train/actor_loss 2.7e-3 / train/constats/neg_loss 0.58 / train/constats/pos_loss 3.8e-3 / train/cont_loss 0.02 / train/critic_loss 1.44 / train/dyn_loss 1.47 / train/image_loss 0.29 / train/opt_loss 3.94 / train/rand/action/mean 0.18 / train/rep_loss 1.47 / train/replay_critic_loss 1.8 / train/reward_loss 0.02 / train/rewstats/neg_loss 2.3e-3 / train/rewstats/pos_loss 0.59 / replay/replay_ratio 260.7 / fps/policy 18.51 / fps/train 4741.81

Writing metrics: /n/holylabs/gershman_lab/Users/rtruong/dreamerv3-official-2411f7d1/logdir/atari_frostbite_seed2/metrics.jsonlWriting metrics: /n/holylabs/gershman_lab/Users/rtruong/dreamerv3-official-2411f7d1/logdir/atari_frostbite_seed2/scores.jsonl

GIF summaries require ffmpeg in $PATH. [Errno 2] No such file or directory: 'ffmpeg'
GIF summaries require ffmpeg in $PATH. [Errno 2] No such file or directory: 'ffmpeg'
Writing checkpoint: /n/holylabs/gershman_lab/Users/rtruong/dreamerv3-official-2411f7d1/logdir/atari_frostbite_seed2/checkpoint.ckpt
Wrote checkpoint.

--------------------[Agent Step 133720]--------------------
Metrics filtered by: 'score|length|fps|ratio|train/.*_loss$|train/rand/.*/mean'
episode/score 240 / episode/length 482 / train/actor_loss 2.5e-3 / train/constats/neg_loss 0.53 / train/constats/pos_loss 3.7e-3 / train/cont_loss 0.02 / train/critic_loss 1.48 / train/dyn_loss 1.45 / train/image_loss 0.29 / train/opt_loss 3.96 / train/rand/action/mean 0.19 / train/rep_loss 1.45 / train/replay_critic_loss 1.84 / train/reward_loss 0.02 / train/rewstats/neg_loss 2e-3 / train/rewstats/pos_loss 0.58 / replay/replay_ratio 260.24 / fps/policy 18.36 / fps/train 4695.43

Writing metrics: /n/holylabs/gershman_lab/Users/rtruong/dreamerv3-official-2411f7d1/logdir/atari_frostbite_seed2/scores.jsonlWriting metrics: /n/holylabs/gershman_lab/Users/rtruong/dreamerv3-official-2411f7d1/logdir/atari_frostbite_seed2/metrics.jsonl

GIF summaries require ffmpeg in $PATH. [Errno 2] No such file or directory: 'ffmpeg'
GIF summaries require ffmpeg in $PATH. [Errno 2] No such file or directory: 'ffmpeg'

--------------------[Agent Step 142600]--------------------
Metrics filtered by: 'score|length|fps|ratio|train/.*_loss$|train/rand/.*/mean'
episode/score 230 / episode/length 504 / train/actor_loss 2.8e-3 / train/constats/neg_loss 0.52 / train/constats/pos_loss 3.7e-3 / train/cont_loss 0.02 / train/critic_loss 1.45 / train/dyn_loss 1.41 / train/image_loss 0.28 / train/opt_loss 3.87 / train/rand/action/mean 0.2 / train/rep_loss 1.41 / train/replay_critic_loss 1.76 / train/reward_loss 0.02 / train/rewstats/neg_loss 2e-3 / train/rewstats/pos_loss 0.57 / replay/replay_ratio 260 / fps/policy 18.49 / fps/train 4733.56

Writing metrics: /n/holylabs/gershman_lab/Users/rtruong/dreamerv3-official-2411f7d1/logdir/atari_frostbite_seed2/scores.jsonl
Writing metrics: /n/holylabs/gershman_lab/Users/rtruong/dreamerv3-official-2411f7d1/logdir/atari_frostbite_seed2/metrics.jsonl
GIF summaries require ffmpeg in $PATH. [Errno 2] No such file or directory: 'ffmpeg'

--------------------[Agent Step 151520]--------------------
Metrics filtered by: 'score|length|fps|ratio|train/.*_loss$|train/rand/.*/mean'
episode/score 260 / episode/length 624 / train/actor_loss 1.7e-3 / train/constats/neg_loss 0.43 / train/constats/pos_loss 3.6e-3 / train/cont_loss 0.02 / train/critic_loss 1.41 / train/dyn_loss 1.36 / train/image_loss 0.26 / train/opt_loss 3.73 / train/rand/action/mean 0.22 / train/rep_loss 1.36 / train/replay_critic_loss 1.7 / train/reward_loss 0.02 / train/rewstats/neg_loss 1.4e-3 / train/rewstats/pos_loss 0.56 / replay/replay_ratio 260.7 / fps/policy 18.51 / fps/train 4741.93

Writing metrics: /n/holylabs/gershman_lab/Users/rtruong/dreamerv3-official-2411f7d1/logdir/atari_frostbite_seed2/scores.jsonl
Writing metrics: /n/holylabs/gershman_lab/Users/rtruong/dreamerv3-official-2411f7d1/logdir/atari_frostbite_seed2/metrics.jsonl
GIF summaries require ffmpeg in $PATH. [Errno 2] No such file or directory: 'ffmpeg'
GIF summaries require ffmpeg in $PATH. [Errno 2] No such file or directory: 'ffmpeg'

--------------------[Agent Step 160400]--------------------
Metrics filtered by: 'score|length|fps|ratio|train/.*_loss$|train/rand/.*/mean'
episode/score 260 / episode/length 608 / train/actor_loss 1.8e-3 / train/constats/neg_loss 0.46 / train/constats/pos_loss 3.6e-3 / train/cont_loss 0.02 / train/critic_loss 1.32 / train/dyn_loss 1.3 / train/image_loss 0.25 / train/opt_loss 3.52 / train/rand/action/mean 0.26 / train/rep_loss 1.3 / train/replay_critic_loss 1.56 / train/reward_loss 0.02 / train/rewstats/neg_loss 1.4e-3 / train/rewstats/pos_loss 0.55 / replay/replay_ratio 260.47 / fps/policy 18.49 / fps/train 4733.87

Writing metrics: /n/holylabs/gershman_lab/Users/rtruong/dreamerv3-official-2411f7d1/logdir/atari_frostbite_seed2/scores.jsonlWriting metrics: /n/holylabs/gershman_lab/Users/rtruong/dreamerv3-official-2411f7d1/logdir/atari_frostbite_seed2/metrics.jsonl

GIF summaries require ffmpeg in $PATH. [Errno 2] No such file or directory: 'ffmpeg'
GIF summaries require ffmpeg in $PATH. [Errno 2] No such file or directory: 'ffmpeg'

--------------------[Agent Step 169320]--------------------
Metrics filtered by: 'score|length|fps|ratio|train/.*_loss$|train/rand/.*/mean'
episode/score 270 / episode/length 597 / train/actor_loss 1.8e-3 / train/constats/neg_loss 0.49 / train/constats/pos_loss 3.7e-3 / train/cont_loss 0.02 / train/critic_loss 1.39 / train/dyn_loss 1.34 / train/image_loss 0.24 / train/opt_loss 3.66 / train/rand/action/mean 0.26 / train/rep_loss 1.34 / train/replay_critic_loss 1.69 / train/reward_loss 0.02 / train/rewstats/neg_loss 1.5e-3 / train/rewstats/pos_loss 0.56 / replay/replay_ratio 259.77 / fps/policy 18.55 / fps/train 4745.59

Writing metrics: /n/holylabs/gershman_lab/Users/rtruong/dreamerv3-official-2411f7d1/logdir/atari_frostbite_seed2/scores.jsonl
Writing metrics: /n/holylabs/gershman_lab/Users/rtruong/dreamerv3-official-2411f7d1/logdir/atari_frostbite_seed2/metrics.jsonl
GIF summaries require ffmpeg in $PATH. [Errno 2] No such file or directory: 'ffmpeg'

--------------------[Agent Step 178200]--------------------
Metrics filtered by: 'score|length|fps|ratio|train/.*_loss$|train/rand/.*/mean'
episode/score 270 / episode/length 523 / train/actor_loss 1.8e-3 / train/constats/neg_loss 0.4 / train/constats/pos_loss 3.5e-3 / train/cont_loss 0.02 / train/critic_loss 1.33 / train/dyn_loss 1.28 / train/image_loss 0.22 / train/opt_loss 3.47 / train/rand/action/mean 0.29 / train/rep_loss 1.28 / train/replay_critic_loss 1.56 / train/reward_loss 0.02 / train/rewstats/neg_loss 1.3e-3 / train/rewstats/pos_loss 0.55 / replay/replay_ratio 260.47 / fps/policy 18.47 / fps/train 4729.36

Writing metrics: /n/holylabs/gershman_lab/Users/rtruong/dreamerv3-official-2411f7d1/logdir/atari_frostbite_seed2/metrics.jsonl
Writing metrics: /n/holylabs/gershman_lab/Users/rtruong/dreamerv3-official-2411f7d1/logdir/atari_frostbite_seed2/scores.jsonl
GIF summaries require ffmpeg in $PATH. [Errno 2] No such file or directory: 'ffmpeg'
GIF summaries require ffmpeg in $PATH. [Errno 2] No such file or directory: 'ffmpeg'

--------------------[Agent Step 187080]--------------------
Metrics filtered by: 'score|length|fps|ratio|train/.*_loss$|train/rand/.*/mean'
episode/score 220 / episode/length 474 / train/actor_loss 2.2e-3 / train/constats/neg_loss 0.43 / train/constats/pos_loss 3.6e-3 / train/cont_loss 0.02 / train/critic_loss 1.35 / train/dyn_loss 1.33 / train/image_loss 0.23 / train/opt_loss 3.56 / train/rand/action/mean 0.29 / train/rep_loss 1.33 / train/replay_critic_loss 1.61 / train/reward_loss 0.02 / train/rewstats/neg_loss 1.2e-3 / train/rewstats/pos_loss 0.55 / replay/replay_ratio 260.47 / fps/policy 18.5 / fps/train 4735.91

Writing metrics: /n/holylabs/gershman_lab/Users/rtruong/dreamerv3-official-2411f7d1/logdir/atari_frostbite_seed2/scores.jsonl
Writing metrics: /n/holylabs/gershman_lab/Users/rtruong/dreamerv3-official-2411f7d1/logdir/atari_frostbite_seed2/metrics.jsonl
GIF summaries require ffmpeg in $PATH. [Errno 2] No such file or directory: 'ffmpeg'
GIF summaries require ffmpeg in $PATH. [Errno 2] No such file or directory: 'ffmpeg'

--------------------[Agent Step 195960]--------------------
Metrics filtered by: 'score|length|fps|ratio|train/.*_loss$|train/rand/.*/mean'
episode/score 250 / episode/length 515 / train/actor_loss 1.5e-3 / train/constats/neg_loss 0.3 / train/constats/pos_loss 3.5e-3 / train/cont_loss 0.02 / train/critic_loss 1.3 / train/dyn_loss 1.26 / train/image_loss 0.2 / train/opt_loss 3.4 / train/rand/action/mean 0.33 / train/rep_loss 1.26 / train/replay_critic_loss 1.54 / train/reward_loss 0.02 / train/rewstats/neg_loss 1e-3 / train/rewstats/pos_loss 0.54 / replay/replay_ratio 260 / fps/policy 18.48 / fps/train 4729.81

Writing metrics: /n/holylabs/gershman_lab/Users/rtruong/dreamerv3-official-2411f7d1/logdir/atari_frostbite_seed2/scores.jsonl
Writing metrics: /n/holylabs/gershman_lab/Users/rtruong/dreamerv3-official-2411f7d1/logdir/atari_frostbite_seed2/metrics.jsonl
GIF summaries require ffmpeg in $PATH. [Errno 2] No such file or directory: 'ffmpeg'
Writing checkpoint: /n/holylabs/gershman_lab/Users/rtruong/dreamerv3-official-2411f7d1/logdir/atari_frostbite_seed2/checkpoint.ckpt
Wrote checkpoint.

--------------------[Agent Step 204800]--------------------
Metrics filtered by: 'score|length|fps|ratio|train/.*_loss$|train/rand/.*/mean'
episode/score 210 / episode/length 444 / train/actor_loss 1.9e-3 / train/constats/neg_loss 0.33 / train/constats/pos_loss 3.5e-3 / train/cont_loss 0.02 / train/critic_loss 1.28 / train/dyn_loss 1.25 / train/image_loss 0.2 / train/opt_loss 3.35 / train/rand/action/mean 0.36 / train/rep_loss 1.25 / train/replay_critic_loss 1.49 / train/reward_loss 0.02 / train/rewstats/neg_loss 7.6e-4 / train/rewstats/pos_loss 0.54 / replay/replay_ratio 260.71 / fps/policy 18.33 / fps/train 4698

Writing metrics: /n/holylabs/gershman_lab/Users/rtruong/dreamerv3-official-2411f7d1/logdir/atari_frostbite_seed2/metrics.jsonl
Writing metrics: /n/holylabs/gershman_lab/Users/rtruong/dreamerv3-official-2411f7d1/logdir/atari_frostbite_seed2/scores.jsonl
GIF summaries require ffmpeg in $PATH. [Errno 2] No such file or directory: 'ffmpeg'
GIF summaries require ffmpeg in $PATH. [Errno 2] No such file or directory: 'ffmpeg'

--------------------[Agent Step 213720]--------------------
Metrics filtered by: 'score|length|fps|ratio|train/.*_loss$|train/rand/.*/mean'
episode/score 270 / episode/length 617 / train/actor_loss 1.6e-3 / train/constats/neg_loss 0.37 / train/constats/pos_loss 3.5e-3 / train/cont_loss 0.02 / train/critic_loss 1.29 / train/dyn_loss 1.24 / train/image_loss 0.19 / train/opt_loss 3.33 / train/rand/action/mean 0.35 / train/rep_loss 1.24 / train/replay_critic_loss 1.49 / train/reward_loss 0.02 / train/rewstats/neg_loss 1e-3 / train/rewstats/pos_loss 0.54 / replay/replay_ratio 260.23 / fps/policy 18.54 / fps/train 4740.92

Writing metrics: /n/holylabs/gershman_lab/Users/rtruong/dreamerv3-official-2411f7d1/logdir/atari_frostbite_seed2/scores.jsonl
Writing metrics: /n/holylabs/gershman_lab/Users/rtruong/dreamerv3-official-2411f7d1/logdir/atari_frostbite_seed2/metrics.jsonl
GIF summaries require ffmpeg in $PATH. [Errno 2] No such file or directory: 'ffmpeg'
GIF summaries require ffmpeg in $PATH. [Errno 2] No such file or directory: 'ffmpeg'

--------------------[Agent Step 222600]--------------------
Metrics filtered by: 'score|length|fps|ratio|train/.*_loss$|train/rand/.*/mean'
episode/score 230 / episode/length 532 / train/actor_loss 1.6e-3 / train/constats/neg_loss 0.34 / train/constats/pos_loss 3.4e-3 / train/cont_loss 0.02 / train/critic_loss 1.3 / train/dyn_loss 1.29 / train/image_loss 0.2 / train/opt_loss 3.42 / train/rand/action/mean 0.35 / train/rep_loss 1.29 / train/replay_critic_loss 1.52 / train/reward_loss 0.02 / train/rewstats/neg_loss 8.7e-4 / train/rewstats/pos_loss 0.54 / replay/replay_ratio 260 / fps/policy 18.48 / fps/train 4729.95

Writing metrics: /n/holylabs/gershman_lab/Users/rtruong/dreamerv3-official-2411f7d1/logdir/atari_frostbite_seed2/scores.jsonl
Writing metrics: /n/holylabs/gershman_lab/Users/rtruong/dreamerv3-official-2411f7d1/logdir/atari_frostbite_seed2/metrics.jsonl
GIF summaries require ffmpeg in $PATH. [Errno 2] No such file or directory: 'ffmpeg'

--------------------[Agent Step 231480]--------------------
Metrics filtered by: 'score|length|fps|ratio|train/.*_loss$|train/rand/.*/mean'
episode/score 270 / episode/length 568 / train/actor_loss 1.7e-3 / train/constats/neg_loss 0.31 / train/constats/pos_loss 3.4e-3 / train/cont_loss 0.02 / train/critic_loss 1.24 / train/dyn_loss 1.22 / train/image_loss 0.18 / train/opt_loss 3.23 / train/rand/action/mean 0.37 / train/rep_loss 1.22 / train/replay_critic_loss 1.43 / train/reward_loss 0.02 / train/rewstats/neg_loss 6.2e-4 / train/rewstats/pos_loss 0.53 / replay/replay_ratio 260.47 / fps/policy 18.5 / fps/train 4736.64

Writing metrics: /n/holylabs/gershman_lab/Users/rtruong/dreamerv3-official-2411f7d1/logdir/atari_frostbite_seed2/metrics.jsonl
Writing metrics: /n/holylabs/gershman_lab/Users/rtruong/dreamerv3-official-2411f7d1/logdir/atari_frostbite_seed2/scores.jsonl
GIF summaries require ffmpeg in $PATH. [Errno 2] No such file or directory: 'ffmpeg'
GIF summaries require ffmpeg in $PATH. [Errno 2] No such file or directory: 'ffmpeg'

--------------------[Agent Step 240360]--------------------
Metrics filtered by: 'score|length|fps|ratio|train/.*_loss$|train/rand/.*/mean'
episode/score 270 / episode/length 540 / train/actor_loss 1.9e-3 / train/constats/neg_loss 0.27 / train/constats/pos_loss 3.4e-3 / train/cont_loss 0.02 / train/critic_loss 1.28 / train/dyn_loss 1.28 / train/image_loss 0.19 / train/opt_loss 3.36 / train/rand/action/mean 0.35 / train/rep_loss 1.28 / train/replay_critic_loss 1.48 / train/reward_loss 0.02 / train/rewstats/neg_loss 7.3e-4 / train/rewstats/pos_loss 0.54 / replay/replay_ratio 260.47 / fps/policy 18.48 / fps/train 4731.64

Writing metrics: /n/holylabs/gershman_lab/Users/rtruong/dreamerv3-official-2411f7d1/logdir/atari_frostbite_seed2/scores.jsonlWriting metrics: /n/holylabs/gershman_lab/Users/rtruong/dreamerv3-official-2411f7d1/logdir/atari_frostbite_seed2/metrics.jsonl

GIF summaries require ffmpeg in $PATH. [Errno 2] No such file or directory: 'ffmpeg'
GIF summaries require ffmpeg in $PATH. [Errno 2] No such file or directory: 'ffmpeg'

--------------------[Agent Step 249280]--------------------
Metrics filtered by: 'score|length|fps|ratio|train/.*_loss$|train/rand/.*/mean'
episode/score 270 / episode/length 554 / train/actor_loss 1.9e-3 / train/constats/neg_loss 0.32 / train/constats/pos_loss 3.4e-3 / train/cont_loss 0.02 / train/critic_loss 1.3 / train/dyn_loss 1.23 / train/image_loss 0.18 / train/opt_loss 3.32 / train/rand/action/mean 0.36 / train/rep_loss 1.23 / train/replay_critic_loss 1.5 / train/reward_loss 0.02 / train/rewstats/neg_loss 6.7e-4 / train/rewstats/pos_loss 0.53 / replay/replay_ratio 260.23 / fps/policy 18.54 / fps/train 4749.54

Writing metrics: /n/holylabs/gershman_lab/Users/rtruong/dreamerv3-official-2411f7d1/logdir/atari_frostbite_seed2/scores.jsonl
Writing metrics: /n/holylabs/gershman_lab/Users/rtruong/dreamerv3-official-2411f7d1/logdir/atari_frostbite_seed2/metrics.jsonl
GIF summaries require ffmpeg in $PATH. [Errno 2] No such file or directory: 'ffmpeg'

--------------------[Agent Step 258200]--------------------
Metrics filtered by: 'score|length|fps|ratio|train/.*_loss$|train/rand/.*/mean'
episode/score 270 / episode/length 540 / train/actor_loss 1.8e-3 / train/constats/neg_loss 0.36 / train/constats/pos_loss 3.4e-3 / train/cont_loss 0.02 / train/critic_loss 1.28 / train/dyn_loss 1.24 / train/image_loss 0.18 / train/opt_loss 3.31 / train/rand/action/mean 0.35 / train/rep_loss 1.24 / train/replay_critic_loss 1.49 / train/reward_loss 0.02 / train/rewstats/neg_loss 6.9e-4 / train/rewstats/pos_loss 0.53 / replay/replay_ratio 260.23 / fps/policy 18.56 / fps/train 4747.05

Writing metrics: /n/holylabs/gershman_lab/Users/rtruong/dreamerv3-official-2411f7d1/logdir/atari_frostbite_seed2/metrics.jsonl
Writing metrics: /n/holylabs/gershman_lab/Users/rtruong/dreamerv3-official-2411f7d1/logdir/atari_frostbite_seed2/scores.jsonl
GIF summaries require ffmpeg in $PATH. [Errno 2] No such file or directory: 'ffmpeg'
GIF summaries require ffmpeg in $PATH. [Errno 2] No such file or directory: 'ffmpeg'
Writing checkpoint: /n/holylabs/gershman_lab/Users/rtruong/dreamerv3-official-2411f7d1/logdir/atari_frostbite_seed2/checkpoint.ckpt
Wrote checkpoint.

--------------------[Agent Step 267040]--------------------
Metrics filtered by: 'score|length|fps|ratio|train/.*_loss$|train/rand/.*/mean'
episode/score 270 / episode/length 545 / train/actor_loss 1.6e-3 / train/constats/neg_loss 0.28 / train/constats/pos_loss 3.4e-3 / train/cont_loss 0.02 / train/critic_loss 1.24 / train/dyn_loss 1.19 / train/image_loss 0.16 / train/opt_loss 3.18 / train/rand/action/mean 0.38 / train/rep_loss 1.19 / train/replay_critic_loss 1.43 / train/reward_loss 0.02 / train/rewstats/neg_loss 5.5e-4 / train/rewstats/pos_loss 0.53 / replay/replay_ratio 260.71 / fps/policy 18.38 / fps/train 4708.5

Writing metrics: /n/holylabs/gershman_lab/Users/rtruong/dreamerv3-official-2411f7d1/logdir/atari_frostbite_seed2/scores.jsonlWriting metrics: /n/holylabs/gershman_lab/Users/rtruong/dreamerv3-official-2411f7d1/logdir/atari_frostbite_seed2/metrics.jsonl

GIF summaries require ffmpeg in $PATH. [Errno 2] No such file or directory: 'ffmpeg'
GIF summaries require ffmpeg in $PATH. [Errno 2] No such file or directory: 'ffmpeg'

--------------------[Agent Step 275960]--------------------
Metrics filtered by: 'score|length|fps|ratio|train/.*_loss$|train/rand/.*/mean'
episode/score 270 / episode/length 548 / train/actor_loss 2e-3 / train/constats/neg_loss 0.31 / train/constats/pos_loss 3.4e-3 / train/cont_loss 0.02 / train/critic_loss 1.28 / train/dyn_loss 1.2 / train/image_loss 0.17 / train/opt_loss 3.26 / train/rand/action/mean 0.39 / train/rep_loss 1.2 / train/replay_critic_loss 1.47 / train/reward_loss 0.02 / train/rewstats/neg_loss 5e-4 / train/rewstats/pos_loss 0.53 / replay/replay_ratio 259.77 / fps/policy 18.54 / fps/train 4743.2

Writing metrics: /n/holylabs/gershman_lab/Users/rtruong/dreamerv3-official-2411f7d1/logdir/atari_frostbite_seed2/scores.jsonl
Writing metrics: /n/holylabs/gershman_lab/Users/rtruong/dreamerv3-official-2411f7d1/logdir/atari_frostbite_seed2/metrics.jsonl
GIF summaries require ffmpeg in $PATH. [Errno 2] No such file or directory: 'ffmpeg'

--------------------[Agent Step 284840]--------------------
Metrics filtered by: 'score|length|fps|ratio|train/.*_loss$|train/rand/.*/mean'
episode/score 220 / episode/length 517 / train/actor_loss 1.8e-3 / train/constats/neg_loss 0.38 / train/constats/pos_loss 3.5e-3 / train/cont_loss 0.02 / train/critic_loss 1.37 / train/dyn_loss 1.34 / train/image_loss 0.22 / train/opt_loss 3.6 / train/rand/action/mean 0.3 / train/rep_loss 1.34 / train/replay_critic_loss 1.67 / train/reward_loss 0.02 / train/rewstats/neg_loss 6.9e-4 / train/rewstats/pos_loss 0.54 / replay/replay_ratio 260.47 / fps/policy 18.49 / fps/train 4733.08

Writing metrics: /n/holylabs/gershman_lab/Users/rtruong/dreamerv3-official-2411f7d1/logdir/atari_frostbite_seed2/scores.jsonl
Writing metrics: /n/holylabs/gershman_lab/Users/rtruong/dreamerv3-official-2411f7d1/logdir/atari_frostbite_seed2/metrics.jsonl
GIF summaries require ffmpeg in $PATH. [Errno 2] No such file or directory: 'ffmpeg'
GIF summaries require ffmpeg in $PATH. [Errno 2] No such file or directory: 'ffmpeg'

--------------------[Agent Step 293760]--------------------
Metrics filtered by: 'score|length|fps|ratio|train/.*_loss$|train/rand/.*/mean'
episode/score 300 / episode/length 567 / train/actor_loss 1.9e-3 / train/constats/neg_loss 0.28 / train/constats/pos_loss 3.4e-3 / train/cont_loss 0.02 / train/critic_loss 1.28 / train/dyn_loss 1.18 / train/image_loss 0.15 / train/opt_loss 3.22 / train/rand/action/mean 0.37 / train/rep_loss 1.18 / train/replay_critic_loss 1.47 / train/reward_loss 0.02 / train/rewstats/neg_loss 3.9e-4 / train/rewstats/pos_loss 0.53 / replay/replay_ratio 260.7 / fps/policy 18.51 / fps/train 4743.18

Writing metrics: /n/holylabs/gershman_lab/Users/rtruong/dreamerv3-official-2411f7d1/logdir/atari_frostbite_seed2/scores.jsonl
Writing metrics: /n/holylabs/gershman_lab/Users/rtruong/dreamerv3-official-2411f7d1/logdir/atari_frostbite_seed2/metrics.jsonl
GIF summaries require ffmpeg in $PATH. [Errno 2] No such file or directory: 'ffmpeg'
GIF summaries require ffmpeg in $PATH. [Errno 2] No such file or directory: 'ffmpeg'

--------------------[Agent Step 302680]--------------------
Metrics filtered by: 'score|length|fps|ratio|train/.*_loss$|train/rand/.*/mean'
episode/score 270 / episode/length 550 / train/actor_loss 2e-3 / train/constats/neg_loss 0.26 / train/constats/pos_loss 3.4e-3 / train/cont_loss 0.02 / train/critic_loss 1.3 / train/dyn_loss 1.2 / train/image_loss 0.15 / train/opt_loss 3.26 / train/rand/action/mean 0.36 / train/rep_loss 1.2 / train/replay_critic_loss 1.5 / train/reward_loss 0.02 / train/rewstats/neg_loss 5.8e-4 / train/rewstats/pos_loss 0.53 / replay/replay_ratio 259.77 / fps/policy 18.51 / fps/train 4733.23

Writing metrics: /n/holylabs/gershman_lab/Users/rtruong/dreamerv3-official-2411f7d1/logdir/atari_frostbite_seed2/scores.jsonlWriting metrics: /n/holylabs/gershman_lab/Users/rtruong/dreamerv3-official-2411f7d1/logdir/atari_frostbite_seed2/metrics.jsonl

GIF summaries require ffmpeg in $PATH. [Errno 2] No such file or directory: 'ffmpeg'

--------------------[Agent Step 311600]--------------------
Metrics filtered by: 'score|length|fps|ratio|train/.*_loss$|train/rand/.*/mean'
episode/score 300 / episode/length 516 / train/actor_loss 1.7e-3 / train/constats/neg_loss 0.3 / train/constats/pos_loss 3.4e-3 / train/cont_loss 0.02 / train/critic_loss 1.33 / train/dyn_loss 1.21 / train/image_loss 0.16 / train/opt_loss 3.33 / train/rand/action/mean 0.34 / train/rep_loss 1.21 / train/replay_critic_loss 1.54 / train/reward_loss 0.02 / train/rewstats/neg_loss 3.7e-4 / train/rewstats/pos_loss 0.53 / replay/replay_ratio 260.7 / fps/policy 18.53 / fps/train 4748.34

Writing metrics: /n/holylabs/gershman_lab/Users/rtruong/dreamerv3-official-2411f7d1/logdir/atari_frostbite_seed2/scores.jsonlWriting metrics: /n/holylabs/gershman_lab/Users/rtruong/dreamerv3-official-2411f7d1/logdir/atari_frostbite_seed2/metrics.jsonl

GIF summaries require ffmpeg in $PATH. [Errno 2] No such file or directory: 'ffmpeg'
GIF summaries require ffmpeg in $PATH. [Errno 2] No such file or directory: 'ffmpeg'

--------------------[Agent Step 320520]--------------------
Metrics filtered by: 'score|length|fps|ratio|train/.*_loss$|train/rand/.*/mean'
episode/score 260 / episode/length 460 / train/actor_loss 1.9e-3 / train/constats/neg_loss 0.35 / train/constats/pos_loss 3.4e-3 / train/cont_loss 0.02 / train/critic_loss 1.3 / train/dyn_loss 1.18 / train/image_loss 0.15 / train/opt_loss 3.24 / train/rand/action/mean 0.36 / train/rep_loss 1.18 / train/replay_critic_loss 1.49 / train/reward_loss 0.02 / train/rewstats/neg_loss 5.3e-4 / train/rewstats/pos_loss 0.53 / replay/replay_ratio 260.23 / fps/policy 18.56 / fps/train 4746.95

Writing metrics: /n/holylabs/gershman_lab/Users/rtruong/dreamerv3-official-2411f7d1/logdir/atari_frostbite_seed2/metrics.jsonlWriting metrics: /n/holylabs/gershman_lab/Users/rtruong/dreamerv3-official-2411f7d1/logdir/atari_frostbite_seed2/scores.jsonl

GIF summaries require ffmpeg in $PATH. [Errno 2] No such file or directory: 'ffmpeg'
GIF summaries require ffmpeg in $PATH. [Errno 2] No such file or directory: 'ffmpeg'

--------------------[Agent Step 329440]--------------------
Metrics filtered by: 'score|length|fps|ratio|train/.*_loss$|train/rand/.*/mean'
episode/score 250 / episode/length 497 / train/actor_loss 1.4e-3 / train/constats/neg_loss 0.32 / train/constats/pos_loss 3.4e-3 / train/cont_loss 0.02 / train/critic_loss 1.29 / train/dyn_loss 1.17 / train/image_loss 0.14 / train/opt_loss 3.21 / train/rand/action/mean 0.37 / train/rep_loss 1.17 / train/replay_critic_loss 1.47 / train/reward_loss 0.02 / train/rewstats/neg_loss 4e-4 / train/rewstats/pos_loss 0.53 / replay/replay_ratio 260.23 / fps/policy 18.52 / fps/train 4746.01

Writing metrics: /n/holylabs/gershman_lab/Users/rtruong/dreamerv3-official-2411f7d1/logdir/atari_frostbite_seed2/scores.jsonlWriting metrics: /n/holylabs/gershman_lab/Users/rtruong/dreamerv3-official-2411f7d1/logdir/atari_frostbite_seed2/metrics.jsonl

GIF summaries require ffmpeg in $PATH. [Errno 2] No such file or directory: 'ffmpeg'
Writing checkpoint: /n/holylabs/gershman_lab/Users/rtruong/dreamerv3-official-2411f7d1/logdir/atari_frostbite_seed2/checkpoint.ckpt
Wrote checkpoint.

--------------------[Agent Step 338280]--------------------
Metrics filtered by: 'score|length|fps|ratio|train/.*_loss$|train/rand/.*/mean'
episode/score 270 / episode/length 514 / train/actor_loss 1.4e-3 / train/constats/neg_loss 0.29 / train/constats/pos_loss 3.4e-3 / train/cont_loss 0.02 / train/critic_loss 1.29 / train/dyn_loss 1.18 / train/image_loss 0.15 / train/opt_loss 3.23 / train/rand/action/mean 0.38 / train/rep_loss 1.18 / train/replay_critic_loss 1.48 / train/reward_loss 0.02 / train/rewstats/neg_loss 3.7e-4 / train/rewstats/pos_loss 0.53 / replay/replay_ratio 260.24 / fps/policy 18.41 / fps/train 4708.1

Writing metrics: /n/holylabs/gershman_lab/Users/rtruong/dreamerv3-official-2411f7d1/logdir/atari_frostbite_seed2/metrics.jsonl
Writing metrics: /n/holylabs/gershman_lab/Users/rtruong/dreamerv3-official-2411f7d1/logdir/atari_frostbite_seed2/scores.jsonl
GIF summaries require ffmpeg in $PATH. [Errno 2] No such file or directory: 'ffmpeg'
GIF summaries require ffmpeg in $PATH. [Errno 2] No such file or directory: 'ffmpeg'

--------------------[Agent Step 347160]--------------------
Metrics filtered by: 'score|length|fps|ratio|train/.*_loss$|train/rand/.*/mean'
episode/score 300 / episode/length 511 / train/actor_loss 9.2e-4 / train/constats/neg_loss 0.25 / train/constats/pos_loss 3.4e-3 / train/cont_loss 0.02 / train/critic_loss 1.27 / train/dyn_loss 1.18 / train/image_loss 0.14 / train/opt_loss 3.18 / train/rand/action/mean 0.38 / train/rep_loss 1.18 / train/replay_critic_loss 1.43 / train/reward_loss 0.02 / train/rewstats/neg_loss 4.5e-4 / train/rewstats/pos_loss 0.53 / replay/replay_ratio 260.47 / fps/policy 18.5 / fps/train 4736.11

Writing metrics: /n/holylabs/gershman_lab/Users/rtruong/dreamerv3-official-2411f7d1/logdir/atari_frostbite_seed2/scores.jsonlWriting metrics: /n/holylabs/gershman_lab/Users/rtruong/dreamerv3-official-2411f7d1/logdir/atari_frostbite_seed2/metrics.jsonl

GIF summaries require ffmpeg in $PATH. [Errno 2] No such file or directory: 'ffmpeg'
GIF summaries require ffmpeg in $PATH. [Errno 2] No such file or directory: 'ffmpeg'

--------------------[Agent Step 356080]--------------------
Metrics filtered by: 'score|length|fps|ratio|train/.*_loss$|train/rand/.*/mean'
episode/score 180 / episode/length 505 / train/actor_loss 1.3e-3 / train/constats/neg_loss 0.3 / train/constats/pos_loss 3.4e-3 / train/cont_loss 0.02 / train/critic_loss 1.26 / train/dyn_loss 1.18 / train/image_loss 0.15 / train/opt_loss 3.2 / train/rand/action/mean 0.38 / train/rep_loss 1.18 / train/replay_critic_loss 1.47 / train/reward_loss 0.02 / train/rewstats/neg_loss 3.7e-4 / train/rewstats/pos_loss 0.53 / replay/replay_ratio 260.23 / fps/policy 18.55 / fps/train 4751.94

Writing metrics: /n/holylabs/gershman_lab/Users/rtruong/dreamerv3-official-2411f7d1/logdir/atari_frostbite_seed2/scores.jsonl
Writing metrics: /n/holylabs/gershman_lab/Users/rtruong/dreamerv3-official-2411f7d1/logdir/atari_frostbite_seed2/metrics.jsonl
GIF summaries require ffmpeg in $PATH. [Errno 2] No such file or directory: 'ffmpeg'

--------------------[Agent Step 365000]--------------------
Metrics filtered by: 'score|length|fps|ratio|train/.*_loss$|train/rand/.*/mean'
episode/score 260 / episode/length 507 / train/actor_loss 1.4e-3 / train/constats/neg_loss 0.27 / train/constats/pos_loss 3.4e-3 / train/cont_loss 0.02 / train/critic_loss 1.25 / train/dyn_loss 1.18 / train/image_loss 0.15 / train/opt_loss 3.18 / train/rand/action/mean 0.4 / train/rep_loss 1.18 / train/replay_critic_loss 1.44 / train/reward_loss 0.02 / train/rewstats/neg_loss 7.7e-4 / train/rewstats/pos_loss 0.54 / replay/replay_ratio 260.23 / fps/policy 18.53 / fps/train 4739.41

Writing metrics: /n/holylabs/gershman_lab/Users/rtruong/dreamerv3-official-2411f7d1/logdir/atari_frostbite_seed2/metrics.jsonl
Writing metrics: /n/holylabs/gershman_lab/Users/rtruong/dreamerv3-official-2411f7d1/logdir/atari_frostbite_seed2/scores.jsonl
GIF summaries require ffmpeg in $PATH. [Errno 2] No such file or directory: 'ffmpeg'
GIF summaries require ffmpeg in $PATH. [Errno 2] No such file or directory: 'ffmpeg'

--------------------[Agent Step 373920]--------------------
Metrics filtered by: 'score|length|fps|ratio|train/.*_loss$|train/rand/.*/mean'
episode/score 260 / episode/length 491 / train/actor_loss 1.4e-3 / train/constats/neg_loss 0.31 / train/constats/pos_loss 3.4e-3 / train/cont_loss 0.02 / train/critic_loss 1.25 / train/dyn_loss 1.18 / train/image_loss 0.14 / train/opt_loss 3.16 / train/rand/action/mean 0.4 / train/rep_loss 1.18 / train/replay_critic_loss 1.42 / train/reward_loss 0.02 / train/rewstats/neg_loss 5.3e-4 / train/rewstats/pos_loss 0.53 / replay/replay_ratio 260.7 / fps/policy 18.54 / fps/train 4749.58

Writing metrics: /n/holylabs/gershman_lab/Users/rtruong/dreamerv3-official-2411f7d1/logdir/atari_frostbite_seed2/scores.jsonlWriting metrics: /n/holylabs/gershman_lab/Users/rtruong/dreamerv3-official-2411f7d1/logdir/atari_frostbite_seed2/metrics.jsonl

GIF summaries require ffmpeg in $PATH. [Errno 2] No such file or directory: 'ffmpeg'
GIF summaries require ffmpeg in $PATH. [Errno 2] No such file or directory: 'ffmpeg'

--------------------[Agent Step 382840]--------------------
Metrics filtered by: 'score|length|fps|ratio|train/.*_loss$|train/rand/.*/mean'
episode/score 250 / episode/length 478 / train/actor_loss 8.3e-4 / train/constats/neg_loss 0.24 / train/constats/pos_loss 3.4e-3 / train/cont_loss 0.02 / train/critic_loss 1.24 / train/dyn_loss 1.18 / train/image_loss 0.14 / train/opt_loss 3.14 / train/rand/action/mean 0.4 / train/rep_loss 1.18 / train/replay_critic_loss 1.4 / train/reward_loss 0.02 / train/rewstats/neg_loss 4e-4 / train/rewstats/pos_loss 0.53 / replay/replay_ratio 259.77 / fps/policy 18.57 / fps/train 4750.56

Writing metrics: /n/holylabs/gershman_lab/Users/rtruong/dreamerv3-official-2411f7d1/logdir/atari_frostbite_seed2/scores.jsonl
Writing metrics: /n/holylabs/gershman_lab/Users/rtruong/dreamerv3-official-2411f7d1/logdir/atari_frostbite_seed2/metrics.jsonl
GIF summaries require ffmpeg in $PATH. [Errno 2] No such file or directory: 'ffmpeg'

--------------------[Agent Step 391760]--------------------
Metrics filtered by: 'score|length|fps|ratio|train/.*_loss$|train/rand/.*/mean'
episode/score 300 / episode/length 596 / train/actor_loss 1.5e-3 / train/constats/neg_loss 0.28 / train/constats/pos_loss 3.4e-3 / train/cont_loss 0.02 / train/critic_loss 1.32 / train/dyn_loss 1.16 / train/image_loss 0.13 / train/opt_loss 3.22 / train/rand/action/mean 0.37 / train/rep_loss 1.16 / train/replay_critic_loss 1.51 / train/reward_loss 0.02 / train/rewstats/neg_loss 4.8e-4 / train/rewstats/pos_loss 0.53 / replay/replay_ratio 260.7 / fps/policy 18.5 / fps/train 4740.49

Writing metrics: /n/holylabs/gershman_lab/Users/rtruong/dreamerv3-official-2411f7d1/logdir/atari_frostbite_seed2/metrics.jsonl
Writing metrics: /n/holylabs/gershman_lab/Users/rtruong/dreamerv3-official-2411f7d1/logdir/atari_frostbite_seed2/scores.jsonl
GIF summaries require ffmpeg in $PATH. [Errno 2] No such file or directory: 'ffmpeg'
GIF summaries require ffmpeg in $PATH. [Errno 2] No such file or directory: 'ffmpeg'
Writing checkpoint: /n/holylabs/gershman_lab/Users/rtruong/dreamerv3-official-2411f7d1/logdir/atari_frostbite_seed2/checkpoint.ckpt
Wrote checkpoint.

--------------------[Agent Step 400600]--------------------
Metrics filtered by: 'score|length|fps|ratio|train/.*_loss$|train/rand/.*/mean'
episode/score 240 / episode/length 547 / train/actor_loss 1.1e-3 / train/constats/neg_loss 0.25 / train/constats/pos_loss 3.4e-3 / train/cont_loss 0.02 / train/critic_loss 1.24 / train/dyn_loss 1.16 / train/image_loss 0.14 / train/opt_loss 3.13 / train/rand/action/mean 0.41 / train/rep_loss 1.16 / train/replay_critic_loss 1.4 / train/reward_loss 0.02 / train/rewstats/neg_loss 3.4e-4 / train/rewstats/pos_loss 0.53 / replay/replay_ratio 260.24 / fps/policy 18.38 / fps/train 4702.17

Writing metrics: /n/holylabs/gershman_lab/Users/rtruong/dreamerv3-official-2411f7d1/logdir/atari_frostbite_seed2/scores.jsonlWriting metrics: /n/holylabs/gershman_lab/Users/rtruong/dreamerv3-official-2411f7d1/logdir/atari_frostbite_seed2/metrics.jsonl

GIF summaries require ffmpeg in $PATH. [Errno 2] No such file or directory: 'ffmpeg'
GIF summaries require ffmpeg in $PATH. [Errno 2] No such file or directory: 'ffmpeg'

--------------------[Agent Step 409520]--------------------
Metrics filtered by: 'score|length|fps|ratio|train/.*_loss$|train/rand/.*/mean'
episode/score 300 / episode/length 519 / train/actor_loss 1.1e-3 / train/constats/neg_loss 0.24 / train/constats/pos_loss 3.4e-3 / train/cont_loss 0.02 / train/critic_loss 1.23 / train/dyn_loss 1.16 / train/image_loss 0.13 / train/opt_loss 3.1 / train/rand/action/mean 0.41 / train/rep_loss 1.16 / train/replay_critic_loss 1.39 / train/reward_loss 0.02 / train/rewstats/neg_loss 4.5e-4 / train/rewstats/pos_loss 0.53 / replay/replay_ratio 260.23 / fps/policy 18.52 / fps/train 4744.28

Writing metrics: /n/holylabs/gershman_lab/Users/rtruong/dreamerv3-official-2411f7d1/logdir/atari_frostbite_seed2/metrics.jsonlWriting metrics: /n/holylabs/gershman_lab/Users/rtruong/dreamerv3-official-2411f7d1/logdir/atari_frostbite_seed2/scores.jsonl

GIF summaries require ffmpeg in $PATH. [Errno 2] No such file or directory: 'ffmpeg'

--------------------[Agent Step 418480]--------------------
Metrics filtered by: 'score|length|fps|ratio|train/.*_loss$|train/rand/.*/mean'
episode/score 260 / episode/length 518 / train/actor_loss 1.4e-3 / train/constats/neg_loss 0.29 / train/constats/pos_loss 3.4e-3 / train/cont_loss 0.02 / train/critic_loss 1.27 / train/dyn_loss 1.15 / train/image_loss 0.13 / train/opt_loss 3.15 / train/rand/action/mean 0.4 / train/rep_loss 1.15 / train/replay_critic_loss 1.45 / train/reward_loss 0.02 / train/rewstats/neg_loss 3.5e-4 / train/rewstats/pos_loss 0.53 / replay/replay_ratio 260.46 / fps/policy 18.58 / fps/train 4755.78

Writing metrics: /n/holylabs/gershman_lab/Users/rtruong/dreamerv3-official-2411f7d1/logdir/atari_frostbite_seed2/metrics.jsonl
Writing metrics: /n/holylabs/gershman_lab/Users/rtruong/dreamerv3-official-2411f7d1/logdir/atari_frostbite_seed2/scores.jsonl
GIF summaries require ffmpeg in $PATH. [Errno 2] No such file or directory: 'ffmpeg'
GIF summaries require ffmpeg in $PATH. [Errno 2] No such file or directory: 'ffmpeg'

--------------------[Agent Step 427400]--------------------
Metrics filtered by: 'score|length|fps|ratio|train/.*_loss$|train/rand/.*/mean'
episode/score 270 / episode/length 475 / train/actor_loss 5.8e-4 / train/constats/neg_loss 0.19 / train/constats/pos_loss 3.3e-3 / train/cont_loss 0.02 / train/critic_loss 1.23 / train/dyn_loss 1.16 / train/image_loss 0.13 / train/opt_loss 3.1 / train/rand/action/mean 0.42 / train/rep_loss 1.16 / train/replay_critic_loss 1.4 / train/reward_loss 0.02 / train/rewstats/neg_loss 4.5e-4 / train/rewstats/pos_loss 0.53 / replay/replay_ratio 260.23 / fps/policy 18.58 / fps/train 4752.23

Writing metrics: /n/holylabs/gershman_lab/Users/rtruong/dreamerv3-official-2411f7d1/logdir/atari_frostbite_seed2/scores.jsonlWriting metrics: /n/holylabs/gershman_lab/Users/rtruong/dreamerv3-official-2411f7d1/logdir/atari_frostbite_seed2/metrics.jsonl

GIF summaries require ffmpeg in $PATH. [Errno 2] No such file or directory: 'ffmpeg'
GIF summaries require ffmpeg in $PATH. [Errno 2] No such file or directory: 'ffmpeg'

--------------------[Agent Step 436320]--------------------
Metrics filtered by: 'score|length|fps|ratio|train/.*_loss$|train/rand/.*/mean'
episode/score 300 / episode/length 576 / train/actor_loss 1.8e-3 / train/constats/neg_loss 0.29 / train/constats/pos_loss 3.4e-3 / train/cont_loss 0.02 / train/critic_loss 1.3 / train/dyn_loss 1.19 / train/image_loss 0.13 / train/opt_loss 3.24 / train/rand/action/mean 0.4 / train/rep_loss 1.19 / train/replay_critic_loss 1.49 / train/reward_loss 0.02 / train/rewstats/neg_loss 4.8e-4 / train/rewstats/pos_loss 0.53 / replay/replay_ratio 260.23 / fps/policy 18.5 / fps/train 4739.46

Writing metrics: /n/holylabs/gershman_lab/Users/rtruong/dreamerv3-official-2411f7d1/logdir/atari_frostbite_seed2/metrics.jsonl
Writing metrics: /n/holylabs/gershman_lab/Users/rtruong/dreamerv3-official-2411f7d1/logdir/atari_frostbite_seed2/scores.jsonl
GIF summaries require ffmpeg in $PATH. [Errno 2] No such file or directory: 'ffmpeg'

--------------------[Agent Step 438452]--------------------
Metrics filtered by: 'score|length|fps|ratio|train/.*_loss$|train/rand/.*/mean'
episode/score 260 / episode/length 461

Writing metrics: /n/holylabs/gershman_lab/Users/rtruong/dreamerv3-official-2411f7d1/logdir/atari_frostbite_seed2/scores.jsonlWriting metrics: /n/holylabs/gershman_lab/Users/rtruong/dreamerv3-official-2411f7d1/logdir/atari_frostbite_seed2/metrics.jsonl

Closing env 0
EXIT=0
